⚠ [3007/3028] Replayed M6CyclicAccepted
warning: M6CyclicAccepted.lean:14:2: Unused tactic linter: `change ∀ F K h : M6.Cyclic.BinaryPolynomial, F ≠ 0 → (F * K ∣ F * h ↔ K ∣ h)` does nothing

Note: This linter can be disabled with `set_option linter.unusedTactic false`
warning: M6CyclicAccepted.lean:30:4: this tactic is never executed

Note: This linter can be disabled with `set_option linter.unreachableTactic false`
warning: M6CyclicAccepted.lean:31:4: this tactic is never executed

Note: This linter can be disabled with `set_option linter.unreachableTactic false`
warning: M6CyclicAccepted.lean:32:4: this tactic is never executed

Note: This linter can be disabled with `set_option linter.unreachableTactic false`
warning: M6CyclicAccepted.lean:23:4: Unused tactic linter: `change
  ∃ p q r, EuclideanDomain.gcd (EuclideanDomain.gcd a b) M = p * a + q * b + r * M` does nothing

Note: This linter can be disabled with `set_option linter.unusedTactic false`
warning: M6CyclicAccepted.lean:30:4: Unused tactic linter: `change
  ∃ p q r, EuclideanDomain.gcd a (EuclideanDomain.gcd b M) = p * a + q * b + r * M` does nothing

Note: This linter can be disabled with `set_option linter.unusedTactic false`
warning: M6CyclicAccepted.lean:31:4: Unused tactic linter: `refine
  ⟨EuclideanDomain.gcdA a (EuclideanDomain.gcd b M),
    EuclideanDomain.gcdB a (EuclideanDomain.gcd b M) * EuclideanDomain.gcdA b M,
    EuclideanDomain.gcdB a (EuclideanDomain.gcd b M) * EuclideanDomain.gcdB b M, ?_⟩` does nothing

Note: This linter can be disabled with `set_option linter.unusedTactic false`
warning: M6CyclicAccepted.lean:32:4: Unused tactic linter: `calc
  _ =
      a * EuclideanDomain.gcdA a (EuclideanDomain.gcd b M) +
        (EuclideanDomain.gcd b M) * EuclideanDomain.gcdB a (EuclideanDomain.gcd b M) :=
    EuclideanDomain.gcd_eq_gcd_ab _ _
  _ = _ := by
    rw [EuclideanDomain.gcd_eq_gcd_ab b M]
    ring` does nothing

Note: This linter can be disabled with `set_option linter.unusedTactic false`
warning: M6CyclicAccepted.lean:39:2: Unused tactic linter: `change
  ∀ a b M : M6.Cyclic.BinaryPolynomial,
    M6.Cyclic.signature a b M ∣ a ∧ M6.Cyclic.signature a b M ∣ b ∧ M6.Cyclic.signature a b M ∣ M` does nothing

Note: This linter can be disabled with `set_option linter.unusedTactic false`
warning: M6CyclicAccepted.lean:45:2: Unused tactic linter: `change
  ∀ a b M h : M6.Cyclic.BinaryPolynomial, (M ∣ a * h ∧ M ∣ b * h) ↔ M ∣ M6.Cyclic.signature a b M * h` does nothing

Note: This linter can be disabled with `set_option linter.unusedTactic false`
warning: M6CyclicAccepted.lean:75:99: This simp argument is unused:
  and_comm

Hint: Omit it from the simp argument list.
  [apply] simp only [M6.Cyclic.boundary, M6.Cyclic.image, Prod.mk.injEq, ← map_mul, AdjoinRoot.mk_eq_zero]

Note: This linter can be disabled with `set_option linter.unusedSimpArgs false`
warning: M6CyclicAccepted.lean:72:2: Unused tactic linter: `change
  ∀ (N : ℕ) (a b h : M6.Cyclic.BinaryPolynomial),
    M6.Cyclic.boundary N a b (M6.Cyclic.image N h) = (0, 0) ↔
      M6.Cyclic.modulus N ∣ M6.Cyclic.signature a b (M6.Cyclic.modulus N) * h` does nothing

Note: This linter can be disabled with `set_option linter.unusedTactic false`
info: M6CyclicAccepted.lean:76:0: 'M6.Cyclic.boundary_is_cycle' depends on axioms: [propext, Classical.choice, Quot.sound]
info: M6CyclicAccepted.lean:77:0: 'M6.Cyclic.kernel_cancellation' depends on axioms: [propext, Classical.choice, Quot.sound]
info: M6CyclicAccepted.lean:78:0: 'M6.Cyclic.signature_bezout' depends on axioms: [propext, Classical.choice, Quot.sound]
info: M6CyclicAccepted.lean:79:0: 'M6.Cyclic.signature_divides' depends on axioms: [propext, Classical.choice, Quot.sound]
info: M6CyclicAccepted.lean:80:0: 'M6.Cyclic.kernel_divisibility' depends on axioms: [propext, Classical.choice, Quot.sound]
info: M6CyclicAccepted.lean:81:0: 'M6.Cyclic.boundary_kernel' depends on axioms: [propext, Classical.choice, Quot.sound]
⚠ [8713/8732] Replayed M6PhysicalAccepted
warning: M6PhysicalAccepted.lean:31:26: This simp argument is unused:
  neg_add

Hint: Omit it from the simp argument list.
  [apply] simp [sub_eq_add_neg, add_assoc, add_comm, add_left_comm, mul_assoc, mul_comm, mul_left_comm]

Note: This linter can be disabled with `set_option linter.unusedSimpArgs false`
warning: M6PhysicalAccepted.lean:31:56: This simp argument is unused:
  add_left_comm

Hint: Omit it from the simp argument list.
  [apply] simp [sub_eq_add_neg, neg_add, add_assoc, add_comm, mul_assoc, mul_comm, mul_left_comm]

Note: This linter can be disabled with `set_option linter.unusedSimpArgs false`
warning: M6PhysicalAccepted.lean:32:6: This simp argument is unused:
  mul_assoc

Hint: Omit it from the simp argument list.
  [apply] simp [sub_eq_add_neg, neg_add, add_assoc, add_comm, add_left_comm, mul_comm, mul_left_comm]

Note: This linter can be disabled with `set_option linter.unusedSimpArgs false`
warning: M6PhysicalAccepted.lean:78:2: Unused tactic linter: `change
  ∀ (N : ℕ) (a : M6.Physical.Block N), M6.Physical.rev N (M6.Physical.rev N a) = a` does nothing

Note: This linter can be disabled with `set_option linter.unusedTactic false`
warning: M6PhysicalAccepted.lean:98:2: Unused tactic linter: `change ∀ (N : ℕ) (z : M6.Physical.Word N), M6.Physical.J N (M6.Physical.J N z) = z` does nothing

Note: This linter can be disabled with `set_option linter.unusedTactic false`
warning: M6PhysicalAccepted.lean:121:4: This simp argument is unused:
  Prod.fst

Hint: Omit it from the simp argument list.
  [apply] simp only [M6.Physical.pairing, M6.Physical.J, M6.Physical.boundary, Prod.snd, M6.Physical.conv_adjoint]

Note: This linter can be disabled with `set_option linter.unusedSimpArgs false`
warning: M6PhysicalAccepted.lean:121:14: This simp argument is unused:
  Prod.snd

Hint: Omit it from the simp argument list.
  [apply] simp only [M6.Physical.pairing, M6.Physical.J, M6.Physical.boundary, Prod.fst, M6.Physical.conv_adjoint]

Note: This linter can be disabled with `set_option linter.unusedSimpArgs false`
info: M6PhysicalAccepted.lean:139:0: 'M6.Physical.conv_add' depends on axioms: [propext, Classical.choice, Quot.sound]
info: M6PhysicalAccepted.lean:140:0: 'M6.Physical.conv_adjoint' depends on axioms: [propext, Classical.choice, Quot.sound]
info: M6PhysicalAccepted.lean:141:0: 'M6.Physical.boundary_pairing' depends on axioms: [propext, Classical.choice, Quot.sound]
info: M6PhysicalAccepted.lean:142:0: 'M6.Physical.conv_assoc' depends on axioms: [propext, Classical.choice, Quot.sound]
info: M6PhysicalAccepted.lean:143:0: 'M6.Physical.conv_comm' depends on axioms: [propext, Classical.choice, Quot.sound]
info: M6PhysicalAccepted.lean:144:0: 'M6.Physical.boundary_cycle' depends on axioms: [propext, Classical.choice, Quot.sound]
info: M6PhysicalAccepted.lean:145:0: 'M6.Physical.dot_delta' depends on axioms: [propext, Classical.choice, Quot.sound]
info: M6PhysicalAccepted.lean:146:0: 'M6.Physical.rev_involution' depends on axioms: [propext, Quot.sound]
info: M6PhysicalAccepted.lean:147:0: 'M6.Physical.J_involution' depends on axioms: [propext, Quot.sound]
info: M6PhysicalAccepted.lean:148:0: 'M6.Physical.cycle_orthogonal' depends on axioms: [propext, Classical.choice, Quot.sound]
info: M6PhysicalAccepted.lean:149:0: 'M6.Physical.rev_weight' depends on axioms: [propext, Classical.choice, Quot.sound]
info: M6PhysicalAccepted.lean:150:0: 'M6.Physical.J_weight' depends on axioms: [propext, Classical.choice, Quot.sound]
⚠ [8718/8732] Replayed M6KernelFibersAccepted
warning: M6KernelFibersAccepted.lean:27:8: This simp argument is unused:
  Nat.card_fun

Hint: Omit it from the simp argument list.
  [apply] simp [Nat.card_eq_fintype_card, ZMod.card]

Note: This linter can be disabled with `set_option linter.unusedSimpArgs false`
warning: M6KernelFibersAccepted.lean:22:2: Unused tactic linter: `change
  ∀ (F : M6.KernelFibers.BP), F.Monic → Nat.card (AdjoinRoot F) = 2 ^ F.natDegree` does nothing

Note: This linter can be disabled with `set_option linter.unusedTactic false`
warning: M6KernelFibersAccepted.lean:38:2: Unused tactic linter: `change
  ∀ (F K : M6.KernelFibers.BP) (hF : F.Monic), K ≠ 0 → Function.Injective (M6.KernelFibers.embed F K hF)` does nothing

Note: This linter can be disabled with `set_option linter.unusedTactic false`
warning: M6KernelFibersAccepted.lean:55:2: Unused tactic linter: `change
  ∀ (F K : M6.KernelFibers.BP) (hF : F.Monic) (z : AdjoinRoot (F * K)),
    AdjoinRoot.mk (F * K) F * z = 0 → ∃ t : AdjoinRoot F, M6.KernelFibers.embed F K hF t = z` does nothing

Note: This linter can be disabled with `set_option linter.unusedTactic false`
warning: M6KernelFibersAccepted.lean:70:2: Unused tactic linter: `change
  ∀ (F K : M6.KernelFibers.BP),
    F.Monic → K ≠ 0 → Nat.card (M6.KernelFibers.annihilator F K) = 2 ^ F.natDegree` does nothing

Note: This linter can be disabled with `set_option linter.unusedTactic false`
info: M6KernelFibersAccepted.lean:90:0: 'M6.KernelFibers.embed_mk' depends on axioms: [propext, Classical.choice, Quot.sound]
info: M6KernelFibersAccepted.lean:91:0: 'M6.KernelFibers.embed_annihilated' depends on axioms: [propext, Classical.choice, Quot.sound]
info: M6KernelFibersAccepted.lean:92:0: 'M6.KernelFibers.embed_injective' depends on axioms: [propext, Classical.choice, Quot.sound]
info: M6KernelFibersAccepted.lean:93:0: 'M6.KernelFibers.embed_surjective_kernel' depends on axioms: [propext, Classical.choice, Quot.sound]
info: M6KernelFibersAccepted.lean:94:0: 'M6.KernelFibers.quotient_card' depends on axioms: [propext, Classical.choice, Quot.sound]
info: M6KernelFibersAccepted.lean:95:0: 'M6.KernelFibers.annihilator_card' depends on axioms: [propext, Classical.choice, Quot.sound]
✔ [8729/8732] Built M6TransferCoefficients (9.6s)
⚠ [8730/8732] Built M6ActualResultDependencies (24s)
warning: M6ActualResultDependencies.lean:8:4: This simp argument is unused:
  Polynomial.coeff_C_mul_X_pow

Hint: Omit it from the simp argument list.
  [apply] simp [M6.Coordinates.blockPolynomial, Polynomial.finsetSum_coeff, Fin.val_eq_val, i.isLt]

Note: This linter can be disabled with `set_option linter.unusedSimpArgs false`
warning: M6ActualResultDependencies.lean:8:50: This simp argument is unused:
  i.isLt

Hint: Omit it from the simp argument list.
  [apply] simp [M6.Coordinates.blockPolynomial, Polynomial.finsetSum_coeff, Polynomial.coeff_C_mul_X_pow,
    Fin.val_eq_val]

Note: This linter can be disabled with `set_option linter.unusedSimpArgs false`
warning: M6ActualResultDependencies.lean:21:4: this tactic is never executed

Note: This linter can be disabled with `set_option linter.unreachableTactic false`
warning: M6ActualResultDependencies.lean:22:4: this tactic is never executed

Note: This linter can be disabled with `set_option linter.unreachableTactic false`
warning: M6ActualResultDependencies.lean:21:4: Unused tactic linter: `exact_mod_cast ZMod.val_lt i` does nothing

Note: This linter can be disabled with `set_option linter.unusedTactic false`
warning: M6ActualResultDependencies.lean:22:4: Unused tactic linter: `exact_mod_cast Finset.mem_range.mp hi` does nothing

Note: This linter can be disabled with `set_option linter.unusedTactic false`
warning: M6ActualResultDependencies.lean:41:12: This simp argument is unused:
  Polynomial.coeff_C_mul_X_pow

Hint: Omit it from the simp argument list.
  [apply] simp [hv, Ne.symm hv]

Note: This linter can be disabled with `set_option linter.unusedSimpArgs false`
warning: M6ActualResultDependencies.lean:41:42: This simp argument is unused:
  hv

Hint: Omit it from the simp argument list.
  [apply] simp [Polynomial.coeff_C_mul_X_pow, Ne.symm hv]

Note: This linter can be disabled with `set_option linter.unusedSimpArgs false`
warning: M6ActualResultDependencies.lean:53:10: This simp argument is unused:
  Polynomial.coeff_C_mul_X_pow

Hint: Omit it from the simp argument list.
  [apply] simp [hv, Ne.symm hv]

Note: This linter can be disabled with `set_option linter.unusedSimpArgs false`
warning: M6ActualResultDependencies.lean:53:40: This simp argument is unused:
  hv

Hint: Omit it from the simp argument list.
  [apply] simp [Polynomial.coeff_C_mul_X_pow, Ne.symm hv]

Note: This linter can be disabled with `set_option linter.unusedSimpArgs false`
warning: M6ActualResultDependencies.lean:115:8: this tactic is never executed

Note: This linter can be disabled with `set_option linter.unreachableTactic false`
warning: M6ActualResultDependencies.lean:115:8: Unused tactic linter: `exact Polynomial.degree_le_of_dvd hn hdiv` does nothing

Note: This linter can be disabled with `set_option linter.unusedTactic false`
warning: M6ActualResultDependencies.lean:210:2: Unused tactic linter: `change
  ∀ (a b M : M6.BoundaryFibers.BP) (h : AdjoinRoot M),
    M6.BoundaryFibers.boundary a b M h = (0, 0) ↔ AdjoinRoot.mk M (M6.Cyclic.signature a b M) * h = 0` does nothing

Note: This linter can be disabled with `set_option linter.unusedTactic false`
warning: M6ActualResultDependencies.lean:217:2: Unused tactic linter: `change ∀ p : M6.BoundaryFibers.BP, p ≠ 0 → p.Monic` does nothing

Note: This linter can be disabled with `set_option linter.unusedTactic false`
warning: M6ActualResultDependencies.lean:227:2: Unused tactic linter: `change ∀ a b M : M6.BoundaryFibers.BP, M ≠ 0 → M6.Cyclic.signature a b M ≠ 0` does nothing

Note: This linter can be disabled with `set_option linter.unusedTactic false`
warning: M6ActualResultDependencies.lean:234:2: Unused tactic linter: `change
  ∀ a b M : M6.BoundaryFibers.BP,
    M ≠ 0 →
      Nat.card { h : AdjoinRoot M // M6.BoundaryFibers.boundary a b M h = (0, 0) } =
        2 ^ (M6.Cyclic.signature a b M).natDegree` does nothing

Note: This linter can be disabled with `set_option linter.unusedTactic false`
warning: M6ActualResultDependencies.lean:243:2: Unused tactic linter: `change
  ∀ (a b M : M6.BoundaryFibers.BP),
    M ≠ 0 →
      ∀ h₀ : AdjoinRoot M,
        Nat.card { h : AdjoinRoot M // M6.BoundaryFibers.boundary a b M h = M6.BoundaryFibers.boundary a b M h₀ } =
          2 ^ (M6.Cyclic.signature a b M).natDegree` does nothing

Note: This linter can be disabled with `set_option linter.unusedTactic false`
warning: M6ActualResultDependencies.lean:269:2: Unused tactic linter: `change
  ∀ (N : ℕ) (z w : M6.Physical.Word N),
    M6.Flatten.flatten N (z + w) = M6.Flatten.flatten N z + M6.Flatten.flatten N w` does nothing

Note: This linter can be disabled with `set_option linter.unusedTactic false`
warning: M6ActualResultDependencies.lean:309:52: This simp argument is unused:
  hi

Hint: Omit it from the simp argument list.
  [apply] simp [M6.Flatten.unflatten, M6.Flatten.flatten, Nat.add_sub_cancel_left]

Note: This linter can be disabled with `set_option linter.unusedSimpArgs false`
warning: M6ActualResultDependencies.lean:309:56: This simp argument is unused:
  Nat.add_sub_cancel_left

Hint: Omit it from the simp argument list.
  [apply] simp [M6.Flatten.unflatten, M6.Flatten.flatten, hi]

Note: This linter can be disabled with `set_option linter.unusedSimpArgs false`
warning: M6ActualResultDependencies.lean:316:57: `if_pos` has been deprecated: Use `ite_eq_left` instead
warning: M6ActualResultDependencies.lean:316:67: `dif_pos` has been deprecated: Use `dite_eq_left` instead
warning: M6ActualResultDependencies.lean:321:57: `if_neg` has been deprecated: Use `ite_eq_right` instead
warning: M6ActualResultDependencies.lean:321:67: `dif_neg` has been deprecated: Use `dite_eq_right` instead
warning: M6ActualResultDependencies.lean:316:67: This simp argument is unused:
  dif_pos h

Hint: Omit it from the simp argument list.
  [apply] simp only [M6.Flatten.flatten, M6.Flatten.unflatten, if_pos h]

Note: This linter can be disabled with `set_option linter.unusedSimpArgs false`
warning: M6ActualResultDependencies.lean:321:67: This simp argument is unused:
  dif_neg h

Hint: Omit it from the simp argument list.
  [apply] simp only [M6.Flatten.flatten, M6.Flatten.unflatten, if_neg h]

Note: This linter can be disabled with `set_option linter.unusedSimpArgs false`
warning: M6ActualResultDependencies.lean:324:15: This simp argument is unused:
  Fin.val_mk

Hint: Omit it from the simp argument list.
  [apply] simp only [ZMod.val_natCast, Nat.mod_eq_of_lt hi]

Note: This linter can be disabled with `set_option linter.unusedSimpArgs false`
warning: M6ActualResultDependencies.lean:328:2: Unused tactic linter: `change
  ∀ (N : ℕ) (c : ZMod 2) (z : M6.Physical.Word N),
    M6.Flatten.flatten N (c • z) = c • M6.Flatten.flatten N z` does nothing

Note: This linter can be disabled with `set_option linter.unusedTactic false`
warning: M6ActualResultDependencies.lean:362:14: This simp argument is unused:
  hi

Hint: Omit it from the simp argument list.
  [apply] simp

Note: This linter can be disabled with `set_option linter.unusedSimpArgs false`
warning: M6ActualResultDependencies.lean:401:34: This simp argument is unused:
  Fintype.card_fun

Hint: Omit it from the simp argument list.
  [apply] simp [Nat.card_eq_fintype_card, ZMod.card]

Note: This linter can be disabled with `set_option linter.unusedSimpArgs false`
warning: M6ActualResultDependencies.lean:482:4: try 'simp' instead of 'simpa'

Note: This linter can be disabled with `set_option linter.unnecessarySimpa false`
warning: M6ActualResultDependencies.lean:484:2: try 'simp' instead of 'simpa'

Note: This linter can be disabled with `set_option linter.unnecessarySimpa false`
warning: M6ActualResultDependencies.lean:487:2: Unused tactic linter: `change
  ∀ (a b : ZMod 2), M6.Character.sign (a + b) = M6.Character.sign a * M6.Character.sign b` does nothing

Note: This linter can be disabled with `set_option linter.unusedTactic false`
warning: M6ActualResultDependencies.lean:492:2: Unused tactic linter: `change
  ∀ (a : ZMod 2), (M6.Character.sign a = 1 ↔ a = 0) ∧ (M6.Character.sign a = -1 ↔ a ≠ 0)` does nothing

Note: This linter can be disabled with `set_option linter.unusedTactic false`
warning: M6ActualResultDependencies.lean:501:2: Unused tactic linter: `change
  ∀ (m : ℕ) (q r z : M6.Character.Vector m),
    M6.Character.character (q + r) z = M6.Character.character q z * M6.Character.character r z` does nothing

Note: This linter can be disabled with `set_option linter.unusedTactic false`
warning: M6ActualResultDependencies.lean:506:2: Unused tactic linter: `change
  ∀ (m : ℕ) (f : Fin m → ZMod 2), M6.Character.sign (∑ i, f i) = ∏ i, M6.Character.sign (f i)` does nothing

Note: This linter can be disabled with `set_option linter.unusedTactic false`
warning: M6ActualResultDependencies.lean:519:2: Unused tactic linter: `change
  ∀ (m : ℕ) (q z : M6.Character.Vector m), M6.Character.character q z = ∏ i, M6.Character.sign (q i * z i)` does nothing

Note: This linter can be disabled with `set_option linter.unusedTactic false`
warning: M6ActualResultDependencies.lean:532:8: `if_pos` has been deprecated: Use `ite_eq_left` instead
warning: M6ActualResultDependencies.lean:542:8: `if_neg` has been deprecated: Use `ite_eq_right` instead
warning: M6ActualResultDependencies.lean:544:4: `push_neg` has been deprecated. Prefer using `push Not` instead.
If you'd rather continue using `push_neg` in your project, you can implement it as follows:
```
open Lean.Parser.Tactic in
macro "push_neg" cfg:optConfig loc:(location)? : tactic =>
  `(tactic| push $cfg:optConfig Not $[$loc]?)
```
warning: M6ActualResultDependencies.lean:525:2: Unused tactic linter: `change
  ∀ (m : ℕ) (D : Submodule (ZMod 2) (M6.Character.Vector m)) (z : M6.Character.Vector m),
    M6.Character.characterSum D z = M6.Character.orthogonalIndicator D z` does nothing

Note: This linter can be disabled with `set_option linter.unusedTactic false`
warning: M6ActualResultDependencies.lean:565:2: Unused tactic linter: `change
  ∀ (m : ℕ) (w : Fin m → ZMod 2 → Polynomial ℤ) (q : M6.Character.Vector m),
    M6.Character.localTransform w q =
      ∑ z : M6.Character.Vector m, Polynomial.C (M6.Character.character q z) * ∏ i, w i (z i)` does nothing

Note: This linter can be disabled with `set_option linter.unusedTactic false`
warning: M6ActualResultDependencies.lean:575:2: Unused tactic linter: `change
  ∀ (m : ℕ) (D : Submodule (ZMod 2) (M6.Character.Vector m)) (w : Fin m → ZMod 2 → Polynomial ℤ),
    Polynomial.C ((M6.Character.subspaceWords D).card : ℤ) * M6.Character.weightedDual D w =
      M6.Character.weightedTransform D w` does nothing

Note: This linter can be disabled with `set_option linter.unusedTactic false`
warning: M6ActualResultDependencies.lean:595:2: Unused tactic linter: `change
  ∀ (m : ℕ) (i : Fin m) (s : ZMod 2),
    M6.Character.pinnedCharacterFactor (M6.Pinned.free m) i s =
      1 + Polynomial.C (M6.Character.sign s) * Polynomial.X` does nothing

Note: This linter can be disabled with `set_option linter.unusedTactic false`
warning: M6ActualResultDependencies.lean:604:2: Unused tactic linter: `change ∀ (m : ℕ) (v : M6.Character.Vector m), M6.Pinned.weight v = ∑ i, (v i).val` does nothing

Note: This linter can be disabled with `set_option linter.unusedTactic false`
warning: M6ActualResultDependencies.lean:623:37: `if_pos` has been deprecated: Use `ite_eq_left` instead
warning: M6ActualResultDependencies.lean:637:37: `if_neg` has been deprecated: Use `ite_eq_right` instead
warning: M6ActualResultDependencies.lean:643:70: Used `tac1 <;> tac2` where `(tac1; tac2)` would suffice

Note: This linter can be disabled with `set_option linter.unnecessarySeqFocus false`
warning: M6ActualResultDependencies.lean:619:2: Unused tactic linter: `change
  ∀ (m : ℕ) (P : M6.Pinned.Pins m) (v : M6.Character.Vector m),
    (∏ i, M6.Character.boundaryFactor P i (v i)) = M6.Character.pinnedMonomial P v` does nothing

Note: This linter can be disabled with `set_option linter.unusedTactic false`
warning: M6ActualResultDependencies.lean:646:2: Unused tactic linter: `change
  ∀ (m : ℕ) (D : Submodule (ZMod 2) (M6.Character.Vector m)) (P : M6.Pinned.Pins m),
    Polynomial.C ((M6.Character.subspaceWords D).card : ℤ) * M6.Pinned.enumerator (M6.Character.dualWords D) P =
      M6.Character.pinnedTransform D P` does nothing

Note: This linter can be disabled with `set_option linter.unusedTactic false`
warning: M6ActualResultDependencies.lean:685:12: `if_neg` has been deprecated: Use `ite_eq_right` instead
warning: M6ActualResultDependencies.lean:657:2: Unused tactic linter: `change ∀ (m : ℕ) (q : M6.Character.Vector m), _` does nothing

Note: This linter can be disabled with `set_option linter.unusedTactic false`
warning: M6ActualResultDependencies.lean:696:2: Unused tactic linter: `change ∀ (m : ℕ) (D : Submodule (ZMod 2) (M6.Character.Vector m)), _` does nothing

Note: This linter can be disabled with `set_option linter.unusedTactic false`
warning: M6ActualResultDependencies.lean:762:2: Unused tactic linter: `change
  ∀ (m : ℕ) (c : M6.Pinned.Pins m → ℤ) (P : M6.Pinned.Pins m) (i : Fin m),
    M6.Pinned.refines P (M6.Pinned.choose c P i).1 ∧
      (M6.Pinned.choose c P i).1 i ≠ none ∧ (M6.Pinned.choose c P i).2 ≤ 1` does nothing

Note: This linter can be disabled with `set_option linter.unusedTactic false`
warning: M6ActualResultDependencies.lean:786:61: This simp argument is unused:
  and_assoc

Hint: Omit it from the simp argument list.
  [apply] simp [Int.natCast_pos, Finset.card_pos, Finset.Nonempty]

Note: This linter can be disabled with `set_option linter.unusedSimpArgs false`
warning: M6ActualResultDependencies.lean:815:10: `dif_pos` has been deprecated: Use `dite_eq_left` instead
warning: M6ActualResultDependencies.lean:842:4: `Polynomial.finset_sum_coeff` has been deprecated: Use `Polynomial.finsetSum_coeff` instead
warning: M6ActualResultDependencies.lean:842:33: This simp argument is unused:
  Polynomial.coeff_X_pow

Hint: Omit it from the simp argument list.
  [apply] simp only [M6.Pinned.enumerator, M6.Pinned.count, Polynomial.finset_sum_coeff, Finset.card_eq_sum_ones,
    Nat.cast_sum, Nat.cast_one, Finset.sum_filter]

Note: This linter can be disabled with `set_option linter.unusedSimpArgs false`
warning: M6ActualResultDependencies.lean:843:43: This simp argument is unused:
  Nat.cast_one

Hint: Omit it from the simp argument list.
  [apply] simp only [M6.Pinned.enumerator, M6.Pinned.count, Polynomial.finset_sum_coeff, Polynomial.coeff_X_pow,
    Finset.card_eq_sum_ones, Nat.cast_sum, Finset.sum_filter]

Note: This linter can be disabled with `set_option linter.unusedSimpArgs false`
warning: M6ActualResultDependencies.lean:838:2: Unused tactic linter: `change
  ∀ (m : ℕ) (L : Finset (M6.Pinned.Vector m)) (P : M6.Pinned.Pins m) (d : ℕ),
    (M6.Pinned.enumerator L P).coeff d = M6.Pinned.count L P d` does nothing

Note: This linter can be disabled with `set_option linter.unusedTactic false`
warning: M6ActualResultDependencies.lean:854:2: Unused tactic linter: `change
  ∀ (m : ℕ) (c : M6.Pinned.Pins m → ℤ),
    M6.Pinned.partitions c →
      ∀ (P : M6.Pinned.Pins m) (xs : List (Fin m)), 0 < c P → 0 < c (M6.Pinned.recover c P xs).1` does nothing

Note: This linter can be disabled with `set_option linter.unusedTactic false`
warning: M6ActualResultDependencies.lean:879:2: Unused tactic linter: `change ∀ (m : ℕ) (v : M6.Pinned.Vector m), M6.Pinned.weight v ≤ m` does nothing

Note: This linter can be disabled with `set_option linter.unusedTactic false`
warning: M6ActualResultDependencies.lean:897:29: This simp argument is unused:
  M6.Pinned.enumerator

Hint: Omit it from the simp argument list.
  [apply] simp [M6.Pinned.count]

Note: This linter can be disabled with `set_option linter.unusedSimpArgs false`
warning: M6ActualResultDependencies.lean:902:35: This simp argument is unused:
  M6.Pinned.enumerator

Hint: Omit it from the simp argument list.
  [apply] simp_all [M6.Pinned.count, M6.Pinned.agrees_pin, Finset.filter_insert, Finset.sum_insert,
    Polynomial.coeff_sum, Polynomial.coeff_monomial]

Note: This linter can be disabled with `set_option linter.unusedSimpArgs false`
warning: M6ActualResultDependencies.lean:904:10: This simp argument is unused:
  Finset.sum_insert

Hint: Omit it from the simp argument list.
  [apply] simp_all [M6.Pinned.count, M6.Pinned.enumerator, M6.Pinned.agrees_pin, Finset.filter_insert,
    Polynomial.coeff_sum, Polynomial.coeff_monomial]

Note: This linter can be disabled with `set_option linter.unusedSimpArgs false`
warning: M6ActualResultDependencies.lean:904:29: This simp argument is unused:
  Polynomial.coeff_sum

Hint: Omit it from the simp argument list.
  [apply] simp_all [M6.Pinned.count, M6.Pinned.enumerator, M6.Pinned.agrees_pin, Finset.filter_insert,
    Finset.sum_insert, Polynomial.coeff_monomial]

Note: This linter can be disabled with `set_option linter.unusedSimpArgs false`
warning: M6ActualResultDependencies.lean:905:10: This simp argument is unused:
  Polynomial.coeff_monomial

Hint: Omit it from the simp argument list.
  [apply] simp_all [M6.Pinned.count, M6.Pinned.enumerator, M6.Pinned.agrees_pin, Finset.filter_insert,
    Finset.sum_insert, Polynomial.coeff_sum]

Note: This linter can be disabled with `set_option linter.unusedSimpArgs false`
warning: M6ActualResultDependencies.lean:889:2: Unused tactic linter: `change
  ∀ (m : ℕ) (L : Finset (M6.Pinned.Vector m)) (d : ℕ),
    M6.Pinned.partitions (fun P => M6.Pinned.count L P d)` does nothing

Note: This linter can be disabled with `set_option linter.unusedTactic false`
warning: M6ActualResultDependencies.lean:909:2: Unused tactic linter: `change
  ∀ (m : ℕ) (L : Finset (M6.Pinned.Vector m)),
    M6.Pinned.firstPositive m (M6.Pinned.enumerator L (M6.Pinned.free m)) = M6.Pinned.distance L` does nothing

Note: This linter can be disabled with `set_option linter.unusedTactic false`
warning: M6ActualResultDependencies.lean:965:29: This simp argument is unused:
  Prod.fst

Hint: Omit it from the simp argument list.
  [apply] simp only [hc, Prod.snd] at hcprop

Note: This linter can be disabled with `set_option linter.unusedSimpArgs false`
warning: M6ActualResultDependencies.lean:965:39: This simp argument is unused:
  Prod.snd

Hint: Omit it from the simp argument list.
  [apply] simp only [hc, Prod.fst] at hcprop

Note: This linter can be disabled with `set_option linter.unusedSimpArgs false`
warning: M6ActualResultDependencies.lean:966:29: This simp argument is unused:
  Prod.fst

Hint: Omit it from the simp argument list.
  [apply] simp only [hr, Prod.snd] at hrprop

Note: This linter can be disabled with `set_option linter.unusedSimpArgs false`
warning: M6ActualResultDependencies.lean:966:39: This simp argument is unused:
  Prod.snd

Hint: Omit it from the simp argument list.
  [apply] simp only [hr, Prod.fst] at hrprop

Note: This linter can be disabled with `set_option linter.unusedSimpArgs false`
warning: M6ActualResultDependencies.lean:967:52: This simp argument is unused:
  Prod.fst

Hint: Omit it from the simp argument list.
  [apply] simp only [M6.Pinned.recover, hc, hr, Prod.snd]

Note: This linter can be disabled with `set_option linter.unusedSimpArgs false`
warning: M6ActualResultDependencies.lean:967:62: This simp argument is unused:
  Prod.snd

Hint: Omit it from the simp argument list.
  [apply] simp only [M6.Pinned.recover, hc, hr, Prod.fst]

Note: This linter can be disabled with `set_option linter.unusedSimpArgs false`
warning: M6ActualResultDependencies.lean:938:2: Unused tactic linter: `change
  ∀ (m : ℕ) (c : M6.Pinned.Pins m → ℤ) (P : M6.Pinned.Pins m) (xs : List (Fin m)),
    M6.Pinned.refines P (M6.Pinned.recover c P xs).1 ∧
      (∀ i ∈ xs, (M6.Pinned.recover c P xs).1 i ≠ none) ∧ (M6.Pinned.recover c P xs).2 ≤ xs.length` does nothing

Note: This linter can be disabled with `set_option linter.unusedTactic false`
warning: M6ActualResultDependencies.lean:1076:56: `dif_neg` has been deprecated: Use `dite_eq_right` instead
warning: M6ActualResultDependencies.lean:1118:18: Used `tac1 <;> tac2` where `(tac1; tac2)` would suffice

Note: This linter can be disabled with `set_option linter.unnecessarySeqFocus false`
warning: M6ActualResultDependencies.lean:1144:48: This simp argument is unused:
  Fintype.card_fun

Hint: Omit it from the simp argument list.
  [apply] simp [M6.Transfer.Input, M6.Transfer.Bit, ZMod.card]

Note: This linter can be disabled with `set_option linter.unusedSimpArgs false`
warning: M6ActualResultDependencies.lean:1269:10: `if_pos` has been deprecated: Use `ite_eq_left` instead
warning: M6ActualResultDependencies.lean:1272:12: `if_pos` has been deprecated: Use `ite_eq_left` instead
warning: M6ActualResultDependencies.lean:1273:10: `if_neg` has been deprecated: Use `ite_eq_right` instead
warning: M6ActualResultDependencies.lean:1275:6: `push_neg` has been deprecated. Prefer using `push Not` instead.
If you'd rather continue using `push_neg` in your project, you can implement it as follows:
```
open Lean.Parser.Tactic in
macro "push_neg" cfg:optConfig loc:(location)? : tactic =>
  `(tactic| push $cfg:optConfig Not $[$loc]?)
```
warning: M6ActualResultDependencies.lean:1278:12: `if_neg` has been deprecated: Use `ite_eq_right` instead
warning: M6ActualResultDependencies.lean:1336:2: Unused tactic linter: `change
  ∀ p q : Polynomial ℤ,
    M6.Transfer.polynomialMass (p + q) ≤ M6.Transfer.polynomialMass p + M6.Transfer.polynomialMass q` does nothing

Note: This linter can be disabled with `set_option linter.unusedTactic false`
warning: M6ActualResultDependencies.lean:1374:2: Unused tactic linter: `change
  ∀ (I : Type) (s : Finset I) (f : I → Polynomial ℤ),
    M6.Transfer.polynomialMass (∑ i ∈ s, f i) ≤ ∑ i ∈ s, M6.Transfer.polynomialMass (f i)` does nothing

Note: This linter can be disabled with `set_option linter.unusedTactic false`
warning: M6ActualResultDependencies.lean:1386:2: Unused tactic linter: `change
  ∀ p q : Polynomial ℤ,
    M6.Transfer.polynomialMass (p * q) ≤ M6.Transfer.polynomialMass p * M6.Transfer.polynomialMass q` does nothing

Note: This linter can be disabled with `set_option linter.unusedTactic false`
warning: M6ActualResultDependencies.lean:1405:2: Unused tactic linter: `change
  ∀ (R : ℕ) (W : M6.Transfer.Memory R → M6.Transfer.Bit → Polynomial ℤ) (v : M6.Transfer.Memory R → Polynomial ℤ),
    (∀ m t, M6.Transfer.polynomialMass (W m t) ≤ 4) →
      M6.Transfer.rowMass (M6.Transfer.propagate W v) ≤ 8 * M6.Transfer.rowMass v` does nothing

Note: This linter can be disabled with `set_option linter.unusedTactic false`
warning: M6ActualResultDependencies.lean:1450:2: Unused tactic linter: `change
  ∀ (R : ℕ) (W : ℕ → M6.Transfer.Memory R → M6.Transfer.Bit → Polynomial ℤ) (start : M6.Transfer.Memory R) (n : ℕ),
    (∀ i m t, M6.Transfer.polynomialMass (W i m t) ≤ 4) →
      M6.Transfer.rowMass (M6.Transfer.layers W start n) ≤ 8 ^ n` does nothing

Note: This linter can be disabled with `set_option linter.unusedTactic false`
warning: M6ActualResultDependencies.lean:1490:16: This simp argument is unused:
  nsmul_eq_mul

Hint: Omit it from the simp argument list.
  [apply] simp [hc]

Note: This linter can be disabled with `set_option linter.unusedSimpArgs false`
warning: M6ActualResultDependencies.lean:1466:2: Unused tactic linter: `change
  ∀ (R N : ℕ) (W : ℕ → M6.Transfer.Memory R → M6.Transfer.Bit → Polynomial ℤ) (d : ℕ),
    (∀ i m t, M6.Transfer.polynomialMass (W i m t) ≤ 4) →
      ((M6.Transfer.arrayTrace W N).coeff d).natAbs ≤ 2 ^ R * 8 ^ N` does nothing

Note: This linter can be disabled with `set_option linter.unusedTactic false`
warning: M6ActualResultDependencies.lean:1493:2: Unused tactic linter: `change
  ∀ R N : ℕ,
    Fintype.card (M6.Transfer.Memory R) * N * (M6.Transfer.scatterEventList R N).length =
      M6.Transfer.traceCoefficientOps R N` does nothing

Note: This linter can be disabled with `set_option linter.unusedTactic false`
warning: M6ActualResultDependencies.lean:1512:48: This simp argument is unused:
  Function.update_apply

Hint: Omit it from the simp argument list.
  [apply] simp [M6.Transfer.scatterUpdate, h, ha, Ne.symm ha]

Note: This linter can be disabled with `set_option linter.unusedSimpArgs false`
warning: M6ActualResultDependencies.lean:1530:8: `if_neg` has been deprecated: Use `ite_eq_right` instead
warning: M6ActualResultDependencies.lean:1530:19: `if_neg` has been deprecated: Use `ite_eq_right` instead
warning: M6ActualResultDependencies.lean:1530:30: `if_neg` has been deprecated: Use `ite_eq_right` instead
warning: M6ActualResultDependencies.lean:1537:24: This simp argument is unused:
  Polynomial.coeff_mul_C

Hint: Omit it from the simp argument list.
  [apply] simp

Note: This linter can be disabled with `set_option linter.unusedSimpArgs false`
warning: M6ActualResultDependencies.lean:1515:2: Unused tactic linter: `change ∀ (p q : Polynomial ℤ) (d : ℕ), q.natDegree ≤ 2 → _` does nothing

Note: This linter can be disabled with `set_option linter.unusedTactic false`
warning: M6ActualResultDependencies.lean:1564:4: `Polynomial.finset_sum_coeff` has been deprecated: Use `Polynomial.finsetSum_coeff` instead
warning: M6ActualResultDependencies.lean:1570:29: `if_true` has been deprecated: Use `ite_true` instead
warning: M6ActualResultDependencies.lean:1576:17: `if_pos` has been deprecated: Use `ite_eq_left` instead
warning: M6ActualResultDependencies.lean:1605:12: `if_pos` has been deprecated: Use `ite_eq_left` instead
warning: M6ActualResultDependencies.lean:1609:18: This simp argument is unused:
  eq_comm

Hint: Omit it from the simp argument list.
  [apply] simp [hm]

Note: This linter can be disabled with `set_option linter.unusedSimpArgs false`
warning: M6ActualResultDependencies.lean:1623:6: `Polynomial.finset_sum_coeff` has been deprecated: Use `Polynomial.finsetSum_coeff` instead
warning: M6ActualResultDependencies.lean:1635:41: `Polynomial.finset_sum_coeff` has been deprecated: Use `Polynomial.finsetSum_coeff` instead
warning: M6ActualResultDependencies.lean:1663:32: `Polynomial.finset_sum_coeff` has been deprecated: Use `Polynomial.finsetSum_coeff` instead
warning: M6ActualResultDependencies.lean:1647:47: This simp argument is unused:
  Ne.symm hv

Hint: Omit it from the simp argument list.
  [apply] simp [Polynomial.coeff_monomial, hv]

Note: This linter can be disabled with `set_option linter.unusedSimpArgs false`
warning: M6ActualResultDependencies.lean:1660:43: This simp argument is unused:
  Ne.symm hv

Hint: Omit it from the simp argument list.
  [apply] simp [Polynomial.coeff_monomial, hv]

Note: This linter can be disabled with `set_option linter.unusedSimpArgs false`
warning: M6ActualResultDependencies.lean:1632:2: Unused tactic linter: `change M6.Transfer.scalarTracePolynomial W N = M6.Transfer.arrayTrace W N` does nothing

Note: This linter can be disabled with `set_option linter.unusedTactic false`
warning: M6ActualResultDependencies.lean:1674:44: `if_pos` has been deprecated: Use `ite_eq_left` instead
warning: M6ActualResultDependencies.lean:1752:31: This simp argument is unused:
  Polynomial.sum

Hint: Omit it from the simp argument list.
  [apply] simp [M6.Normalize.divide, Polynomial.coeff_sum, Polynomial.coeff_monomial, hd]

Note: This linter can be disabled with `set_option linter.unusedSimpArgs false`
warning: M6ActualResultDependencies.lean:1752:47: This simp argument is unused:
  Polynomial.coeff_sum

Hint: Omit it from the simp argument list.
  [apply] simp [M6.Normalize.divide, Polynomial.sum, Polynomial.coeff_monomial, hd]

Note: This linter can be disabled with `set_option linter.unusedSimpArgs false`
warning: M6ActualResultDependencies.lean:1752:69: This simp argument is unused:
  Polynomial.coeff_monomial

Hint: Omit it from the simp argument list.
  [apply] simp [M6.Normalize.divide, Polynomial.sum, Polynomial.coeff_sum, hd]

Note: This linter can be disabled with `set_option linter.unusedSimpArgs false`
warning: M6ActualResultDependencies.lean:1754:31: This simp argument is unused:
  Polynomial.sum

Hint: Omit it from the simp argument list.
  [apply] simp [M6.Normalize.divide, Polynomial.coeff_sum, Polynomial.coeff_monomial, hd, hz]

Note: This linter can be disabled with `set_option linter.unusedSimpArgs false`
warning: M6ActualResultDependencies.lean:1754:47: This simp argument is unused:
  Polynomial.coeff_sum

Hint: Omit it from the simp argument list.
  [apply] simp [M6.Normalize.divide, Polynomial.sum, Polynomial.coeff_monomial, hd, hz]

Note: This linter can be disabled with `set_option linter.unusedSimpArgs false`
warning: M6ActualResultDependencies.lean:1754:69: This simp argument is unused:
  Polynomial.coeff_monomial

Hint: Omit it from the simp argument list.
  [apply] simp [M6.Normalize.divide, Polynomial.sum, Polynomial.coeff_sum, hd, hz]

Note: This linter can be disabled with `set_option linter.unusedSimpArgs false`
warning: M6ActualResultDependencies.lean:1749:2: Unused tactic linter: `change
  ∀ (k : ℤ) (p : Polynomial ℤ) (d : ℕ), (M6.Normalize.divide k p).coeff d = p.coeff d / k` does nothing

Note: This linter can be disabled with `set_option linter.unusedTactic false`
warning: M6ActualResultDependencies.lean:1757:2: Unused tactic linter: `change ∀ (k : ℤ) (p : Polynomial ℤ) (d : ℕ), k ∣ (Polynomial.C k * p).coeff d` does nothing

Note: This linter can be disabled with `set_option linter.unusedTactic false`
warning: M6ActualResultDependencies.lean:1763:2: Unused tactic linter: `change
  ∀ (k : ℤ) (p : Polynomial ℤ) (n : ℕ),
    (∀ d, n < d → p.coeff d = 0) → ∀ d, n < d → (M6.Normalize.divide k p).coeff d = 0` does nothing

Note: This linter can be disabled with `set_option linter.unusedTactic false`
warning: M6ActualResultDependencies.lean:1773:8: This simp argument is unused:
  Int.mul_ediv_cancel_left

Hint: Omit it from the simp argument list.
  [apply] simp [hk]

Note: This linter can be disabled with `set_option linter.unusedSimpArgs false`
warning: M6ActualResultDependencies.lean:1768:2: Unused tactic linter: `change
  ∀ (k : ℤ) (p : Polynomial ℤ), k ≠ 0 → M6.Normalize.divide k (Polynomial.C k * p) = p` does nothing

Note: This linter can be disabled with `set_option linter.unusedTactic false`
warning: M6ActualResultDependencies.lean:1785:62: This simp argument is unused:
  h₂

Hint: Omit it from the simp argument list.
  [apply] simp [M6.Flatten.flatten, M6.ActualTransfer.rightIndex, h₁]

Note: This linter can be disabled with `set_option linter.unusedSimpArgs false`
warning: M6ActualResultDependencies.lean:1966:6: Unused tactic linter: `change (L' a = b ↔ L a = b.val)` does nothing

Note: This linter can be disabled with `set_option linter.unusedTactic false`
warning: M6ActualResultDependencies.lean:2154:4: Try `simp at hmem` instead of `simpa using hmem`

Note: This linter can be disabled with `set_option linter.unnecessarySimpa false`
✔ [8731/8732] Built M6ActualResultReady (10s)
Build completed successfully (8732 jobs).
