✔ [8711/8715] Built M6TransferCoefficients (31s)
⚠ [8712/8715] Built M6TransferScatterCoreAccepted (33s)
warning: M6TransferScatterCoreAccepted.lean:4:2: Unused tactic linter: `change
  ∀ R N : ℕ,
    Fintype.card (M6.Transfer.Memory R) * N * (M6.Transfer.scatterEventList R N).length =
      M6.Transfer.traceCoefficientOps R N` does nothing

Note: This linter can be disabled with `set_option linter.unusedTactic false`
warning: M6TransferScatterCoreAccepted.lean:23:48: This simp argument is unused:
  Function.update_apply

Hint: Omit it from the simp argument list.
  [apply] simp [M6.Transfer.scatterUpdate, h, ha, Ne.symm ha]

Note: This linter can be disabled with `set_option linter.unusedSimpArgs false`
warning: M6TransferScatterCoreAccepted.lean:41:8: `if_neg` has been deprecated: Use `ite_eq_right` instead
warning: M6TransferScatterCoreAccepted.lean:41:19: `if_neg` has been deprecated: Use `ite_eq_right` instead
warning: M6TransferScatterCoreAccepted.lean:41:30: `if_neg` has been deprecated: Use `ite_eq_right` instead
warning: M6TransferScatterCoreAccepted.lean:48:24: This simp argument is unused:
  Polynomial.coeff_mul_C

Hint: Omit it from the simp argument list.
  [apply] simp

Note: This linter can be disabled with `set_option linter.unusedSimpArgs false`
warning: M6TransferScatterCoreAccepted.lean:26:2: Unused tactic linter: `change ∀ (p q : Polynomial ℤ) (d : ℕ), q.natDegree ≤ 2 → _` does nothing

Note: This linter can be disabled with `set_option linter.unusedTactic false`
warning: M6TransferScatterCoreAccepted.lean:75:4: `Polynomial.finset_sum_coeff` has been deprecated: Use `Polynomial.finsetSum_coeff` instead
warning: M6TransferScatterCoreAccepted.lean:81:29: `if_true` has been deprecated: Use `ite_true` instead
warning: M6TransferScatterCoreAccepted.lean:87:17: `if_pos` has been deprecated: Use `ite_eq_left` instead
warning: M6TransferScatterCoreAccepted.lean:116:12: `if_pos` has been deprecated: Use `ite_eq_left` instead
warning: M6TransferScatterCoreAccepted.lean:120:18: This simp argument is unused:
  eq_comm

Hint: Omit it from the simp argument list.
  [apply] simp [hm]

Note: This linter can be disabled with `set_option linter.unusedSimpArgs false`
warning: M6TransferScatterCoreAccepted.lean:134:6: `Polynomial.finset_sum_coeff` has been deprecated: Use `Polynomial.finsetSum_coeff` instead
info: M6TransferScatterCoreAccepted.lean:139:0: 'M6.Transfer.scatter_event_count' depends on axioms: [propext, Classical.choice, Quot.sound]
info: M6TransferScatterCoreAccepted.lean:140:0: 'M6.Transfer.scatter_prefix_formula' depends on axioms: [propext, Classical.choice, Quot.sound]
info: M6TransferScatterCoreAccepted.lean:141:0: 'M6.Transfer.small_polynomial_convolution' depends on axioms: [propext, Classical.choice, Quot.sound]
info: M6TransferScatterCoreAccepted.lean:142:0: 'M6.Transfer.scatter_polynomial_coeff' depends on axioms: [propext, Classical.choice, Quot.sound]
info: M6TransferScatterCoreAccepted.lean:143:0: 'M6.Transfer.scalar_layers_exact' depends on axioms: [propext, Classical.choice, Quot.sound]
info: M6TransferScatterCoreAccepted.lean:144:0: 'M6.Transfer.scalar_trace_coefficient' depends on axioms: [propext, Classical.choice, Quot.sound]
⚠ [8713/8715] Built M6TransferCoefficientsAccepted (32s)
warning: M6TransferCoefficientsAccepted.lean:22:2: Unused tactic linter: `change
  ∀ p q : Polynomial ℤ,
    M6.Transfer.polynomialMass (p + q) ≤ M6.Transfer.polynomialMass p + M6.Transfer.polynomialMass q` does nothing

Note: This linter can be disabled with `set_option linter.unusedTactic false`
warning: M6TransferCoefficientsAccepted.lean:60:2: Unused tactic linter: `change
  ∀ (I : Type) (s : Finset I) (f : I → Polynomial ℤ),
    M6.Transfer.polynomialMass (∑ i ∈ s, f i) ≤ ∑ i ∈ s, M6.Transfer.polynomialMass (f i)` does nothing

Note: This linter can be disabled with `set_option linter.unusedTactic false`
warning: M6TransferCoefficientsAccepted.lean:72:2: Unused tactic linter: `change
  ∀ p q : Polynomial ℤ,
    M6.Transfer.polynomialMass (p * q) ≤ M6.Transfer.polynomialMass p * M6.Transfer.polynomialMass q` does nothing

Note: This linter can be disabled with `set_option linter.unusedTactic false`
warning: M6TransferCoefficientsAccepted.lean:91:2: Unused tactic linter: `change
  ∀ (R : ℕ) (W : M6.Transfer.Memory R → M6.Transfer.Bit → Polynomial ℤ) (v : M6.Transfer.Memory R → Polynomial ℤ),
    (∀ m t, M6.Transfer.polynomialMass (W m t) ≤ 4) →
      M6.Transfer.rowMass (M6.Transfer.propagate W v) ≤ 8 * M6.Transfer.rowMass v` does nothing

Note: This linter can be disabled with `set_option linter.unusedTactic false`
warning: M6TransferCoefficientsAccepted.lean:136:2: Unused tactic linter: `change
  ∀ (R : ℕ) (W : ℕ → M6.Transfer.Memory R → M6.Transfer.Bit → Polynomial ℤ) (start : M6.Transfer.Memory R) (n : ℕ),
    (∀ i m t, M6.Transfer.polynomialMass (W i m t) ≤ 4) →
      M6.Transfer.rowMass (M6.Transfer.layers W start n) ≤ 8 ^ n` does nothing

Note: This linter can be disabled with `set_option linter.unusedTactic false`
warning: M6TransferCoefficientsAccepted.lean:176:16: This simp argument is unused:
  nsmul_eq_mul

Hint: Omit it from the simp argument list.
  [apply] simp [hc]

Note: This linter can be disabled with `set_option linter.unusedSimpArgs false`
warning: M6TransferCoefficientsAccepted.lean:152:2: Unused tactic linter: `change
  ∀ (R N : ℕ) (W : ℕ → M6.Transfer.Memory R → M6.Transfer.Bit → Polynomial ℤ) (d : ℕ),
    (∀ i m t, M6.Transfer.polynomialMass (W i m t) ≤ 4) →
      ((M6.Transfer.arrayTrace W N).coeff d).natAbs ≤ 2 ^ R * 8 ^ N` does nothing

Note: This linter can be disabled with `set_option linter.unusedTactic false`
info: M6TransferCoefficientsAccepted.lean:177:0: 'M6.Transfer.layers_degree' depends on axioms: [propext, Classical.choice, Quot.sound]
info: M6TransferCoefficientsAccepted.lean:178:0: 'M6.Transfer.mass_add' depends on axioms: [propext, Classical.choice, Quot.sound]
info: M6TransferCoefficientsAccepted.lean:179:0: 'M6.Transfer.mass_basic' depends on axioms: [propext, Classical.choice, Quot.sound]
info: M6TransferCoefficientsAccepted.lean:180:0: 'M6.Transfer.mass_sum' depends on axioms: [propext, Classical.choice, Quot.sound]
info: M6TransferCoefficientsAccepted.lean:181:0: 'M6.Transfer.mass_mul' depends on axioms: [propext, Classical.choice, Quot.sound]
info: M6TransferCoefficientsAccepted.lean:182:0: 'M6.Transfer.propagate_mass' depends on axioms: [propext, Classical.choice, Quot.sound]
info: M6TransferCoefficientsAccepted.lean:183:0: 'M6.Transfer.layers_mass' depends on axioms: [propext, Classical.choice, Quot.sound]
info: M6TransferCoefficientsAccepted.lean:184:0: 'M6.Transfer.trace_coefficient_bound' depends on axioms: [propext, Classical.choice, Quot.sound]
✔ [8714/8715] Built M6TransferScatterReady (17s)
Build completed successfully (8715 jobs).
