✔ [8707/8729] Built M6Cyclic (11s)
✔ [8708/8729] Built M6Physical (11s)
✔ [8709/8729] Built M6Character (11s)
✔ [8710/8729] Built M6Pinned (11s)
✔ [8711/8729] Built M6Normalize (10s)
✔ [8712/8729] Built M6PinnedCharacter (8.7s)
⚠ [8713/8729] Built M6CyclicAccepted (10s)
warning: M6CyclicAccepted.lean:14:2: Unused tactic linter: `change ∀ F K h : M6.Cyclic.BinaryPolynomial, F ≠ 0 → (F * K ∣ F * h ↔ K ∣ h)` does nothing

Note: This linter can be disabled with `set_option linter.unusedTactic false`
warning: M6CyclicAccepted.lean:30:4: this tactic is never executed

Note: This linter can be disabled with `set_option linter.unreachableTactic false`
warning: M6CyclicAccepted.lean:31:4: this tactic is never executed

Note: This linter can be disabled with `set_option linter.unreachableTactic false`
warning: M6CyclicAccepted.lean:32:4: this tactic is never executed

Note: This linter can be disabled with `set_option linter.unreachableTactic false`
warning: M6CyclicAccepted.lean:23:4: Unused tactic linter: `change
  ∃ p q r, EuclideanDomain.gcd (EuclideanDomain.gcd a b) M = p * a + q * b + r * M` does nothing

Note: This linter can be disabled with `set_option linter.unusedTactic false`
warning: M6CyclicAccepted.lean:30:4: Unused tactic linter: `change
  ∃ p q r, EuclideanDomain.gcd a (EuclideanDomain.gcd b M) = p * a + q * b + r * M` does nothing

Note: This linter can be disabled with `set_option linter.unusedTactic false`
warning: M6CyclicAccepted.lean:31:4: Unused tactic linter: `refine
  ⟨EuclideanDomain.gcdA a (EuclideanDomain.gcd b M),
    EuclideanDomain.gcdB a (EuclideanDomain.gcd b M) * EuclideanDomain.gcdA b M,
    EuclideanDomain.gcdB a (EuclideanDomain.gcd b M) * EuclideanDomain.gcdB b M, ?_⟩` does nothing

Note: This linter can be disabled with `set_option linter.unusedTactic false`
warning: M6CyclicAccepted.lean:32:4: Unused tactic linter: `calc
  _ =
      a * EuclideanDomain.gcdA a (EuclideanDomain.gcd b M) +
        (EuclideanDomain.gcd b M) * EuclideanDomain.gcdB a (EuclideanDomain.gcd b M) :=
    EuclideanDomain.gcd_eq_gcd_ab _ _
  _ = _ := by
    rw [EuclideanDomain.gcd_eq_gcd_ab b M]
    ring` does nothing

Note: This linter can be disabled with `set_option linter.unusedTactic false`
warning: M6CyclicAccepted.lean:39:2: Unused tactic linter: `change
  ∀ a b M : M6.Cyclic.BinaryPolynomial,
    M6.Cyclic.signature a b M ∣ a ∧ M6.Cyclic.signature a b M ∣ b ∧ M6.Cyclic.signature a b M ∣ M` does nothing

Note: This linter can be disabled with `set_option linter.unusedTactic false`
warning: M6CyclicAccepted.lean:45:2: Unused tactic linter: `change
  ∀ a b M h : M6.Cyclic.BinaryPolynomial, (M ∣ a * h ∧ M ∣ b * h) ↔ M ∣ M6.Cyclic.signature a b M * h` does nothing

Note: This linter can be disabled with `set_option linter.unusedTactic false`
warning: M6CyclicAccepted.lean:75:99: This simp argument is unused:
  and_comm

Hint: Omit it from the simp argument list.
  [apply] simp only [M6.Cyclic.boundary, M6.Cyclic.image, Prod.mk.injEq, ← map_mul, AdjoinRoot.mk_eq_zero]

Note: This linter can be disabled with `set_option linter.unusedSimpArgs false`
warning: M6CyclicAccepted.lean:72:2: Unused tactic linter: `change
  ∀ (N : ℕ) (a b h : M6.Cyclic.BinaryPolynomial),
    M6.Cyclic.boundary N a b (M6.Cyclic.image N h) = (0, 0) ↔
      M6.Cyclic.modulus N ∣ M6.Cyclic.signature a b (M6.Cyclic.modulus N) * h` does nothing

Note: This linter can be disabled with `set_option linter.unusedTactic false`
info: M6CyclicAccepted.lean:76:0: 'M6.Cyclic.boundary_is_cycle' depends on axioms: [propext, Classical.choice, Quot.sound]
info: M6CyclicAccepted.lean:77:0: 'M6.Cyclic.kernel_cancellation' depends on axioms: [propext, Classical.choice, Quot.sound]
info: M6CyclicAccepted.lean:78:0: 'M6.Cyclic.signature_bezout' depends on axioms: [propext, Classical.choice, Quot.sound]
info: M6CyclicAccepted.lean:79:0: 'M6.Cyclic.signature_divides' depends on axioms: [propext, Classical.choice, Quot.sound]
info: M6CyclicAccepted.lean:80:0: 'M6.Cyclic.kernel_divisibility' depends on axioms: [propext, Classical.choice, Quot.sound]
info: M6CyclicAccepted.lean:81:0: 'M6.Cyclic.boundary_kernel' depends on axioms: [propext, Classical.choice, Quot.sound]
⚠ [8714/8729] Built M6PhysicalAccepted (10s)
warning: M6PhysicalAccepted.lean:31:26: This simp argument is unused:
  neg_add

Hint: Omit it from the simp argument list.
  [apply] simp [sub_eq_add_neg, add_assoc, add_comm, add_left_comm, mul_assoc, mul_comm, mul_left_comm]

Note: This linter can be disabled with `set_option linter.unusedSimpArgs false`
warning: M6PhysicalAccepted.lean:31:56: This simp argument is unused:
  add_left_comm

Hint: Omit it from the simp argument list.
  [apply] simp [sub_eq_add_neg, neg_add, add_assoc, add_comm, mul_assoc, mul_comm, mul_left_comm]

Note: This linter can be disabled with `set_option linter.unusedSimpArgs false`
warning: M6PhysicalAccepted.lean:32:6: This simp argument is unused:
  mul_assoc

Hint: Omit it from the simp argument list.
  [apply] simp [sub_eq_add_neg, neg_add, add_assoc, add_comm, add_left_comm, mul_comm, mul_left_comm]

Note: This linter can be disabled with `set_option linter.unusedSimpArgs false`
warning: M6PhysicalAccepted.lean:78:2: Unused tactic linter: `change
  ∀ (N : ℕ) (a : M6.Physical.Block N), M6.Physical.rev N (M6.Physical.rev N a) = a` does nothing

Note: This linter can be disabled with `set_option linter.unusedTactic false`
warning: M6PhysicalAccepted.lean:98:2: Unused tactic linter: `change ∀ (N : ℕ) (z : M6.Physical.Word N), M6.Physical.J N (M6.Physical.J N z) = z` does nothing

Note: This linter can be disabled with `set_option linter.unusedTactic false`
warning: M6PhysicalAccepted.lean:121:4: This simp argument is unused:
  Prod.fst

Hint: Omit it from the simp argument list.
  [apply] simp only [M6.Physical.pairing, M6.Physical.J, M6.Physical.boundary, Prod.snd, M6.Physical.conv_adjoint]

Note: This linter can be disabled with `set_option linter.unusedSimpArgs false`
warning: M6PhysicalAccepted.lean:121:14: This simp argument is unused:
  Prod.snd

Hint: Omit it from the simp argument list.
  [apply] simp only [M6.Physical.pairing, M6.Physical.J, M6.Physical.boundary, Prod.fst, M6.Physical.conv_adjoint]

Note: This linter can be disabled with `set_option linter.unusedSimpArgs false`
info: M6PhysicalAccepted.lean:139:0: 'M6.Physical.conv_add' depends on axioms: [propext, Classical.choice, Quot.sound]
info: M6PhysicalAccepted.lean:140:0: 'M6.Physical.conv_adjoint' depends on axioms: [propext, Classical.choice, Quot.sound]
info: M6PhysicalAccepted.lean:141:0: 'M6.Physical.boundary_pairing' depends on axioms: [propext, Classical.choice, Quot.sound]
info: M6PhysicalAccepted.lean:142:0: 'M6.Physical.conv_assoc' depends on axioms: [propext, Classical.choice, Quot.sound]
info: M6PhysicalAccepted.lean:143:0: 'M6.Physical.conv_comm' depends on axioms: [propext, Classical.choice, Quot.sound]
info: M6PhysicalAccepted.lean:144:0: 'M6.Physical.boundary_cycle' depends on axioms: [propext, Classical.choice, Quot.sound]
info: M6PhysicalAccepted.lean:145:0: 'M6.Physical.dot_delta' depends on axioms: [propext, Classical.choice, Quot.sound]
info: M6PhysicalAccepted.lean:146:0: 'M6.Physical.rev_involution' depends on axioms: [propext, Quot.sound]
info: M6PhysicalAccepted.lean:147:0: 'M6.Physical.J_involution' depends on axioms: [propext, Quot.sound]
info: M6PhysicalAccepted.lean:148:0: 'M6.Physical.cycle_orthogonal' depends on axioms: [propext, Classical.choice, Quot.sound]
info: M6PhysicalAccepted.lean:149:0: 'M6.Physical.rev_weight' depends on axioms: [propext, Classical.choice, Quot.sound]
info: M6PhysicalAccepted.lean:150:0: 'M6.Physical.J_weight' depends on axioms: [propext, Classical.choice, Quot.sound]
⚠ [8715/8729] Built M6PinnedAccepted (13s)
warning: M6PinnedAccepted.lean:29:2: Unused tactic linter: `change
  ∀ (m : ℕ) (c : M6.Pinned.Pins m → ℤ) (P : M6.Pinned.Pins m) (i : Fin m),
    M6.Pinned.refines P (M6.Pinned.choose c P i).1 ∧
      (M6.Pinned.choose c P i).1 i ≠ none ∧ (M6.Pinned.choose c P i).2 ≤ 1` does nothing

Note: This linter can be disabled with `set_option linter.unusedTactic false`
warning: M6PinnedAccepted.lean:53:61: This simp argument is unused:
  and_assoc

Hint: Omit it from the simp argument list.
  [apply] simp [Int.natCast_pos, Finset.card_pos, Finset.Nonempty]

Note: This linter can be disabled with `set_option linter.unusedSimpArgs false`
warning: M6PinnedAccepted.lean:82:10: `dif_pos` has been deprecated: Use `dite_eq_left` instead
warning: M6PinnedAccepted.lean:109:4: `Polynomial.finset_sum_coeff` has been deprecated: Use `Polynomial.finsetSum_coeff` instead
warning: M6PinnedAccepted.lean:109:33: This simp argument is unused:
  Polynomial.coeff_X_pow

Hint: Omit it from the simp argument list.
  [apply] simp only [M6.Pinned.enumerator, M6.Pinned.count, Polynomial.finset_sum_coeff, Finset.card_eq_sum_ones,
    Nat.cast_sum, Nat.cast_one, Finset.sum_filter]

Note: This linter can be disabled with `set_option linter.unusedSimpArgs false`
warning: M6PinnedAccepted.lean:110:43: This simp argument is unused:
  Nat.cast_one

Hint: Omit it from the simp argument list.
  [apply] simp only [M6.Pinned.enumerator, M6.Pinned.count, Polynomial.finset_sum_coeff, Polynomial.coeff_X_pow,
    Finset.card_eq_sum_ones, Nat.cast_sum, Finset.sum_filter]

Note: This linter can be disabled with `set_option linter.unusedSimpArgs false`
warning: M6PinnedAccepted.lean:105:2: Unused tactic linter: `change
  ∀ (m : ℕ) (L : Finset (M6.Pinned.Vector m)) (P : M6.Pinned.Pins m) (d : ℕ),
    (M6.Pinned.enumerator L P).coeff d = M6.Pinned.count L P d` does nothing

Note: This linter can be disabled with `set_option linter.unusedTactic false`
warning: M6PinnedAccepted.lean:121:2: Unused tactic linter: `change
  ∀ (m : ℕ) (c : M6.Pinned.Pins m → ℤ),
    M6.Pinned.partitions c →
      ∀ (P : M6.Pinned.Pins m) (xs : List (Fin m)), 0 < c P → 0 < c (M6.Pinned.recover c P xs).1` does nothing

Note: This linter can be disabled with `set_option linter.unusedTactic false`
warning: M6PinnedAccepted.lean:146:2: Unused tactic linter: `change ∀ (m : ℕ) (v : M6.Pinned.Vector m), M6.Pinned.weight v ≤ m` does nothing

Note: This linter can be disabled with `set_option linter.unusedTactic false`
warning: M6PinnedAccepted.lean:164:29: This simp argument is unused:
  M6.Pinned.enumerator

Hint: Omit it from the simp argument list.
  [apply] simp [M6.Pinned.count]

Note: This linter can be disabled with `set_option linter.unusedSimpArgs false`
warning: M6PinnedAccepted.lean:169:35: This simp argument is unused:
  M6.Pinned.enumerator

Hint: Omit it from the simp argument list.
  [apply] simp_all [M6.Pinned.count, M6.Pinned.agrees_pin, Finset.filter_insert, Finset.sum_insert,
    Polynomial.coeff_sum, Polynomial.coeff_monomial]

Note: This linter can be disabled with `set_option linter.unusedSimpArgs false`
warning: M6PinnedAccepted.lean:171:10: This simp argument is unused:
  Finset.sum_insert

Hint: Omit it from the simp argument list.
  [apply] simp_all [M6.Pinned.count, M6.Pinned.enumerator, M6.Pinned.agrees_pin, Finset.filter_insert,
    Polynomial.coeff_sum, Polynomial.coeff_monomial]

Note: This linter can be disabled with `set_option linter.unusedSimpArgs false`
warning: M6PinnedAccepted.lean:171:29: This simp argument is unused:
  Polynomial.coeff_sum

Hint: Omit it from the simp argument list.
  [apply] simp_all [M6.Pinned.count, M6.Pinned.enumerator, M6.Pinned.agrees_pin, Finset.filter_insert,
    Finset.sum_insert, Polynomial.coeff_monomial]

Note: This linter can be disabled with `set_option linter.unusedSimpArgs false`
warning: M6PinnedAccepted.lean:172:10: This simp argument is unused:
  Polynomial.coeff_monomial

Hint: Omit it from the simp argument list.
  [apply] simp_all [M6.Pinned.count, M6.Pinned.enumerator, M6.Pinned.agrees_pin, Finset.filter_insert,
    Finset.sum_insert, Polynomial.coeff_sum]

Note: This linter can be disabled with `set_option linter.unusedSimpArgs false`
warning: M6PinnedAccepted.lean:156:2: Unused tactic linter: `change
  ∀ (m : ℕ) (L : Finset (M6.Pinned.Vector m)) (d : ℕ),
    M6.Pinned.partitions (fun P => M6.Pinned.count L P d)` does nothing

Note: This linter can be disabled with `set_option linter.unusedTactic false`
warning: M6PinnedAccepted.lean:176:2: Unused tactic linter: `change
  ∀ (m : ℕ) (L : Finset (M6.Pinned.Vector m)),
    M6.Pinned.firstPositive m (M6.Pinned.enumerator L (M6.Pinned.free m)) = M6.Pinned.distance L` does nothing

Note: This linter can be disabled with `set_option linter.unusedTactic false`
warning: M6PinnedAccepted.lean:232:29: This simp argument is unused:
  Prod.fst

Hint: Omit it from the simp argument list.
  [apply] simp only [hc, Prod.snd] at hcprop

Note: This linter can be disabled with `set_option linter.unusedSimpArgs false`
warning: M6PinnedAccepted.lean:232:39: This simp argument is unused:
  Prod.snd

Hint: Omit it from the simp argument list.
  [apply] simp only [hc, Prod.fst] at hcprop

Note: This linter can be disabled with `set_option linter.unusedSimpArgs false`
warning: M6PinnedAccepted.lean:233:29: This simp argument is unused:
  Prod.fst

Hint: Omit it from the simp argument list.
  [apply] simp only [hr, Prod.snd] at hrprop

Note: This linter can be disabled with `set_option linter.unusedSimpArgs false`
warning: M6PinnedAccepted.lean:233:39: This simp argument is unused:
  Prod.snd

Hint: Omit it from the simp argument list.
  [apply] simp only [hr, Prod.fst] at hrprop

Note: This linter can be disabled with `set_option linter.unusedSimpArgs false`
warning: M6PinnedAccepted.lean:234:52: This simp argument is unused:
  Prod.fst

Hint: Omit it from the simp argument list.
  [apply] simp only [M6.Pinned.recover, hc, hr, Prod.snd]

Note: This linter can be disabled with `set_option linter.unusedSimpArgs false`
warning: M6PinnedAccepted.lean:234:62: This simp argument is unused:
  Prod.snd

Hint: Omit it from the simp argument list.
  [apply] simp only [M6.Pinned.recover, hc, hr, Prod.fst]

Note: This linter can be disabled with `set_option linter.unusedSimpArgs false`
warning: M6PinnedAccepted.lean:205:2: Unused tactic linter: `change
  ∀ (m : ℕ) (c : M6.Pinned.Pins m → ℤ) (P : M6.Pinned.Pins m) (xs : List (Fin m)),
    M6.Pinned.refines P (M6.Pinned.recover c P xs).1 ∧
      (∀ i ∈ xs, (M6.Pinned.recover c P xs).1 i ≠ none) ∧ (M6.Pinned.recover c P xs).2 ≤ xs.length` does nothing

Note: This linter can be disabled with `set_option linter.unusedTactic false`
info: M6PinnedAccepted.lean:334:0: 'M6.Pinned.agrees_pin' depends on axioms: [propext, Quot.sound]
info: M6PinnedAccepted.lean:335:0: 'M6.Pinned.choose_properties' depends on axioms: [propext, Classical.choice, Quot.sound]
info: M6PinnedAccepted.lean:336:0: 'M6.Pinned.count_nonnegative_positive' depends on axioms: [propext, Classical.choice, Quot.sound]
info: M6PinnedAccepted.lean:337:0: 'M6.Pinned.count_pin_partition' depends on axioms: [propext, Classical.choice, Quot.sound]
info: M6PinnedAccepted.lean:338:0: 'M6.Pinned.decode_unique' depends on axioms: [propext, Classical.choice, Quot.sound]
info: M6PinnedAccepted.lean:339:0: 'M6.Pinned.distance_spec' depends on axioms: [propext, Classical.choice, Quot.sound]
info: M6PinnedAccepted.lean:340:0: 'M6.Pinned.enumerator_coeff' depends on axioms: [propext, Classical.choice, Quot.sound]
info: M6PinnedAccepted.lean:341:0: 'M6.Pinned.recover_positive' depends on axioms: [propext, Classical.choice, Quot.sound]
info: M6PinnedAccepted.lean:342:0: 'M6.Pinned.recover_properties' depends on axioms: [propext, Classical.choice, Quot.sound]
info: M6PinnedAccepted.lean:343:0: 'M6.Pinned.recover_from_counts' depends on axioms: [propext, Classical.choice, Quot.sound]
info: M6PinnedAccepted.lean:344:0: 'M6.Pinned.weight_bound' depends on axioms: [propext, Classical.choice, Quot.sound]
info: M6PinnedAccepted.lean:345:0: 'M6.Pinned.first_positive_distance' depends on axioms: [propext, Classical.choice, Quot.sound]
info: M6PinnedAccepted.lean:346:0: 'M6.Pinned.solve_exact' depends on axioms: [propext, Classical.choice, Quot.sound]
info: M6PinnedAccepted.lean:347:0: 'M6.Pinned.minimum_witness' depends on axioms: [propext, Classical.choice, Quot.sound]
✔ [8716/8729] Built M6Transfer (15s)
✔ [8717/8729] Built M6Euclid (16s)
✔ [8718/8729] Built M6Coordinates (8.0s)
✔ [8719/8729] Built M6Flatten (8.4s)
✔ [8720/8729] Built M6TransferTrace (12s)
✔ [8721/8729] Built M6TransferResources (12s)
✔ [8722/8729] Built M6TransferScatter (20s)
⚠ [8723/8729] Built M6TransferResourcesAccepted (23s)
warning: M6TransferResourcesAccepted.lean:4:2: Unused tactic linter: `change
  ∀ R N : ℕ, 0 < N → M6.Transfer.addressLocations R N ≤ 2 ^ (M6.Transfer.addressBits R N)` does nothing

Note: This linter can be disabled with `set_option linter.unusedTactic false`
warning: M6TransferResourcesAccepted.lean:27:34: this tactic is never executed

Note: This linter can be disabled with `set_option linter.unreachableTactic false`
warning: M6TransferResourcesAccepted.lean:27:34: Unused tactic linter: `nlinarith` does nothing

Note: This linter can be disabled with `set_option linter.unusedTactic false`
warning: M6TransferResourcesAccepted.lean:32:45: This simp argument is unused:
  Fintype.card_fun

Hint: Omit it from the simp argument list.
  [apply] simp [M6.Transfer.Memory, M6.Transfer.Bit, ZMod.card]

Note: This linter can be disabled with `set_option linter.unusedSimpArgs false`
warning: M6TransferResourcesAccepted.lean:30:2: Unused tactic linter: `change ∀ R : ℕ, Fintype.card (M6.Transfer.Memory R) = 2 ^ R` does nothing

Note: This linter can be disabled with `set_option linter.unusedTactic false`
warning: M6TransferResourcesAccepted.lean:35:2: Unused tactic linter: `change ∀ R N : ℕ, R < N → M6.Transfer.traceStorageModel R N ≤ 128 * N ^ 2 * 2 ^ R` does nothing

Note: This linter can be disabled with `set_option linter.unusedTactic false`
warning: M6TransferResourcesAccepted.lean:70:2: Unused tactic linter: `change ∀ R N : ℕ, M6.Transfer.traceCoefficientOps R N = 6 * N * (2 * N + 1) * 4 ^ R` does nothing

Note: This linter can be disabled with `set_option linter.unusedTactic false`
warning: M6TransferResourcesAccepted.lean:81:2: Unused tactic linter: `change ∀ R N : ℕ, R < N → M6.Transfer.traceWorkModel R N ≤ 4096 * N ^ 3 * 4 ^ R` does nothing

Note: This linter can be disabled with `set_option linter.unusedTactic false`
info: M6TransferResourcesAccepted.lean:107:0: 'M6.Transfer.address_width' depends on axioms: [propext, Classical.choice, Quot.sound]
info: M6TransferResourcesAccepted.lean:108:0: 'M6.Transfer.coefficient_width' depends on axioms: [propext, Classical.choice, Quot.sound]
info: M6TransferResourcesAccepted.lean:109:0: 'M6.Transfer.state_count' depends on axioms: [propext, Classical.choice, Quot.sound]
info: M6TransferResourcesAccepted.lean:110:0: 'M6.Transfer.scatter_loop_count' depends on axioms: [propext, Classical.choice, Quot.sound]
info: M6TransferResourcesAccepted.lean:111:0: 'M6.Transfer.trace_storage_bound' depends on axioms: [propext, Classical.choice, Quot.sound]
info: M6TransferResourcesAccepted.lean:112:0: 'M6.Transfer.trace_work_bound' depends on axioms: [propext, Classical.choice, Quot.sound]
✔ [8724/8729] Built M6ActualTransfer (10s)
✔ [8725/8729] Built M6TransferActualResources (9.3s)
⚠ [8726/8729] Built M6TransferActualResourcesAccepted (16s)
warning: M6TransferActualResourcesAccepted.lean:4:2: Unused tactic linter: `change ∀ R N : ℕ, 2 ^ R * 8 ^ N < 2 ^ (M6.Transfer.coefficientBits R N - 1)` does nothing

Note: This linter can be disabled with `set_option linter.unusedTactic false`
warning: M6TransferActualResourcesAccepted.lean:32:42: This simp argument is unused:
  M6.Transfer.state_count

Hint: Omit it from the simp argument list.
  [apply] simp [M6.Transfer.scatterEventList, M6.Transfer.ScatterEvent, Fintype.card_prod, M6.Transfer.Bit, mul_assoc,
    mul_comm, mul_left_comm]

Note: This linter can be disabled with `set_option linter.unusedSimpArgs false`
warning: M6TransferActualResourcesAccepted.lean:33:6: This simp argument is unused:
  mul_assoc

Hint: Omit it from the simp argument list.
  [apply] simp [M6.Transfer.scatterEventList, M6.Transfer.ScatterEvent, Fintype.card_prod, M6.Transfer.Bit,
    M6.Transfer.state_count, mul_comm, mul_left_comm]

Note: This linter can be disabled with `set_option linter.unusedSimpArgs false`
warning: M6TransferActualResourcesAccepted.lean:33:42: Used `tac1 <;> tac2` where `(tac1; tac2)` would suffice

Note: This linter can be disabled with `set_option linter.unnecessarySeqFocus false`
warning: M6TransferActualResourcesAccepted.lean:13:2: Unused tactic linter: `change ∀ R N : ℕ, R < N → M6.Transfer.actualTraceStorage R N ≤ 4096 * N ^ 2 * 2 ^ R` does nothing

Note: This linter can be disabled with `set_option linter.unusedTactic false`
warning: M6TransferActualResourcesAccepted.lean:54:2: Unused tactic linter: `change ∀ R N : ℕ, R < N → M6.Transfer.actualTraceWork R N ≤ 16384 * N ^ 3 * 4 ^ R` does nothing

Note: This linter can be disabled with `set_option linter.unusedTactic false`
warning: M6TransferActualResourcesAccepted.lean:109:4: Used `tac1 <;> tac2` where `(tac1; tac2)` would suffice

Note: This linter can be disabled with `set_option linter.unnecessarySeqFocus false`
warning: M6TransferActualResourcesAccepted.lean:93:2: Unused tactic linter: `change
  ∀ R N : ℕ, R < N → M6.Transfer.actualTraceStorage R N < 2 ^ (M6.Transfer.actualAddressBits R N)` does nothing

Note: This linter can be disabled with `set_option linter.unusedTactic false`
info: M6TransferActualResourcesAccepted.lean:120:0: 'M6.Transfer.actual_signed_capacity' depends on axioms: [propext, Classical.choice, Quot.sound]
info: M6TransferActualResourcesAccepted.lean:121:0: 'M6.Transfer.actual_trace_storage_bound' depends on axioms: [propext, Classical.choice, Quot.sound]
info: M6TransferActualResourcesAccepted.lean:122:0: 'M6.Transfer.actual_address_capacity' depends on axioms: [propext, Classical.choice, Quot.sound]
info: M6TransferActualResourcesAccepted.lean:123:0: 'M6.Transfer.actual_trace_work_bound' depends on axioms: [propext, Classical.choice, Quot.sound]
✔ [8727/8729] Built M6QueryResources (11s)
✔ [8728/8729] Built M6SolveResources (10s)
Build completed successfully (8729 jobs).
∀ (N : ℕ) [inst : NeZero N] (a b : M6.ActualTransfer.BP) (d : ℕ) (v : M6.Pinned.Vector (2 * N)) (k : ℕ),
  M6.ActualTransfer.solve N a b = some (d, v, k) → k ≤ 2 * N : Prop
∀ (N : ℕ) [NeZero N] (a b : M6.ActualTransfer.BP),
  M6.ActualTransfer.span a b < N →
    M6.ActualTransfer.actualDistanceWork N a b ≤ 50000 * N ^ 3 * 4 ^ M6.ActualTransfer.span a b : Prop
∀ (N : ℕ) [inst : NeZero N] (a b : M6.ActualTransfer.BP) (d : ℕ) (v : M6.Pinned.Vector (2 * N)) (k : ℕ),
  M6.ActualTransfer.span a b < N →
    M6.ActualTransfer.solve N a b = some (d, v, k) →
      M6.ActualTransfer.actualWitnessWork N a b k ≤ 200000 * N ^ 4 * 4 ^ M6.ActualTransfer.span a b : Prop
