{
  "files": 210,
  "attempts": [
    [
      "good_presentations",
      1
    ],
    [
      "inverse",
      1
    ],
    [
      "test_spec",
      1
    ],
    [
      "right_none",
      1
    ],
    [
      "none_iff",
      1
    ],
    [
      "complete",
      1
    ],
    [
      "sound",
      1
    ],
    [
      "anchored",
      1
    ],
    [
      "cutoff",
      1
    ],
    [
      "lex_first",
      4
    ]
  ],
  "result": {
    "status": "finished",
    "graph_sha256": "7e8cd5837aaaaae217e8ff13db7689c6d72be1231a83b90ae5bf1797f5d1919e",
    "max_concurrency": 2,
    "accepted_nodes": [
      "anchored",
      "complete",
      "cutoff",
      "good_presentations",
      "inverse",
      "lex_first",
      "none_iff",
      "right_none",
      "sound",
      "test_spec"
    ],
    "executable_nodes": 10,
    "planned_nodes": 0,
    "assembly_accepted": true,
    "environment_unchanged": true,
    "experiment_passed": true,
    "m5_formalized": false,
    "work": "/home/jing/m8-lean-discovery-formalization/.humanize-formal-runs/retrieval-resume-304xxxzq/experiment"
  }
}
