⚠ [8708/8716] Replayed M7ActionAccepted
warning: M7ActionAccepted.lean:82:2: Unused tactic linter: `change M7.Action.compose g (M7.Action.identity N) = g` does nothing

Note: This linter can be disabled with `set_option linter.unusedTactic false`
warning: M7ActionAccepted.lean:99:2: Unused tactic linter: `change Fintype.card (M7.Action.Record 1) = 2` does nothing

Note: This linter can be disabled with `set_option linter.unusedTactic false`
info: M7ActionAccepted.lean:110:0: 'M7.Action.act_compose' depends on axioms: [propext, Classical.choice, Quot.sound]
info: M7ActionAccepted.lean:111:0: 'M7.Action.act_identity' depends on axioms: [propext, Classical.choice, Quot.sound]
info: M7ActionAccepted.lean:112:0: 'M7.Action.affine_bijective' depends on axioms: [propext, Quot.sound]
info: M7ActionAccepted.lean:113:0: 'M7.Action.associative' depends on axioms: [propext, Quot.sound]
info: M7ActionAccepted.lean:114:0: 'M7.Action.left_identity' depends on axioms: [propext, Quot.sound]
info: M7ActionAccepted.lean:115:0: 'M7.Action.left_inverse' depends on axioms: [propext, Quot.sound]
info: M7ActionAccepted.lean:116:0: 'M7.Action.act_inverse' depends on axioms: [propext, Classical.choice, Quot.sound]
info: M7ActionAccepted.lean:117:0: 'M7.Action.normal_form' depends on axioms: [propext, Quot.sound]
info: M7ActionAccepted.lean:118:0: 'M7.Action.record_card' depends on axioms: [propext, Classical.choice, Quot.sound]
info: M7ActionAccepted.lean:119:0: 'M7.Action.order_one_records' depends on axioms: [propext, Classical.choice, Quot.sound]
info: M7ActionAccepted.lean:120:0: 'M7.Action.right_identity' depends on axioms: [propext, Quot.sound]
info: M7ActionAccepted.lean:121:0: 'M7.Action.right_inverse' depends on axioms: [propext, Quot.sound]
info: M7ActionAccepted.lean:122:0: 'M7.Action.support_cards' depends on axioms: [propext, Classical.choice, Quot.sound]
⚠ [8710/8716] Replayed M8AnchorAccepted
warning: M8AnchorAccepted.lean:5:98: `if_false` has been deprecated: Use `ite_false` instead
warning: M8AnchorAccepted.lean:5:108: `if_true` has been deprecated: Use `ite_true` instead
warning: M8AnchorAccepted.lean:5:98: `if_false` has been deprecated: Use `ite_false` instead
warning: M8AnchorAccepted.lean:5:108: `if_true` has been deprecated: Use `ite_true` instead
info: M8AnchorAccepted.lean:76:0: 'M8.Anchor.anchored' depends on axioms: [propext, Classical.choice, Quot.sound]
info: M8AnchorAccepted.lean:77:0: 'M8.Anchor.inverse_trial' depends on axioms: [propext, Classical.choice, Quot.sound]
info: M8AnchorAccepted.lean:78:0: 'M8.Anchor.record_injective' depends on axioms: [propext, Quot.sound]
info: M8AnchorAccepted.lean:79:0: 'M8.Anchor.span_le' depends on axioms: [propext, Classical.choice, Quot.sound]
info: M8AnchorAccepted.lean:80:0: 'M8.Anchor.span_lt_order' depends on axioms: [propext, Classical.choice, Quot.sound]
info: M8AnchorAccepted.lean:81:0: 'M8.Anchor.translation_reconstruction' depends on axioms: [propext, Classical.choice, Quot.sound]
info: M8AnchorAccepted.lean:82:0: 'M8.Anchor.passing_presentations' depends on axioms: [propext, Classical.choice, Quot.sound]
info: M8AnchorAccepted.lean:83:0: 'M8.Anchor.trial_formula' depends on axioms: [propext, Classical.choice, Quot.sound]
⚠ [8712/8716] Replayed M8CutoffAccepted
warning: M8CutoffAccepted.lean:4:2: Unused tactic linter: `change ∀ (N a b : ℕ), a ≤ N → b ≤ N → 2 * N * a * b ≤ 2 * N ^ 3` does nothing

Note: This linter can be disabled with `set_option linter.unusedTactic false`
warning: M8CutoffAccepted.lean:12:2: Unused tactic linter: `change ∀ N : ℕ, M8.Cutoff.limit N = min (N - 1) (Nat.log2 (N + 1))` does nothing

Note: This linter can be disabled with `set_option linter.unusedTactic false`
warning: M8CutoffAccepted.lean:21:36: this tactic is never executed

Note: This linter can be disabled with `set_option linter.unreachableTactic false`
warning: M8CutoffAccepted.lean:24:37: this tactic is never executed

Note: This linter can be disabled with `set_option linter.unreachableTactic false`
warning: M8CutoffAccepted.lean:17:2: Unused tactic linter: `change
  ∀ N : ℕ,
    M8.Cutoff.limit N ≤ N - 1 ∧ M8.Cutoff.limit N ≤ Nat.log 2 (N + 1) ∧ (0 < N → M8.Cutoff.limit N < N)` does nothing

Note: This linter can be disabled with `set_option linter.unusedTactic false`
warning: M8CutoffAccepted.lean:21:36: Unused tactic linter: `exact min_le_right _ _` does nothing

Note: This linter can be disabled with `set_option linter.unusedTactic false`
warning: M8CutoffAccepted.lean:24:37: Unused tactic linter: `exact min_le_left _ _` does nothing

Note: This linter can be disabled with `set_option linter.unusedTactic false`
warning: M8CutoffAccepted.lean:30:2: Unused tactic linter: `change ∀ (N R : ℕ), R ≤ M8.Cutoff.limit N → 2 ^ R * 8 ^ N < 2 ^ (4 * (N + 1))` does nothing

Note: This linter can be disabled with `set_option linter.unusedTactic false`
warning: M8CutoffAccepted.lean:39:2: Unused tactic linter: `change ∀ (N R : ℕ), R ≤ M8.Cutoff.limit N → 2 ^ R ≤ N + 1` does nothing

Note: This linter can be disabled with `set_option linter.unusedTactic false`
warning: M8CutoffAccepted.lean:45:2: Unused tactic linter: `change ∀ (N R : ℕ), R ≤ M8.Cutoff.limit N → N ^ 2 * 2 ^ R ≤ (N + 1) ^ 3` does nothing

Note: This linter can be disabled with `set_option linter.unusedTactic false`
warning: M8CutoffAccepted.lean:53:2: Unused tactic linter: `change ∀ (N R : ℕ), R ≤ M8.Cutoff.limit N → 4 ^ R ≤ (N + 1) ^ 2` does nothing

Note: This linter can be disabled with `set_option linter.unusedTactic false`
warning: M8CutoffAccepted.lean:62:2: Unused tactic linter: `change
  ∀ (N R : ℕ), R ≤ M8.Cutoff.limit N → N ^ 3 * 4 ^ R ≤ (N + 1) ^ 5 ∧ N ^ 4 * 4 ^ R ≤ (N + 1) ^ 6` does nothing

Note: This linter can be disabled with `set_option linter.unusedTactic false`
info: M8CutoffAccepted.lean:78:0: 'M8.Cutoff.anchor_trial_envelope' depends on axioms: [propext]
info: M8CutoffAccepted.lean:79:0: 'M8.Cutoff.bit_length_limit' depends on axioms: [propext, Classical.choice, Quot.sound]
info: M8CutoffAccepted.lean:80:0: 'M8.Cutoff.limit_bounds' depends on axioms: [propext]
info: M8CutoffAccepted.lean:81:0: 'M8.Cutoff.coefficient_capacity' depends on axioms: [propext, Classical.choice, Quot.sound]
info: M8CutoffAccepted.lean:82:0: 'M8.Cutoff.state_bound' depends on axioms: [propext, Classical.choice, Quot.sound]
info: M8CutoffAccepted.lean:83:0: 'M8.Cutoff.indexed_storage_envelope' depends on axioms: [propext, Classical.choice, Quot.sound]
info: M8CutoffAccepted.lean:84:0: 'M8.Cutoff.state_square' depends on axioms: [propext, Classical.choice, Quot.sound]
info: M8CutoffAccepted.lean:85:0: 'M8.Cutoff.indexed_work_envelopes' depends on axioms: [propext, Classical.choice, Quot.sound]
⚠ [8714/8716] Replayed M8FiniteSearchAccepted
warning: M8FiniteSearchAccepted.lean:4:2: Unused tactic linter: `change
  ∀ (n : ℕ) (α : Type) (test : Fin n → Option α) (start fuel : ℕ),
    (M8.FiniteSearch.walk test start fuel).2 ≤ fuel` does nothing

Note: This linter can be disabled with `set_option linter.unusedTactic false`
warning: M8FiniteSearchAccepted.lean:29:43: `dif_pos` has been deprecated: Use `dite_eq_left` instead
warning: M8FiniteSearchAccepted.lean:49:45: `dif_pos` has been deprecated: Use `dite_eq_left` instead
warning: M8FiniteSearchAccepted.lean:63:16: Try `simp at hw` instead of `simpa using hw`

Note: This linter can be disabled with `set_option linter.unnecessarySimpa false`
warning: M8FiniteSearchAccepted.lean:49:61: This simp argument is unused:
  Prod.fst

Hint: Omit it from the simp argument list.
  [apply] simp only [M8.FiniteSearch.walk, dif_pos hs, ht]

Note: This linter can be disabled with `set_option linter.unusedSimpArgs false`
warning: M8FiniteSearchAccepted.lean:36:2: Unused tactic linter: `change
  ∀ (n : ℕ) (α : Type) (test : Fin n → Option α) (start fuel : ℕ),
    (M8.FiniteSearch.walk test start fuel).1 = none ↔
      ∀ i : Fin n, start ≤ i.val → i.val < start + fuel → test i = none` does nothing

Note: This linter can be disabled with `set_option linter.unusedTactic false`
warning: M8FiniteSearchAccepted.lean:94:45: `dif_pos` has been deprecated: Use `dite_eq_left` instead
warning: M8FiniteSearchAccepted.lean:116:45: `dif_pos` has been deprecated: Use `dite_eq_left` instead
warning: M8FiniteSearchAccepted.lean:145:34: `dif_neg` has been deprecated: Use `dite_eq_right` instead
warning: M8FiniteSearchAccepted.lean:77:2: Unused tactic linter: `change
  ∀ (n : ℕ) (α : Type) (test : Fin n → Option α) (start fuel : ℕ) (i : Fin n) (a : α),
    (M8.FiniteSearch.walk test start fuel).1 = some (i, a) ↔ M8.FiniteSearch.First test start fuel i a` does nothing

Note: This linter can be disabled with `set_option linter.unusedTactic false`
warning: M8FiniteSearchAccepted.lean:171:47: `dif_pos` has been deprecated: Use `dite_eq_left` instead
warning: M8FiniteSearchAccepted.lean:175:47: `dif_pos` has been deprecated: Use `dite_eq_left` instead
warning: M8FiniteSearchAccepted.lean:156:2: Unused tactic linter: `change
  ∀ (n : ℕ) (α : Type) (test : Fin n → Option α) (start fuel : ℕ) (i : Fin n) (a : α),
    (M8.FiniteSearch.walk test start fuel).1 = some (i, a) →
      (M8.FiniteSearch.walk test start fuel).2 = i.val - start + 1` does nothing

Note: This linter can be disabled with `set_option linter.unusedTactic false`
warning: M8FiniteSearchAccepted.lean:184:2: Unused tactic linter: `change
  ∀ (n : ℕ) (α : Type) (test : Fin n → Option α), (M8.FiniteSearch.find test).2 ≤ n` does nothing

Note: This linter can be disabled with `set_option linter.unusedTactic false`
warning: M8FiniteSearchAccepted.lean:194:34: try 'simp' instead of 'simpa'

Note: This linter can be disabled with `set_option linter.unnecessarySimpa false`
warning: M8FiniteSearchAccepted.lean:199:2: Unused tactic linter: `change
  ∀ (n : ℕ) (α : Type) (test : Fin n → Option α) (i : Fin n) (a : α),
    (M8.FiniteSearch.find test).1 = some (i, a) ↔
      test i = some a ∧ ∀ j : Fin n, j.val < i.val → test j = none` does nothing

Note: This linter can be disabled with `set_option linter.unusedTactic false`
info: M8FiniteSearchAccepted.lean:212:0: 'M8.FiniteSearch.calls_bound' depends on axioms: [propext, Classical.choice, Quot.sound]
info: M8FiniteSearchAccepted.lean:213:0: 'M8.FiniteSearch.exhaustion_calls' depends on axioms: [propext, Quot.sound]
info: M8FiniteSearchAccepted.lean:214:0: 'M8.FiniteSearch.find_bound' depends on axioms: [propext, Classical.choice, Quot.sound]
info: M8FiniteSearchAccepted.lean:215:0: 'M8.FiniteSearch.none_iff' depends on axioms: [propext, Quot.sound]
info: M8FiniteSearchAccepted.lean:216:0: 'M8.FiniteSearch.find_none' depends on axioms: [propext, Quot.sound]
info: M8FiniteSearchAccepted.lean:217:0: 'M8.FiniteSearch.some_iff' depends on axioms: [propext, Quot.sound]
info: M8FiniteSearchAccepted.lean:218:0: 'M8.FiniteSearch.find_some' depends on axioms: [propext, Quot.sound]
info: M8FiniteSearchAccepted.lean:219:0: 'M8.FiniteSearch.successful_calls' depends on axioms: [propext, Quot.sound]
✔ [8715/8716] Built M8Discovery (29s)
Build completed successfully (8716 jobs).
