✔ [8707/8717] Built M6Transfer (12s)
✔ [8708/8717] Built M6TransferResources (18s)
✔ [8709/8717] Built M6TransferTrace (19s)
✔ [8710/8717] Built M6TransferScatter (28s)
⚠ [8711/8717] Built M6TransferResourcesAccepted (34s)
warning: M6TransferResourcesAccepted.lean:4:2: Unused tactic linter: `change
  ∀ R N : ℕ, 0 < N → M6.Transfer.addressLocations R N ≤ 2 ^ (M6.Transfer.addressBits R N)` does nothing

Note: This linter can be disabled with `set_option linter.unusedTactic false`
warning: M6TransferResourcesAccepted.lean:27:34: this tactic is never executed

Note: This linter can be disabled with `set_option linter.unreachableTactic false`
warning: M6TransferResourcesAccepted.lean:27:34: Unused tactic linter: `nlinarith` does nothing

Note: This linter can be disabled with `set_option linter.unusedTactic false`
warning: M6TransferResourcesAccepted.lean:32:45: This simp argument is unused:
  Fintype.card_fun

Hint: Omit it from the simp argument list.
  [apply] simp [M6.Transfer.Memory, M6.Transfer.Bit, ZMod.card]

Note: This linter can be disabled with `set_option linter.unusedSimpArgs false`
warning: M6TransferResourcesAccepted.lean:30:2: Unused tactic linter: `change ∀ R : ℕ, Fintype.card (M6.Transfer.Memory R) = 2 ^ R` does nothing

Note: This linter can be disabled with `set_option linter.unusedTactic false`
warning: M6TransferResourcesAccepted.lean:35:2: Unused tactic linter: `change ∀ R N : ℕ, R < N → M6.Transfer.traceStorageModel R N ≤ 128 * N ^ 2 * 2 ^ R` does nothing

Note: This linter can be disabled with `set_option linter.unusedTactic false`
warning: M6TransferResourcesAccepted.lean:70:2: Unused tactic linter: `change ∀ R N : ℕ, M6.Transfer.traceCoefficientOps R N = 6 * N * (2 * N + 1) * 4 ^ R` does nothing

Note: This linter can be disabled with `set_option linter.unusedTactic false`
warning: M6TransferResourcesAccepted.lean:81:2: Unused tactic linter: `change ∀ R N : ℕ, R < N → M6.Transfer.traceWorkModel R N ≤ 4096 * N ^ 3 * 4 ^ R` does nothing

Note: This linter can be disabled with `set_option linter.unusedTactic false`
info: M6TransferResourcesAccepted.lean:107:0: 'M6.Transfer.address_width' depends on axioms: [propext, Classical.choice, Quot.sound]
info: M6TransferResourcesAccepted.lean:108:0: 'M6.Transfer.coefficient_width' depends on axioms: [propext, Classical.choice, Quot.sound]
info: M6TransferResourcesAccepted.lean:109:0: 'M6.Transfer.state_count' depends on axioms: [propext, Classical.choice, Quot.sound]
info: M6TransferResourcesAccepted.lean:110:0: 'M6.Transfer.scatter_loop_count' depends on axioms: [propext, Classical.choice, Quot.sound]
info: M6TransferResourcesAccepted.lean:111:0: 'M6.Transfer.trace_storage_bound' depends on axioms: [propext, Classical.choice, Quot.sound]
info: M6TransferResourcesAccepted.lean:112:0: 'M6.Transfer.trace_work_bound' depends on axioms: [propext, Classical.choice, Quot.sound]
✔ [8712/8717] Built M6TransferActualResources (32s)
⚠ [8713/8717] Built M6TransferActualResourcesAccepted (36s)
warning: M6TransferActualResourcesAccepted.lean:4:2: Unused tactic linter: `change ∀ R N : ℕ, 2 ^ R * 8 ^ N < 2 ^ (M6.Transfer.coefficientBits R N - 1)` does nothing

Note: This linter can be disabled with `set_option linter.unusedTactic false`
warning: M6TransferActualResourcesAccepted.lean:32:42: This simp argument is unused:
  M6.Transfer.state_count

Hint: Omit it from the simp argument list.
  [apply] simp [M6.Transfer.scatterEventList, M6.Transfer.ScatterEvent, Fintype.card_prod, M6.Transfer.Bit, mul_assoc,
    mul_comm, mul_left_comm]

Note: This linter can be disabled with `set_option linter.unusedSimpArgs false`
warning: M6TransferActualResourcesAccepted.lean:33:6: This simp argument is unused:
  mul_assoc

Hint: Omit it from the simp argument list.
  [apply] simp [M6.Transfer.scatterEventList, M6.Transfer.ScatterEvent, Fintype.card_prod, M6.Transfer.Bit,
    M6.Transfer.state_count, mul_comm, mul_left_comm]

Note: This linter can be disabled with `set_option linter.unusedSimpArgs false`
warning: M6TransferActualResourcesAccepted.lean:33:42: Used `tac1 <;> tac2` where `(tac1; tac2)` would suffice

Note: This linter can be disabled with `set_option linter.unnecessarySeqFocus false`
warning: M6TransferActualResourcesAccepted.lean:13:2: Unused tactic linter: `change ∀ R N : ℕ, R < N → M6.Transfer.actualTraceStorage R N ≤ 4096 * N ^ 2 * 2 ^ R` does nothing

Note: This linter can be disabled with `set_option linter.unusedTactic false`
warning: M6TransferActualResourcesAccepted.lean:54:2: Unused tactic linter: `change ∀ R N : ℕ, R < N → M6.Transfer.actualTraceWork R N ≤ 16384 * N ^ 3 * 4 ^ R` does nothing

Note: This linter can be disabled with `set_option linter.unusedTactic false`
warning: M6TransferActualResourcesAccepted.lean:109:4: Used `tac1 <;> tac2` where `(tac1; tac2)` would suffice

Note: This linter can be disabled with `set_option linter.unnecessarySeqFocus false`
warning: M6TransferActualResourcesAccepted.lean:93:2: Unused tactic linter: `change
  ∀ R N : ℕ, R < N → M6.Transfer.actualTraceStorage R N < 2 ^ (M6.Transfer.actualAddressBits R N)` does nothing

Note: This linter can be disabled with `set_option linter.unusedTactic false`
info: M6TransferActualResourcesAccepted.lean:120:0: 'M6.Transfer.actual_signed_capacity' depends on axioms: [propext, Classical.choice, Quot.sound]
info: M6TransferActualResourcesAccepted.lean:121:0: 'M6.Transfer.actual_trace_storage_bound' depends on axioms: [propext, Classical.choice, Quot.sound]
info: M6TransferActualResourcesAccepted.lean:122:0: 'M6.Transfer.actual_address_capacity' depends on axioms: [propext, Classical.choice, Quot.sound]
info: M6TransferActualResourcesAccepted.lean:123:0: 'M6.Transfer.actual_trace_work_bound' depends on axioms: [propext, Classical.choice, Quot.sound]
✔ [8714/8717] Built M6QueryResources (27s)
⚠ [8715/8717] Built M6QueryResourcesAccepted (30s)
warning: M6QueryResourcesAccepted.lean:20:33: This simp argument is unused:
  M6.Transfer.actualAddressBits

Hint: Omit it from the simp argument list.
  [apply] simp only [M6.Transfer.pairedQueryStorage, M6.Transfer.queryCoefficientBits, M6.Transfer.coefficientBits,
    M6.Transfer.PostEvent, Fintype.card_prod, Fintype.card_fin]

Note: This linter can be disabled with `set_option linter.unusedSimpArgs false`
warning: M6QueryResourcesAccepted.lean:21:4: This simp argument is unused:
  M6.Transfer.PostEvent

Hint: Omit it from the simp argument list.
  [apply] simp only [M6.Transfer.pairedQueryStorage, M6.Transfer.queryCoefficientBits, M6.Transfer.coefficientBits,
    M6.Transfer.actualAddressBits, Fintype.card_prod, Fintype.card_fin]

Note: This linter can be disabled with `set_option linter.unusedSimpArgs false`
warning: M6QueryResourcesAccepted.lean:21:27: This simp argument is unused:
  Fintype.card_prod

Hint: Omit it from the simp argument list.
  [apply] simp only [M6.Transfer.pairedQueryStorage, M6.Transfer.queryCoefficientBits, M6.Transfer.coefficientBits,
    M6.Transfer.actualAddressBits, M6.Transfer.PostEvent, Fintype.card_fin]

Note: This linter can be disabled with `set_option linter.unusedSimpArgs false`
warning: M6QueryResourcesAccepted.lean:21:46: This simp argument is unused:
  Fintype.card_fin

Hint: Omit it from the simp argument list.
  [apply] simp only [M6.Transfer.pairedQueryStorage, M6.Transfer.queryCoefficientBits, M6.Transfer.coefficientBits,
    M6.Transfer.actualAddressBits, M6.Transfer.PostEvent, Fintype.card_prod]

Note: This linter can be disabled with `set_option linter.unusedSimpArgs false`
warning: M6QueryResourcesAccepted.lean:24:4: this tactic is never executed

Note: This linter can be disabled with `set_option linter.unreachableTactic false`
warning: M6QueryResourcesAccepted.lean:28:4: this tactic is never executed

Note: This linter can be disabled with `set_option linter.unreachableTactic false`
warning: M6QueryResourcesAccepted.lean:4:2: Unused tactic linter: `change ∀ R N : ℕ, R < N → M6.Transfer.pairedQueryStorage R N ≤ 8192 * N ^ 2 * 2 ^ R` does nothing

Note: This linter can be disabled with `set_option linter.unusedTactic false`
warning: M6QueryResourcesAccepted.lean:24:4: Unused tactic linter: `simp only [M6.Transfer.actualTraceStorage, M6.Transfer.traceStorageModel,
  M6.Transfer.coefficientBits, M6.Transfer.actualAddressBits, M6.Transfer.addressBits, M6.Transfer.CoefficientAddress,
  Fintype.card_prod, Fintype.card_fin, M6.Transfer.state_count]` does nothing

Note: This linter can be disabled with `set_option linter.unusedTactic false`
warning: M6QueryResourcesAccepted.lean:28:4: Unused tactic linter: `nlinarith` does nothing

Note: This linter can be disabled with `set_option linter.unusedTactic false`
warning: M6QueryResourcesAccepted.lean:45:6: This simp argument is unused:
  M6.Transfer.actualAddressBits

Hint: Omit it from the simp argument list.
  [apply] simp [M6.Transfer.postWork, M6.Transfer.PostEvent, M6.Transfer.queryCoefficientBits,
    M6.Transfer.coefficientBits, M6.Transfer.addressBits]

Note: This linter can be disabled with `set_option linter.unusedSimpArgs false`
warning: M6QueryResourcesAccepted.lean:45:37: This simp argument is unused:
  M6.Transfer.addressBits

Hint: Omit it from the simp argument list.
  [apply] simp [M6.Transfer.postWork, M6.Transfer.PostEvent, M6.Transfer.queryCoefficientBits,
    M6.Transfer.coefficientBits, M6.Transfer.actualAddressBits]

Note: This linter can be disabled with `set_option linter.unusedSimpArgs false`
warning: M6QueryResourcesAccepted.lean:46:4: Used `tac1 <;> tac2` where `(tac1; tac2)` would suffice

Note: This linter can be disabled with `set_option linter.unnecessarySeqFocus false`
warning: M6QueryResourcesAccepted.lean:31:2: Unused tactic linter: `change ∀ R N : ℕ, R < N → M6.Transfer.pairedQueryWork R N ≤ 40000 * N ^ 3 * 4 ^ R` does nothing

Note: This linter can be disabled with `set_option linter.unusedTactic false`
warning: M6QueryResourcesAccepted.lean:53:31: This simp argument is unused:
  M6.Transfer.Bit

Hint: Omit it from the simp argument list.
  [apply] simp [M6.Transfer.PostEvent, Fintype.card_prod]

Note: This linter can be disabled with `set_option linter.unusedSimpArgs false`
warning: M6QueryResourcesAccepted.lean:53:67: Used `tac1 <;> tac2` where `(tac1; tac2)` would suffice

Note: This linter can be disabled with `set_option linter.unnecessarySeqFocus false`
warning: M6QueryResourcesAccepted.lean:51:2: Unused tactic linter: `change ∀ N : ℕ, Fintype.card (M6.Transfer.PostEvent N) = 4 * (2 * N + 1)` does nothing

Note: This linter can be disabled with `set_option linter.unusedTactic false`
warning: M6QueryResourcesAccepted.lean:69:34: This simp argument is unused:
  M6.Transfer.pinMaintenanceWork

Hint: Omit it from the simp argument list.
  [apply] simp [M6.Transfer.distanceWork, M6.Transfer.PostEvent, M6.Transfer.queryCoefficientBits,
    M6.Transfer.coefficientBits, M6.Transfer.actualAddressBits, M6.Transfer.addressBits]

Note: This linter can be disabled with `set_option linter.unusedSimpArgs false`
warning: M6QueryResourcesAccepted.lean:70:4: This simp argument is unused:
  M6.Transfer.PostEvent

Hint: Omit it from the simp argument list.
  [apply] simp [M6.Transfer.distanceWork, M6.Transfer.pinMaintenanceWork, M6.Transfer.queryCoefficientBits,
    M6.Transfer.coefficientBits, M6.Transfer.actualAddressBits, M6.Transfer.addressBits]

Note: This linter can be disabled with `set_option linter.unusedSimpArgs false`
warning: M6QueryResourcesAccepted.lean:70:27: This simp argument is unused:
  M6.Transfer.queryCoefficientBits

Hint: Omit it from the simp argument list.
  [apply] simp [M6.Transfer.distanceWork, M6.Transfer.pinMaintenanceWork, M6.Transfer.PostEvent,
    M6.Transfer.coefficientBits, M6.Transfer.actualAddressBits, M6.Transfer.addressBits]

Note: This linter can be disabled with `set_option linter.unusedSimpArgs false`
warning: M6QueryResourcesAccepted.lean:71:4: This simp argument is unused:
  M6.Transfer.coefficientBits

Hint: Omit it from the simp argument list.
  [apply] simp [M6.Transfer.distanceWork, M6.Transfer.pinMaintenanceWork, M6.Transfer.PostEvent,
    M6.Transfer.queryCoefficientBits, M6.Transfer.actualAddressBits, M6.Transfer.addressBits]

Note: This linter can be disabled with `set_option linter.unusedSimpArgs false`
warning: M6QueryResourcesAccepted.lean:71:33: This simp argument is unused:
  M6.Transfer.actualAddressBits

Hint: Omit it from the simp argument list.
  [apply] simp [M6.Transfer.distanceWork, M6.Transfer.pinMaintenanceWork, M6.Transfer.PostEvent,
    M6.Transfer.queryCoefficientBits, M6.Transfer.coefficientBits, M6.Transfer.addressBits]

Note: This linter can be disabled with `set_option linter.unusedSimpArgs false`
warning: M6QueryResourcesAccepted.lean:72:4: This simp argument is unused:
  M6.Transfer.addressBits

Hint: Omit it from the simp argument list.
  [apply] simp [M6.Transfer.distanceWork, M6.Transfer.pinMaintenanceWork, M6.Transfer.PostEvent,
    M6.Transfer.queryCoefficientBits, M6.Transfer.coefficientBits, M6.Transfer.actualAddressBits]

Note: This linter can be disabled with `set_option linter.unusedSimpArgs false`
warning: M6QueryResourcesAccepted.lean:73:2: Used `tac1 <;> tac2` where `(tac1; tac2)` would suffice

Note: This linter can be disabled with `set_option linter.unnecessarySeqFocus false`
warning: M6QueryResourcesAccepted.lean:56:2: Unused tactic linter: `change
  ∀ R N e : ℕ, R < N → e ≤ 180 * (N + 1) ^ 3 → M6.Transfer.distanceWork R N e ≤ 50000 * N ^ 3 * 4 ^ R` does nothing

Note: This linter can be disabled with `set_option linter.unusedTactic false`
warning: M6QueryResourcesAccepted.lean:88:39: This simp argument is unused:
  M6.Transfer.queryCoefficientBits

Hint: Omit it from the simp argument list.
  [apply] simp only [M6.Transfer.solveStorage, M6.Transfer.coefficientBits, M6.Transfer.actualAddressBits,
    M6.Transfer.PostEvent, Fintype.card_prod, Fintype.card_fin]

Note: This linter can be disabled with `set_option linter.unusedSimpArgs false`
warning: M6QueryResourcesAccepted.lean:89:4: This simp argument is unused:
  M6.Transfer.coefficientBits

Hint: Omit it from the simp argument list.
  [apply] simp only [M6.Transfer.solveStorage, M6.Transfer.queryCoefficientBits, M6.Transfer.actualAddressBits,
    M6.Transfer.PostEvent, Fintype.card_prod, Fintype.card_fin]

Note: This linter can be disabled with `set_option linter.unusedSimpArgs false`
warning: M6QueryResourcesAccepted.lean:89:33: This simp argument is unused:
  M6.Transfer.actualAddressBits

Hint: Omit it from the simp argument list.
  [apply] simp only [M6.Transfer.solveStorage, M6.Transfer.queryCoefficientBits, M6.Transfer.coefficientBits,
    M6.Transfer.PostEvent, Fintype.card_prod, Fintype.card_fin]

Note: This linter can be disabled with `set_option linter.unusedSimpArgs false`
warning: M6QueryResourcesAccepted.lean:90:4: This simp argument is unused:
  M6.Transfer.PostEvent

Hint: Omit it from the simp argument list.
  [apply] simp only [M6.Transfer.solveStorage, M6.Transfer.queryCoefficientBits, M6.Transfer.coefficientBits,
    M6.Transfer.actualAddressBits, Fintype.card_prod, Fintype.card_fin]

Note: This linter can be disabled with `set_option linter.unusedSimpArgs false`
warning: M6QueryResourcesAccepted.lean:90:27: This simp argument is unused:
  Fintype.card_prod

Hint: Omit it from the simp argument list.
  [apply] simp only [M6.Transfer.solveStorage, M6.Transfer.queryCoefficientBits, M6.Transfer.coefficientBits,
    M6.Transfer.actualAddressBits, M6.Transfer.PostEvent, Fintype.card_fin]

Note: This linter can be disabled with `set_option linter.unusedSimpArgs false`
warning: M6QueryResourcesAccepted.lean:90:46: This simp argument is unused:
  Fintype.card_fin

Hint: Omit it from the simp argument list.
  [apply] simp only [M6.Transfer.solveStorage, M6.Transfer.queryCoefficientBits, M6.Transfer.coefficientBits,
    M6.Transfer.actualAddressBits, M6.Transfer.PostEvent, Fintype.card_prod]

Note: This linter can be disabled with `set_option linter.unusedSimpArgs false`
warning: M6QueryResourcesAccepted.lean:76:2: Unused tactic linter: `change
  ∀ R N slots : ℕ,
    R < N → slots ≤ 512 * (N + 1) ^ 2 → M6.Transfer.solveStorage R N slots ≤ 16384 * N ^ 2 * 2 ^ R` does nothing

Note: This linter can be disabled with `set_option linter.unusedTactic false`
warning: M6QueryResourcesAccepted.lean:129:33: This simp argument is unused:
  M6.Transfer.distanceWork

Hint: Omit it from the simp argument list.
  [apply] simp [M6.Transfer.witnessWork, M6.Transfer.pinMaintenanceWork, M6.Transfer.queryCoefficientBits,
    M6.Transfer.coefficientBits, M6.Transfer.actualAddressBits, M6.Transfer.addressBits]

Note: This linter can be disabled with `set_option linter.unusedSimpArgs false`
warning: M6QueryResourcesAccepted.lean:131:33: This simp argument is unused:
  M6.Transfer.actualAddressBits

Hint: Omit it from the simp argument list.
  [apply] simp [M6.Transfer.witnessWork, M6.Transfer.distanceWork, M6.Transfer.pinMaintenanceWork,
    M6.Transfer.queryCoefficientBits, M6.Transfer.coefficientBits, M6.Transfer.addressBits]

Note: This linter can be disabled with `set_option linter.unusedSimpArgs false`
warning: M6QueryResourcesAccepted.lean:132:4: This simp argument is unused:
  M6.Transfer.addressBits

Hint: Omit it from the simp argument list.
  [apply] simp [M6.Transfer.witnessWork, M6.Transfer.distanceWork, M6.Transfer.pinMaintenanceWork,
    M6.Transfer.queryCoefficientBits, M6.Transfer.coefficientBits, M6.Transfer.actualAddressBits]

Note: This linter can be disabled with `set_option linter.unusedSimpArgs false`
warning: M6QueryResourcesAccepted.lean:133:2: Used `tac1 <;> tac2` where `(tac1; tac2)` would suffice

Note: This linter can be disabled with `set_option linter.unnecessarySeqFocus false`
warning: M6QueryResourcesAccepted.lean:94:2: Unused tactic linter: `change
  ∀ R N e k : ℕ,
    R < N → e ≤ 180 * (N + 1) ^ 3 → k ≤ 2 * N → M6.Transfer.witnessWork R N e k ≤ 200000 * N ^ 4 * 4 ^ R` does nothing

Note: This linter can be disabled with `set_option linter.unusedTactic false`
info: M6QueryResourcesAccepted.lean:134:0: 'M6.Transfer.paired_storage_bound' depends on axioms: [propext, Classical.choice, Quot.sound]
info: M6QueryResourcesAccepted.lean:135:0: 'M6.Transfer.paired_work_bound' depends on axioms: [propext, Classical.choice, Quot.sound]
info: M6QueryResourcesAccepted.lean:136:0: 'M6.Transfer.distance_work_bound' depends on axioms: [propext, Classical.choice, Quot.sound]
info: M6QueryResourcesAccepted.lean:137:0: 'M6.Transfer.post_event_count' depends on axioms: [propext, Classical.choice, Quot.sound]
info: M6QueryResourcesAccepted.lean:138:0: 'M6.Transfer.solve_storage_bound' depends on axioms: [propext, Classical.choice, Quot.sound]
info: M6QueryResourcesAccepted.lean:139:0: 'M6.Transfer.witness_work_bound' depends on axioms: [propext, Classical.choice, Quot.sound]
✔ [8716/8717] Built M6RecoveryLayout (13s)
Build completed successfully (8717 jobs).
∀ (R N : ℕ),
  M6.Transfer.actualTraceStorage R N + 2 * (2 * N + 1) * M6.Transfer.queryCoefficientBits R N +
      M6.Transfer.recoveryStackBits R N ≤
    M6.Transfer.pairedQueryStorage R N : Prop
∀ (R N slots : ℕ),
  R < N → slots ≤ 512 * (N + 1) ^ 2 → M6.Transfer.solveStorage R N slots < 2 ^ M6.Transfer.actualAddressBits R N : Prop
