✔ [3007/3012] Built M6KernelFibers (17s)
✔ [3008/3012] Built M6Cyclic (19s)
⚠ [3009/3012] Built M6KernelFibersAccepted (17s)
warning: M6KernelFibersAccepted.lean:27:8: This simp argument is unused:
  Nat.card_fun

Hint: Omit it from the simp argument list.
  [apply] simp [Nat.card_eq_fintype_card, ZMod.card]

Note: This linter can be disabled with `set_option linter.unusedSimpArgs false`
warning: M6KernelFibersAccepted.lean:22:2: Unused tactic linter: `change
  ∀ (F : M6.KernelFibers.BP), F.Monic → Nat.card (AdjoinRoot F) = 2 ^ F.natDegree` does nothing

Note: This linter can be disabled with `set_option linter.unusedTactic false`
warning: M6KernelFibersAccepted.lean:38:2: Unused tactic linter: `change
  ∀ (F K : M6.KernelFibers.BP) (hF : F.Monic), K ≠ 0 → Function.Injective (M6.KernelFibers.embed F K hF)` does nothing

Note: This linter can be disabled with `set_option linter.unusedTactic false`
warning: M6KernelFibersAccepted.lean:55:2: Unused tactic linter: `change
  ∀ (F K : M6.KernelFibers.BP) (hF : F.Monic) (z : AdjoinRoot (F * K)),
    AdjoinRoot.mk (F * K) F * z = 0 → ∃ t : AdjoinRoot F, M6.KernelFibers.embed F K hF t = z` does nothing

Note: This linter can be disabled with `set_option linter.unusedTactic false`
warning: M6KernelFibersAccepted.lean:70:2: Unused tactic linter: `change
  ∀ (F K : M6.KernelFibers.BP),
    F.Monic → K ≠ 0 → Nat.card (M6.KernelFibers.annihilator F K) = 2 ^ F.natDegree` does nothing

Note: This linter can be disabled with `set_option linter.unusedTactic false`
info: M6KernelFibersAccepted.lean:90:0: 'M6.KernelFibers.embed_mk' depends on axioms: [propext, Classical.choice, Quot.sound]
info: M6KernelFibersAccepted.lean:91:0: 'M6.KernelFibers.embed_annihilated' depends on axioms: [propext, Classical.choice, Quot.sound]
info: M6KernelFibersAccepted.lean:92:0: 'M6.KernelFibers.embed_injective' depends on axioms: [propext, Classical.choice, Quot.sound]
info: M6KernelFibersAccepted.lean:93:0: 'M6.KernelFibers.embed_surjective_kernel' depends on axioms: [propext, Classical.choice, Quot.sound]
info: M6KernelFibersAccepted.lean:94:0: 'M6.KernelFibers.quotient_card' depends on axioms: [propext, Classical.choice, Quot.sound]
info: M6KernelFibersAccepted.lean:95:0: 'M6.KernelFibers.annihilator_card' depends on axioms: [propext, Classical.choice, Quot.sound]
⚠ [3010/3012] Built M6CyclicAccepted (17s)
warning: M6CyclicAccepted.lean:14:2: Unused tactic linter: `change ∀ F K h : M6.Cyclic.BinaryPolynomial, F ≠ 0 → (F * K ∣ F * h ↔ K ∣ h)` does nothing

Note: This linter can be disabled with `set_option linter.unusedTactic false`
warning: M6CyclicAccepted.lean:30:4: this tactic is never executed

Note: This linter can be disabled with `set_option linter.unreachableTactic false`
warning: M6CyclicAccepted.lean:31:4: this tactic is never executed

Note: This linter can be disabled with `set_option linter.unreachableTactic false`
warning: M6CyclicAccepted.lean:32:4: this tactic is never executed

Note: This linter can be disabled with `set_option linter.unreachableTactic false`
warning: M6CyclicAccepted.lean:23:4: Unused tactic linter: `change
  ∃ p q r, EuclideanDomain.gcd (EuclideanDomain.gcd a b) M = p * a + q * b + r * M` does nothing

Note: This linter can be disabled with `set_option linter.unusedTactic false`
warning: M6CyclicAccepted.lean:30:4: Unused tactic linter: `change
  ∃ p q r, EuclideanDomain.gcd a (EuclideanDomain.gcd b M) = p * a + q * b + r * M` does nothing

Note: This linter can be disabled with `set_option linter.unusedTactic false`
warning: M6CyclicAccepted.lean:31:4: Unused tactic linter: `refine
  ⟨EuclideanDomain.gcdA a (EuclideanDomain.gcd b M),
    EuclideanDomain.gcdB a (EuclideanDomain.gcd b M) * EuclideanDomain.gcdA b M,
    EuclideanDomain.gcdB a (EuclideanDomain.gcd b M) * EuclideanDomain.gcdB b M, ?_⟩` does nothing

Note: This linter can be disabled with `set_option linter.unusedTactic false`
warning: M6CyclicAccepted.lean:32:4: Unused tactic linter: `calc
  _ =
      a * EuclideanDomain.gcdA a (EuclideanDomain.gcd b M) +
        (EuclideanDomain.gcd b M) * EuclideanDomain.gcdB a (EuclideanDomain.gcd b M) :=
    EuclideanDomain.gcd_eq_gcd_ab _ _
  _ = _ := by
    rw [EuclideanDomain.gcd_eq_gcd_ab b M]
    ring` does nothing

Note: This linter can be disabled with `set_option linter.unusedTactic false`
warning: M6CyclicAccepted.lean:39:2: Unused tactic linter: `change
  ∀ a b M : M6.Cyclic.BinaryPolynomial,
    M6.Cyclic.signature a b M ∣ a ∧ M6.Cyclic.signature a b M ∣ b ∧ M6.Cyclic.signature a b M ∣ M` does nothing

Note: This linter can be disabled with `set_option linter.unusedTactic false`
warning: M6CyclicAccepted.lean:45:2: Unused tactic linter: `change
  ∀ a b M h : M6.Cyclic.BinaryPolynomial, (M ∣ a * h ∧ M ∣ b * h) ↔ M ∣ M6.Cyclic.signature a b M * h` does nothing

Note: This linter can be disabled with `set_option linter.unusedTactic false`
warning: M6CyclicAccepted.lean:75:99: This simp argument is unused:
  and_comm

Hint: Omit it from the simp argument list.
  [apply] simp only [M6.Cyclic.boundary, M6.Cyclic.image, Prod.mk.injEq, ← map_mul, AdjoinRoot.mk_eq_zero]

Note: This linter can be disabled with `set_option linter.unusedSimpArgs false`
warning: M6CyclicAccepted.lean:72:2: Unused tactic linter: `change
  ∀ (N : ℕ) (a b h : M6.Cyclic.BinaryPolynomial),
    M6.Cyclic.boundary N a b (M6.Cyclic.image N h) = (0, 0) ↔
      M6.Cyclic.modulus N ∣ M6.Cyclic.signature a b (M6.Cyclic.modulus N) * h` does nothing

Note: This linter can be disabled with `set_option linter.unusedTactic false`
info: M6CyclicAccepted.lean:76:0: 'M6.Cyclic.boundary_is_cycle' depends on axioms: [propext, Classical.choice, Quot.sound]
info: M6CyclicAccepted.lean:77:0: 'M6.Cyclic.kernel_cancellation' depends on axioms: [propext, Classical.choice, Quot.sound]
info: M6CyclicAccepted.lean:78:0: 'M6.Cyclic.signature_bezout' depends on axioms: [propext, Classical.choice, Quot.sound]
info: M6CyclicAccepted.lean:79:0: 'M6.Cyclic.signature_divides' depends on axioms: [propext, Classical.choice, Quot.sound]
info: M6CyclicAccepted.lean:80:0: 'M6.Cyclic.kernel_divisibility' depends on axioms: [propext, Classical.choice, Quot.sound]
info: M6CyclicAccepted.lean:81:0: 'M6.Cyclic.boundary_kernel' depends on axioms: [propext, Classical.choice, Quot.sound]
✔ [3011/3012] Built M6BoundaryFibers (19s)
Build completed successfully (3012 jobs).
