✔ [8707/8715] Built M7Supports (20s)
✔ [8708/8715] Built M6Cyclic (20s)
✔ [8709/8715] Built M7CyclicSubstitution (18s)
✔ [8710/8715] Built M7Action (38s)
ℹ [8711/8715] Built M7CyclicSubstitutionAccepted (21s)
info: M7CyclicSubstitutionAccepted.lean:71:0: 'M7.CyclicSubstitution.hom_polynomial' depends on axioms: [propext, Classical.choice, Quot.sound]
info: M7CyclicSubstitutionAccepted.lean:72:0: 'M7.CyclicSubstitution.hom_root' depends on axioms: [propext, Classical.choice, Quot.sound]
info: M7CyclicSubstitutionAccepted.lean:73:0: 'M7.CyclicSubstitution.root_power' depends on axioms: [propext, Classical.choice, Quot.sound]
info: M7CyclicSubstitutionAccepted.lean:74:0: 'M7.CyclicSubstitution.point_root' depends on axioms: [propext, Classical.choice, Quot.sound]
info: M7CyclicSubstitutionAccepted.lean:75:0: 'M7.CyclicSubstitution.power_mod' depends on axioms: [propext, Classical.choice, Quot.sound]
info: M7CyclicSubstitutionAccepted.lean:76:0: 'M7.CyclicSubstitution.point_mul' depends on axioms: [propext, Classical.choice, Quot.sound]
info: M7CyclicSubstitutionAccepted.lean:77:0: 'M7.CyclicSubstitution.point_one' depends on axioms: [propext, Classical.choice, Quot.sound]
info: M7CyclicSubstitutionAccepted.lean:78:0: 'M7.CyclicSubstitution.point_inverse' depends on axioms: [propext, Classical.choice, Quot.sound]
⚠ [8712/8715] Built M7ActionAccepted (33s)
warning: M7ActionAccepted.lean:82:2: Unused tactic linter: `change M7.Action.compose g (M7.Action.identity N) = g` does nothing

Note: This linter can be disabled with `set_option linter.unusedTactic false`
warning: M7ActionAccepted.lean:99:2: Unused tactic linter: `change Fintype.card (M7.Action.Record 1) = 2` does nothing

Note: This linter can be disabled with `set_option linter.unusedTactic false`
info: M7ActionAccepted.lean:110:0: 'M7.Action.act_compose' depends on axioms: [propext, Classical.choice, Quot.sound]
info: M7ActionAccepted.lean:111:0: 'M7.Action.act_identity' depends on axioms: [propext, Classical.choice, Quot.sound]
info: M7ActionAccepted.lean:112:0: 'M7.Action.affine_bijective' depends on axioms: [propext, Quot.sound]
info: M7ActionAccepted.lean:113:0: 'M7.Action.associative' depends on axioms: [propext, Quot.sound]
info: M7ActionAccepted.lean:114:0: 'M7.Action.left_identity' depends on axioms: [propext, Quot.sound]
info: M7ActionAccepted.lean:115:0: 'M7.Action.left_inverse' depends on axioms: [propext, Quot.sound]
info: M7ActionAccepted.lean:116:0: 'M7.Action.act_inverse' depends on axioms: [propext, Classical.choice, Quot.sound]
info: M7ActionAccepted.lean:117:0: 'M7.Action.normal_form' depends on axioms: [propext, Quot.sound]
info: M7ActionAccepted.lean:118:0: 'M7.Action.record_card' depends on axioms: [propext, Classical.choice, Quot.sound]
info: M7ActionAccepted.lean:119:0: 'M7.Action.order_one_records' depends on axioms: [propext, Classical.choice, Quot.sound]
info: M7ActionAccepted.lean:120:0: 'M7.Action.right_identity' depends on axioms: [propext, Quot.sound]
info: M7ActionAccepted.lean:121:0: 'M7.Action.right_inverse' depends on axioms: [propext, Quot.sound]
info: M7ActionAccepted.lean:122:0: 'M7.Action.support_cards' depends on axioms: [propext, Classical.choice, Quot.sound]
✔ [8713/8715] Built M7QuotientAuto (18s)
✔ [8714/8715] Built M7AffinePolynomial (36s)
Build completed successfully (8715 jobs).
