{
  "files": 174,
  "attempts": [
    [
      "calls_bound",
      1
    ],
    [
      "exhaustion_calls",
      1
    ],
    [
      "find_bound",
      1
    ],
    [
      "none_iff",
      1
    ],
    [
      "find_none",
      1
    ],
    [
      "some_iff",
      2
    ],
    [
      "find_some",
      1
    ],
    [
      "successful_calls",
      3
    ]
  ],
  "result": {
    "status": "finished",
    "graph_sha256": "303dd2fb3040a1162407a9fe428ca8c20f979b7754793f7dbceaa8a5b0aa7e44",
    "max_concurrency": 2,
    "accepted_nodes": [
      "calls_bound",
      "exhaustion_calls",
      "find_bound",
      "find_none",
      "find_some",
      "none_iff",
      "some_iff",
      "successful_calls"
    ],
    "executable_nodes": 8,
    "planned_nodes": 0,
    "assembly_accepted": true,
    "environment_unchanged": true,
    "experiment_passed": true,
    "m5_formalized": false,
    "work": "/home/jing/m8-lean-finite-search-formalization/.humanize-formal-runs/finite_search-7ymsdy12/experiment"
  }
}
