✔ [8707/8763] Built M6Cyclic (82s)
✔ [8708/8763] Built M6Normalize (82s)
✔ [8709/8763] Built M6KernelFibers (82s)
✔ [8710/8763] Built M6FiberSum (81s)
✔ [8711/8763] Built M7Supports (81s)
✔ [8712/8763] Built M6Physical (82s)
✔ [8713/8763] Built M6Character (82s)
✔ [8714/8763] Built M6Pinned (82s)
✔ [8715/8763] Built M6PinnedCharacter (9.6s)
✔ [8716/8763] Built M6CSSDistance (9.8s)
⚠ [8717/8763] Built M6CyclicAccepted (11s)
warning: M6CyclicAccepted.lean:14:2: Unused tactic linter: `change ∀ F K h : M6.Cyclic.BinaryPolynomial, F ≠ 0 → (F * K ∣ F * h ↔ K ∣ h)` does nothing

Note: This linter can be disabled with `set_option linter.unusedTactic false`
warning: M6CyclicAccepted.lean:30:4: this tactic is never executed

Note: This linter can be disabled with `set_option linter.unreachableTactic false`
warning: M6CyclicAccepted.lean:31:4: this tactic is never executed

Note: This linter can be disabled with `set_option linter.unreachableTactic false`
warning: M6CyclicAccepted.lean:32:4: this tactic is never executed

Note: This linter can be disabled with `set_option linter.unreachableTactic false`
warning: M6CyclicAccepted.lean:23:4: Unused tactic linter: `change
  ∃ p q r, EuclideanDomain.gcd (EuclideanDomain.gcd a b) M = p * a + q * b + r * M` does nothing

Note: This linter can be disabled with `set_option linter.unusedTactic false`
warning: M6CyclicAccepted.lean:30:4: Unused tactic linter: `change
  ∃ p q r, EuclideanDomain.gcd a (EuclideanDomain.gcd b M) = p * a + q * b + r * M` does nothing

Note: This linter can be disabled with `set_option linter.unusedTactic false`
warning: M6CyclicAccepted.lean:31:4: Unused tactic linter: `refine
  ⟨EuclideanDomain.gcdA a (EuclideanDomain.gcd b M),
    EuclideanDomain.gcdB a (EuclideanDomain.gcd b M) * EuclideanDomain.gcdA b M,
    EuclideanDomain.gcdB a (EuclideanDomain.gcd b M) * EuclideanDomain.gcdB b M, ?_⟩` does nothing

Note: This linter can be disabled with `set_option linter.unusedTactic false`
warning: M6CyclicAccepted.lean:32:4: Unused tactic linter: `calc
  _ =
      a * EuclideanDomain.gcdA a (EuclideanDomain.gcd b M) +
        (EuclideanDomain.gcd b M) * EuclideanDomain.gcdB a (EuclideanDomain.gcd b M) :=
    EuclideanDomain.gcd_eq_gcd_ab _ _
  _ = _ := by
    rw [EuclideanDomain.gcd_eq_gcd_ab b M]
    ring` does nothing

Note: This linter can be disabled with `set_option linter.unusedTactic false`
warning: M6CyclicAccepted.lean:39:2: Unused tactic linter: `change
  ∀ a b M : M6.Cyclic.BinaryPolynomial,
    M6.Cyclic.signature a b M ∣ a ∧ M6.Cyclic.signature a b M ∣ b ∧ M6.Cyclic.signature a b M ∣ M` does nothing

Note: This linter can be disabled with `set_option linter.unusedTactic false`
warning: M6CyclicAccepted.lean:45:2: Unused tactic linter: `change
  ∀ a b M h : M6.Cyclic.BinaryPolynomial, (M ∣ a * h ∧ M ∣ b * h) ↔ M ∣ M6.Cyclic.signature a b M * h` does nothing

Note: This linter can be disabled with `set_option linter.unusedTactic false`
warning: M6CyclicAccepted.lean:75:99: This simp argument is unused:
  and_comm

Hint: Omit it from the simp argument list.
  [apply] simp only [M6.Cyclic.boundary, M6.Cyclic.image, Prod.mk.injEq, ← map_mul, AdjoinRoot.mk_eq_zero]

Note: This linter can be disabled with `set_option linter.unusedSimpArgs false`
warning: M6CyclicAccepted.lean:72:2: Unused tactic linter: `change
  ∀ (N : ℕ) (a b h : M6.Cyclic.BinaryPolynomial),
    M6.Cyclic.boundary N a b (M6.Cyclic.image N h) = (0, 0) ↔
      M6.Cyclic.modulus N ∣ M6.Cyclic.signature a b (M6.Cyclic.modulus N) * h` does nothing

Note: This linter can be disabled with `set_option linter.unusedTactic false`
info: M6CyclicAccepted.lean:76:0: 'M6.Cyclic.boundary_is_cycle' depends on axioms: [propext, Classical.choice, Quot.sound]
info: M6CyclicAccepted.lean:77:0: 'M6.Cyclic.kernel_cancellation' depends on axioms: [propext, Classical.choice, Quot.sound]
info: M6CyclicAccepted.lean:78:0: 'M6.Cyclic.signature_bezout' depends on axioms: [propext, Classical.choice, Quot.sound]
info: M6CyclicAccepted.lean:79:0: 'M6.Cyclic.signature_divides' depends on axioms: [propext, Classical.choice, Quot.sound]
info: M6CyclicAccepted.lean:80:0: 'M6.Cyclic.kernel_divisibility' depends on axioms: [propext, Classical.choice, Quot.sound]
info: M6CyclicAccepted.lean:81:0: 'M6.Cyclic.boundary_kernel' depends on axioms: [propext, Classical.choice, Quot.sound]
⚠ [8718/8763] Built M6KernelFibersAccepted (11s)
warning: M6KernelFibersAccepted.lean:27:8: This simp argument is unused:
  Nat.card_fun

Hint: Omit it from the simp argument list.
  [apply] simp [Nat.card_eq_fintype_card, ZMod.card]

Note: This linter can be disabled with `set_option linter.unusedSimpArgs false`
warning: M6KernelFibersAccepted.lean:22:2: Unused tactic linter: `change
  ∀ (F : M6.KernelFibers.BP), F.Monic → Nat.card (AdjoinRoot F) = 2 ^ F.natDegree` does nothing

Note: This linter can be disabled with `set_option linter.unusedTactic false`
warning: M6KernelFibersAccepted.lean:38:2: Unused tactic linter: `change
  ∀ (F K : M6.KernelFibers.BP) (hF : F.Monic), K ≠ 0 → Function.Injective (M6.KernelFibers.embed F K hF)` does nothing

Note: This linter can be disabled with `set_option linter.unusedTactic false`
warning: M6KernelFibersAccepted.lean:55:2: Unused tactic linter: `change
  ∀ (F K : M6.KernelFibers.BP) (hF : F.Monic) (z : AdjoinRoot (F * K)),
    AdjoinRoot.mk (F * K) F * z = 0 → ∃ t : AdjoinRoot F, M6.KernelFibers.embed F K hF t = z` does nothing

Note: This linter can be disabled with `set_option linter.unusedTactic false`
warning: M6KernelFibersAccepted.lean:70:2: Unused tactic linter: `change
  ∀ (F K : M6.KernelFibers.BP),
    F.Monic → K ≠ 0 → Nat.card (M6.KernelFibers.annihilator F K) = 2 ^ F.natDegree` does nothing

Note: This linter can be disabled with `set_option linter.unusedTactic false`
info: M6KernelFibersAccepted.lean:90:0: 'M6.KernelFibers.embed_mk' depends on axioms: [propext, Classical.choice, Quot.sound]
info: M6KernelFibersAccepted.lean:91:0: 'M6.KernelFibers.embed_annihilated' depends on axioms: [propext, Classical.choice, Quot.sound]
info: M6KernelFibersAccepted.lean:92:0: 'M6.KernelFibers.embed_injective' depends on axioms: [propext, Classical.choice, Quot.sound]
info: M6KernelFibersAccepted.lean:93:0: 'M6.KernelFibers.embed_surjective_kernel' depends on axioms: [propext, Classical.choice, Quot.sound]
info: M6KernelFibersAccepted.lean:94:0: 'M6.KernelFibers.quotient_card' depends on axioms: [propext, Classical.choice, Quot.sound]
info: M6KernelFibersAccepted.lean:95:0: 'M6.KernelFibers.annihilator_card' depends on axioms: [propext, Classical.choice, Quot.sound]
⚠ [8719/8763] Built M7SupportsAccepted (11s)
warning: M7SupportsAccepted.lean:9:8: `if_pos` has been deprecated: Use `ite_eq_left` instead
warning: M7SupportsAccepted.lean:20:8: `if_neg` has been deprecated: Use `ite_eq_right` instead
warning: M7SupportsAccepted.lean:17:36: This simp argument is unused:
  hjn

Hint: Omit it from the simp argument list.
  [apply] simp [Polynomial.coeff_X_pow, Ne.symm hjn]

Note: This linter can be disabled with `set_option linter.unusedSimpArgs false`
warning: M7SupportsAccepted.lean:26:34: This simp argument is unused:
  hin

Hint: Omit it from the simp argument list.
  [apply] simp [Polynomial.coeff_X_pow, Ne.symm hin]

Note: This linter can be disabled with `set_option linter.unusedSimpArgs false`
warning: M7SupportsAccepted.lean:35:15: `if_pos` has been deprecated: Use `ite_eq_left` instead
warning: M7SupportsAccepted.lean:35:27: `if_pos` has been deprecated: Use `ite_eq_left` instead
warning: M7SupportsAccepted.lean:40:15: `if_neg` has been deprecated: Use `ite_eq_right` instead
warning: M7SupportsAccepted.lean:40:28: `if_neg` has been deprecated: Use `ite_eq_right` instead
info: M7SupportsAccepted.lean:82:0: 'M7.Supports.coefficient' depends on axioms: [propext, Classical.choice, Quot.sound]
info: M7SupportsAccepted.lean:83:0: 'M7.Supports.indicator_coefficient' depends on axioms: [propext, Classical.choice, Quot.sound]
info: M7SupportsAccepted.lean:84:0: 'M7.Supports.anchor' depends on axioms: [propext, Classical.choice, Quot.sound]
info: M7SupportsAccepted.lean:85:0: 'M7.Supports.support' depends on axioms: [propext, Classical.choice, Quot.sound]
info: M7SupportsAccepted.lean:86:0: 'M7.Supports.degree_lt' depends on axioms: [propext, Classical.choice, Quot.sound]
info: M7SupportsAccepted.lean:87:0: 'M7.Supports.support_card' depends on axioms: [propext, Classical.choice, Quot.sound]
⚠ [8720/8763] Built M6PhysicalAccepted (11s)
warning: M6PhysicalAccepted.lean:31:26: This simp argument is unused:
  neg_add

Hint: Omit it from the simp argument list.
  [apply] simp [sub_eq_add_neg, add_assoc, add_comm, add_left_comm, mul_assoc, mul_comm, mul_left_comm]

Note: This linter can be disabled with `set_option linter.unusedSimpArgs false`
warning: M6PhysicalAccepted.lean:31:56: This simp argument is unused:
  add_left_comm

Hint: Omit it from the simp argument list.
  [apply] simp [sub_eq_add_neg, neg_add, add_assoc, add_comm, mul_assoc, mul_comm, mul_left_comm]

Note: This linter can be disabled with `set_option linter.unusedSimpArgs false`
warning: M6PhysicalAccepted.lean:32:6: This simp argument is unused:
  mul_assoc

Hint: Omit it from the simp argument list.
  [apply] simp [sub_eq_add_neg, neg_add, add_assoc, add_comm, add_left_comm, mul_comm, mul_left_comm]

Note: This linter can be disabled with `set_option linter.unusedSimpArgs false`
warning: M6PhysicalAccepted.lean:78:2: Unused tactic linter: `change
  ∀ (N : ℕ) (a : M6.Physical.Block N), M6.Physical.rev N (M6.Physical.rev N a) = a` does nothing

Note: This linter can be disabled with `set_option linter.unusedTactic false`
warning: M6PhysicalAccepted.lean:98:2: Unused tactic linter: `change ∀ (N : ℕ) (z : M6.Physical.Word N), M6.Physical.J N (M6.Physical.J N z) = z` does nothing

Note: This linter can be disabled with `set_option linter.unusedTactic false`
warning: M6PhysicalAccepted.lean:121:4: This simp argument is unused:
  Prod.fst

Hint: Omit it from the simp argument list.
  [apply] simp only [M6.Physical.pairing, M6.Physical.J, M6.Physical.boundary, Prod.snd, M6.Physical.conv_adjoint]

Note: This linter can be disabled with `set_option linter.unusedSimpArgs false`
warning: M6PhysicalAccepted.lean:121:14: This simp argument is unused:
  Prod.snd

Hint: Omit it from the simp argument list.
  [apply] simp only [M6.Physical.pairing, M6.Physical.J, M6.Physical.boundary, Prod.fst, M6.Physical.conv_adjoint]

Note: This linter can be disabled with `set_option linter.unusedSimpArgs false`
info: M6PhysicalAccepted.lean:139:0: 'M6.Physical.conv_add' depends on axioms: [propext, Classical.choice, Quot.sound]
info: M6PhysicalAccepted.lean:140:0: 'M6.Physical.conv_adjoint' depends on axioms: [propext, Classical.choice, Quot.sound]
info: M6PhysicalAccepted.lean:141:0: 'M6.Physical.boundary_pairing' depends on axioms: [propext, Classical.choice, Quot.sound]
info: M6PhysicalAccepted.lean:142:0: 'M6.Physical.conv_assoc' depends on axioms: [propext, Classical.choice, Quot.sound]
info: M6PhysicalAccepted.lean:143:0: 'M6.Physical.conv_comm' depends on axioms: [propext, Classical.choice, Quot.sound]
info: M6PhysicalAccepted.lean:144:0: 'M6.Physical.boundary_cycle' depends on axioms: [propext, Classical.choice, Quot.sound]
info: M6PhysicalAccepted.lean:145:0: 'M6.Physical.dot_delta' depends on axioms: [propext, Classical.choice, Quot.sound]
info: M6PhysicalAccepted.lean:146:0: 'M6.Physical.rev_involution' depends on axioms: [propext, Quot.sound]
info: M6PhysicalAccepted.lean:147:0: 'M6.Physical.J_involution' depends on axioms: [propext, Quot.sound]
info: M6PhysicalAccepted.lean:148:0: 'M6.Physical.cycle_orthogonal' depends on axioms: [propext, Classical.choice, Quot.sound]
info: M6PhysicalAccepted.lean:149:0: 'M6.Physical.rev_weight' depends on axioms: [propext, Classical.choice, Quot.sound]
info: M6PhysicalAccepted.lean:150:0: 'M6.Physical.J_weight' depends on axioms: [propext, Classical.choice, Quot.sound]
✔ [8721/8763] Built M6BoundaryFibers (5.5s)
✔ [8722/8763] Built M6FixedSpan (5.5s)
✔ [8723/8763] Built M6Coordinates (6.2s)
✔ [8724/8763] Built M6Flatten (6.1s)
✔ [8725/8763] Built M7Selection (104s)
✔ [8726/8763] Built M6Transfer (104s)
✔ [8727/8763] Built M7Action (105s)
✔ [8728/8763] Built M6Spaces (5.8s)
✔ [8729/8763] Built M6Euclid (105s)
✔ [8730/8763] Built M6ActualCounts (5.3s)
✔ [8731/8763] Built M6RecipeIsometries (5.5s)
✔ [8732/8763] Built M6TransferResources (9.9s)
✔ [8733/8763] Built M6EuclidStorage (9.8s)
✔ [8734/8763] Built M6TransferTrace (10s)
✔ [8735/8763] Built M7Presentation (11s)
⚠ [8736/8763] Built M7SelectionAccepted (12s)
warning: M7SelectionAccepted.lean:7:48: This simp argument is unused:
  M7.Selection.feasibleSet

Hint: Omit it from the simp argument list.
  [apply] simp [M7.Selection.winners, M7.Selection.win, and_assoc, and_left_comm, and_comm]

Note: This linter can be disabled with `set_option linter.unusedSimpArgs false`
warning: M7SelectionAccepted.lean:4:2: Unused tactic linter: `change
  ∀ (α : Type) (T : Finset α) (feasible : α → Prop) (R : α → α → Prop) (x : α),
    x ∈ M7.Selection.winners T feasible R ↔ M7.Selection.win T feasible R x` does nothing

Note: This linter can be disabled with `set_option linter.unusedTactic false`
warning: M7SelectionAccepted.lean:14:74: Used `tac1 <;> tac2` where `(tac1; tac2)` would suffice

Note: This linter can be disabled with `set_option linter.unnecessarySeqFocus false`
warning: M7SelectionAccepted.lean:10:2: Unused tactic linter: `change
  ∀ (α : Type) (T : Finset α) (feasible : α → Prop) (R : α → α → Prop) (x : α),
    x ∈ M7.Selection.winners T feasible R ↔ x ∈ T ∧ feasible x ∧ ∀ y ∈ T, feasible y → ¬R y x` does nothing

Note: This linter can be disabled with `set_option linter.unusedTactic false`
warning: M7SelectionAccepted.lean:18:2: Unused tactic linter: `change
  ∀ (α : Type) (T : Finset α) (R : α → α → Prop),
    (∀ x, ¬R x x) →
      (∀ x y z, R x y → R y z → R x z) → ∀ x ∈ T, ∃ y ∈ T, (∀ z ∈ T, ¬R z y) ∧ (y = x ∨ R y x)` does nothing

Note: This linter can be disabled with `set_option linter.unusedTactic false`
warning: M7SelectionAccepted.lean:78:31: This simp argument is unused:
  M7.Selection.feasibleSet

Hint: Omit it from the simp argument list.
  [apply] simp only [M7.Selection.win, Finset.mem_filter]

Note: This linter can be disabled with `set_option linter.unusedSimpArgs false`
warning: M7SelectionAccepted.lean:78:57: This simp argument is unused:
  Finset.mem_filter

Hint: Omit it from the simp argument list.
  [apply] simp only [M7.Selection.win, M7.Selection.feasibleSet]

Note: This linter can be disabled with `set_option linter.unusedSimpArgs false`
warning: M7SelectionAccepted.lean:70:2: Unused tactic linter: `change
  ∀ (α : Type) (T : Finset α) (feasible : α → Prop) (R : α → α → Prop),
    (∀ x, ¬R x x) →
      (∀ x y z, R x y → R y z → R x z) →
        ∀ x ∈ T, feasible x → ∃ y ∈ M7.Selection.winners T feasible R, y = x ∨ R y x` does nothing

Note: This linter can be disabled with `set_option linter.unusedTactic false`
warning: M7SelectionAccepted.lean:92:4: Try `simp at hy` instead of `simpa using hy`

Note: This linter can be disabled with `set_option linter.unnecessarySimpa false`
warning: M7SelectionAccepted.lean:100:4: Try `simp at hxF` instead of `simpa using hxF`

Note: This linter can be disabled with `set_option linter.unnecessarySimpa false`
warning: M7SelectionAccepted.lean:83:2: Unused tactic linter: `change
  ∀ (α : Type) (T : Finset α) (feasible : α → Prop) (R : α → α → Prop),
    (∀ x, ¬R x x) →
      (∀ x y z, R x y → R y z → R x z) →
        (M7.Selection.winners T feasible R = ∅ ↔ M7.Selection.feasibleSet T feasible = ∅)` does nothing

Note: This linter can be disabled with `set_option linter.unusedTactic false`
warning: M7SelectionAccepted.lean:103:2: Unused tactic linter: `change
  ∀ (α : Type) (T : Finset α) (feasible : α → Prop) (R : α → α → Prop),
    (∀ x, ¬R x x) →
      (∀ x y z, R x y → R y z → R x z) →
        ∀ x ∈ T,
          feasible x →
            x ∉ M7.Selection.winners T feasible R → ∃ y ∈ M7.Selection.winners T feasible R, R y x` does nothing

Note: This linter can be disabled with `set_option linter.unusedTactic false`
warning: M7SelectionAccepted.lean:112:2: Unused tactic linter: `change
  ∀ (m : ℕ),
    (∀ a : Fin m → ℤ, ¬M7.Selection.pareto a a) ∧
      (∀ a b c : Fin m → ℤ, M7.Selection.pareto a b → M7.Selection.pareto b c → M7.Selection.pareto a c)` does nothing

Note: This linter can be disabled with `set_option linter.unusedTactic false`
warning: M7SelectionAccepted.lean:149:26: this tactic is never executed

Note: This linter can be disabled with `set_option linter.unreachableTactic false`
warning: M7SelectionAccepted.lean:151:26: this tactic is never executed

Note: This linter can be disabled with `set_option linter.unreachableTactic false`
warning: M7SelectionAccepted.lean:133:2: Unused tactic linter: `change
  ∀ (m : ℕ),
    (∀ a : Fin m → ℤ, ¬M7.Selection.lex a a) ∧
      (∀ a b c : Fin m → ℤ, M7.Selection.lex a b → M7.Selection.lex b c → M7.Selection.lex a c)` does nothing

Note: This linter can be disabled with `set_option linter.unusedTactic false`
warning: M7SelectionAccepted.lean:149:26: Unused tactic linter: `exact hi₂` does nothing

Note: This linter can be disabled with `set_option linter.unusedTactic false`
warning: M7SelectionAccepted.lean:151:26: Unused tactic linter: `exact hj₂` does nothing

Note: This linter can be disabled with `set_option linter.unusedTactic false`
warning: M7SelectionAccepted.lean:174:2: Unused tactic linter: `change
  ∀ (m : ℕ) (mode : M7.Selection.Mode),
    (∀ a : Fin m → ℤ, ¬M7.Selection.better mode a a) ∧
      (∀ a b c : Fin m → ℤ,
        M7.Selection.better mode a b → M7.Selection.better mode b c → M7.Selection.better mode a c)` does nothing

Note: This linter can be disabled with `set_option linter.unusedTactic false`
warning: M7SelectionAccepted.lean:182:2: Unused tactic linter: `change
  ∀ (α : Type) (m : ℕ) (T : Finset α) (feasible : α → Prop) (objective : α → Fin m → ℤ) (mode : M7.Selection.Mode),
    (∀ x,
        x ∈ M7.Selection.select T feasible objective mode ↔
          x ∈ T ∧ feasible x ∧ ∀ y ∈ T, feasible y → ¬M7.Selection.better mode (objective y) (objective x)) ∧
      (M7.Selection.select T feasible objective mode = ∅ ↔ M7.Selection.feasibleSet T feasible = ∅)` does nothing

Note: This linter can be disabled with `set_option linter.unusedTactic false`
warning: M7SelectionAccepted.lean:197:2: Unused tactic linter: `change
  ∀ (α : Type) (m : ℕ) (T : Finset α) (feasible : α → Prop) (objective : α → Fin m → ℤ) (mode : M7.Selection.Mode),
    ∀ x ∈ T,
      feasible x →
        x ∉ M7.Selection.select T feasible objective mode →
          ∃ y ∈ M7.Selection.select T feasible objective mode,
            M7.Selection.better mode (objective y) (objective x)` does nothing

Note: This linter can be disabled with `set_option linter.unusedTactic false`
warning: M7SelectionAccepted.lean:215:72: This simp argument is unused:
  hempty

Hint: Omit it from the simp argument list.
  [apply] simp [M7.Selection.better, M7.Selection.pareto, M7.Selection.lex]

Note: This linter can be disabled with `set_option linter.unusedSimpArgs false`
✔ [8737/8763] Built M6TransferScatter (11s)
✔ [8738/8763] Built M6TransferCoefficients (11s)
✔ [8739/8763] Built M7ActualPresentation (11s)
⚠ [8740/8763] Built M7PresentationAccepted (12s)
warning: M7PresentationAccepted.lean:5:2: Unused tactic linter: `change
  ∀ (κ σ τ : Type) (a : M7.Presentation.Record κ σ τ),
    M7.Presentation.mk (M7.Presentation.outer a) (M7.Presentation.left a) (M7.Presentation.right a) = a` does nothing

Note: This linter can be disabled with `set_option linter.unusedTactic false`
warning: M7PresentationAccepted.lean:13:58: This simp argument is unused:
  le_of_lt h

Hint: Omit it from the simp argument list.
  [apply] simp [M7.Presentation.mk, Prod.Lex.toLex_le_toLex, h, not_le_of_gt h, ht]

Note: This linter can be disabled with `set_option linter.unusedSimpArgs false`
warning: M7PresentationAccepted.lean:13:70: This simp argument is unused:
  not_le_of_gt h

Hint: Omit it from the simp argument list.
  [apply] simp [M7.Presentation.mk, Prod.Lex.toLex_le_toLex, h, le_of_lt h, ht]

Note: This linter can be disabled with `set_option linter.unusedSimpArgs false`
warning: M7PresentationAccepted.lean:54:42: `dif_pos` has been deprecated: Use `dite_eq_left` instead
warning: M7PresentationAccepted.lean:94:4: Try `simp at hb` instead of `simpa using hb`

Note: This linter can be disabled with `set_option linter.unnecessarySimpa false`
warning: M7PresentationAccepted.lean:104:2: Unused tactic linter: `change
  ∀ (κ σ τ : Type) (K : Finset κ) (S : Finset σ) (T : Finset τ) (a : M7.Presentation.Record κ σ τ),
    a ∈ M7.Presentation.domain K S T ↔
      M7.Presentation.outer a ∈ K ∧ M7.Presentation.left a ∈ S ∧ M7.Presentation.right a ∈ T` does nothing

Note: This linter can be disabled with `set_option linter.unusedTactic false`
✔ [8741/8763] Built M6TransferActualResources (11s)
✔ [8742/8763] Built M6ActualTransfer (11s)
✔ [8743/8763] Built M6TransferPartialResources (12s)
⚠ [8744/8763] Built M7ActualPresentationAccepted (18s)
warning: M7ActualPresentationAccepted.lean:10:27: This simp argument is unused:
  ZMod.natCast_zmod_val

Hint: Omit it from the simp argument list.
  [apply] simp [M7.ActualPresentation.decode, M7.ActualPresentation.encode, M7.Presentation.mk, M7.Presentation.outer,
    M7.Presentation.left, M7.Presentation.right]

Note: This linter can be disabled with `set_option linter.unusedSimpArgs false`
warning: M7ActualPresentationAccepted.lean:44:4: Used `tac1 <;> tac2` where `(tac1; tac2)` would suffice

Note: This linter can be disabled with `set_option linter.unnecessarySeqFocus false`
✔ [8745/8763] Built M6QueryResources (10s)
✔ [8746/8763] Built M6FinalDomain (10s)
✔ [8747/8763] Built M6Postprocessing (10s)
✔ [8748/8763] Built M6IndexedArray (11s)
✔ [8749/8763] Built M6SolveResources (10s)
✔ [8750/8763] Built M6SolveStorage (10s)
✔ [8751/8763] Built M6RecoveryLayout (11s)
✔ [8752/8763] Built M7Domain (11s)
