✔ [3007/3010] Built M5BinaryRecovery (19s)
⚠ [3008/3010] Built M5BinaryRecoveryAccepted (15s)
warning: M5BinaryRecoveryAccepted.lean:10:46: This simp argument is unused:
  Nat.add_assoc

Hint: Omit it from the simp argument list.
  [apply] simp [ih, List.length_append, Nat.add_comm, Nat.add_left_comm]

Note: This linter can be disabled with `set_option linter.unusedSimpArgs false`
warning: M5BinaryRecoveryAccepted.lean:4:2: Unused tactic linter: `change
  ∀ (c : List Bool → ℤ) (p : List Bool) (n : ℕ), (M5.BinaryRecovery.recover c p n).length = p.length + n` does nothing

Note: This linter can be disabled with `set_option linter.unusedTactic false`
warning: M5BinaryRecoveryAccepted.lean:13:2: Unused tactic linter: `change
  ∀ (c : List Bool → ℤ) (p : List Bool) (n : ℕ),
    (∀ q : List Bool, q.length < p.length + n → c q = c (q ++ [false]) + c (q ++ [true])) →
      0 < c p → 0 < c (M5.BinaryRecovery.recover c p n)` does nothing

Note: This linter can be disabled with `set_option linter.unusedTactic false`
warning: M5BinaryRecoveryAccepted.lean:33:2: Unused tactic linter: `change
  ∀ (c : List Bool → ℤ) (Valid : List Bool → Prop) (m : ℕ),
    (∀ q : List Bool, q.length < m → c q = c (q ++ [false]) + c (q ++ [true])) →
      (∀ q : List Bool, q.length = m → 0 < c q → Valid q) →
        0 < c [] →
          (M5.BinaryRecovery.recover c [] m).length = m ∧ Valid (M5.BinaryRecovery.recover c [] m)` does nothing

Note: This linter can be disabled with `set_option linter.unusedTactic false`
info: M5BinaryRecoveryAccepted.lean:41:0: 'M5.BinaryRecovery.recover_length' depends on axioms: [propext]
info: M5BinaryRecoveryAccepted.lean:42:0: 'M5.BinaryRecovery.recover_positive' depends on axioms: [propext, Quot.sound]
info: M5BinaryRecoveryAccepted.lean:43:0: 'M5.BinaryRecovery.recover_valid' depends on axioms: [propext, Quot.sound]
✖ [3009/3010] Building M7DescentTrace (9.2s)
trace: .> LEAN_PATH=/home/jing/lean-1st-proof/.lake/packages/Cli/.lake/build/lib/lean:/home/jing/lean-1st-proof/.lake/packages/batteries/.lake/build/lib/lean:/home/jing/lean-1st-proof/.lake/packages/Qq/.lake/build/lib/lean:/home/jing/lean-1st-proof/.lake/packages/aesop/.lake/build/lib/lean:/home/jing/lean-1st-proof/.lake/packages/proofwidgets/.lake/build/lib/lean:/home/jing/lean-1st-proof/.lake/packages/importGraph/.lake/build/lib/lean:/home/jing/lean-1st-proof/.lake/packages/LeanSearchClient/.lake/build/lib/lean:/home/jing/lean-1st-proof/.lake/packages/plausible/.lake/build/lib/lean:/home/jing/lean-1st-proof/.lake/packages/mathlib/.lake/build/lib/lean:/home/jing/m7-lean-descent-trace-formalization/.lake/build/lib/lean /home/jing/.elan/toolchains/leanprover--lean4---v4.34.0-rc1/bin/lean /home/jing/m7-lean-descent-trace-formalization/M7DescentTrace.lean -o /home/jing/m7-lean-descent-trace-formalization/.lake/build/lib/lean/M7DescentTrace.olean -i /home/jing/m7-lean-descent-trace-formalization/.lake/build/lib/lean/M7DescentTrace.ilean -c /home/jing/m7-lean-descent-trace-formalization/.lake/build/ir/M7DescentTrace.c --setup /home/jing/m7-lean-descent-trace-formalization/.lake/build/ir/M7DescentTrace.setup.json --json
error: M7DescentTrace.lean:5:10: unexpected identifier; expected prec
error: M7DescentTrace.lean:9:10: unexpected identifier; expected 'instance'
error: M7DescentTrace.lean:19:4: Insufficient number of fields for `⟨...⟩` constructor: Constructor `M7.DescentTrace.Step.mk` does not have explicit fields, but 4 were provided
error: M7DescentTrace.lean:23:33: Invalid field `bit`: The environment does not contain `M7.DescentTrace.Step.bit`, so it is not possible to project the field `bit` from an expression
  s
of type `Step`
error: M7DescentTrace.lean:31:9: Invalid field `prefix`: The environment does not contain `M7.DescentTrace.Step.prefix`, so it is not possible to project the field `prefix` from an expression
  s
of type `Step`
error: M7DescentTrace.lean:31:26: Invalid field `zero`: The environment does not contain `M7.DescentTrace.Step.zero`, so it is not possible to project the field `zero` from an expression
  s
of type `Step`
error: M7DescentTrace.lean:31:41: Invalid field `one`: The environment does not contain `M7.DescentTrace.Step.one`, so it is not possible to project the field `one` from an expression
  s
of type `Step`
error: M7DescentTrace.lean:31:55: Invalid field `bit`: The environment does not contain `M7.DescentTrace.Step.bit`, so it is not possible to project the field `bit` from an expression
  s
of type `Step`
error: M7DescentTrace.lean:32:32: Invalid field `bit`: The environment does not contain `M7.DescentTrace.Step.bit`, so it is not possible to project the field `bit` from an expression
  s
of type `Step`
Some required targets logged failures:
- M7DescentTrace
error: build failed
