⚠ [8708/8713] Replayed M7ActionAccepted
warning: M7ActionAccepted.lean:82:2: Unused tactic linter: `change M7.Action.compose g (M7.Action.identity N) = g` does nothing

Note: This linter can be disabled with `set_option linter.unusedTactic false`
warning: M7ActionAccepted.lean:99:2: Unused tactic linter: `change Fintype.card (M7.Action.Record 1) = 2` does nothing

Note: This linter can be disabled with `set_option linter.unusedTactic false`
info: M7ActionAccepted.lean:110:0: 'M7.Action.act_compose' depends on axioms: [propext, Classical.choice, Quot.sound]
info: M7ActionAccepted.lean:111:0: 'M7.Action.act_identity' depends on axioms: [propext, Classical.choice, Quot.sound]
info: M7ActionAccepted.lean:112:0: 'M7.Action.affine_bijective' depends on axioms: [propext, Quot.sound]
info: M7ActionAccepted.lean:113:0: 'M7.Action.associative' depends on axioms: [propext, Quot.sound]
info: M7ActionAccepted.lean:114:0: 'M7.Action.left_identity' depends on axioms: [propext, Quot.sound]
info: M7ActionAccepted.lean:115:0: 'M7.Action.left_inverse' depends on axioms: [propext, Quot.sound]
info: M7ActionAccepted.lean:116:0: 'M7.Action.act_inverse' depends on axioms: [propext, Classical.choice, Quot.sound]
info: M7ActionAccepted.lean:117:0: 'M7.Action.normal_form' depends on axioms: [propext, Quot.sound]
info: M7ActionAccepted.lean:118:0: 'M7.Action.record_card' depends on axioms: [propext, Classical.choice, Quot.sound]
info: M7ActionAccepted.lean:119:0: 'M7.Action.order_one_records' depends on axioms: [propext, Classical.choice, Quot.sound]
info: M7ActionAccepted.lean:120:0: 'M7.Action.right_identity' depends on axioms: [propext, Quot.sound]
info: M7ActionAccepted.lean:121:0: 'M7.Action.right_inverse' depends on axioms: [propext, Quot.sound]
info: M7ActionAccepted.lean:122:0: 'M7.Action.support_cards' depends on axioms: [propext, Classical.choice, Quot.sound]
✔ [8709/8713] Built M7OrbitFibers (21s)
✔ [8710/8713] Built M7ActionGroup (37s)
ℹ [8711/8713] Built M7OrbitFibersAccepted (21s)
info: M7OrbitFibersAccepted.lean:153:0: 'M7.OrbitFibers.action_partition' depends on axioms: [propext, Classical.choice, Quot.sound]
info: M7OrbitFibersAccepted.lean:154:0: 'M7.OrbitFibers.fiber_equiv' depends on axioms: [propext, Classical.choice, Quot.sound]
info: M7OrbitFibersAccepted.lean:155:0: 'M7.OrbitFibers.fiber_count' depends on axioms: [propext, Classical.choice, Quot.sound]
info: M7OrbitFibersAccepted.lean:156:0: 'M7.OrbitFibers.action_count_product' depends on axioms: [propext, Classical.choice, Quot.sound]
info: M7OrbitFibersAccepted.lean:157:0: 'M7.OrbitFibers.orbit_partition' depends on axioms: [propext, Classical.choice, Quot.sound]
info: M7OrbitFibersAccepted.lean:158:0: 'M7.OrbitFibers.stabilizer_positive' depends on axioms: [propext, Classical.choice, Quot.sound]
info: M7OrbitFibersAccepted.lean:159:0: 'M7.OrbitFibers.orbit_count_div' depends on axioms: [propext, Classical.choice, Quot.sound]
✔ [8712/8713] Built M7ActualOrbit (45s)
Build completed successfully (8713 jobs).
