✔ [8707/8710] Built M7Action (39s)
⚠ [8708/8710] Built M7ActionAccepted (43s)
warning: M7ActionAccepted.lean:82:2: Unused tactic linter: `change M7.Action.compose g (M7.Action.identity N) = g` does nothing

Note: This linter can be disabled with `set_option linter.unusedTactic false`
warning: M7ActionAccepted.lean:99:2: Unused tactic linter: `change Fintype.card (M7.Action.Record 1) = 2` does nothing

Note: This linter can be disabled with `set_option linter.unusedTactic false`
info: M7ActionAccepted.lean:110:0: 'M7.Action.act_compose' depends on axioms: [propext, Classical.choice, Quot.sound]
info: M7ActionAccepted.lean:111:0: 'M7.Action.act_identity' depends on axioms: [propext, Classical.choice, Quot.sound]
info: M7ActionAccepted.lean:112:0: 'M7.Action.affine_bijective' depends on axioms: [propext, Quot.sound]
info: M7ActionAccepted.lean:113:0: 'M7.Action.associative' depends on axioms: [propext, Quot.sound]
info: M7ActionAccepted.lean:114:0: 'M7.Action.left_identity' depends on axioms: [propext, Quot.sound]
info: M7ActionAccepted.lean:115:0: 'M7.Action.left_inverse' depends on axioms: [propext, Quot.sound]
info: M7ActionAccepted.lean:116:0: 'M7.Action.act_inverse' depends on axioms: [propext, Classical.choice, Quot.sound]
info: M7ActionAccepted.lean:117:0: 'M7.Action.normal_form' depends on axioms: [propext, Quot.sound]
info: M7ActionAccepted.lean:118:0: 'M7.Action.record_card' depends on axioms: [propext, Classical.choice, Quot.sound]
info: M7ActionAccepted.lean:119:0: 'M7.Action.order_one_records' depends on axioms: [propext, Classical.choice, Quot.sound]
info: M7ActionAccepted.lean:120:0: 'M7.Action.right_identity' depends on axioms: [propext, Quot.sound]
info: M7ActionAccepted.lean:121:0: 'M7.Action.right_inverse' depends on axioms: [propext, Quot.sound]
info: M7ActionAccepted.lean:122:0: 'M7.Action.support_cards' depends on axioms: [propext, Classical.choice, Quot.sound]
✖ [8709/8710] Building M7ActionGroup (39s)
trace: .> LEAN_PATH=/home/jing/lean-1st-proof/.lake/packages/Cli/.lake/build/lib/lean:/home/jing/lean-1st-proof/.lake/packages/batteries/.lake/build/lib/lean:/home/jing/lean-1st-proof/.lake/packages/Qq/.lake/build/lib/lean:/home/jing/lean-1st-proof/.lake/packages/aesop/.lake/build/lib/lean:/home/jing/lean-1st-proof/.lake/packages/proofwidgets/.lake/build/lib/lean:/home/jing/lean-1st-proof/.lake/packages/importGraph/.lake/build/lib/lean:/home/jing/lean-1st-proof/.lake/packages/LeanSearchClient/.lake/build/lib/lean:/home/jing/lean-1st-proof/.lake/packages/plausible/.lake/build/lib/lean:/home/jing/lean-1st-proof/.lake/packages/mathlib/.lake/build/lib/lean:/home/jing/m7-lean-group-formalization/.lake/build/lib/lean /home/jing/.elan/toolchains/leanprover--lean4---v4.34.0-rc1/bin/lean /home/jing/m7-lean-group-formalization/M7ActionGroup.lean -o /home/jing/m7-lean-group-formalization/.lake/build/lib/lean/M7ActionGroup.olean -i /home/jing/m7-lean-group-formalization/.lake/build/lib/lean/M7ActionGroup.ilean -c /home/jing/m7-lean-group-formalization/.lake/build/ir/M7ActionGroup.c --setup /home/jing/m7-lean-group-formalization/.lake/build/ir/M7ActionGroup.setup.json --json
error: M7ActionGroup.lean:9:0: failed to compile definition, consider marking it as 'noncomputable' because it depends on 'act', which is 'noncomputable'
error: M7ActionGroup.lean:10:0: failed to compile definition, consider marking it as 'noncomputable' because it depends on 'instSMulRecordRecipe_m7ActionGroup', which is 'noncomputable'
Some required targets logged failures:
- M7ActionGroup
error: build failed
