⚠ [3008/3017] Replayed M6PhysicalAccepted
warning: M6PhysicalAccepted.lean:31:26: This simp argument is unused:
  neg_add

Hint: Omit it from the simp argument list.
  [apply] simp [sub_eq_add_neg, add_assoc, add_comm, add_left_comm, mul_assoc, mul_comm, mul_left_comm]

Note: This linter can be disabled with `set_option linter.unusedSimpArgs false`
warning: M6PhysicalAccepted.lean:31:56: This simp argument is unused:
  add_left_comm

Hint: Omit it from the simp argument list.
  [apply] simp [sub_eq_add_neg, neg_add, add_assoc, add_comm, mul_assoc, mul_comm, mul_left_comm]

Note: This linter can be disabled with `set_option linter.unusedSimpArgs false`
warning: M6PhysicalAccepted.lean:32:6: This simp argument is unused:
  mul_assoc

Hint: Omit it from the simp argument list.
  [apply] simp [sub_eq_add_neg, neg_add, add_assoc, add_comm, add_left_comm, mul_comm, mul_left_comm]

Note: This linter can be disabled with `set_option linter.unusedSimpArgs false`
warning: M6PhysicalAccepted.lean:78:2: Unused tactic linter: `change
  ∀ (N : ℕ) (a : M6.Physical.Block N), M6.Physical.rev N (M6.Physical.rev N a) = a` does nothing

Note: This linter can be disabled with `set_option linter.unusedTactic false`
warning: M6PhysicalAccepted.lean:98:2: Unused tactic linter: `change ∀ (N : ℕ) (z : M6.Physical.Word N), M6.Physical.J N (M6.Physical.J N z) = z` does nothing

Note: This linter can be disabled with `set_option linter.unusedTactic false`
warning: M6PhysicalAccepted.lean:121:4: This simp argument is unused:
  Prod.fst

Hint: Omit it from the simp argument list.
  [apply] simp only [M6.Physical.pairing, M6.Physical.J, M6.Physical.boundary, Prod.snd, M6.Physical.conv_adjoint]

Note: This linter can be disabled with `set_option linter.unusedSimpArgs false`
warning: M6PhysicalAccepted.lean:121:14: This simp argument is unused:
  Prod.snd

Hint: Omit it from the simp argument list.
  [apply] simp only [M6.Physical.pairing, M6.Physical.J, M6.Physical.boundary, Prod.fst, M6.Physical.conv_adjoint]

Note: This linter can be disabled with `set_option linter.unusedSimpArgs false`
⚠ [3013/3017] Replayed M6FlattenAccepted
warning: M6FlattenAccepted.lean:4:2: Unused tactic linter: `change
  ∀ (N : ℕ) (z w : M6.Physical.Word N),
    M6.Flatten.flatten N (z + w) = M6.Flatten.flatten N z + M6.Flatten.flatten N w` does nothing

Note: This linter can be disabled with `set_option linter.unusedTactic false`
warning: M6FlattenAccepted.lean:44:52: This simp argument is unused:
  hi

Hint: Omit it from the simp argument list.
  [apply] simp [M6.Flatten.unflatten, M6.Flatten.flatten, Nat.add_sub_cancel_left]

Note: This linter can be disabled with `set_option linter.unusedSimpArgs false`
warning: M6FlattenAccepted.lean:44:56: This simp argument is unused:
  Nat.add_sub_cancel_left

Hint: Omit it from the simp argument list.
  [apply] simp [M6.Flatten.unflatten, M6.Flatten.flatten, hi]

Note: This linter can be disabled with `set_option linter.unusedSimpArgs false`
warning: M6FlattenAccepted.lean:51:57: `if_pos` has been deprecated: Use `ite_eq_left` instead
warning: M6FlattenAccepted.lean:51:67: `dif_pos` has been deprecated: Use `dite_eq_left` instead
warning: M6FlattenAccepted.lean:56:57: `if_neg` has been deprecated: Use `ite_eq_right` instead
warning: M6FlattenAccepted.lean:56:67: `dif_neg` has been deprecated: Use `dite_eq_right` instead
warning: M6FlattenAccepted.lean:51:67: This simp argument is unused:
  dif_pos h

Hint: Omit it from the simp argument list.
  [apply] simp only [M6.Flatten.flatten, M6.Flatten.unflatten, if_pos h]

Note: This linter can be disabled with `set_option linter.unusedSimpArgs false`
warning: M6FlattenAccepted.lean:56:67: This simp argument is unused:
  dif_neg h

Hint: Omit it from the simp argument list.
  [apply] simp only [M6.Flatten.flatten, M6.Flatten.unflatten, if_neg h]

Note: This linter can be disabled with `set_option linter.unusedSimpArgs false`
warning: M6FlattenAccepted.lean:59:15: This simp argument is unused:
  Fin.val_mk

Hint: Omit it from the simp argument list.
  [apply] simp only [ZMod.val_natCast, Nat.mod_eq_of_lt hi]

Note: This linter can be disabled with `set_option linter.unusedSimpArgs false`
warning: M6FlattenAccepted.lean:63:2: Unused tactic linter: `change
  ∀ (N : ℕ) (c : ZMod 2) (z : M6.Physical.Word N),
    M6.Flatten.flatten N (c • z) = c • M6.Flatten.flatten N z` does nothing

Note: This linter can be disabled with `set_option linter.unusedTactic false`
warning: M6FlattenAccepted.lean:97:14: This simp argument is unused:
  hi

Hint: Omit it from the simp argument list.
  [apply] simp

Note: This linter can be disabled with `set_option linter.unusedSimpArgs false`
⚠ [3015/3017] Replayed M6SpacesAccepted
warning: M6SpacesAccepted.lean:19:34: This simp argument is unused:
  Fintype.card_fun

Hint: Omit it from the simp argument list.
  [apply] simp [Nat.card_eq_fintype_card, ZMod.card]

Note: This linter can be disabled with `set_option linter.unusedSimpArgs false`
warning: M6SpacesAccepted.lean:100:4: try 'simp' instead of 'simpa'

Note: This linter can be disabled with `set_option linter.unnecessarySimpa false`
warning: M6SpacesAccepted.lean:102:2: try 'simp' instead of 'simpa'

Note: This linter can be disabled with `set_option linter.unnecessarySimpa false`
Build completed successfully (3017 jobs).
