/home/jing/m7-lean-orbit-residual-formalization/.humanize-formal-runs/sum-diagnostic-30wttwjl/Diagnostic.lean:17:2: error: Type mismatch
  hcard
has type
  @Eq.{1} Nat
    (@Finset.card.{0} (M7.Action.Recipe N)
      (@Finset.biUnion.{0, 0} (M7.Action.Recipe N) (M7.Action.Recipe N)
        (fun (a b : M7.Action.Recipe N) =>
          @instDecidableEqProd.{0, 0} (Finset.{0} (ZMod N)) (Finset.{0} (ZMod N))
            (fun (a b : Finset.{0} (ZMod N)) => @Finset.decidableEq.{0} (ZMod N) (ZMod.decidableEq N) a b)
            (fun (a b : Finset.{0} (ZMod N)) => @Finset.decidableEq.{0} (ZMod N) (ZMod.decidableEq N) a b) a b)
        bases fun (c : M7.Action.Recipe N) =>
        @Finset.filter.{0} (M7.Action.Recipe N)
          (fun (y : M7.Action.Recipe N) =>
            @Membership.mem.{0, 0} (M7.Action.Recipe N) (Finset.{0} (M7.Action.Recipe N))
              (@SetLike.instMembership.{0, 0} (Finset.{0} (M7.Action.Recipe N)) (M7.Action.Recipe N)
                (@Finset.instSetLike.{0} (M7.Action.Recipe N)))
              C y)
          (fun (a : M7.Action.Recipe N) =>
            @Finset.decidableMem.{0} (M7.Action.Recipe N)
              (fun (a b : M7.Action.Recipe N) =>
                @instDecidableEqProd.{0, 0} (Finset.{0} (ZMod N)) (Finset.{0} (ZMod N))
                  (fun (a b : Finset.{0} (ZMod N)) => @Finset.decidableEq.{0} (ZMod N) (ZMod.decidableEq N) a b)
                  (fun (a b : Finset.{0} (ZMod N)) => @Finset.decidableEq.{0} (ZMod N) (ZMod.decidableEq N) a b) a b)
              a C)
          (@M7.ActualOrbit.orbit N inst c)))
    (@Finset.sum.{0, 0} (M7.Action.Recipe N) Nat Nat.instAddCommMonoid bases fun (u : M7.Action.Recipe N) =>
      @Finset.card.{0} (M7.Action.Recipe N)
        (@Finset.filter.{0} (M7.Action.Recipe N)
          (fun (y : M7.Action.Recipe N) =>
            @Membership.mem.{0, 0} (M7.Action.Recipe N) (Finset.{0} (M7.Action.Recipe N))
              (@SetLike.instMembership.{0, 0} (Finset.{0} (M7.Action.Recipe N)) (M7.Action.Recipe N)
                (@Finset.instSetLike.{0} (M7.Action.Recipe N)))
              C y)
          (fun (a : M7.Action.Recipe N) =>
            @Finset.decidableMem.{0} (M7.Action.Recipe N)
              (fun (a b : M7.Action.Recipe N) =>
                @instDecidableEqProd.{0, 0} (Finset.{0} (ZMod N)) (Finset.{0} (ZMod N))
                  (fun (a b : Finset.{0} (ZMod N)) => @Finset.decidableEq.{0} (ZMod N) (ZMod.decidableEq N) a b)
                  (fun (a b : Finset.{0} (ZMod N)) => @Finset.decidableEq.{0} (ZMod N) (ZMod.decidableEq N) a b) a b)
              a C)
          (@M7.ActualOrbit.orbit N inst u)))
but is expected to have type
  @Eq.{1} Nat
    (@Finset.card.{0} (M7.Action.Recipe N)
      (@Finset.biUnion.{0, 0} (M7.Action.Recipe N) (M7.Action.Recipe N)
        (fun (a b : M7.Action.Recipe N) =>
          @instDecidableEqProd.{0, 0} (Finset.{0} (ZMod N)) (Finset.{0} (ZMod N))
            (fun (a b : Finset.{0} (ZMod N)) => @Finset.decidableEq.{0} (ZMod N) (ZMod.decidableEq N) a b)
            (fun (a b : Finset.{0} (ZMod N)) => @Finset.decidableEq.{0} (ZMod N) (ZMod.decidableEq N) a b) a b)
        bases fun (c : M7.Action.Recipe N) =>
        @Finset.filter.{0} (M7.Action.Recipe N)
          (fun (y : M7.Action.Recipe N) =>
            @Membership.mem.{0, 0} (M7.Action.Recipe N) (Finset.{0} (M7.Action.Recipe N))
              (@SetLike.instMembership.{0, 0} (Finset.{0} (M7.Action.Recipe N)) (M7.Action.Recipe N)
                (@Finset.instSetLike.{0} (M7.Action.Recipe N)))
              C y)
          (fun (a : M7.Action.Recipe N) =>
            @Finset.decidableMem.{0} (M7.Action.Recipe N)
              (fun (a b : M7.Action.Recipe N) =>
                @instDecidableEqProd.{0, 0} (Finset.{0} (ZMod N)) (Finset.{0} (ZMod N))
                  (fun (a b : Finset.{0} (ZMod N)) => @Finset.decidableEq.{0} (ZMod N) (ZMod.decidableEq N) a b)
                  (fun (a b : Finset.{0} (ZMod N)) => @Finset.decidableEq.{0} (ZMod N) (ZMod.decidableEq N) a b) a b)
              a C)
          (@M7.ActualOrbit.orbit N inst c)))
    (@Finset.sum.{0, 0} (M7.Action.Recipe N) Nat Nat.instAddCommMonoid bases fun (c : M7.Action.Recipe N) =>
      @Finset.card.{0} (M7.Action.Recipe N)
        (@Finset.filter.{0} (M7.Action.Recipe N)
          (fun (y : M7.Action.Recipe N) =>
            @Membership.mem.{0, 0} (M7.Action.Recipe N) (Finset.{0} (M7.Action.Recipe N))
              (@SetLike.instMembership.{0, 0} (Finset.{0} (M7.Action.Recipe N)) (M7.Action.Recipe N)
                (@Finset.instSetLike.{0} (M7.Action.Recipe N)))
              C y)
          (fun (a : M7.Action.Recipe N) =>
            Classical.propDecidable
              ((fun (y : M7.Action.Recipe N) =>
                  @Membership.mem.{0, 0} (M7.Action.Recipe N) (Finset.{0} (M7.Action.Recipe N))
                    (@SetLike.instMembership.{0, 0} (Finset.{0} (M7.Action.Recipe N)) (M7.Action.Recipe N)
                      (@Finset.instSetLike.{0} (M7.Action.Recipe N)))
                    C y)
                a))
          (@M7.ActualOrbit.orbit N inst c)))
