✔ [8707/8710] Built M7Selection (11s)
⚠ [8708/8710] Built M7SelectionAccepted (14s)
warning: M7SelectionAccepted.lean:13:72: This simp argument is unused:
  hempty

Hint: Omit it from the simp argument list.
  [apply] simp [M7.Selection.better, M7.Selection.pareto, M7.Selection.lex]

Note: This linter can be disabled with `set_option linter.unusedSimpArgs false`
warning: M7SelectionAccepted.lean:21:2: Unused tactic linter: `change
  ∀ (α : Type) (T : Finset α) (R : α → α → Prop),
    (∀ x, ¬R x x) →
      (∀ x y z, R x y → R y z → R x z) → ∀ x ∈ T, ∃ y ∈ T, (∀ z ∈ T, ¬R z y) ∧ (y = x ∨ R y x)` does nothing

Note: This linter can be disabled with `set_option linter.unusedTactic false`
warning: M7SelectionAccepted.lean:88:26: this tactic is never executed

Note: This linter can be disabled with `set_option linter.unreachableTactic false`
warning: M7SelectionAccepted.lean:90:26: this tactic is never executed

Note: This linter can be disabled with `set_option linter.unreachableTactic false`
warning: M7SelectionAccepted.lean:72:2: Unused tactic linter: `change
  ∀ (m : ℕ),
    (∀ a : Fin m → ℤ, ¬M7.Selection.lex a a) ∧
      (∀ a b c : Fin m → ℤ, M7.Selection.lex a b → M7.Selection.lex b c → M7.Selection.lex a c)` does nothing

Note: This linter can be disabled with `set_option linter.unusedTactic false`
warning: M7SelectionAccepted.lean:88:26: Unused tactic linter: `exact hi₂` does nothing

Note: This linter can be disabled with `set_option linter.unusedTactic false`
warning: M7SelectionAccepted.lean:90:26: Unused tactic linter: `exact hj₂` does nothing

Note: This linter can be disabled with `set_option linter.unusedTactic false`
warning: M7SelectionAccepted.lean:113:2: Unused tactic linter: `change
  ∀ (m : ℕ),
    (∀ a : Fin m → ℤ, ¬M7.Selection.pareto a a) ∧
      (∀ a b c : Fin m → ℤ, M7.Selection.pareto a b → M7.Selection.pareto b c → M7.Selection.pareto a c)` does nothing

Note: This linter can be disabled with `set_option linter.unusedTactic false`
warning: M7SelectionAccepted.lean:137:48: This simp argument is unused:
  M7.Selection.feasibleSet

Hint: Omit it from the simp argument list.
  [apply] simp [M7.Selection.winners, M7.Selection.win, and_assoc, and_left_comm, and_comm]

Note: This linter can be disabled with `set_option linter.unusedSimpArgs false`
warning: M7SelectionAccepted.lean:134:2: Unused tactic linter: `change
  ∀ (α : Type) (T : Finset α) (feasible : α → Prop) (R : α → α → Prop) (x : α),
    x ∈ M7.Selection.winners T feasible R ↔ M7.Selection.win T feasible R x` does nothing

Note: This linter can be disabled with `set_option linter.unusedTactic false`
warning: M7SelectionAccepted.lean:140:2: Unused tactic linter: `change
  ∀ (m : ℕ) (mode : M7.Selection.Mode),
    (∀ a : Fin m → ℤ, ¬M7.Selection.better mode a a) ∧
      (∀ a b c : Fin m → ℤ,
        M7.Selection.better mode a b → M7.Selection.better mode b c → M7.Selection.better mode a c)` does nothing

Note: This linter can be disabled with `set_option linter.unusedTactic false`
warning: M7SelectionAccepted.lean:151:74: Used `tac1 <;> tac2` where `(tac1; tac2)` would suffice

Note: This linter can be disabled with `set_option linter.unnecessarySeqFocus false`
warning: M7SelectionAccepted.lean:147:2: Unused tactic linter: `change
  ∀ (α : Type) (T : Finset α) (feasible : α → Prop) (R : α → α → Prop) (x : α),
    x ∈ M7.Selection.winners T feasible R ↔ x ∈ T ∧ feasible x ∧ ∀ y ∈ T, feasible y → ¬R y x` does nothing

Note: This linter can be disabled with `set_option linter.unusedTactic false`
warning: M7SelectionAccepted.lean:163:31: This simp argument is unused:
  M7.Selection.feasibleSet

Hint: Omit it from the simp argument list.
  [apply] simp only [M7.Selection.win, Finset.mem_filter]

Note: This linter can be disabled with `set_option linter.unusedSimpArgs false`
warning: M7SelectionAccepted.lean:163:57: This simp argument is unused:
  Finset.mem_filter

Hint: Omit it from the simp argument list.
  [apply] simp only [M7.Selection.win, M7.Selection.feasibleSet]

Note: This linter can be disabled with `set_option linter.unusedSimpArgs false`
warning: M7SelectionAccepted.lean:155:2: Unused tactic linter: `change
  ∀ (α : Type) (T : Finset α) (feasible : α → Prop) (R : α → α → Prop),
    (∀ x, ¬R x x) →
      (∀ x y z, R x y → R y z → R x z) →
        ∀ x ∈ T, feasible x → ∃ y ∈ M7.Selection.winners T feasible R, y = x ∨ R y x` does nothing

Note: This linter can be disabled with `set_option linter.unusedTactic false`
warning: M7SelectionAccepted.lean:177:4: Try `simp at hy` instead of `simpa using hy`

Note: This linter can be disabled with `set_option linter.unnecessarySimpa false`
warning: M7SelectionAccepted.lean:185:4: Try `simp at hxF` instead of `simpa using hxF`

Note: This linter can be disabled with `set_option linter.unnecessarySimpa false`
warning: M7SelectionAccepted.lean:168:2: Unused tactic linter: `change
  ∀ (α : Type) (T : Finset α) (feasible : α → Prop) (R : α → α → Prop),
    (∀ x, ¬R x x) →
      (∀ x y z, R x y → R y z → R x z) →
        (M7.Selection.winners T feasible R = ∅ ↔ M7.Selection.feasibleSet T feasible = ∅)` does nothing

Note: This linter can be disabled with `set_option linter.unusedTactic false`
warning: M7SelectionAccepted.lean:188:2: Unused tactic linter: `change
  ∀ (α : Type) (T : Finset α) (feasible : α → Prop) (R : α → α → Prop),
    (∀ x, ¬R x x) →
      (∀ x y z, R x y → R y z → R x z) →
        ∀ x ∈ T,
          feasible x →
            x ∉ M7.Selection.winners T feasible R → ∃ y ∈ M7.Selection.winners T feasible R, R y x` does nothing

Note: This linter can be disabled with `set_option linter.unusedTactic false`
warning: M7SelectionAccepted.lean:198:2: Unused tactic linter: `change
  ∀ (α : Type) (m : ℕ) (T : Finset α) (feasible : α → Prop) (objective : α → Fin m → ℤ) (mode : M7.Selection.Mode),
    (∀ x,
        x ∈ M7.Selection.select T feasible objective mode ↔
          x ∈ T ∧ feasible x ∧ ∀ y ∈ T, feasible y → ¬M7.Selection.better mode (objective y) (objective x)) ∧
      (M7.Selection.select T feasible objective mode = ∅ ↔ M7.Selection.feasibleSet T feasible = ∅)` does nothing

Note: This linter can be disabled with `set_option linter.unusedTactic false`
warning: M7SelectionAccepted.lean:213:2: Unused tactic linter: `change
  ∀ (α : Type) (m : ℕ) (T : Finset α) (feasible : α → Prop) (objective : α → Fin m → ℤ) (mode : M7.Selection.Mode),
    ∀ x ∈ T,
      feasible x →
        x ∉ M7.Selection.select T feasible objective mode →
          ∃ y ∈ M7.Selection.select T feasible objective mode,
            M7.Selection.better mode (objective y) (objective x)` does nothing

Note: This linter can be disabled with `set_option linter.unusedTactic false`
info: M7SelectionAccepted.lean:220:0: 'M7.Selection.empty_objectives' depends on axioms: [propext, Classical.choice, Quot.sound]
info: M7SelectionAccepted.lean:221:0: 'M7.Selection.finite_extreme' depends on axioms: [propext, Classical.choice, Quot.sound]
info: M7SelectionAccepted.lean:222:0: 'M7.Selection.lex_laws' depends on axioms: [propext, Classical.choice, Quot.sound]
info: M7SelectionAccepted.lean:223:0: 'M7.Selection.pareto_laws' depends on axioms: [propext, Classical.choice, Quot.sound]
info: M7SelectionAccepted.lean:224:0: 'M7.Selection.better_laws' depends on axioms: [propext, Classical.choice, Quot.sound]
info: M7SelectionAccepted.lean:225:0: 'M7.Selection.win_membership' depends on axioms: [propext, Classical.choice, Quot.sound]
info: M7SelectionAccepted.lean:226:0: 'M7.Selection.win_sound_complete' depends on axioms: [propext, Classical.choice, Quot.sound]
info: M7SelectionAccepted.lean:227:0: 'M7.Selection.winning_dominator' depends on axioms: [propext, Classical.choice, Quot.sound]
info: M7SelectionAccepted.lean:228:0: 'M7.Selection.empty_iff' depends on axioms: [propext, Classical.choice, Quot.sound]
info: M7SelectionAccepted.lean:229:0: 'M7.Selection.nonwinner_strict_dominator' depends on axioms: [propext, Classical.choice, Quot.sound]
info: M7SelectionAccepted.lean:230:0: 'M7.Selection.selector_exact' depends on axioms: [propext, Classical.choice, Quot.sound]
info: M7SelectionAccepted.lean:231:0: 'M7.Selection.selector_strict_dominator' depends on axioms: [propext, Classical.choice, Quot.sound]
✔ [8709/8710] Built M7ObjectiveComparison (10s)
Build completed successfully (8710 jobs).
