M6.EuclidTarget.binary_normalization : Prop
M6.EuclidTarget.rank_order : Prop
M6.EuclidTarget.cancel_drop : Prop
M6.EuclidTarget.cancel_mod : Prop
M6.EuclidTarget.remainder_aux_correct : Prop
M6.EuclidTarget.remainder_correct : Prop
M6.EuclidTarget.euclid_aux_correct : Prop
M6.EuclidTarget.normalized_gcd : Prop
M6.EuclidTarget.euclid_correct : Prop
M6.EuclidTarget.remainder_passes : Prop
M6.EuclidTarget.euclid_aux_passes : Prop
M6.EuclidTarget.euclid_passes : Prop
M6.EuclidTarget.scan_cost : Prop
M6.EuclidTarget.dense_cancel : Prop
M6.EuclidTarget.dense_rank : Prop
M6.EuclidTarget.dense_injective : Prop
M6.EuclidTarget.remainder_safe : Prop
M6.EuclidTarget.euclid_safe : Prop
M6.EuclidTarget.euclid_output_width : Prop
M6.EuclidTarget.bit_cost_bound : Prop
M6.EuclidTarget.preprocess_correct_cost : Prop
