✔ [8707/8738] Built M6Cyclic (19s)
✔ [8708/8738] Built M6Normalize (17s)
✔ [8709/8738] Built M7Supports (21s)
✔ [8710/8738] Built M6Character (21s)
✔ [8711/8738] Built M6FiberSum (17s)
✔ [8712/8738] Built M6Physical (21s)
✔ [8713/8738] Built M6Pinned (21s)
✔ [8714/8738] Built M6KernelFibers (18s)
✔ [8715/8738] Built M6Transfer (22s)
✔ [8716/8738] Built M7Action (25s)
✔ [8717/8738] Built M6PinnedCharacter (8.7s)
✔ [8718/8738] Built M6CSSDistance (8.7s)
⚠ [8719/8738] Built M6CyclicAccepted (10s)
warning: M6CyclicAccepted.lean:14:2: Unused tactic linter: `change ∀ F K h : M6.Cyclic.BinaryPolynomial, F ≠ 0 → (F * K ∣ F * h ↔ K ∣ h)` does nothing

Note: This linter can be disabled with `set_option linter.unusedTactic false`
warning: M6CyclicAccepted.lean:30:4: this tactic is never executed

Note: This linter can be disabled with `set_option linter.unreachableTactic false`
warning: M6CyclicAccepted.lean:31:4: this tactic is never executed

Note: This linter can be disabled with `set_option linter.unreachableTactic false`
warning: M6CyclicAccepted.lean:32:4: this tactic is never executed

Note: This linter can be disabled with `set_option linter.unreachableTactic false`
warning: M6CyclicAccepted.lean:23:4: Unused tactic linter: `change
  ∃ p q r, EuclideanDomain.gcd (EuclideanDomain.gcd a b) M = p * a + q * b + r * M` does nothing

Note: This linter can be disabled with `set_option linter.unusedTactic false`
warning: M6CyclicAccepted.lean:30:4: Unused tactic linter: `change
  ∃ p q r, EuclideanDomain.gcd a (EuclideanDomain.gcd b M) = p * a + q * b + r * M` does nothing

Note: This linter can be disabled with `set_option linter.unusedTactic false`
warning: M6CyclicAccepted.lean:31:4: Unused tactic linter: `refine
  ⟨EuclideanDomain.gcdA a (EuclideanDomain.gcd b M),
    EuclideanDomain.gcdB a (EuclideanDomain.gcd b M) * EuclideanDomain.gcdA b M,
    EuclideanDomain.gcdB a (EuclideanDomain.gcd b M) * EuclideanDomain.gcdB b M, ?_⟩` does nothing

Note: This linter can be disabled with `set_option linter.unusedTactic false`
warning: M6CyclicAccepted.lean:32:4: Unused tactic linter: `calc
  _ =
      a * EuclideanDomain.gcdA a (EuclideanDomain.gcd b M) +
        (EuclideanDomain.gcd b M) * EuclideanDomain.gcdB a (EuclideanDomain.gcd b M) :=
    EuclideanDomain.gcd_eq_gcd_ab _ _
  _ = _ := by
    rw [EuclideanDomain.gcd_eq_gcd_ab b M]
    ring` does nothing

Note: This linter can be disabled with `set_option linter.unusedTactic false`
warning: M6CyclicAccepted.lean:39:2: Unused tactic linter: `change
  ∀ a b M : M6.Cyclic.BinaryPolynomial,
    M6.Cyclic.signature a b M ∣ a ∧ M6.Cyclic.signature a b M ∣ b ∧ M6.Cyclic.signature a b M ∣ M` does nothing

Note: This linter can be disabled with `set_option linter.unusedTactic false`
warning: M6CyclicAccepted.lean:45:2: Unused tactic linter: `change
  ∀ a b M h : M6.Cyclic.BinaryPolynomial, (M ∣ a * h ∧ M ∣ b * h) ↔ M ∣ M6.Cyclic.signature a b M * h` does nothing

Note: This linter can be disabled with `set_option linter.unusedTactic false`
warning: M6CyclicAccepted.lean:75:99: This simp argument is unused:
  and_comm

Hint: Omit it from the simp argument list.
  [apply] simp only [M6.Cyclic.boundary, M6.Cyclic.image, Prod.mk.injEq, ← map_mul, AdjoinRoot.mk_eq_zero]

Note: This linter can be disabled with `set_option linter.unusedSimpArgs false`
warning: M6CyclicAccepted.lean:72:2: Unused tactic linter: `change
  ∀ (N : ℕ) (a b h : M6.Cyclic.BinaryPolynomial),
    M6.Cyclic.boundary N a b (M6.Cyclic.image N h) = (0, 0) ↔
      M6.Cyclic.modulus N ∣ M6.Cyclic.signature a b (M6.Cyclic.modulus N) * h` does nothing

Note: This linter can be disabled with `set_option linter.unusedTactic false`
info: M6CyclicAccepted.lean:76:0: 'M6.Cyclic.boundary_is_cycle' depends on axioms: [propext, Classical.choice, Quot.sound]
info: M6CyclicAccepted.lean:77:0: 'M6.Cyclic.kernel_cancellation' depends on axioms: [propext, Classical.choice, Quot.sound]
info: M6CyclicAccepted.lean:78:0: 'M6.Cyclic.signature_bezout' depends on axioms: [propext, Classical.choice, Quot.sound]
info: M6CyclicAccepted.lean:79:0: 'M6.Cyclic.signature_divides' depends on axioms: [propext, Classical.choice, Quot.sound]
info: M6CyclicAccepted.lean:80:0: 'M6.Cyclic.kernel_divisibility' depends on axioms: [propext, Classical.choice, Quot.sound]
info: M6CyclicAccepted.lean:81:0: 'M6.Cyclic.boundary_kernel' depends on axioms: [propext, Classical.choice, Quot.sound]
⚠ [8720/8738] Built M7SupportsAccepted (9.7s)
warning: M7SupportsAccepted.lean:9:8: `if_pos` has been deprecated: Use `ite_eq_left` instead
warning: M7SupportsAccepted.lean:20:8: `if_neg` has been deprecated: Use `ite_eq_right` instead
warning: M7SupportsAccepted.lean:17:36: This simp argument is unused:
  hjn

Hint: Omit it from the simp argument list.
  [apply] simp [Polynomial.coeff_X_pow, Ne.symm hjn]

Note: This linter can be disabled with `set_option linter.unusedSimpArgs false`
warning: M7SupportsAccepted.lean:26:34: This simp argument is unused:
  hin

Hint: Omit it from the simp argument list.
  [apply] simp [Polynomial.coeff_X_pow, Ne.symm hin]

Note: This linter can be disabled with `set_option linter.unusedSimpArgs false`
warning: M7SupportsAccepted.lean:35:15: `if_pos` has been deprecated: Use `ite_eq_left` instead
warning: M7SupportsAccepted.lean:35:27: `if_pos` has been deprecated: Use `ite_eq_left` instead
warning: M7SupportsAccepted.lean:40:15: `if_neg` has been deprecated: Use `ite_eq_right` instead
warning: M7SupportsAccepted.lean:40:28: `if_neg` has been deprecated: Use `ite_eq_right` instead
info: M7SupportsAccepted.lean:82:0: 'M7.Supports.coefficient' depends on axioms: [propext, Classical.choice, Quot.sound]
info: M7SupportsAccepted.lean:83:0: 'M7.Supports.indicator_coefficient' depends on axioms: [propext, Classical.choice, Quot.sound]
info: M7SupportsAccepted.lean:84:0: 'M7.Supports.anchor' depends on axioms: [propext, Classical.choice, Quot.sound]
info: M7SupportsAccepted.lean:85:0: 'M7.Supports.support' depends on axioms: [propext, Classical.choice, Quot.sound]
info: M7SupportsAccepted.lean:86:0: 'M7.Supports.degree_lt' depends on axioms: [propext, Classical.choice, Quot.sound]
info: M7SupportsAccepted.lean:87:0: 'M7.Supports.support_card' depends on axioms: [propext, Classical.choice, Quot.sound]
⚠ [8721/8738] Built M6KernelFibersAccepted (10s)
warning: M6KernelFibersAccepted.lean:27:8: This simp argument is unused:
  Nat.card_fun

Hint: Omit it from the simp argument list.
  [apply] simp [Nat.card_eq_fintype_card, ZMod.card]

Note: This linter can be disabled with `set_option linter.unusedSimpArgs false`
warning: M6KernelFibersAccepted.lean:22:2: Unused tactic linter: `change
  ∀ (F : M6.KernelFibers.BP), F.Monic → Nat.card (AdjoinRoot F) = 2 ^ F.natDegree` does nothing

Note: This linter can be disabled with `set_option linter.unusedTactic false`
warning: M6KernelFibersAccepted.lean:38:2: Unused tactic linter: `change
  ∀ (F K : M6.KernelFibers.BP) (hF : F.Monic), K ≠ 0 → Function.Injective (M6.KernelFibers.embed F K hF)` does nothing

Note: This linter can be disabled with `set_option linter.unusedTactic false`
warning: M6KernelFibersAccepted.lean:55:2: Unused tactic linter: `change
  ∀ (F K : M6.KernelFibers.BP) (hF : F.Monic) (z : AdjoinRoot (F * K)),
    AdjoinRoot.mk (F * K) F * z = 0 → ∃ t : AdjoinRoot F, M6.KernelFibers.embed F K hF t = z` does nothing

Note: This linter can be disabled with `set_option linter.unusedTactic false`
warning: M6KernelFibersAccepted.lean:70:2: Unused tactic linter: `change
  ∀ (F K : M6.KernelFibers.BP),
    F.Monic → K ≠ 0 → Nat.card (M6.KernelFibers.annihilator F K) = 2 ^ F.natDegree` does nothing

Note: This linter can be disabled with `set_option linter.unusedTactic false`
info: M6KernelFibersAccepted.lean:90:0: 'M6.KernelFibers.embed_mk' depends on axioms: [propext, Classical.choice, Quot.sound]
info: M6KernelFibersAccepted.lean:91:0: 'M6.KernelFibers.embed_annihilated' depends on axioms: [propext, Classical.choice, Quot.sound]
info: M6KernelFibersAccepted.lean:92:0: 'M6.KernelFibers.embed_injective' depends on axioms: [propext, Classical.choice, Quot.sound]
info: M6KernelFibersAccepted.lean:93:0: 'M6.KernelFibers.embed_surjective_kernel' depends on axioms: [propext, Classical.choice, Quot.sound]
info: M6KernelFibersAccepted.lean:94:0: 'M6.KernelFibers.quotient_card' depends on axioms: [propext, Classical.choice, Quot.sound]
info: M6KernelFibersAccepted.lean:95:0: 'M6.KernelFibers.annihilator_card' depends on axioms: [propext, Classical.choice, Quot.sound]
⚠ [8722/8738] Built M6PhysicalAccepted (11s)
warning: M6PhysicalAccepted.lean:31:26: This simp argument is unused:
  neg_add

Hint: Omit it from the simp argument list.
  [apply] simp [sub_eq_add_neg, add_assoc, add_comm, add_left_comm, mul_assoc, mul_comm, mul_left_comm]

Note: This linter can be disabled with `set_option linter.unusedSimpArgs false`
warning: M6PhysicalAccepted.lean:31:56: This simp argument is unused:
  add_left_comm

Hint: Omit it from the simp argument list.
  [apply] simp [sub_eq_add_neg, neg_add, add_assoc, add_comm, mul_assoc, mul_comm, mul_left_comm]

Note: This linter can be disabled with `set_option linter.unusedSimpArgs false`
warning: M6PhysicalAccepted.lean:32:6: This simp argument is unused:
  mul_assoc

Hint: Omit it from the simp argument list.
  [apply] simp [sub_eq_add_neg, neg_add, add_assoc, add_comm, add_left_comm, mul_comm, mul_left_comm]

Note: This linter can be disabled with `set_option linter.unusedSimpArgs false`
warning: M6PhysicalAccepted.lean:78:2: Unused tactic linter: `change
  ∀ (N : ℕ) (a : M6.Physical.Block N), M6.Physical.rev N (M6.Physical.rev N a) = a` does nothing

Note: This linter can be disabled with `set_option linter.unusedTactic false`
warning: M6PhysicalAccepted.lean:98:2: Unused tactic linter: `change ∀ (N : ℕ) (z : M6.Physical.Word N), M6.Physical.J N (M6.Physical.J N z) = z` does nothing

Note: This linter can be disabled with `set_option linter.unusedTactic false`
warning: M6PhysicalAccepted.lean:121:4: This simp argument is unused:
  Prod.fst

Hint: Omit it from the simp argument list.
  [apply] simp only [M6.Physical.pairing, M6.Physical.J, M6.Physical.boundary, Prod.snd, M6.Physical.conv_adjoint]

Note: This linter can be disabled with `set_option linter.unusedSimpArgs false`
warning: M6PhysicalAccepted.lean:121:14: This simp argument is unused:
  Prod.snd

Hint: Omit it from the simp argument list.
  [apply] simp only [M6.Physical.pairing, M6.Physical.J, M6.Physical.boundary, Prod.fst, M6.Physical.conv_adjoint]

Note: This linter can be disabled with `set_option linter.unusedSimpArgs false`
info: M6PhysicalAccepted.lean:139:0: 'M6.Physical.conv_add' depends on axioms: [propext, Classical.choice, Quot.sound]
info: M6PhysicalAccepted.lean:140:0: 'M6.Physical.conv_adjoint' depends on axioms: [propext, Classical.choice, Quot.sound]
info: M6PhysicalAccepted.lean:141:0: 'M6.Physical.boundary_pairing' depends on axioms: [propext, Classical.choice, Quot.sound]
info: M6PhysicalAccepted.lean:142:0: 'M6.Physical.conv_assoc' depends on axioms: [propext, Classical.choice, Quot.sound]
info: M6PhysicalAccepted.lean:143:0: 'M6.Physical.conv_comm' depends on axioms: [propext, Classical.choice, Quot.sound]
info: M6PhysicalAccepted.lean:144:0: 'M6.Physical.boundary_cycle' depends on axioms: [propext, Classical.choice, Quot.sound]
info: M6PhysicalAccepted.lean:145:0: 'M6.Physical.dot_delta' depends on axioms: [propext, Classical.choice, Quot.sound]
info: M6PhysicalAccepted.lean:146:0: 'M6.Physical.rev_involution' depends on axioms: [propext, Quot.sound]
info: M6PhysicalAccepted.lean:147:0: 'M6.Physical.J_involution' depends on axioms: [propext, Quot.sound]
info: M6PhysicalAccepted.lean:148:0: 'M6.Physical.cycle_orthogonal' depends on axioms: [propext, Classical.choice, Quot.sound]
info: M6PhysicalAccepted.lean:149:0: 'M6.Physical.rev_weight' depends on axioms: [propext, Classical.choice, Quot.sound]
info: M6PhysicalAccepted.lean:150:0: 'M6.Physical.J_weight' depends on axioms: [propext, Classical.choice, Quot.sound]
✔ [8723/8738] Built M6Coordinates (5.7s)
✔ [8724/8738] Built M6Flatten (5.0s)
✔ [8725/8738] Built M6BoundaryFibers (5.3s)
✔ [8726/8738] Built M6TransferTrace (13s)
✔ [8727/8738] Built M6TransferResources (15s)
✔ [8728/8738] Built M6Spaces (7.1s)
✔ [8729/8738] Built M6ActualCounts (5.7s)
✔ [8730/8738] Built M6TransferScatter (12s)
✔ [8731/8738] Built M6ActualTransfer (12s)
✔ [8732/8738] Built M6FinalDomain (11s)
✔ [8733/8738] Built M7Domain (9.0s)
⚠ [8734/8738] Built M7DomainAccepted (12s)
warning: M7DomainAccepted.lean:49:57: This simp argument is unused:
  max_lt_iff

Hint: Omit it from the simp argument list.
  [apply] simp_all [M6.Final.Admissible, M6.ActualTransfer.span]

Note: This linter can be disabled with `set_option linter.unusedSimpArgs false`
warning: M7DomainAccepted.lean:68:12: This simp argument is unused:
  Polynomial.coeff_C_mul_X_pow

Hint: Omit it from the simp argument list.
  [apply] simp [hval, Ne.symm hval]

Note: This linter can be disabled with `set_option linter.unusedSimpArgs false`
warning: M7DomainAccepted.lean:68:42: This simp argument is unused:
  hval

Hint: Omit it from the simp argument list.
  [apply] simp [Polynomial.coeff_C_mul_X_pow, Ne.symm hval]

Note: This linter can be disabled with `set_option linter.unusedSimpArgs false`
warning: M7DomainAccepted.lean:77:10: This simp argument is unused:
  Polynomial.coeff_C_mul_X_pow

Hint: Omit it from the simp argument list.
  [apply] simp [hval, Ne.symm hval]

Note: This linter can be disabled with `set_option linter.unusedSimpArgs false`
warning: M7DomainAccepted.lean:77:40: This simp argument is unused:
  hval

Hint: Omit it from the simp argument list.
  [apply] simp [Polynomial.coeff_C_mul_X_pow, Ne.symm hval]

Note: This linter can be disabled with `set_option linter.unusedSimpArgs false`
info: M7DomainAccepted.lean:78:0: 'M7.Domain.coefficients_indicator' depends on axioms: [propext, Classical.choice, Quot.sound]
info: M7DomainAccepted.lean:79:0: 'M7.Domain.block_polynomial' depends on axioms: [propext, Classical.choice, Quot.sound]
info: M7DomainAccepted.lean:80:0: 'M7.Domain.shift_anchor' depends on axioms: [propext, Classical.choice, Quot.sound]
info: M7DomainAccepted.lean:81:0: 'M7.Domain.shift_card' depends on axioms: [propext, Classical.choice, Quot.sound]
info: M7DomainAccepted.lean:82:0: 'M7.Domain.support_gcd' depends on axioms: [propext, Classical.choice, Quot.sound]
info: M7DomainAccepted.lean:83:0: 'M7.Domain.admissible' depends on axioms: [propext, Classical.choice, Quot.sound]
✔ [8735/8738] Built M7Connectivity (10s)
⚠ [8736/8738] Built M7ConnectivityAccepted (11s)
warning: M7ConnectivityAccepted.lean:70:42: `Set.mem_setOf_eq` has been deprecated: Use `Set.mem_ofPred_eq` instead
warning: M7ConnectivityAccepted.lean:113:6: try 'simp' instead of 'simpa'

Note: This linter can be disabled with `set_option linter.unnecessarySimpa false`
info: M7ConnectivityAccepted.lean:257:0: 'M7.Connectivity.anchored_closure' depends on axioms: [propext, Classical.choice, Quot.sound]
info: M7ConnectivityAccepted.lean:258:0: 'M7.Connectivity.closure_equiv_top' depends on axioms: [propext, Classical.choice, Quot.sound]
info: M7ConnectivityAccepted.lean:259:0: 'M7.Connectivity.difference_affine' depends on axioms: [propext, Classical.choice, Quot.sound]
info: M7ConnectivityAccepted.lean:260:0: 'M7.Connectivity.connected_action' depends on axioms: [propext, Classical.choice, Quot.sound]
info: M7ConnectivityAccepted.lean:261:0: 'M7.Connectivity.difference_shift' depends on axioms: [propext, Classical.choice, Quot.sound]
info: M7ConnectivityAccepted.lean:262:0: 'M7.Connectivity.connected_shift' depends on axioms: [propext, Classical.choice, Quot.sound]
info: M7ConnectivityAccepted.lean:263:0: 'M7.Connectivity.gcd_mem' depends on axioms: [propext, Classical.choice, Quot.sound]
info: M7ConnectivityAccepted.lean:264:0: 'M7.Connectivity.nat_support_image' depends on axioms: [propext, Classical.choice, Quot.sound]
info: M7ConnectivityAccepted.lean:265:0: 'M7.Connectivity.scalar_mem' depends on axioms: [propext, Quot.sound]
info: M7ConnectivityAccepted.lean:266:0: 'M7.Connectivity.one_mem_top' depends on axioms: [propext, Classical.choice, Quot.sound]
info: M7ConnectivityAccepted.lean:267:0: 'M7.Connectivity.finite_generation_gcd' depends on axioms: [propext, Classical.choice, Quot.sound]
info: M7ConnectivityAccepted.lean:268:0: 'M7.Connectivity.anchored_gcd' depends on axioms: [propext, Classical.choice, Quot.sound]
info: M7ConnectivityAccepted.lean:269:0: 'M7.Connectivity.connected_admissible' depends on axioms: [propext, Classical.choice, Quot.sound]
info: M7ConnectivityAccepted.lean:270:0: 'M7.Connectivity.anchor_admissible' depends on axioms: [propext, Classical.choice, Quot.sound]
✔ [8737/8738] Built M8CoverageFoundation (10s)
Build completed successfully (8738 jobs).
