∀ (w T : ℕ) (r s : Fin w → Fin T),
  2 ≤ w →
    0 < T →
      M5.BoundedConstruction.anchoredTuple r →
        M5.BoundedConstruction.anchoredTuple s →
          M5.BoundedConstruction.tupleSupportGcd r s = 1 →
            ∃ e ∈ M5.Packing.packedSupport r,
              0 < e ∧
                0 < M5.PhysicalBridge.remainingGcd (M5.Packing.packedSupport r) (M5.Packing.packedSupport s) e ∧
                  M5.PhysicalBridge.remainingGcd (M5.Packing.packedSupport r) (M5.Packing.packedSupport s) e < w * T ∧
                    (T.gcd
                            (M5.PhysicalBridge.remainingGcd (M5.Packing.packedSupport r) (M5.Packing.packedSupport s)
                              e)).gcd
                        e =
                      1 : Prop
∀ (w T : ℕ) (r s : Fin w → Fin T),
  2 ≤ w →
    0 < T →
      M5.BoundedConstruction.anchoredTuple r →
        M5.BoundedConstruction.anchoredTuple s →
          ∀ (e k : ℕ),
            e ∈ M5.Packing.packedSupport r →
              0 < e →
                e + k * T ∉ M5.Packing.packedSupport r →
                  e + k * T < M5.packingCutoff w T →
                    (M5.PhysicalBridge.remainingGcd (M5.Packing.packedSupport r) (M5.Packing.packedSupport s) e).gcd
                          (e + k * T) =
                        1 →
                      (M5.RepairSupport.repaired (M5.Packing.packedSupport r) e (e + k * T)).card = w ∧
                        0 ∈ M5.RepairSupport.repaired (M5.Packing.packedSupport r) e (e + k * T) ∧
                          (∀ a ∈ M5.RepairSupport.repaired (M5.Packing.packedSupport r) e (e + k * T),
                              a < M5.packingCutoff w T) ∧
                            M5.RepairSupport.combinedGcd
                                (M5.RepairSupport.repaired (M5.Packing.packedSupport r) e (e + k * T))
                                (M5.Packing.packedSupport s) =
                              1 : Prop
∀ (w T : ℕ) (r s : Fin w → Fin T),
  2 ≤ w →
    0 < T →
      M5.BoundedConstruction.anchoredTuple r →
        M5.BoundedConstruction.anchoredTuple s →
          M5.BoundedConstruction.tupleSupportGcd r s = 1 →
            ∃ A,
              A.card = w ∧
                (M5.Packing.packedSupport s).card = w ∧
                  0 ∈ A ∧
                    0 ∈ M5.Packing.packedSupport s ∧
                      (∀ a ∈ A, a < M5.packingCutoff w T) ∧
                        (∀ b ∈ M5.Packing.packedSupport s, b < w * T) ∧
                          M5.RepairSupport.combinedGcd A (M5.Packing.packedSupport s) = 1 ∧
                            M5.completeSignature (M5.SupportPolynomial.ofSupport A)
                                (M5.SupportPolynomial.ofSupport (M5.Packing.packedSupport s)) T =
                              M5.completeSignature (M5.SupportPolynomial.ofResidueTuple r)
                                (M5.SupportPolynomial.ofResidueTuple s) T : Prop
