{
  "files": 117,
  "attempts": [
    [
      "callback_bound",
      1
    ],
    [
      "projection",
      1
    ],
    [
      "find_projection",
      1
    ],
    [
      "find_callback_bound",
      1
    ],
    [
      "total_bound",
      1
    ],
    [
      "zero_cost",
      1
    ]
  ],
  "result": {
    "status": "finished",
    "graph_sha256": "d8f07b6537ca5f4e00b40350b0722c9e6b6ef8df16723e61d6ea84dd9e73c19d",
    "max_concurrency": 2,
    "accepted_nodes": [
      "callback_bound",
      "find_callback_bound",
      "find_projection",
      "projection",
      "total_bound",
      "zero_cost"
    ],
    "executable_nodes": 6,
    "planned_nodes": 0,
    "assembly_accepted": true,
    "environment_unchanged": true,
    "experiment_passed": true,
    "m5_formalized": false,
    "work": "/home/jing/m8-lean-weighted-search-formalization/.humanize-formal-runs/weighted_search-6vigi_d8/experiment"
  }
}
