✔ [8707/8710] Built M8FiniteSearch (34s)
⚠ [8708/8710] Built M8FiniteSearchAccepted (51s)
warning: M8FiniteSearchAccepted.lean:4:2: Unused tactic linter: `change
  ∀ (n : ℕ) (α : Type) (test : Fin n → Option α) (start fuel : ℕ),
    (M8.FiniteSearch.walk test start fuel).2 ≤ fuel` does nothing

Note: This linter can be disabled with `set_option linter.unusedTactic false`
warning: M8FiniteSearchAccepted.lean:29:43: `dif_pos` has been deprecated: Use `dite_eq_left` instead
warning: M8FiniteSearchAccepted.lean:49:45: `dif_pos` has been deprecated: Use `dite_eq_left` instead
warning: M8FiniteSearchAccepted.lean:63:16: Try `simp at hw` instead of `simpa using hw`

Note: This linter can be disabled with `set_option linter.unnecessarySimpa false`
warning: M8FiniteSearchAccepted.lean:49:61: This simp argument is unused:
  Prod.fst

Hint: Omit it from the simp argument list.
  [apply] simp only [M8.FiniteSearch.walk, dif_pos hs, ht]

Note: This linter can be disabled with `set_option linter.unusedSimpArgs false`
warning: M8FiniteSearchAccepted.lean:36:2: Unused tactic linter: `change
  ∀ (n : ℕ) (α : Type) (test : Fin n → Option α) (start fuel : ℕ),
    (M8.FiniteSearch.walk test start fuel).1 = none ↔
      ∀ i : Fin n, start ≤ i.val → i.val < start + fuel → test i = none` does nothing

Note: This linter can be disabled with `set_option linter.unusedTactic false`
warning: M8FiniteSearchAccepted.lean:94:45: `dif_pos` has been deprecated: Use `dite_eq_left` instead
warning: M8FiniteSearchAccepted.lean:116:45: `dif_pos` has been deprecated: Use `dite_eq_left` instead
warning: M8FiniteSearchAccepted.lean:145:34: `dif_neg` has been deprecated: Use `dite_eq_right` instead
warning: M8FiniteSearchAccepted.lean:77:2: Unused tactic linter: `change
  ∀ (n : ℕ) (α : Type) (test : Fin n → Option α) (start fuel : ℕ) (i : Fin n) (a : α),
    (M8.FiniteSearch.walk test start fuel).1 = some (i, a) ↔ M8.FiniteSearch.First test start fuel i a` does nothing

Note: This linter can be disabled with `set_option linter.unusedTactic false`
warning: M8FiniteSearchAccepted.lean:171:47: `dif_pos` has been deprecated: Use `dite_eq_left` instead
warning: M8FiniteSearchAccepted.lean:175:47: `dif_pos` has been deprecated: Use `dite_eq_left` instead
warning: M8FiniteSearchAccepted.lean:156:2: Unused tactic linter: `change
  ∀ (n : ℕ) (α : Type) (test : Fin n → Option α) (start fuel : ℕ) (i : Fin n) (a : α),
    (M8.FiniteSearch.walk test start fuel).1 = some (i, a) →
      (M8.FiniteSearch.walk test start fuel).2 = i.val - start + 1` does nothing

Note: This linter can be disabled with `set_option linter.unusedTactic false`
warning: M8FiniteSearchAccepted.lean:184:2: Unused tactic linter: `change
  ∀ (n : ℕ) (α : Type) (test : Fin n → Option α), (M8.FiniteSearch.find test).2 ≤ n` does nothing

Note: This linter can be disabled with `set_option linter.unusedTactic false`
warning: M8FiniteSearchAccepted.lean:194:34: try 'simp' instead of 'simpa'

Note: This linter can be disabled with `set_option linter.unnecessarySimpa false`
warning: M8FiniteSearchAccepted.lean:199:2: Unused tactic linter: `change
  ∀ (n : ℕ) (α : Type) (test : Fin n → Option α) (i : Fin n) (a : α),
    (M8.FiniteSearch.find test).1 = some (i, a) ↔
      test i = some a ∧ ∀ j : Fin n, j.val < i.val → test j = none` does nothing

Note: This linter can be disabled with `set_option linter.unusedTactic false`
info: M8FiniteSearchAccepted.lean:212:0: 'M8.FiniteSearch.calls_bound' depends on axioms: [propext, Classical.choice, Quot.sound]
info: M8FiniteSearchAccepted.lean:213:0: 'M8.FiniteSearch.exhaustion_calls' depends on axioms: [propext, Quot.sound]
info: M8FiniteSearchAccepted.lean:214:0: 'M8.FiniteSearch.find_bound' depends on axioms: [propext, Classical.choice, Quot.sound]
info: M8FiniteSearchAccepted.lean:215:0: 'M8.FiniteSearch.none_iff' depends on axioms: [propext, Quot.sound]
info: M8FiniteSearchAccepted.lean:216:0: 'M8.FiniteSearch.find_none' depends on axioms: [propext, Quot.sound]
info: M8FiniteSearchAccepted.lean:217:0: 'M8.FiniteSearch.some_iff' depends on axioms: [propext, Quot.sound]
info: M8FiniteSearchAccepted.lean:218:0: 'M8.FiniteSearch.find_some' depends on axioms: [propext, Quot.sound]
info: M8FiniteSearchAccepted.lean:219:0: 'M8.FiniteSearch.successful_calls' depends on axioms: [propext, Quot.sound]
✔ [8709/8710] Built M8WeightedSearch (41s)
Build completed successfully (8710 jobs).
