✔ [6501/6560] Built M6Physical (5.0s)
✔ [6502/6560] Built M6Pinned (5.0s)
✔ [6552/6660] Built M6Cyclic (6.1s)
✔ [6877/6920] Built M6Character (6.5s)
✔ [8711/8724] Built M6PinnedCharacter (4.9s)
⚠ [8712/8724] Built M6CyclicAccepted (5.9s)
warning: M6CyclicAccepted.lean:14:2: Unused tactic linter: `change ∀ F K h : M6.Cyclic.BinaryPolynomial, F ≠ 0 → (F * K ∣ F * h ↔ K ∣ h)` does nothing

Note: This linter can be disabled with `set_option linter.unusedTactic false`
warning: M6CyclicAccepted.lean:30:4: this tactic is never executed

Note: This linter can be disabled with `set_option linter.unreachableTactic false`
warning: M6CyclicAccepted.lean:31:4: this tactic is never executed

Note: This linter can be disabled with `set_option linter.unreachableTactic false`
warning: M6CyclicAccepted.lean:32:4: this tactic is never executed

Note: This linter can be disabled with `set_option linter.unreachableTactic false`
warning: M6CyclicAccepted.lean:23:4: Unused tactic linter: `change
  ∃ p q r, EuclideanDomain.gcd (EuclideanDomain.gcd a b) M = p * a + q * b + r * M` does nothing

Note: This linter can be disabled with `set_option linter.unusedTactic false`
warning: M6CyclicAccepted.lean:30:4: Unused tactic linter: `change
  ∃ p q r, EuclideanDomain.gcd a (EuclideanDomain.gcd b M) = p * a + q * b + r * M` does nothing

Note: This linter can be disabled with `set_option linter.unusedTactic false`
warning: M6CyclicAccepted.lean:31:4: Unused tactic linter: `refine
  ⟨EuclideanDomain.gcdA a (EuclideanDomain.gcd b M),
    EuclideanDomain.gcdB a (EuclideanDomain.gcd b M) * EuclideanDomain.gcdA b M,
    EuclideanDomain.gcdB a (EuclideanDomain.gcd b M) * EuclideanDomain.gcdB b M, ?_⟩` does nothing

Note: This linter can be disabled with `set_option linter.unusedTactic false`
warning: M6CyclicAccepted.lean:32:4: Unused tactic linter: `calc
  _ =
      a * EuclideanDomain.gcdA a (EuclideanDomain.gcd b M) +
        (EuclideanDomain.gcd b M) * EuclideanDomain.gcdB a (EuclideanDomain.gcd b M) :=
    EuclideanDomain.gcd_eq_gcd_ab _ _
  _ = _ := by
    rw [EuclideanDomain.gcd_eq_gcd_ab b M]
    ring` does nothing

Note: This linter can be disabled with `set_option linter.unusedTactic false`
warning: M6CyclicAccepted.lean:39:2: Unused tactic linter: `change
  ∀ a b M : M6.Cyclic.BinaryPolynomial,
    M6.Cyclic.signature a b M ∣ a ∧ M6.Cyclic.signature a b M ∣ b ∧ M6.Cyclic.signature a b M ∣ M` does nothing

Note: This linter can be disabled with `set_option linter.unusedTactic false`
warning: M6CyclicAccepted.lean:45:2: Unused tactic linter: `change
  ∀ a b M h : M6.Cyclic.BinaryPolynomial, (M ∣ a * h ∧ M ∣ b * h) ↔ M ∣ M6.Cyclic.signature a b M * h` does nothing

Note: This linter can be disabled with `set_option linter.unusedTactic false`
warning: M6CyclicAccepted.lean:75:99: This simp argument is unused:
  and_comm

Hint: Omit it from the simp argument list.
  [apply] simp only [M6.Cyclic.boundary, M6.Cyclic.image, Prod.mk.injEq, ← map_mul, AdjoinRoot.mk_eq_zero]

Note: This linter can be disabled with `set_option linter.unusedSimpArgs false`
warning: M6CyclicAccepted.lean:72:2: Unused tactic linter: `change
  ∀ (N : ℕ) (a b h : M6.Cyclic.BinaryPolynomial),
    M6.Cyclic.boundary N a b (M6.Cyclic.image N h) = (0, 0) ↔
      M6.Cyclic.modulus N ∣ M6.Cyclic.signature a b (M6.Cyclic.modulus N) * h` does nothing

Note: This linter can be disabled with `set_option linter.unusedTactic false`
info: M6CyclicAccepted.lean:76:0: 'M6.Cyclic.boundary_is_cycle' depends on axioms: [propext, Classical.choice, Quot.sound]
info: M6CyclicAccepted.lean:77:0: 'M6.Cyclic.kernel_cancellation' depends on axioms: [propext, Classical.choice, Quot.sound]
info: M6CyclicAccepted.lean:78:0: 'M6.Cyclic.signature_bezout' depends on axioms: [propext, Classical.choice, Quot.sound]
info: M6CyclicAccepted.lean:79:0: 'M6.Cyclic.signature_divides' depends on axioms: [propext, Classical.choice, Quot.sound]
info: M6CyclicAccepted.lean:80:0: 'M6.Cyclic.kernel_divisibility' depends on axioms: [propext, Classical.choice, Quot.sound]
info: M6CyclicAccepted.lean:81:0: 'M6.Cyclic.boundary_kernel' depends on axioms: [propext, Classical.choice, Quot.sound]
✔ [8713/8724] Built M6Normalize (6.2s)
⚠ [8714/8724] Built M6PhysicalAccepted (6.8s)
warning: M6PhysicalAccepted.lean:31:26: This simp argument is unused:
  neg_add

Hint: Omit it from the simp argument list.
  [apply] simp [sub_eq_add_neg, add_assoc, add_comm, add_left_comm, mul_assoc, mul_comm, mul_left_comm]

Note: This linter can be disabled with `set_option linter.unusedSimpArgs false`
warning: M6PhysicalAccepted.lean:31:56: This simp argument is unused:
  add_left_comm

Hint: Omit it from the simp argument list.
  [apply] simp [sub_eq_add_neg, neg_add, add_assoc, add_comm, mul_assoc, mul_comm, mul_left_comm]

Note: This linter can be disabled with `set_option linter.unusedSimpArgs false`
warning: M6PhysicalAccepted.lean:32:6: This simp argument is unused:
  mul_assoc

Hint: Omit it from the simp argument list.
  [apply] simp [sub_eq_add_neg, neg_add, add_assoc, add_comm, add_left_comm, mul_comm, mul_left_comm]

Note: This linter can be disabled with `set_option linter.unusedSimpArgs false`
warning: M6PhysicalAccepted.lean:78:2: Unused tactic linter: `change
  ∀ (N : ℕ) (a : M6.Physical.Block N), M6.Physical.rev N (M6.Physical.rev N a) = a` does nothing

Note: This linter can be disabled with `set_option linter.unusedTactic false`
warning: M6PhysicalAccepted.lean:98:2: Unused tactic linter: `change ∀ (N : ℕ) (z : M6.Physical.Word N), M6.Physical.J N (M6.Physical.J N z) = z` does nothing

Note: This linter can be disabled with `set_option linter.unusedTactic false`
warning: M6PhysicalAccepted.lean:121:4: This simp argument is unused:
  Prod.fst

Hint: Omit it from the simp argument list.
  [apply] simp only [M6.Physical.pairing, M6.Physical.J, M6.Physical.boundary, Prod.snd, M6.Physical.conv_adjoint]

Note: This linter can be disabled with `set_option linter.unusedSimpArgs false`
warning: M6PhysicalAccepted.lean:121:14: This simp argument is unused:
  Prod.snd

Hint: Omit it from the simp argument list.
  [apply] simp only [M6.Physical.pairing, M6.Physical.J, M6.Physical.boundary, Prod.fst, M6.Physical.conv_adjoint]

Note: This linter can be disabled with `set_option linter.unusedSimpArgs false`
info: M6PhysicalAccepted.lean:139:0: 'M6.Physical.conv_add' depends on axioms: [propext, Classical.choice, Quot.sound]
info: M6PhysicalAccepted.lean:140:0: 'M6.Physical.conv_adjoint' depends on axioms: [propext, Classical.choice, Quot.sound]
info: M6PhysicalAccepted.lean:141:0: 'M6.Physical.boundary_pairing' depends on axioms: [propext, Classical.choice, Quot.sound]
info: M6PhysicalAccepted.lean:142:0: 'M6.Physical.conv_assoc' depends on axioms: [propext, Classical.choice, Quot.sound]
info: M6PhysicalAccepted.lean:143:0: 'M6.Physical.conv_comm' depends on axioms: [propext, Classical.choice, Quot.sound]
info: M6PhysicalAccepted.lean:144:0: 'M6.Physical.boundary_cycle' depends on axioms: [propext, Classical.choice, Quot.sound]
info: M6PhysicalAccepted.lean:145:0: 'M6.Physical.dot_delta' depends on axioms: [propext, Classical.choice, Quot.sound]
info: M6PhysicalAccepted.lean:146:0: 'M6.Physical.rev_involution' depends on axioms: [propext, Quot.sound]
info: M6PhysicalAccepted.lean:147:0: 'M6.Physical.J_involution' depends on axioms: [propext, Quot.sound]
info: M6PhysicalAccepted.lean:148:0: 'M6.Physical.cycle_orthogonal' depends on axioms: [propext, Classical.choice, Quot.sound]
info: M6PhysicalAccepted.lean:149:0: 'M6.Physical.rev_weight' depends on axioms: [propext, Classical.choice, Quot.sound]
info: M6PhysicalAccepted.lean:150:0: 'M6.Physical.J_weight' depends on axioms: [propext, Classical.choice, Quot.sound]
✔ [8715/8724] Built M6Coordinates (5.7s)
✔ [8716/8724] Built M6Transfer (10s)
✔ [8717/8724] Built M6Flatten (5.3s)
⚠ [8718/8724] Built M6NormalizeAccepted (6.4s)
warning: M6NormalizeAccepted.lean:8:31: This simp argument is unused:
  Polynomial.sum

Hint: Omit it from the simp argument list.
  [apply] simp [M6.Normalize.divide, Polynomial.coeff_sum, Polynomial.coeff_monomial, hd]

Note: This linter can be disabled with `set_option linter.unusedSimpArgs false`
warning: M6NormalizeAccepted.lean:8:47: This simp argument is unused:
  Polynomial.coeff_sum

Hint: Omit it from the simp argument list.
  [apply] simp [M6.Normalize.divide, Polynomial.sum, Polynomial.coeff_monomial, hd]

Note: This linter can be disabled with `set_option linter.unusedSimpArgs false`
warning: M6NormalizeAccepted.lean:8:69: This simp argument is unused:
  Polynomial.coeff_monomial

Hint: Omit it from the simp argument list.
  [apply] simp [M6.Normalize.divide, Polynomial.sum, Polynomial.coeff_sum, hd]

Note: This linter can be disabled with `set_option linter.unusedSimpArgs false`
warning: M6NormalizeAccepted.lean:10:31: This simp argument is unused:
  Polynomial.sum

Hint: Omit it from the simp argument list.
  [apply] simp [M6.Normalize.divide, Polynomial.coeff_sum, Polynomial.coeff_monomial, hd, hz]

Note: This linter can be disabled with `set_option linter.unusedSimpArgs false`
warning: M6NormalizeAccepted.lean:10:47: This simp argument is unused:
  Polynomial.coeff_sum

Hint: Omit it from the simp argument list.
  [apply] simp [M6.Normalize.divide, Polynomial.sum, Polynomial.coeff_monomial, hd, hz]

Note: This linter can be disabled with `set_option linter.unusedSimpArgs false`
warning: M6NormalizeAccepted.lean:10:69: This simp argument is unused:
  Polynomial.coeff_monomial

Hint: Omit it from the simp argument list.
  [apply] simp [M6.Normalize.divide, Polynomial.sum, Polynomial.coeff_sum, hd, hz]

Note: This linter can be disabled with `set_option linter.unusedSimpArgs false`
warning: M6NormalizeAccepted.lean:5:2: Unused tactic linter: `change
  ∀ (k : ℤ) (p : Polynomial ℤ) (d : ℕ), (M6.Normalize.divide k p).coeff d = p.coeff d / k` does nothing

Note: This linter can be disabled with `set_option linter.unusedTactic false`
warning: M6NormalizeAccepted.lean:13:2: Unused tactic linter: `change ∀ (k : ℤ) (p : Polynomial ℤ) (d : ℕ), k ∣ (Polynomial.C k * p).coeff d` does nothing

Note: This linter can be disabled with `set_option linter.unusedTactic false`
warning: M6NormalizeAccepted.lean:19:2: Unused tactic linter: `change
  ∀ (k : ℤ) (p : Polynomial ℤ) (n : ℕ),
    (∀ d, n < d → p.coeff d = 0) → ∀ d, n < d → (M6.Normalize.divide k p).coeff d = 0` does nothing

Note: This linter can be disabled with `set_option linter.unusedTactic false`
warning: M6NormalizeAccepted.lean:29:8: This simp argument is unused:
  Int.mul_ediv_cancel_left

Hint: Omit it from the simp argument list.
  [apply] simp [hk]

Note: This linter can be disabled with `set_option linter.unusedSimpArgs false`
warning: M6NormalizeAccepted.lean:24:2: Unused tactic linter: `change
  ∀ (k : ℤ) (p : Polynomial ℤ), k ≠ 0 → M6.Normalize.divide k (Polynomial.C k * p) = p` does nothing

Note: This linter can be disabled with `set_option linter.unusedTactic false`
info: M6NormalizeAccepted.lean:30:0: 'M6.Normalize.divide_coeff' depends on axioms: [propext, Classical.choice, Quot.sound]
info: M6NormalizeAccepted.lean:31:0: 'M6.Normalize.divide_degree' depends on axioms: [propext, Classical.choice, Quot.sound]
info: M6NormalizeAccepted.lean:32:0: 'M6.Normalize.divide_scaled' depends on axioms: [propext, Classical.choice, Quot.sound]
info: M6NormalizeAccepted.lean:33:0: 'M6.Normalize.scaled_coeff_divisible' depends on axioms: [propext, Classical.choice, Quot.sound]
✔ [8719/8724] Built M6TransferTrace (9.2s)
✔ [8720/8724] Built M6TransferResources (10s)
✔ [8721/8724] Built M6TransferScatter (10s)
✔ [8722/8724] Built M6ActualTransfer (12s)
✔ [8723/8724] Built M6Postprocessing (10s)
Build completed successfully (8724 jobs).
∀ (z : ℤ) (k : ℕ), z.shiftRight k = z / 2 ^ k : Prop
∀ (R N : ℕ) (W : ℕ → M6.Transfer.Memory R → M6.Transfer.Bit → Polynomial ℤ) (d : ℕ),
  2 * N < d → (M6.Transfer.scalarTracePolynomial W N).coeff d = 0 : Prop
∀ (N : ℕ) [inst : NeZero N] (a b : M6.ActualTransfer.BP) (P : M6.Pinned.Pins (2 * N)) (d : ℕ),
  M6.ActualTransfer.shiftedCoefficient N a b P d = (M6.ActualTransfer.Q N a b P).coeff d : Prop
∀ (N : ℕ) [inst : NeZero N] (a b : M6.ActualTransfer.BP) (P : M6.Pinned.Pins (2 * N)),
  M6.ActualTransfer.shiftedOutput N a b P = M6.ActualTransfer.Q N a b P : Prop
∀ (N : ℕ) [inst : NeZero N] (a b : M6.ActualTransfer.BP) (P : M6.Pinned.Pins (2 * N)),
  M6.ActualTransfer.shiftedScan N a b P = M6.Pinned.firstPositive (2 * N) (M6.ActualTransfer.Q N a b P) : Prop
