{
  "files": 153,
  "attempts": [
    [
      "algorithm",
      1
    ],
    [
      "cost_projection",
      1
    ],
    [
      "coverage",
      1
    ],
    [
      "exclusion",
      1
    ],
    [
      "physical_parameters",
      1
    ],
    [
      "resources",
      1
    ],
    [
      "storage",
      1
    ],
    [
      "original_m8",
      1
    ]
  ],
  "result": {
    "status": "finished",
    "graph_sha256": "85bbfc8cc9c177c5bb4e22f63316bacc9869c21478c077c57fa747723dccc112",
    "max_concurrency": 2,
    "accepted_nodes": [
      "algorithm",
      "cost_projection",
      "coverage",
      "exclusion",
      "original_m8",
      "physical_parameters",
      "resources",
      "storage"
    ],
    "executable_nodes": 8,
    "planned_nodes": 0,
    "assembly_accepted": true,
    "environment_unchanged": true,
    "experiment_passed": true,
    "m5_formalized": false,
    "work": "/home/jing/m8-lean-final-formalization/.humanize-formal-runs/final-mn6ueqd_/experiment"
  }
}
