∀ (N : ℕ) [NeZero N] (S : Finset (ZMod N)),
  ∀ c ∈ S, (M5.Translation.shift S (-c)).card = S.card ∧ 0 ∈ M5.Translation.shift S (-c) : Prop
∀ (N : ℕ) [NeZero N] (S : Finset (ZMod N)) (c : ZMod N),
  M5.Translation.differences (M5.Translation.shift S c) = M5.Translation.differences S : Prop
∀ (N : ℕ) [NeZero N] (S U : Finset (ZMod N)),
  0 ∈ S →
    0 ∈ U →
      M5.Translation.differenceGcd S U =
        M5.Connectivity.supportGcd N (M5.Translation.natSupport S) (M5.Translation.natSupport U) : Prop
∀ (N : ℕ) [NeZero N] (S : Finset (ZMod N)) (c : ZMod N),
  (AdjoinRoot.mk (M5.cyclicModulus N)) (M5.Translation.supportPolynomial (M5.Translation.shift S c)) =
    (AdjoinRoot.mk (M5.cyclicModulus N)) (Polynomial.X ^ c.val) *
      (AdjoinRoot.mk (M5.cyclicModulus N)) (M5.Translation.supportPolynomial S) : Prop
∀ (N : ℕ) [NeZero N] (S U : Finset (ZMod N)) (c d : ZMod N),
  M5.completeSignature (M5.Translation.supportPolynomial (M5.Translation.shift S c))
      (M5.Translation.supportPolynomial (M5.Translation.shift U d)) N =
    M5.completeSignature (M5.Translation.supportPolynomial S) (M5.Translation.supportPolynomial U) N : Prop
∀ (N : ℕ) [NeZero N] (S U : Finset (ZMod N)),
  S.Nonempty →
    U.Nonempty →
      ∃ A B,
        A.card = S.card ∧
          B.card = U.card ∧
            0 ∈ A ∧
              0 ∈ B ∧
                (∀ a ∈ A, a < N) ∧
                  (∀ b ∈ B, b < N) ∧
                    M5.Connectivity.supportGcd N A B = M5.Translation.differenceGcd S U ∧
                      M5.completeSignature (M5.SupportPolynomial.ofSupport A) (M5.SupportPolynomial.ofSupport B) N =
                        M5.completeSignature (M5.Translation.supportPolynomial S) (M5.Translation.supportPolynomial U)
                          N : Prop
