{
  "files": 153,
  "attempts": [
    [
      "algebra",
      1
    ],
    [
      "literal_polynomials",
      1
    ],
    [
      "nontrivial",
      1
    ],
    [
      "signature",
      1
    ],
    [
      "span_cutoff",
      1
    ],
    [
      "support_data",
      1
    ],
    [
      "full_direction",
      1
    ],
    [
      "valid",
      1
    ]
  ],
  "result": {
    "status": "finished",
    "graph_sha256": "dee20e55c72668289f7fb54a739d54c54278f880e9762ba6ebc215b9ab5d98c6",
    "max_concurrency": 2,
    "accepted_nodes": [
      "algebra",
      "full_direction",
      "literal_polynomials",
      "nontrivial",
      "signature",
      "span_cutoff",
      "support_data",
      "valid"
    ],
    "executable_nodes": 8,
    "planned_nodes": 0,
    "assembly_accepted": true,
    "environment_unchanged": true,
    "experiment_passed": true,
    "m5_formalized": false,
    "work": "/home/jing/m8-lean-mixed-family-formalization/.humanize-formal-runs/retrieval-resume-ooo4gsfc/experiment"
  }
}
