✔ [8707/8736] Built M7Supports (19s)
✔ [8708/8736] Built M7OrbitFibers (20s)
✔ [8709/8736] Built M7Factorized (21s)
✔ [8710/8736] Built M6Cyclic (21s)
✔ [8711/8736] Built M7Action (28s)
⚠ [8712/8736] Built M6CyclicAccepted (15s)
warning: M6CyclicAccepted.lean:14:2: Unused tactic linter: `change ∀ F K h : M6.Cyclic.BinaryPolynomial, F ≠ 0 → (F * K ∣ F * h ↔ K ∣ h)` does nothing

Note: This linter can be disabled with `set_option linter.unusedTactic false`
warning: M6CyclicAccepted.lean:30:4: this tactic is never executed

Note: This linter can be disabled with `set_option linter.unreachableTactic false`
warning: M6CyclicAccepted.lean:31:4: this tactic is never executed

Note: This linter can be disabled with `set_option linter.unreachableTactic false`
warning: M6CyclicAccepted.lean:32:4: this tactic is never executed

Note: This linter can be disabled with `set_option linter.unreachableTactic false`
warning: M6CyclicAccepted.lean:23:4: Unused tactic linter: `change
  ∃ p q r, EuclideanDomain.gcd (EuclideanDomain.gcd a b) M = p * a + q * b + r * M` does nothing

Note: This linter can be disabled with `set_option linter.unusedTactic false`
warning: M6CyclicAccepted.lean:30:4: Unused tactic linter: `change
  ∃ p q r, EuclideanDomain.gcd a (EuclideanDomain.gcd b M) = p * a + q * b + r * M` does nothing

Note: This linter can be disabled with `set_option linter.unusedTactic false`
warning: M6CyclicAccepted.lean:31:4: Unused tactic linter: `refine
  ⟨EuclideanDomain.gcdA a (EuclideanDomain.gcd b M),
    EuclideanDomain.gcdB a (EuclideanDomain.gcd b M) * EuclideanDomain.gcdA b M,
    EuclideanDomain.gcdB a (EuclideanDomain.gcd b M) * EuclideanDomain.gcdB b M, ?_⟩` does nothing

Note: This linter can be disabled with `set_option linter.unusedTactic false`
warning: M6CyclicAccepted.lean:32:4: Unused tactic linter: `calc
  _ =
      a * EuclideanDomain.gcdA a (EuclideanDomain.gcd b M) +
        (EuclideanDomain.gcd b M) * EuclideanDomain.gcdB a (EuclideanDomain.gcd b M) :=
    EuclideanDomain.gcd_eq_gcd_ab _ _
  _ = _ := by
    rw [EuclideanDomain.gcd_eq_gcd_ab b M]
    ring` does nothing

Note: This linter can be disabled with `set_option linter.unusedTactic false`
warning: M6CyclicAccepted.lean:39:2: Unused tactic linter: `change
  ∀ a b M : M6.Cyclic.BinaryPolynomial,
    M6.Cyclic.signature a b M ∣ a ∧ M6.Cyclic.signature a b M ∣ b ∧ M6.Cyclic.signature a b M ∣ M` does nothing

Note: This linter can be disabled with `set_option linter.unusedTactic false`
warning: M6CyclicAccepted.lean:45:2: Unused tactic linter: `change
  ∀ a b M h : M6.Cyclic.BinaryPolynomial, (M ∣ a * h ∧ M ∣ b * h) ↔ M ∣ M6.Cyclic.signature a b M * h` does nothing

Note: This linter can be disabled with `set_option linter.unusedTactic false`
warning: M6CyclicAccepted.lean:75:99: This simp argument is unused:
  and_comm

Hint: Omit it from the simp argument list.
  [apply] simp only [M6.Cyclic.boundary, M6.Cyclic.image, Prod.mk.injEq, ← map_mul, AdjoinRoot.mk_eq_zero]

Note: This linter can be disabled with `set_option linter.unusedSimpArgs false`
warning: M6CyclicAccepted.lean:72:2: Unused tactic linter: `change
  ∀ (N : ℕ) (a b h : M6.Cyclic.BinaryPolynomial),
    M6.Cyclic.boundary N a b (M6.Cyclic.image N h) = (0, 0) ↔
      M6.Cyclic.modulus N ∣ M6.Cyclic.signature a b (M6.Cyclic.modulus N) * h` does nothing

Note: This linter can be disabled with `set_option linter.unusedTactic false`
info: M6CyclicAccepted.lean:76:0: 'M6.Cyclic.boundary_is_cycle' depends on axioms: [propext, Classical.choice, Quot.sound]
info: M6CyclicAccepted.lean:77:0: 'M6.Cyclic.kernel_cancellation' depends on axioms: [propext, Classical.choice, Quot.sound]
info: M6CyclicAccepted.lean:78:0: 'M6.Cyclic.signature_bezout' depends on axioms: [propext, Classical.choice, Quot.sound]
info: M6CyclicAccepted.lean:79:0: 'M6.Cyclic.signature_divides' depends on axioms: [propext, Classical.choice, Quot.sound]
info: M6CyclicAccepted.lean:80:0: 'M6.Cyclic.kernel_divisibility' depends on axioms: [propext, Classical.choice, Quot.sound]
info: M6CyclicAccepted.lean:81:0: 'M6.Cyclic.boundary_kernel' depends on axioms: [propext, Classical.choice, Quot.sound]
✔ [8713/8736] Built M7CyclicSubstitution (16s)
ℹ [8714/8736] Built M7OrbitFibersAccepted (18s)
info: M7OrbitFibersAccepted.lean:153:0: 'M7.OrbitFibers.action_partition' depends on axioms: [propext, Classical.choice, Quot.sound]
info: M7OrbitFibersAccepted.lean:154:0: 'M7.OrbitFibers.fiber_equiv' depends on axioms: [propext, Classical.choice, Quot.sound]
info: M7OrbitFibersAccepted.lean:155:0: 'M7.OrbitFibers.fiber_count' depends on axioms: [propext, Classical.choice, Quot.sound]
info: M7OrbitFibersAccepted.lean:156:0: 'M7.OrbitFibers.action_count_product' depends on axioms: [propext, Classical.choice, Quot.sound]
info: M7OrbitFibersAccepted.lean:157:0: 'M7.OrbitFibers.orbit_partition' depends on axioms: [propext, Classical.choice, Quot.sound]
info: M7OrbitFibersAccepted.lean:158:0: 'M7.OrbitFibers.stabilizer_positive' depends on axioms: [propext, Classical.choice, Quot.sound]
info: M7OrbitFibersAccepted.lean:159:0: 'M7.OrbitFibers.orbit_count_div' depends on axioms: [propext, Classical.choice, Quot.sound]
⚠ [8715/8736] Built M7FactorizedAccepted (19s)
warning: M7FactorizedAccepted.lean:22:39: This simp argument is unused:
  Nat.mul_comm

Hint: Omit it from the simp argument list.
  [apply] simp [← Finset.sum_filter]

Note: This linter can be disabled with `set_option linter.unusedSimpArgs false`
warning: M7FactorizedAccepted.lean:44:31: This simp argument is unused:
  h

Hint: Omit it from the simp argument list.
  [apply] simp

Note: This linter can be disabled with `set_option linter.unusedSimpArgs false`
warning: M7FactorizedAccepted.lean:56:31: This simp argument is unused:
  h

Hint: Omit it from the simp argument list.
  [apply] simp

Note: This linter can be disabled with `set_option linter.unusedSimpArgs false`
info: M7FactorizedAccepted.lean:73:0: 'M7.Factorized.pair_count' depends on axioms: [propext, Classical.choice, Quot.sound]
info: M7FactorizedAccepted.lean:74:0: 'M7.Factorized.numerator_record_card' depends on axioms: [propext, Classical.choice, Quot.sound]
info: M7FactorizedAccepted.lean:75:0: 'M7.Factorized.exact_target_card' depends on axioms: [propext, Classical.choice, Quot.sound]
info: M7FactorizedAccepted.lean:76:0: 'M7.Factorized.exact_target_positive' depends on axioms: [propext, Classical.choice, Quot.sound]
info: M7FactorizedAccepted.lean:77:0: 'M7.Factorized.left_partition' depends on axioms: [propext, Classical.choice, Quot.sound]
info: M7FactorizedAccepted.lean:78:0: 'M7.Factorized.right_partition' depends on axioms: [propext, Classical.choice, Quot.sound]
✔ [8716/8736] Built M7SignatureIdeal (14s)
ℹ [8717/8736] Built M7CyclicSubstitutionAccepted (14s)
info: M7CyclicSubstitutionAccepted.lean:71:0: 'M7.CyclicSubstitution.hom_polynomial' depends on axioms: [propext, Classical.choice, Quot.sound]
info: M7CyclicSubstitutionAccepted.lean:72:0: 'M7.CyclicSubstitution.hom_root' depends on axioms: [propext, Classical.choice, Quot.sound]
info: M7CyclicSubstitutionAccepted.lean:73:0: 'M7.CyclicSubstitution.root_power' depends on axioms: [propext, Classical.choice, Quot.sound]
info: M7CyclicSubstitutionAccepted.lean:74:0: 'M7.CyclicSubstitution.point_root' depends on axioms: [propext, Classical.choice, Quot.sound]
info: M7CyclicSubstitutionAccepted.lean:75:0: 'M7.CyclicSubstitution.power_mod' depends on axioms: [propext, Classical.choice, Quot.sound]
info: M7CyclicSubstitutionAccepted.lean:76:0: 'M7.CyclicSubstitution.point_mul' depends on axioms: [propext, Classical.choice, Quot.sound]
info: M7CyclicSubstitutionAccepted.lean:77:0: 'M7.CyclicSubstitution.point_one' depends on axioms: [propext, Classical.choice, Quot.sound]
info: M7CyclicSubstitutionAccepted.lean:78:0: 'M7.CyclicSubstitution.point_inverse' depends on axioms: [propext, Classical.choice, Quot.sound]
⚠ [8718/8736] Built M7ActionAccepted (37s)
warning: M7ActionAccepted.lean:82:2: Unused tactic linter: `change M7.Action.compose g (M7.Action.identity N) = g` does nothing

Note: This linter can be disabled with `set_option linter.unusedTactic false`
warning: M7ActionAccepted.lean:99:2: Unused tactic linter: `change Fintype.card (M7.Action.Record 1) = 2` does nothing

Note: This linter can be disabled with `set_option linter.unusedTactic false`
info: M7ActionAccepted.lean:110:0: 'M7.Action.act_compose' depends on axioms: [propext, Classical.choice, Quot.sound]
info: M7ActionAccepted.lean:111:0: 'M7.Action.act_identity' depends on axioms: [propext, Classical.choice, Quot.sound]
info: M7ActionAccepted.lean:112:0: 'M7.Action.affine_bijective' depends on axioms: [propext, Quot.sound]
info: M7ActionAccepted.lean:113:0: 'M7.Action.associative' depends on axioms: [propext, Quot.sound]
info: M7ActionAccepted.lean:114:0: 'M7.Action.left_identity' depends on axioms: [propext, Quot.sound]
info: M7ActionAccepted.lean:115:0: 'M7.Action.left_inverse' depends on axioms: [propext, Quot.sound]
info: M7ActionAccepted.lean:116:0: 'M7.Action.act_inverse' depends on axioms: [propext, Classical.choice, Quot.sound]
info: M7ActionAccepted.lean:117:0: 'M7.Action.normal_form' depends on axioms: [propext, Quot.sound]
info: M7ActionAccepted.lean:118:0: 'M7.Action.record_card' depends on axioms: [propext, Classical.choice, Quot.sound]
info: M7ActionAccepted.lean:119:0: 'M7.Action.order_one_records' depends on axioms: [propext, Classical.choice, Quot.sound]
info: M7ActionAccepted.lean:120:0: 'M7.Action.right_identity' depends on axioms: [propext, Quot.sound]
info: M7ActionAccepted.lean:121:0: 'M7.Action.right_inverse' depends on axioms: [propext, Quot.sound]
info: M7ActionAccepted.lean:122:0: 'M7.Action.support_cards' depends on axioms: [propext, Classical.choice, Quot.sound]
ℹ [8719/8736] Built M7SignatureIdealAccepted (18s)
info: M7SignatureIdealAccepted.lean:102:0: 'M7.SignatureIdeal.modulus_zero' depends on axioms: [propext, Classical.choice, Quot.sound]
info: M7SignatureIdealAccepted.lean:103:0: 'M7.SignatureIdeal.full_signature_ideal' depends on axioms: [propext, Classical.choice, Quot.sound]
info: M7SignatureIdealAccepted.lean:104:0: 'M7.SignatureIdeal.principal_gcd' depends on axioms: [propext, Classical.choice, Quot.sound]
info: M7SignatureIdealAccepted.lean:105:0: 'M7.SignatureIdeal.quotient_membership' depends on axioms: [propext, Classical.choice, Quot.sound]
info: M7SignatureIdealAccepted.lean:106:0: 'M7.SignatureIdeal.monic_injective' depends on axioms: [propext, Classical.choice, Quot.sound]
✔ [8720/8736] Built M7QuotientAuto (19s)
✔ [8721/8736] Built M7QuotientDegree (15s)
ℹ [8722/8736] Built M7QuotientAutoAccepted (15s)
info: M7QuotientAutoAccepted.lean:62:0: 'M7.QuotientAuto.polynomial_substitution' depends on axioms: [propext, Classical.choice, Quot.sound]
info: M7QuotientAutoAccepted.lean:63:0: 'M7.QuotientAuto.substitution_root' depends on axioms: [propext, Classical.choice, Quot.sound]
info: M7QuotientAutoAccepted.lean:64:0: 'M7.QuotientAuto.substitution_scalars' depends on axioms: [propext, Classical.choice, Quot.sound]
info: M7QuotientAutoAccepted.lean:65:0: 'M7.QuotientAuto.substitution_comp' depends on axioms: [propext, Classical.choice, Quot.sound]
info: M7QuotientAutoAccepted.lean:66:0: 'M7.QuotientAuto.substitution_one' depends on axioms: [propext, Classical.choice, Quot.sound]
info: M7QuotientAutoAccepted.lean:67:0: 'M7.QuotientAuto.substitution_left_inverse' depends on axioms: [propext, Classical.choice, Quot.sound]
info: M7QuotientAutoAccepted.lean:68:0: 'M7.QuotientAuto.substitution_right_inverse' depends on axioms: [propext, Classical.choice, Quot.sound]
info: M7QuotientAutoAccepted.lean:69:0: 'M7.QuotientAuto.substitution_bijective' depends on axioms: [propext, Classical.choice, Quot.sound]
✔ [8723/8736] Built M7ActionGroup (24s)
✔ [8724/8736] Built M7AffinePolynomial (20s)
✔ [8725/8736] Built M7SignatureTau (6.8s)
⚠ [8726/8736] Built M7QuotientDegreeAccepted (10s)
warning: M7QuotientDegreeAccepted.lean:4:2: Unused tactic linter: `change
  ∀ F : M6.Cyclic.BinaryPolynomial, F.Monic → Nat.card (AdjoinRoot F) = 2 ^ F.natDegree` does nothing

Note: This linter can be disabled with `set_option linter.unusedTactic false`
info: M7QuotientDegreeAccepted.lean:47:0: 'M7.QuotientDegree.adjoin_card' depends on axioms: [propext, Classical.choice, Quot.sound]
info: M7QuotientDegreeAccepted.lean:48:0: 'M7.QuotientDegree.span_containment' depends on axioms: [propext, Classical.choice, Quot.sound]
info: M7QuotientDegreeAccepted.lean:49:0: 'M7.QuotientDegree.quotient_equiv' depends on axioms: [propext, Classical.choice, Quot.sound]
info: M7QuotientDegreeAccepted.lean:50:0: 'M7.QuotientDegree.quotient_card' depends on axioms: [propext, Classical.choice, Quot.sound]
info: M7QuotientDegreeAccepted.lean:51:0: 'M7.QuotientDegree.degree_invariant' depends on axioms: [propext, Classical.choice, Quot.sound]
⚠ [8727/8736] Built M7SignatureTauAccepted (7.7s)
warning: M7SignatureTauAccepted.lean:4:2: Unused tactic linter: `change ∀ F : M6.Cyclic.BinaryPolynomial, F ≠ 0 → F.Monic` does nothing

Note: This linter can be disabled with `set_option linter.unusedTactic false`
info: M7SignatureTauAccepted.lean:106:0: 'M7.SignatureTau.binary_monic' depends on axioms: [propext, Classical.choice, Quot.sound]
info: M7SignatureTauAccepted.lean:107:0: 'M7.SignatureTau.modulus_monic' depends on axioms: [propext, Classical.choice, Quot.sound]
info: M7SignatureTauAccepted.lean:108:0: 'M7.SignatureTau.gcd_canonical' depends on axioms: [propext, Classical.choice, Quot.sound]
info: M7SignatureTauAccepted.lean:109:0: 'M7.SignatureTau.reduced_image' depends on axioms: [propext, Classical.choice, Quot.sound]
info: M7SignatureTauAccepted.lean:110:0: 'M7.SignatureTau.tau_principal' depends on axioms: [propext, Classical.choice, Quot.sound]
info: M7SignatureTauAccepted.lean:111:0: 'M7.SignatureTau.tau_properties' depends on axioms: [propext, Classical.choice, Quot.sound]
info: M7SignatureTauAccepted.lean:112:0: 'M7.SignatureTau.source_tau_equal' depends on axioms: [propext, Classical.choice, Quot.sound]
info: M7SignatureTauAccepted.lean:113:0: 'M7.SignatureTau.tau_comp' depends on axioms: [propext, Classical.choice, Quot.sound]
info: M7SignatureTauAccepted.lean:114:0: 'M7.SignatureTau.tau_one' depends on axioms: [propext, Classical.choice, Quot.sound]
info: M7SignatureTauAccepted.lean:115:0: 'M7.SignatureTau.tau_inverse' depends on axioms: [propext, Classical.choice, Quot.sound]
✔ [8728/8736] Built M7ActualOrbit (10s)
ℹ [8729/8736] Built M7AffinePolynomialAccepted (12s)
info: M7AffinePolynomialAccepted.lean:65:0: 'M7.AffinePolynomial.rho_add_val' depends on axioms: [propext, Classical.choice, Quot.sound]
info: M7AffinePolynomialAccepted.lean:66:0: 'M7.AffinePolynomial.rho_mul_val' depends on axioms: [propext, Classical.choice, Quot.sound]
info: M7AffinePolynomialAccepted.lean:67:0: 'M7.AffinePolynomial.rho_power_unit' depends on axioms: [propext, Classical.choice, Quot.sound]
info: M7AffinePolynomialAccepted.lean:68:0: 'M7.AffinePolynomial.support_sum' depends on axioms: [propext, Classical.choice, Quot.sound]
info: M7AffinePolynomialAccepted.lean:69:0: 'M7.AffinePolynomial.substitution_support_sum' depends on axioms: [propext, Classical.choice, Quot.sound]
info: M7AffinePolynomialAccepted.lean:70:0: 'M7.AffinePolynomial.image_affine' depends on axioms: [propext, Classical.choice, Quot.sound]
info: M7AffinePolynomialAccepted.lean:71:0: 'M7.AffinePolynomial.action_images' depends on axioms: [propext, Classical.choice, Quot.sound]
✔ [8730/8736] Built M7ActualFactorized (11s)
⚠ [8731/8736] Built M7ActualOrbitAccepted (11s)
warning: M7ActualOrbitAccepted.lean:70:61: Used `tac1 <;> tac2` where `(tac1; tac2)` would suffice

Note: This linter can be disabled with `set_option linter.unnecessarySeqFocus false`
warning: M7ActualOrbitAccepted.lean:75:61: Used `tac1 <;> tac2` where `(tac1; tac2)` would suffice

Note: This linter can be disabled with `set_option linter.unnecessarySeqFocus false`
warning: M7ActualOrbitAccepted.lean:80:79: Used `tac1 <;> tac2` where `(tac1; tac2)` would suffice

Note: This linter can be disabled with `set_option linter.unnecessarySeqFocus false`
warning: M7ActualOrbitAccepted.lean:115:61: Used `tac1 <;> tac2` where `(tac1; tac2)` would suffice

Note: This linter can be disabled with `set_option linter.unnecessarySeqFocus false`
info: M7ActualOrbitAccepted.lean:118:0: 'M7.ActualOrbit.action_partition' depends on axioms: [propext, Classical.choice, Quot.sound]
info: M7ActualOrbitAccepted.lean:119:0: 'M7.ActualOrbit.count_product' depends on axioms: [propext, Classical.choice, Quot.sound]
info: M7ActualOrbitAccepted.lean:120:0: 'M7.ActualOrbit.distinct_partition' depends on axioms: [propext, Classical.choice, Quot.sound]
info: M7ActualOrbitAccepted.lean:121:0: 'M7.ActualOrbit.exact_division' depends on axioms: [propext, Classical.choice, Quot.sound]
info: M7ActualOrbitAccepted.lean:122:0: 'M7.ActualOrbit.fiber_count' depends on axioms: [propext, Classical.choice, Quot.sound]
info: M7ActualOrbitAccepted.lean:123:0: 'M7.ActualOrbit.stabilizer_positive' depends on axioms: [propext, Classical.choice, Quot.sound]
✔ [8732/8736] Built M7RecipeSignature (10s)
✔ [8733/8736] Built M7ActualFactorizedReady (11s)
⚠ [8734/8736] Built M7ActualFactorizedAccepted (12s)
warning: M7ActualFactorizedAccepted.lean:58:4: this tactic is never executed

Note: This linter can be disabled with `set_option linter.unreachableTactic false`
warning: M7ActualFactorizedAccepted.lean:58:4: Unused tactic linter: `simp [M7.ActualFactorized.leftImage, M7.ActualFactorized.rightImage,
  M7.ActualFactorized.toRecord, M7.Action.act]` does nothing

Note: This linter can be disabled with `set_option linter.unusedTactic false`
warning: M7ActualFactorizedAccepted.lean:71:37: This simp argument is unused:
  M7.ActualFactorized.leftImage

Hint: Omit it from the simp argument list.
  [apply] simp [Prod.ext_iff, M7.Action.act, M7.ActualFactorized.rightImage]

Note: This linter can be disabled with `set_option linter.unusedSimpArgs false`
warning: M7ActualFactorizedAccepted.lean:71:68: This simp argument is unused:
  M7.ActualFactorized.rightImage

Hint: Omit it from the simp argument list.
  [apply] simp [Prod.ext_iff, M7.Action.act, M7.ActualFactorized.leftImage]

Note: This linter can be disabled with `set_option linter.unusedSimpArgs false`
info: M7ActualFactorizedAccepted.lean:84:0: 'M7.ActualFactorized.record_coordinates' depends on axioms: [propext, Quot.sound]
info: M7ActualFactorizedAccepted.lean:85:0: 'M7.ActualFactorized.numerator_record_count' depends on axioms: [propext, Classical.choice, Quot.sound]
info: M7ActualFactorizedAccepted.lean:86:0: 'M7.ActualFactorized.stabilizer_numerator' depends on axioms: [propext, Classical.choice, Quot.sound]
info: M7ActualFactorizedAccepted.lean:87:0: 'M7.ActualFactorized.positive_denominator' depends on axioms: [propext, Classical.choice, Quot.sound]
info: M7ActualFactorizedAccepted.lean:88:0: 'M7.ActualFactorized.translate_outer' depends on axioms: [propext, Classical.choice, Quot.sound]
info: M7ActualFactorizedAccepted.lean:89:0: 'M7.ActualFactorized.sector_compatibility' depends on axioms: [propext, Classical.choice, Quot.sound]
info: M7ActualFactorizedAccepted.lean:90:0: 'M7.ActualFactorized.numerator_action_count' depends on axioms: [propext, Classical.choice, Quot.sound]
info: M7ActualFactorizedAccepted.lean:91:0: 'M7.ActualFactorized.exact_orbit_quotient' depends on axioms: [propext, Classical.choice, Quot.sound]
✔ [8735/8736] Built M7RecipeSignatureReady (9.8s)
Build completed successfully (8736 jobs).
