⚠ [3008/3009] Built M6CharacterAccepted (17s)
warning: M6CharacterAccepted.lean:4:2: Unused tactic linter: `change
  ∀ (a b : ZMod 2), M6.Character.sign (a + b) = M6.Character.sign a * M6.Character.sign b` does nothing

Note: This linter can be disabled with `set_option linter.unusedTactic false`
warning: M6CharacterAccepted.lean:9:2: Unused tactic linter: `change
  ∀ (a : ZMod 2), (M6.Character.sign a = 1 ↔ a = 0) ∧ (M6.Character.sign a = -1 ↔ a ≠ 0)` does nothing

Note: This linter can be disabled with `set_option linter.unusedTactic false`
warning: M6CharacterAccepted.lean:18:2: Unused tactic linter: `change
  ∀ (m : ℕ) (q r z : M6.Character.Vector m),
    M6.Character.character (q + r) z = M6.Character.character q z * M6.Character.character r z` does nothing

Note: This linter can be disabled with `set_option linter.unusedTactic false`
warning: M6CharacterAccepted.lean:23:2: Unused tactic linter: `change
  ∀ (m : ℕ) (f : Fin m → ZMod 2), M6.Character.sign (∑ i, f i) = ∏ i, M6.Character.sign (f i)` does nothing

Note: This linter can be disabled with `set_option linter.unusedTactic false`
warning: M6CharacterAccepted.lean:36:2: Unused tactic linter: `change
  ∀ (m : ℕ) (q z : M6.Character.Vector m), M6.Character.character q z = ∏ i, M6.Character.sign (q i * z i)` does nothing

Note: This linter can be disabled with `set_option linter.unusedTactic false`
warning: M6CharacterAccepted.lean:49:8: `if_pos` has been deprecated: Use `ite_eq_left` instead
warning: M6CharacterAccepted.lean:59:8: `if_neg` has been deprecated: Use `ite_eq_right` instead
warning: M6CharacterAccepted.lean:61:4: `push_neg` has been deprecated. Prefer using `push Not` instead.
If you'd rather continue using `push_neg` in your project, you can implement it as follows:
```
open Lean.Parser.Tactic in
macro "push_neg" cfg:optConfig loc:(location)? : tactic =>
  `(tactic| push $cfg:optConfig Not $[$loc]?)
```
warning: M6CharacterAccepted.lean:42:2: Unused tactic linter: `change
  ∀ (m : ℕ) (D : Submodule (ZMod 2) (M6.Character.Vector m)) (z : M6.Character.Vector m),
    M6.Character.characterSum D z = M6.Character.orthogonalIndicator D z` does nothing

Note: This linter can be disabled with `set_option linter.unusedTactic false`
warning: M6CharacterAccepted.lean:82:2: Unused tactic linter: `change
  ∀ (m : ℕ) (w : Fin m → ZMod 2 → Polynomial ℤ) (q : M6.Character.Vector m),
    M6.Character.localTransform w q =
      ∑ z : M6.Character.Vector m, Polynomial.C (M6.Character.character q z) * ∏ i, w i (z i)` does nothing

Note: This linter can be disabled with `set_option linter.unusedTactic false`
warning: M6CharacterAccepted.lean:92:2: Unused tactic linter: `change
  ∀ (m : ℕ) (D : Submodule (ZMod 2) (M6.Character.Vector m)) (w : Fin m → ZMod 2 → Polynomial ℤ),
    Polynomial.C ((M6.Character.subspaceWords D).card : ℤ) * M6.Character.weightedDual D w =
      M6.Character.weightedTransform D w` does nothing

Note: This linter can be disabled with `set_option linter.unusedTactic false`
Build completed successfully (3009 jobs).
