✔ [7628/7709] Built M6Pinned (5.3s)
✔ [7703/7737] Built M6Physical (5.3s)
✔ [7748/7753] Built M6Cyclic (5.5s)
✔ [7749/7812] Built M6Character (5.9s)
✔ [8711/8735] Built M6PinnedCharacter (5.0s)
⚠ [8712/8735] Built M6CyclicAccepted (6.8s)
warning: M6CyclicAccepted.lean:14:2: Unused tactic linter: `change ∀ F K h : M6.Cyclic.BinaryPolynomial, F ≠ 0 → (F * K ∣ F * h ↔ K ∣ h)` does nothing

Note: This linter can be disabled with `set_option linter.unusedTactic false`
warning: M6CyclicAccepted.lean:30:4: this tactic is never executed

Note: This linter can be disabled with `set_option linter.unreachableTactic false`
warning: M6CyclicAccepted.lean:31:4: this tactic is never executed

Note: This linter can be disabled with `set_option linter.unreachableTactic false`
warning: M6CyclicAccepted.lean:32:4: this tactic is never executed

Note: This linter can be disabled with `set_option linter.unreachableTactic false`
warning: M6CyclicAccepted.lean:23:4: Unused tactic linter: `change
  ∃ p q r, EuclideanDomain.gcd (EuclideanDomain.gcd a b) M = p * a + q * b + r * M` does nothing

Note: This linter can be disabled with `set_option linter.unusedTactic false`
warning: M6CyclicAccepted.lean:30:4: Unused tactic linter: `change
  ∃ p q r, EuclideanDomain.gcd a (EuclideanDomain.gcd b M) = p * a + q * b + r * M` does nothing

Note: This linter can be disabled with `set_option linter.unusedTactic false`
warning: M6CyclicAccepted.lean:31:4: Unused tactic linter: `refine
  ⟨EuclideanDomain.gcdA a (EuclideanDomain.gcd b M),
    EuclideanDomain.gcdB a (EuclideanDomain.gcd b M) * EuclideanDomain.gcdA b M,
    EuclideanDomain.gcdB a (EuclideanDomain.gcd b M) * EuclideanDomain.gcdB b M, ?_⟩` does nothing

Note: This linter can be disabled with `set_option linter.unusedTactic false`
warning: M6CyclicAccepted.lean:32:4: Unused tactic linter: `calc
  _ =
      a * EuclideanDomain.gcdA a (EuclideanDomain.gcd b M) +
        (EuclideanDomain.gcd b M) * EuclideanDomain.gcdB a (EuclideanDomain.gcd b M) :=
    EuclideanDomain.gcd_eq_gcd_ab _ _
  _ = _ := by
    rw [EuclideanDomain.gcd_eq_gcd_ab b M]
    ring` does nothing

Note: This linter can be disabled with `set_option linter.unusedTactic false`
warning: M6CyclicAccepted.lean:39:2: Unused tactic linter: `change
  ∀ a b M : M6.Cyclic.BinaryPolynomial,
    M6.Cyclic.signature a b M ∣ a ∧ M6.Cyclic.signature a b M ∣ b ∧ M6.Cyclic.signature a b M ∣ M` does nothing

Note: This linter can be disabled with `set_option linter.unusedTactic false`
warning: M6CyclicAccepted.lean:45:2: Unused tactic linter: `change
  ∀ a b M h : M6.Cyclic.BinaryPolynomial, (M ∣ a * h ∧ M ∣ b * h) ↔ M ∣ M6.Cyclic.signature a b M * h` does nothing

Note: This linter can be disabled with `set_option linter.unusedTactic false`
warning: M6CyclicAccepted.lean:75:99: This simp argument is unused:
  and_comm

Hint: Omit it from the simp argument list.
  [apply] simp only [M6.Cyclic.boundary, M6.Cyclic.image, Prod.mk.injEq, ← map_mul, AdjoinRoot.mk_eq_zero]

Note: This linter can be disabled with `set_option linter.unusedSimpArgs false`
warning: M6CyclicAccepted.lean:72:2: Unused tactic linter: `change
  ∀ (N : ℕ) (a b h : M6.Cyclic.BinaryPolynomial),
    M6.Cyclic.boundary N a b (M6.Cyclic.image N h) = (0, 0) ↔
      M6.Cyclic.modulus N ∣ M6.Cyclic.signature a b (M6.Cyclic.modulus N) * h` does nothing

Note: This linter can be disabled with `set_option linter.unusedTactic false`
info: M6CyclicAccepted.lean:76:0: 'M6.Cyclic.boundary_is_cycle' depends on axioms: [propext, Classical.choice, Quot.sound]
info: M6CyclicAccepted.lean:77:0: 'M6.Cyclic.kernel_cancellation' depends on axioms: [propext, Classical.choice, Quot.sound]
info: M6CyclicAccepted.lean:78:0: 'M6.Cyclic.signature_bezout' depends on axioms: [propext, Classical.choice, Quot.sound]
info: M6CyclicAccepted.lean:79:0: 'M6.Cyclic.signature_divides' depends on axioms: [propext, Classical.choice, Quot.sound]
info: M6CyclicAccepted.lean:80:0: 'M6.Cyclic.kernel_divisibility' depends on axioms: [propext, Classical.choice, Quot.sound]
info: M6CyclicAccepted.lean:81:0: 'M6.Cyclic.boundary_kernel' depends on axioms: [propext, Classical.choice, Quot.sound]
✔ [8713/8735] Built M6Normalize (5.3s)
⚠ [8714/8735] Built M6PhysicalAccepted (6.0s)
warning: M6PhysicalAccepted.lean:31:26: This simp argument is unused:
  neg_add

Hint: Omit it from the simp argument list.
  [apply] simp [sub_eq_add_neg, add_assoc, add_comm, add_left_comm, mul_assoc, mul_comm, mul_left_comm]

Note: This linter can be disabled with `set_option linter.unusedSimpArgs false`
warning: M6PhysicalAccepted.lean:31:56: This simp argument is unused:
  add_left_comm

Hint: Omit it from the simp argument list.
  [apply] simp [sub_eq_add_neg, neg_add, add_assoc, add_comm, mul_assoc, mul_comm, mul_left_comm]

Note: This linter can be disabled with `set_option linter.unusedSimpArgs false`
warning: M6PhysicalAccepted.lean:32:6: This simp argument is unused:
  mul_assoc

Hint: Omit it from the simp argument list.
  [apply] simp [sub_eq_add_neg, neg_add, add_assoc, add_comm, add_left_comm, mul_comm, mul_left_comm]

Note: This linter can be disabled with `set_option linter.unusedSimpArgs false`
warning: M6PhysicalAccepted.lean:78:2: Unused tactic linter: `change
  ∀ (N : ℕ) (a : M6.Physical.Block N), M6.Physical.rev N (M6.Physical.rev N a) = a` does nothing

Note: This linter can be disabled with `set_option linter.unusedTactic false`
warning: M6PhysicalAccepted.lean:98:2: Unused tactic linter: `change ∀ (N : ℕ) (z : M6.Physical.Word N), M6.Physical.J N (M6.Physical.J N z) = z` does nothing

Note: This linter can be disabled with `set_option linter.unusedTactic false`
warning: M6PhysicalAccepted.lean:121:4: This simp argument is unused:
  Prod.fst

Hint: Omit it from the simp argument list.
  [apply] simp only [M6.Physical.pairing, M6.Physical.J, M6.Physical.boundary, Prod.snd, M6.Physical.conv_adjoint]

Note: This linter can be disabled with `set_option linter.unusedSimpArgs false`
warning: M6PhysicalAccepted.lean:121:14: This simp argument is unused:
  Prod.snd

Hint: Omit it from the simp argument list.
  [apply] simp only [M6.Physical.pairing, M6.Physical.J, M6.Physical.boundary, Prod.fst, M6.Physical.conv_adjoint]

Note: This linter can be disabled with `set_option linter.unusedSimpArgs false`
info: M6PhysicalAccepted.lean:139:0: 'M6.Physical.conv_add' depends on axioms: [propext, Classical.choice, Quot.sound]
info: M6PhysicalAccepted.lean:140:0: 'M6.Physical.conv_adjoint' depends on axioms: [propext, Classical.choice, Quot.sound]
info: M6PhysicalAccepted.lean:141:0: 'M6.Physical.boundary_pairing' depends on axioms: [propext, Classical.choice, Quot.sound]
info: M6PhysicalAccepted.lean:142:0: 'M6.Physical.conv_assoc' depends on axioms: [propext, Classical.choice, Quot.sound]
info: M6PhysicalAccepted.lean:143:0: 'M6.Physical.conv_comm' depends on axioms: [propext, Classical.choice, Quot.sound]
info: M6PhysicalAccepted.lean:144:0: 'M6.Physical.boundary_cycle' depends on axioms: [propext, Classical.choice, Quot.sound]
info: M6PhysicalAccepted.lean:145:0: 'M6.Physical.dot_delta' depends on axioms: [propext, Classical.choice, Quot.sound]
info: M6PhysicalAccepted.lean:146:0: 'M6.Physical.rev_involution' depends on axioms: [propext, Quot.sound]
info: M6PhysicalAccepted.lean:147:0: 'M6.Physical.J_involution' depends on axioms: [propext, Quot.sound]
info: M6PhysicalAccepted.lean:148:0: 'M6.Physical.cycle_orthogonal' depends on axioms: [propext, Classical.choice, Quot.sound]
info: M6PhysicalAccepted.lean:149:0: 'M6.Physical.rev_weight' depends on axioms: [propext, Classical.choice, Quot.sound]
info: M6PhysicalAccepted.lean:150:0: 'M6.Physical.J_weight' depends on axioms: [propext, Classical.choice, Quot.sound]
✔ [8715/8735] Built M6Coordinates (5.9s)
✔ [8716/8735] Built M6Transfer (10s)
✔ [8717/8735] Built M6Flatten (5.2s)
⚠ [8718/8735] Built M6NormalizeAccepted (6.3s)
warning: M6NormalizeAccepted.lean:8:31: This simp argument is unused:
  Polynomial.sum

Hint: Omit it from the simp argument list.
  [apply] simp [M6.Normalize.divide, Polynomial.coeff_sum, Polynomial.coeff_monomial, hd]

Note: This linter can be disabled with `set_option linter.unusedSimpArgs false`
warning: M6NormalizeAccepted.lean:8:47: This simp argument is unused:
  Polynomial.coeff_sum

Hint: Omit it from the simp argument list.
  [apply] simp [M6.Normalize.divide, Polynomial.sum, Polynomial.coeff_monomial, hd]

Note: This linter can be disabled with `set_option linter.unusedSimpArgs false`
warning: M6NormalizeAccepted.lean:8:69: This simp argument is unused:
  Polynomial.coeff_monomial

Hint: Omit it from the simp argument list.
  [apply] simp [M6.Normalize.divide, Polynomial.sum, Polynomial.coeff_sum, hd]

Note: This linter can be disabled with `set_option linter.unusedSimpArgs false`
warning: M6NormalizeAccepted.lean:10:31: This simp argument is unused:
  Polynomial.sum

Hint: Omit it from the simp argument list.
  [apply] simp [M6.Normalize.divide, Polynomial.coeff_sum, Polynomial.coeff_monomial, hd, hz]

Note: This linter can be disabled with `set_option linter.unusedSimpArgs false`
warning: M6NormalizeAccepted.lean:10:47: This simp argument is unused:
  Polynomial.coeff_sum

Hint: Omit it from the simp argument list.
  [apply] simp [M6.Normalize.divide, Polynomial.sum, Polynomial.coeff_monomial, hd, hz]

Note: This linter can be disabled with `set_option linter.unusedSimpArgs false`
warning: M6NormalizeAccepted.lean:10:69: This simp argument is unused:
  Polynomial.coeff_monomial

Hint: Omit it from the simp argument list.
  [apply] simp [M6.Normalize.divide, Polynomial.sum, Polynomial.coeff_sum, hd, hz]

Note: This linter can be disabled with `set_option linter.unusedSimpArgs false`
warning: M6NormalizeAccepted.lean:5:2: Unused tactic linter: `change
  ∀ (k : ℤ) (p : Polynomial ℤ) (d : ℕ), (M6.Normalize.divide k p).coeff d = p.coeff d / k` does nothing

Note: This linter can be disabled with `set_option linter.unusedTactic false`
warning: M6NormalizeAccepted.lean:13:2: Unused tactic linter: `change ∀ (k : ℤ) (p : Polynomial ℤ) (d : ℕ), k ∣ (Polynomial.C k * p).coeff d` does nothing

Note: This linter can be disabled with `set_option linter.unusedTactic false`
warning: M6NormalizeAccepted.lean:19:2: Unused tactic linter: `change
  ∀ (k : ℤ) (p : Polynomial ℤ) (n : ℕ),
    (∀ d, n < d → p.coeff d = 0) → ∀ d, n < d → (M6.Normalize.divide k p).coeff d = 0` does nothing

Note: This linter can be disabled with `set_option linter.unusedTactic false`
warning: M6NormalizeAccepted.lean:29:8: This simp argument is unused:
  Int.mul_ediv_cancel_left

Hint: Omit it from the simp argument list.
  [apply] simp [hk]

Note: This linter can be disabled with `set_option linter.unusedSimpArgs false`
warning: M6NormalizeAccepted.lean:24:2: Unused tactic linter: `change
  ∀ (k : ℤ) (p : Polynomial ℤ), k ≠ 0 → M6.Normalize.divide k (Polynomial.C k * p) = p` does nothing

Note: This linter can be disabled with `set_option linter.unusedTactic false`
info: M6NormalizeAccepted.lean:30:0: 'M6.Normalize.divide_coeff' depends on axioms: [propext, Classical.choice, Quot.sound]
info: M6NormalizeAccepted.lean:31:0: 'M6.Normalize.divide_degree' depends on axioms: [propext, Classical.choice, Quot.sound]
info: M6NormalizeAccepted.lean:32:0: 'M6.Normalize.divide_scaled' depends on axioms: [propext, Classical.choice, Quot.sound]
info: M6NormalizeAccepted.lean:33:0: 'M6.Normalize.scaled_coeff_divisible' depends on axioms: [propext, Classical.choice, Quot.sound]
✔ [8719/8735] Built M6TransferResources (9.8s)
✔ [8720/8735] Built M6TransferTrace (10s)
✔ [8721/8735] Built M6TransferCoefficients (10s)
✔ [8722/8735] Built M6TransferScatter (11s)
⚠ [8723/8735] Built M6TransferResourcesAccepted (14s)
warning: M6TransferResourcesAccepted.lean:4:2: Unused tactic linter: `change
  ∀ R N : ℕ, 0 < N → M6.Transfer.addressLocations R N ≤ 2 ^ (M6.Transfer.addressBits R N)` does nothing

Note: This linter can be disabled with `set_option linter.unusedTactic false`
warning: M6TransferResourcesAccepted.lean:27:34: this tactic is never executed

Note: This linter can be disabled with `set_option linter.unreachableTactic false`
warning: M6TransferResourcesAccepted.lean:27:34: Unused tactic linter: `nlinarith` does nothing

Note: This linter can be disabled with `set_option linter.unusedTactic false`
warning: M6TransferResourcesAccepted.lean:32:45: This simp argument is unused:
  Fintype.card_fun

Hint: Omit it from the simp argument list.
  [apply] simp [M6.Transfer.Memory, M6.Transfer.Bit, ZMod.card]

Note: This linter can be disabled with `set_option linter.unusedSimpArgs false`
warning: M6TransferResourcesAccepted.lean:30:2: Unused tactic linter: `change ∀ R : ℕ, Fintype.card (M6.Transfer.Memory R) = 2 ^ R` does nothing

Note: This linter can be disabled with `set_option linter.unusedTactic false`
warning: M6TransferResourcesAccepted.lean:35:2: Unused tactic linter: `change ∀ R N : ℕ, R < N → M6.Transfer.traceStorageModel R N ≤ 128 * N ^ 2 * 2 ^ R` does nothing

Note: This linter can be disabled with `set_option linter.unusedTactic false`
warning: M6TransferResourcesAccepted.lean:70:2: Unused tactic linter: `change ∀ R N : ℕ, M6.Transfer.traceCoefficientOps R N = 6 * N * (2 * N + 1) * 4 ^ R` does nothing

Note: This linter can be disabled with `set_option linter.unusedTactic false`
warning: M6TransferResourcesAccepted.lean:81:2: Unused tactic linter: `change ∀ R N : ℕ, R < N → M6.Transfer.traceWorkModel R N ≤ 4096 * N ^ 3 * 4 ^ R` does nothing

Note: This linter can be disabled with `set_option linter.unusedTactic false`
info: M6TransferResourcesAccepted.lean:107:0: 'M6.Transfer.address_width' depends on axioms: [propext, Classical.choice, Quot.sound]
info: M6TransferResourcesAccepted.lean:108:0: 'M6.Transfer.coefficient_width' depends on axioms: [propext, Classical.choice, Quot.sound]
info: M6TransferResourcesAccepted.lean:109:0: 'M6.Transfer.state_count' depends on axioms: [propext, Classical.choice, Quot.sound]
info: M6TransferResourcesAccepted.lean:110:0: 'M6.Transfer.scatter_loop_count' depends on axioms: [propext, Classical.choice, Quot.sound]
info: M6TransferResourcesAccepted.lean:111:0: 'M6.Transfer.trace_storage_bound' depends on axioms: [propext, Classical.choice, Quot.sound]
info: M6TransferResourcesAccepted.lean:112:0: 'M6.Transfer.trace_work_bound' depends on axioms: [propext, Classical.choice, Quot.sound]
⚠ [8724/8735] Built M6TransferCoefficientsAccepted (11s)
warning: M6TransferCoefficientsAccepted.lean:22:2: Unused tactic linter: `change
  ∀ p q : Polynomial ℤ,
    M6.Transfer.polynomialMass (p + q) ≤ M6.Transfer.polynomialMass p + M6.Transfer.polynomialMass q` does nothing

Note: This linter can be disabled with `set_option linter.unusedTactic false`
warning: M6TransferCoefficientsAccepted.lean:60:2: Unused tactic linter: `change
  ∀ (I : Type) (s : Finset I) (f : I → Polynomial ℤ),
    M6.Transfer.polynomialMass (∑ i ∈ s, f i) ≤ ∑ i ∈ s, M6.Transfer.polynomialMass (f i)` does nothing

Note: This linter can be disabled with `set_option linter.unusedTactic false`
warning: M6TransferCoefficientsAccepted.lean:72:2: Unused tactic linter: `change
  ∀ p q : Polynomial ℤ,
    M6.Transfer.polynomialMass (p * q) ≤ M6.Transfer.polynomialMass p * M6.Transfer.polynomialMass q` does nothing

Note: This linter can be disabled with `set_option linter.unusedTactic false`
warning: M6TransferCoefficientsAccepted.lean:91:2: Unused tactic linter: `change
  ∀ (R : ℕ) (W : M6.Transfer.Memory R → M6.Transfer.Bit → Polynomial ℤ) (v : M6.Transfer.Memory R → Polynomial ℤ),
    (∀ m t, M6.Transfer.polynomialMass (W m t) ≤ 4) →
      M6.Transfer.rowMass (M6.Transfer.propagate W v) ≤ 8 * M6.Transfer.rowMass v` does nothing

Note: This linter can be disabled with `set_option linter.unusedTactic false`
warning: M6TransferCoefficientsAccepted.lean:136:2: Unused tactic linter: `change
  ∀ (R : ℕ) (W : ℕ → M6.Transfer.Memory R → M6.Transfer.Bit → Polynomial ℤ) (start : M6.Transfer.Memory R) (n : ℕ),
    (∀ i m t, M6.Transfer.polynomialMass (W i m t) ≤ 4) →
      M6.Transfer.rowMass (M6.Transfer.layers W start n) ≤ 8 ^ n` does nothing

Note: This linter can be disabled with `set_option linter.unusedTactic false`
warning: M6TransferCoefficientsAccepted.lean:176:16: This simp argument is unused:
  nsmul_eq_mul

Hint: Omit it from the simp argument list.
  [apply] simp [hc]

Note: This linter can be disabled with `set_option linter.unusedSimpArgs false`
warning: M6TransferCoefficientsAccepted.lean:152:2: Unused tactic linter: `change
  ∀ (R N : ℕ) (W : ℕ → M6.Transfer.Memory R → M6.Transfer.Bit → Polynomial ℤ) (d : ℕ),
    (∀ i m t, M6.Transfer.polynomialMass (W i m t) ≤ 4) →
      ((M6.Transfer.arrayTrace W N).coeff d).natAbs ≤ 2 ^ R * 8 ^ N` does nothing

Note: This linter can be disabled with `set_option linter.unusedTactic false`
info: M6TransferCoefficientsAccepted.lean:177:0: 'M6.Transfer.layers_degree' depends on axioms: [propext, Classical.choice, Quot.sound]
info: M6TransferCoefficientsAccepted.lean:178:0: 'M6.Transfer.mass_add' depends on axioms: [propext, Classical.choice, Quot.sound]
info: M6TransferCoefficientsAccepted.lean:179:0: 'M6.Transfer.mass_basic' depends on axioms: [propext, Classical.choice, Quot.sound]
info: M6TransferCoefficientsAccepted.lean:180:0: 'M6.Transfer.mass_sum' depends on axioms: [propext, Classical.choice, Quot.sound]
info: M6TransferCoefficientsAccepted.lean:181:0: 'M6.Transfer.mass_mul' depends on axioms: [propext, Classical.choice, Quot.sound]
info: M6TransferCoefficientsAccepted.lean:182:0: 'M6.Transfer.propagate_mass' depends on axioms: [propext, Classical.choice, Quot.sound]
info: M6TransferCoefficientsAccepted.lean:183:0: 'M6.Transfer.layers_mass' depends on axioms: [propext, Classical.choice, Quot.sound]
info: M6TransferCoefficientsAccepted.lean:184:0: 'M6.Transfer.trace_coefficient_bound' depends on axioms: [propext, Classical.choice, Quot.sound]
⚠ [8725/8735] Built M6TransferScatterCoreAccepted (11s)
warning: M6TransferScatterCoreAccepted.lean:4:2: Unused tactic linter: `change
  ∀ R N : ℕ,
    Fintype.card (M6.Transfer.Memory R) * N * (M6.Transfer.scatterEventList R N).length =
      M6.Transfer.traceCoefficientOps R N` does nothing

Note: This linter can be disabled with `set_option linter.unusedTactic false`
warning: M6TransferScatterCoreAccepted.lean:23:48: This simp argument is unused:
  Function.update_apply

Hint: Omit it from the simp argument list.
  [apply] simp [M6.Transfer.scatterUpdate, h, ha, Ne.symm ha]

Note: This linter can be disabled with `set_option linter.unusedSimpArgs false`
warning: M6TransferScatterCoreAccepted.lean:41:8: `if_neg` has been deprecated: Use `ite_eq_right` instead
warning: M6TransferScatterCoreAccepted.lean:41:19: `if_neg` has been deprecated: Use `ite_eq_right` instead
warning: M6TransferScatterCoreAccepted.lean:41:30: `if_neg` has been deprecated: Use `ite_eq_right` instead
warning: M6TransferScatterCoreAccepted.lean:48:24: This simp argument is unused:
  Polynomial.coeff_mul_C

Hint: Omit it from the simp argument list.
  [apply] simp

Note: This linter can be disabled with `set_option linter.unusedSimpArgs false`
warning: M6TransferScatterCoreAccepted.lean:26:2: Unused tactic linter: `change ∀ (p q : Polynomial ℤ) (d : ℕ), q.natDegree ≤ 2 → _` does nothing

Note: This linter can be disabled with `set_option linter.unusedTactic false`
warning: M6TransferScatterCoreAccepted.lean:75:4: `Polynomial.finset_sum_coeff` has been deprecated: Use `Polynomial.finsetSum_coeff` instead
warning: M6TransferScatterCoreAccepted.lean:81:29: `if_true` has been deprecated: Use `ite_true` instead
warning: M6TransferScatterCoreAccepted.lean:87:17: `if_pos` has been deprecated: Use `ite_eq_left` instead
warning: M6TransferScatterCoreAccepted.lean:116:12: `if_pos` has been deprecated: Use `ite_eq_left` instead
warning: M6TransferScatterCoreAccepted.lean:120:18: This simp argument is unused:
  eq_comm

Hint: Omit it from the simp argument list.
  [apply] simp [hm]

Note: This linter can be disabled with `set_option linter.unusedSimpArgs false`
warning: M6TransferScatterCoreAccepted.lean:134:6: `Polynomial.finset_sum_coeff` has been deprecated: Use `Polynomial.finsetSum_coeff` instead
info: M6TransferScatterCoreAccepted.lean:139:0: 'M6.Transfer.scatter_event_count' depends on axioms: [propext, Classical.choice, Quot.sound]
info: M6TransferScatterCoreAccepted.lean:140:0: 'M6.Transfer.scatter_prefix_formula' depends on axioms: [propext, Classical.choice, Quot.sound]
info: M6TransferScatterCoreAccepted.lean:141:0: 'M6.Transfer.small_polynomial_convolution' depends on axioms: [propext, Classical.choice, Quot.sound]
info: M6TransferScatterCoreAccepted.lean:142:0: 'M6.Transfer.scatter_polynomial_coeff' depends on axioms: [propext, Classical.choice, Quot.sound]
info: M6TransferScatterCoreAccepted.lean:143:0: 'M6.Transfer.scalar_layers_exact' depends on axioms: [propext, Classical.choice, Quot.sound]
info: M6TransferScatterCoreAccepted.lean:144:0: 'M6.Transfer.scalar_trace_coefficient' depends on axioms: [propext, Classical.choice, Quot.sound]
✔ [8726/8735] Built M6ActualTransfer (11s)
✔ [8727/8735] Built M6TransferActualResources (9.0s)
✔ [8728/8735] Built M6TransferScatterReady (9.1s)
✔ [8729/8735] Built M6TransferFactorBounds (9.9s)
⚠ [8730/8735] Built M6TransferActualResourcesAccepted (19s)
warning: M6TransferActualResourcesAccepted.lean:4:2: Unused tactic linter: `change ∀ R N : ℕ, 2 ^ R * 8 ^ N < 2 ^ (M6.Transfer.coefficientBits R N - 1)` does nothing

Note: This linter can be disabled with `set_option linter.unusedTactic false`
warning: M6TransferActualResourcesAccepted.lean:32:42: This simp argument is unused:
  M6.Transfer.state_count

Hint: Omit it from the simp argument list.
  [apply] simp [M6.Transfer.scatterEventList, M6.Transfer.ScatterEvent, Fintype.card_prod, M6.Transfer.Bit, mul_assoc,
    mul_comm, mul_left_comm]

Note: This linter can be disabled with `set_option linter.unusedSimpArgs false`
warning: M6TransferActualResourcesAccepted.lean:33:6: This simp argument is unused:
  mul_assoc

Hint: Omit it from the simp argument list.
  [apply] simp [M6.Transfer.scatterEventList, M6.Transfer.ScatterEvent, Fintype.card_prod, M6.Transfer.Bit,
    M6.Transfer.state_count, mul_comm, mul_left_comm]

Note: This linter can be disabled with `set_option linter.unusedSimpArgs false`
warning: M6TransferActualResourcesAccepted.lean:33:42: Used `tac1 <;> tac2` where `(tac1; tac2)` would suffice

Note: This linter can be disabled with `set_option linter.unnecessarySeqFocus false`
warning: M6TransferActualResourcesAccepted.lean:13:2: Unused tactic linter: `change ∀ R N : ℕ, R < N → M6.Transfer.actualTraceStorage R N ≤ 4096 * N ^ 2 * 2 ^ R` does nothing

Note: This linter can be disabled with `set_option linter.unusedTactic false`
warning: M6TransferActualResourcesAccepted.lean:54:2: Unused tactic linter: `change ∀ R N : ℕ, R < N → M6.Transfer.actualTraceWork R N ≤ 16384 * N ^ 3 * 4 ^ R` does nothing

Note: This linter can be disabled with `set_option linter.unusedTactic false`
warning: M6TransferActualResourcesAccepted.lean:109:4: Used `tac1 <;> tac2` where `(tac1; tac2)` would suffice

Note: This linter can be disabled with `set_option linter.unnecessarySeqFocus false`
warning: M6TransferActualResourcesAccepted.lean:93:2: Unused tactic linter: `change
  ∀ R N : ℕ, R < N → M6.Transfer.actualTraceStorage R N < 2 ^ (M6.Transfer.actualAddressBits R N)` does nothing

Note: This linter can be disabled with `set_option linter.unusedTactic false`
info: M6TransferActualResourcesAccepted.lean:120:0: 'M6.Transfer.actual_signed_capacity' depends on axioms: [propext, Classical.choice, Quot.sound]
info: M6TransferActualResourcesAccepted.lean:121:0: 'M6.Transfer.actual_trace_storage_bound' depends on axioms: [propext, Classical.choice, Quot.sound]
info: M6TransferActualResourcesAccepted.lean:122:0: 'M6.Transfer.actual_address_capacity' depends on axioms: [propext, Classical.choice, Quot.sound]
info: M6TransferActualResourcesAccepted.lean:123:0: 'M6.Transfer.actual_trace_work_bound' depends on axioms: [propext, Classical.choice, Quot.sound]
⚠ [8731/8735] Built M6TransferScatterAccepted (12s)
warning: M6TransferScatterAccepted.lean:9:41: `Polynomial.finset_sum_coeff` has been deprecated: Use `Polynomial.finsetSum_coeff` instead
warning: M6TransferScatterAccepted.lean:37:32: `Polynomial.finset_sum_coeff` has been deprecated: Use `Polynomial.finsetSum_coeff` instead
warning: M6TransferScatterAccepted.lean:21:47: This simp argument is unused:
  Ne.symm hv

Hint: Omit it from the simp argument list.
  [apply] simp [Polynomial.coeff_monomial, hv]

Note: This linter can be disabled with `set_option linter.unusedSimpArgs false`
warning: M6TransferScatterAccepted.lean:34:43: This simp argument is unused:
  Ne.symm hv

Hint: Omit it from the simp argument list.
  [apply] simp [Polynomial.coeff_monomial, hv]

Note: This linter can be disabled with `set_option linter.unusedSimpArgs false`
warning: M6TransferScatterAccepted.lean:6:2: Unused tactic linter: `change M6.Transfer.scalarTracePolynomial W N = M6.Transfer.arrayTrace W N` does nothing

Note: This linter can be disabled with `set_option linter.unusedTactic false`
info: M6TransferScatterAccepted.lean:43:0: 'M6.Transfer.scalar_trace_polynomial' depends on axioms: [propext, Classical.choice, Quot.sound]
⚠ [8732/8735] Built M6TransferFactorBoundsAccepted (13s)
warning: M6TransferFactorBoundsAccepted.lean:7:44: `if_pos` has been deprecated: Use `ite_eq_left` instead
info: M6TransferFactorBoundsAccepted.lean:79:0: 'M6.Transfer.boundary_factor_bounds' depends on axioms: [propext, Classical.choice, Quot.sound]
info: M6TransferFactorBoundsAccepted.lean:80:0: 'M6.Transfer.boundary_edge_bounds' depends on axioms: [propext, Classical.choice, Quot.sound]
info: M6TransferFactorBoundsAccepted.lean:81:0: 'M6.Transfer.character_factor_bounds' depends on axioms: [propext, Classical.choice, Quot.sound]
info: M6TransferFactorBoundsAccepted.lean:82:0: 'M6.Transfer.character_edge_bounds' depends on axioms: [propext, Classical.choice, Quot.sound]
✔ [8733/8735] Built M6QueryResources (11s)
✔ [8734/8735] Built M6PostSafety (9.8s)
Build completed successfully (8735 jobs).
∀ (R N : ℕ) (z w : ℤ) (j k : ℕ),
  z.natAbs ≤ 2 ^ R * 8 ^ N →
    w.natAbs ≤ 2 ^ R * 8 ^ N → (z / 2 ^ j - w / 2 ^ k).natAbs < 2 ^ (M6.Transfer.queryCoefficientBits R N - 1) : Prop
∀ (N : ℕ) [inst : NeZero N] (a b : M6.ActualTransfer.BP) (P : M6.Pinned.Pins (2 * N)) (d : ℕ),
  ((M6.ActualTransfer.Q N a b P).coeff d).natAbs <
    2 ^ (M6.Transfer.queryCoefficientBits (M6.ActualTransfer.span a b) N - 1) : Prop
