LAUNCHER /home/jing/m6-lean-transfer-trace-formalization/.humanize-formal-runs/trace-replay-6c6qzsbj
Traceback (most recent call last):
  File "/home/jing/quantum_code_discovery_proof/.venv-harness/bin/hmz", line 10, in <module>
    sys.exit(main())
             ^^^^^^
  File "/home/jing/humanize2/src/hmz/cli/__init__.py", line 636, in main
    return (carries or COMMANDS[arguments[0]][0])(arguments[1:])
           ^^^^^^^^^^^^^^^^^^^^^^^^^^^^^^^^^^^^^^^^^^^^^^^^^^^^^
  File "/home/jing/humanize2/src/hmz/cli/__init__.py", line 100, in _exec
    running = hmz.run(path, agents, task, config, container=container)
              ^^^^^^^^^^^^^^^^^^^^^^^^^^^^^^^^^^^^^^^^^^^^^^^^^^^^^^^^
  File "/home/jing/humanize2/src/hmz/sdk/core.py", line 223, in run
    return Run(self.runner(flow, agents, config, resume, container), task)
               ^^^^^^^^^^^^^^^^^^^^^^^^^^^^^^^^^^^^^^^^^^^^^^^^^^^^
  File "/home/jing/humanize2/src/hmz/sdk/core.py", line 194, in runner
    return Runner(flow, agents, config, resume=resume, container=container)
           ^^^^^^^^^^^^^^^^^^^^^^^^^^^^^^^^^^^^^^^^^^^^^^^^^^^^^^^^^^^^^^^^
  File "/home/jing/humanize2/src/hmz/runner.py", line 118, in __init__
    run, places, make, setting, mark = declares(flow)
                                       ^^^^^^^^^^^^^^
  File "/home/jing/humanize2/src/hmz/flows/driving.py", line 487, in declares
    read = loaded(flow)
           ^^^^^^^^^^^^
  File "/home/jing/humanize2/src/hmz/flows/__init__.py", line 520, in loaded
    return runpy.run_path(str(where_))
           ^^^^^^^^^^^^^^^^^^^^^^^^^^^
  File "<frozen runpy>", line 287, in run_path
  File "<frozen runpy>", line 98, in _run_module_code
  File "<frozen runpy>", line 88, in _run_code
  File "/home/jing/m6-trace-replay-flow/__init__.py", line 7, in <module>
    from hmz.flows import Agent, AgentDefaults, flow
  File "<frozen importlib._bootstrap>", line 1412, in _handle_fromlist
  File "/home/jing/humanize2/src/hmz/flows/__init__.py", line 337, in __getattr__
    return getattr(import_module(where_), name)
                   ^^^^^^^^^^^^^^^^^^^^^
  File "/home/jing/.local/share/uv/python/cpython-3.12.14-linux-x86_64-gnu/lib/python3.12/importlib/__init__.py", line 90, in import_module
    return _bootstrap._gcd_import(name[level:], package, level)
           ^^^^^^^^^^^^^^^^^^^^^^^^^^^^^^^^^^^^^^^^^^^^^^^^^^^^
  File "<frozen importlib._bootstrap>", line 1387, in _gcd_import
  File "<frozen importlib._bootstrap>", line 1354, in _find_and_load
NameError: name 'sys' is not defined. Did you forget to import 'sys'?
