⚠ [3007/3013] Replayed M6CyclicAccepted
warning: M6CyclicAccepted.lean:14:2: Unused tactic linter: `change ∀ F K h : M6.Cyclic.BinaryPolynomial, F ≠ 0 → (F * K ∣ F * h ↔ K ∣ h)` does nothing

Note: This linter can be disabled with `set_option linter.unusedTactic false`
warning: M6CyclicAccepted.lean:30:4: this tactic is never executed

Note: This linter can be disabled with `set_option linter.unreachableTactic false`
warning: M6CyclicAccepted.lean:31:4: this tactic is never executed

Note: This linter can be disabled with `set_option linter.unreachableTactic false`
warning: M6CyclicAccepted.lean:32:4: this tactic is never executed

Note: This linter can be disabled with `set_option linter.unreachableTactic false`
warning: M6CyclicAccepted.lean:23:4: Unused tactic linter: `change
  ∃ p q r, EuclideanDomain.gcd (EuclideanDomain.gcd a b) M = p * a + q * b + r * M` does nothing

Note: This linter can be disabled with `set_option linter.unusedTactic false`
warning: M6CyclicAccepted.lean:30:4: Unused tactic linter: `change
  ∃ p q r, EuclideanDomain.gcd a (EuclideanDomain.gcd b M) = p * a + q * b + r * M` does nothing

Note: This linter can be disabled with `set_option linter.unusedTactic false`
warning: M6CyclicAccepted.lean:31:4: Unused tactic linter: `refine
  ⟨EuclideanDomain.gcdA a (EuclideanDomain.gcd b M),
    EuclideanDomain.gcdB a (EuclideanDomain.gcd b M) * EuclideanDomain.gcdA b M,
    EuclideanDomain.gcdB a (EuclideanDomain.gcd b M) * EuclideanDomain.gcdB b M, ?_⟩` does nothing

Note: This linter can be disabled with `set_option linter.unusedTactic false`
warning: M6CyclicAccepted.lean:32:4: Unused tactic linter: `calc
  _ =
      a * EuclideanDomain.gcdA a (EuclideanDomain.gcd b M) +
        (EuclideanDomain.gcd b M) * EuclideanDomain.gcdB a (EuclideanDomain.gcd b M) :=
    EuclideanDomain.gcd_eq_gcd_ab _ _
  _ = _ := by
    rw [EuclideanDomain.gcd_eq_gcd_ab b M]
    ring` does nothing

Note: This linter can be disabled with `set_option linter.unusedTactic false`
warning: M6CyclicAccepted.lean:39:2: Unused tactic linter: `change
  ∀ a b M : M6.Cyclic.BinaryPolynomial,
    M6.Cyclic.signature a b M ∣ a ∧ M6.Cyclic.signature a b M ∣ b ∧ M6.Cyclic.signature a b M ∣ M` does nothing

Note: This linter can be disabled with `set_option linter.unusedTactic false`
warning: M6CyclicAccepted.lean:45:2: Unused tactic linter: `change
  ∀ a b M h : M6.Cyclic.BinaryPolynomial, (M ∣ a * h ∧ M ∣ b * h) ↔ M ∣ M6.Cyclic.signature a b M * h` does nothing

Note: This linter can be disabled with `set_option linter.unusedTactic false`
warning: M6CyclicAccepted.lean:75:99: This simp argument is unused:
  and_comm

Hint: Omit it from the simp argument list.
  [apply] simp only [M6.Cyclic.boundary, M6.Cyclic.image, Prod.mk.injEq, ← map_mul, AdjoinRoot.mk_eq_zero]

Note: This linter can be disabled with `set_option linter.unusedSimpArgs false`
warning: M6CyclicAccepted.lean:72:2: Unused tactic linter: `change
  ∀ (N : ℕ) (a b h : M6.Cyclic.BinaryPolynomial),
    M6.Cyclic.boundary N a b (M6.Cyclic.image N h) = (0, 0) ↔
      M6.Cyclic.modulus N ∣ M6.Cyclic.signature a b (M6.Cyclic.modulus N) * h` does nothing

Note: This linter can be disabled with `set_option linter.unusedTactic false`
info: M6CyclicAccepted.lean:76:0: 'M6.Cyclic.boundary_is_cycle' depends on axioms: [propext, Classical.choice, Quot.sound]
info: M6CyclicAccepted.lean:77:0: 'M6.Cyclic.kernel_cancellation' depends on axioms: [propext, Classical.choice, Quot.sound]
info: M6CyclicAccepted.lean:78:0: 'M6.Cyclic.signature_bezout' depends on axioms: [propext, Classical.choice, Quot.sound]
info: M6CyclicAccepted.lean:79:0: 'M6.Cyclic.signature_divides' depends on axioms: [propext, Classical.choice, Quot.sound]
info: M6CyclicAccepted.lean:80:0: 'M6.Cyclic.kernel_divisibility' depends on axioms: [propext, Classical.choice, Quot.sound]
info: M6CyclicAccepted.lean:81:0: 'M6.Cyclic.boundary_kernel' depends on axioms: [propext, Classical.choice, Quot.sound]
⚠ [8713/8733] Replayed M6PhysicalAccepted
warning: M6PhysicalAccepted.lean:31:26: This simp argument is unused:
  neg_add

Hint: Omit it from the simp argument list.
  [apply] simp [sub_eq_add_neg, add_assoc, add_comm, add_left_comm, mul_assoc, mul_comm, mul_left_comm]

Note: This linter can be disabled with `set_option linter.unusedSimpArgs false`
warning: M6PhysicalAccepted.lean:31:56: This simp argument is unused:
  add_left_comm

Hint: Omit it from the simp argument list.
  [apply] simp [sub_eq_add_neg, neg_add, add_assoc, add_comm, mul_assoc, mul_comm, mul_left_comm]

Note: This linter can be disabled with `set_option linter.unusedSimpArgs false`
warning: M6PhysicalAccepted.lean:32:6: This simp argument is unused:
  mul_assoc

Hint: Omit it from the simp argument list.
  [apply] simp [sub_eq_add_neg, neg_add, add_assoc, add_comm, add_left_comm, mul_comm, mul_left_comm]

Note: This linter can be disabled with `set_option linter.unusedSimpArgs false`
warning: M6PhysicalAccepted.lean:78:2: Unused tactic linter: `change
  ∀ (N : ℕ) (a : M6.Physical.Block N), M6.Physical.rev N (M6.Physical.rev N a) = a` does nothing

Note: This linter can be disabled with `set_option linter.unusedTactic false`
warning: M6PhysicalAccepted.lean:98:2: Unused tactic linter: `change ∀ (N : ℕ) (z : M6.Physical.Word N), M6.Physical.J N (M6.Physical.J N z) = z` does nothing

Note: This linter can be disabled with `set_option linter.unusedTactic false`
warning: M6PhysicalAccepted.lean:121:4: This simp argument is unused:
  Prod.fst

Hint: Omit it from the simp argument list.
  [apply] simp only [M6.Physical.pairing, M6.Physical.J, M6.Physical.boundary, Prod.snd, M6.Physical.conv_adjoint]

Note: This linter can be disabled with `set_option linter.unusedSimpArgs false`
warning: M6PhysicalAccepted.lean:121:14: This simp argument is unused:
  Prod.snd

Hint: Omit it from the simp argument list.
  [apply] simp only [M6.Physical.pairing, M6.Physical.J, M6.Physical.boundary, Prod.fst, M6.Physical.conv_adjoint]

Note: This linter can be disabled with `set_option linter.unusedSimpArgs false`
info: M6PhysicalAccepted.lean:139:0: 'M6.Physical.conv_add' depends on axioms: [propext, Classical.choice, Quot.sound]
info: M6PhysicalAccepted.lean:140:0: 'M6.Physical.conv_adjoint' depends on axioms: [propext, Classical.choice, Quot.sound]
info: M6PhysicalAccepted.lean:141:0: 'M6.Physical.boundary_pairing' depends on axioms: [propext, Classical.choice, Quot.sound]
info: M6PhysicalAccepted.lean:142:0: 'M6.Physical.conv_assoc' depends on axioms: [propext, Classical.choice, Quot.sound]
info: M6PhysicalAccepted.lean:143:0: 'M6.Physical.conv_comm' depends on axioms: [propext, Classical.choice, Quot.sound]
info: M6PhysicalAccepted.lean:144:0: 'M6.Physical.boundary_cycle' depends on axioms: [propext, Classical.choice, Quot.sound]
info: M6PhysicalAccepted.lean:145:0: 'M6.Physical.dot_delta' depends on axioms: [propext, Classical.choice, Quot.sound]
info: M6PhysicalAccepted.lean:146:0: 'M6.Physical.rev_involution' depends on axioms: [propext, Quot.sound]
info: M6PhysicalAccepted.lean:147:0: 'M6.Physical.J_involution' depends on axioms: [propext, Quot.sound]
info: M6PhysicalAccepted.lean:148:0: 'M6.Physical.cycle_orthogonal' depends on axioms: [propext, Classical.choice, Quot.sound]
info: M6PhysicalAccepted.lean:149:0: 'M6.Physical.rev_weight' depends on axioms: [propext, Classical.choice, Quot.sound]
info: M6PhysicalAccepted.lean:150:0: 'M6.Physical.J_weight' depends on axioms: [propext, Classical.choice, Quot.sound]
⚠ [8722/8733] Replayed M6TransferResourcesAccepted
warning: M6TransferResourcesAccepted.lean:4:2: Unused tactic linter: `change
  ∀ R N : ℕ, 0 < N → M6.Transfer.addressLocations R N ≤ 2 ^ (M6.Transfer.addressBits R N)` does nothing

Note: This linter can be disabled with `set_option linter.unusedTactic false`
warning: M6TransferResourcesAccepted.lean:27:34: this tactic is never executed

Note: This linter can be disabled with `set_option linter.unreachableTactic false`
warning: M6TransferResourcesAccepted.lean:27:34: Unused tactic linter: `nlinarith` does nothing

Note: This linter can be disabled with `set_option linter.unusedTactic false`
warning: M6TransferResourcesAccepted.lean:32:45: This simp argument is unused:
  Fintype.card_fun

Hint: Omit it from the simp argument list.
  [apply] simp [M6.Transfer.Memory, M6.Transfer.Bit, ZMod.card]

Note: This linter can be disabled with `set_option linter.unusedSimpArgs false`
warning: M6TransferResourcesAccepted.lean:30:2: Unused tactic linter: `change ∀ R : ℕ, Fintype.card (M6.Transfer.Memory R) = 2 ^ R` does nothing

Note: This linter can be disabled with `set_option linter.unusedTactic false`
warning: M6TransferResourcesAccepted.lean:35:2: Unused tactic linter: `change ∀ R N : ℕ, R < N → M6.Transfer.traceStorageModel R N ≤ 128 * N ^ 2 * 2 ^ R` does nothing

Note: This linter can be disabled with `set_option linter.unusedTactic false`
warning: M6TransferResourcesAccepted.lean:70:2: Unused tactic linter: `change ∀ R N : ℕ, M6.Transfer.traceCoefficientOps R N = 6 * N * (2 * N + 1) * 4 ^ R` does nothing

Note: This linter can be disabled with `set_option linter.unusedTactic false`
warning: M6TransferResourcesAccepted.lean:81:2: Unused tactic linter: `change ∀ R N : ℕ, R < N → M6.Transfer.traceWorkModel R N ≤ 4096 * N ^ 3 * 4 ^ R` does nothing

Note: This linter can be disabled with `set_option linter.unusedTactic false`
info: M6TransferResourcesAccepted.lean:107:0: 'M6.Transfer.address_width' depends on axioms: [propext, Classical.choice, Quot.sound]
info: M6TransferResourcesAccepted.lean:108:0: 'M6.Transfer.coefficient_width' depends on axioms: [propext, Classical.choice, Quot.sound]
info: M6TransferResourcesAccepted.lean:109:0: 'M6.Transfer.state_count' depends on axioms: [propext, Classical.choice, Quot.sound]
info: M6TransferResourcesAccepted.lean:110:0: 'M6.Transfer.scatter_loop_count' depends on axioms: [propext, Classical.choice, Quot.sound]
info: M6TransferResourcesAccepted.lean:111:0: 'M6.Transfer.trace_storage_bound' depends on axioms: [propext, Classical.choice, Quot.sound]
info: M6TransferResourcesAccepted.lean:112:0: 'M6.Transfer.trace_work_bound' depends on axioms: [propext, Classical.choice, Quot.sound]
⚠ [8724/8733] Replayed M6TransferActualResourcesAccepted
warning: M6TransferActualResourcesAccepted.lean:4:2: Unused tactic linter: `change ∀ R N : ℕ, 2 ^ R * 8 ^ N < 2 ^ (M6.Transfer.coefficientBits R N - 1)` does nothing

Note: This linter can be disabled with `set_option linter.unusedTactic false`
warning: M6TransferActualResourcesAccepted.lean:32:42: This simp argument is unused:
  M6.Transfer.state_count

Hint: Omit it from the simp argument list.
  [apply] simp [M6.Transfer.scatterEventList, M6.Transfer.ScatterEvent, Fintype.card_prod, M6.Transfer.Bit, mul_assoc,
    mul_comm, mul_left_comm]

Note: This linter can be disabled with `set_option linter.unusedSimpArgs false`
warning: M6TransferActualResourcesAccepted.lean:33:6: This simp argument is unused:
  mul_assoc

Hint: Omit it from the simp argument list.
  [apply] simp [M6.Transfer.scatterEventList, M6.Transfer.ScatterEvent, Fintype.card_prod, M6.Transfer.Bit,
    M6.Transfer.state_count, mul_comm, mul_left_comm]

Note: This linter can be disabled with `set_option linter.unusedSimpArgs false`
warning: M6TransferActualResourcesAccepted.lean:33:42: Used `tac1 <;> tac2` where `(tac1; tac2)` would suffice

Note: This linter can be disabled with `set_option linter.unnecessarySeqFocus false`
warning: M6TransferActualResourcesAccepted.lean:13:2: Unused tactic linter: `change ∀ R N : ℕ, R < N → M6.Transfer.actualTraceStorage R N ≤ 4096 * N ^ 2 * 2 ^ R` does nothing

Note: This linter can be disabled with `set_option linter.unusedTactic false`
warning: M6TransferActualResourcesAccepted.lean:54:2: Unused tactic linter: `change ∀ R N : ℕ, R < N → M6.Transfer.actualTraceWork R N ≤ 16384 * N ^ 3 * 4 ^ R` does nothing

Note: This linter can be disabled with `set_option linter.unusedTactic false`
warning: M6TransferActualResourcesAccepted.lean:109:4: Used `tac1 <;> tac2` where `(tac1; tac2)` would suffice

Note: This linter can be disabled with `set_option linter.unnecessarySeqFocus false`
warning: M6TransferActualResourcesAccepted.lean:93:2: Unused tactic linter: `change
  ∀ R N : ℕ, R < N → M6.Transfer.actualTraceStorage R N < 2 ^ (M6.Transfer.actualAddressBits R N)` does nothing

Note: This linter can be disabled with `set_option linter.unusedTactic false`
info: M6TransferActualResourcesAccepted.lean:120:0: 'M6.Transfer.actual_signed_capacity' depends on axioms: [propext, Classical.choice, Quot.sound]
info: M6TransferActualResourcesAccepted.lean:121:0: 'M6.Transfer.actual_trace_storage_bound' depends on axioms: [propext, Classical.choice, Quot.sound]
info: M6TransferActualResourcesAccepted.lean:122:0: 'M6.Transfer.actual_address_capacity' depends on axioms: [propext, Classical.choice, Quot.sound]
info: M6TransferActualResourcesAccepted.lean:123:0: 'M6.Transfer.actual_trace_work_bound' depends on axioms: [propext, Classical.choice, Quot.sound]
⚠ [8726/8733] Replayed M6QueryResourcesAccepted
warning: M6QueryResourcesAccepted.lean:20:33: This simp argument is unused:
  M6.Transfer.actualAddressBits

Hint: Omit it from the simp argument list.
  [apply] simp only [M6.Transfer.pairedQueryStorage, M6.Transfer.queryCoefficientBits, M6.Transfer.coefficientBits,
    M6.Transfer.PostEvent, Fintype.card_prod, Fintype.card_fin]

Note: This linter can be disabled with `set_option linter.unusedSimpArgs false`
warning: M6QueryResourcesAccepted.lean:21:4: This simp argument is unused:
  M6.Transfer.PostEvent

Hint: Omit it from the simp argument list.
  [apply] simp only [M6.Transfer.pairedQueryStorage, M6.Transfer.queryCoefficientBits, M6.Transfer.coefficientBits,
    M6.Transfer.actualAddressBits, Fintype.card_prod, Fintype.card_fin]

Note: This linter can be disabled with `set_option linter.unusedSimpArgs false`
warning: M6QueryResourcesAccepted.lean:21:27: This simp argument is unused:
  Fintype.card_prod

Hint: Omit it from the simp argument list.
  [apply] simp only [M6.Transfer.pairedQueryStorage, M6.Transfer.queryCoefficientBits, M6.Transfer.coefficientBits,
    M6.Transfer.actualAddressBits, M6.Transfer.PostEvent, Fintype.card_fin]

Note: This linter can be disabled with `set_option linter.unusedSimpArgs false`
warning: M6QueryResourcesAccepted.lean:21:46: This simp argument is unused:
  Fintype.card_fin

Hint: Omit it from the simp argument list.
  [apply] simp only [M6.Transfer.pairedQueryStorage, M6.Transfer.queryCoefficientBits, M6.Transfer.coefficientBits,
    M6.Transfer.actualAddressBits, M6.Transfer.PostEvent, Fintype.card_prod]

Note: This linter can be disabled with `set_option linter.unusedSimpArgs false`
warning: M6QueryResourcesAccepted.lean:24:4: this tactic is never executed

Note: This linter can be disabled with `set_option linter.unreachableTactic false`
warning: M6QueryResourcesAccepted.lean:28:4: this tactic is never executed

Note: This linter can be disabled with `set_option linter.unreachableTactic false`
warning: M6QueryResourcesAccepted.lean:4:2: Unused tactic linter: `change ∀ R N : ℕ, R < N → M6.Transfer.pairedQueryStorage R N ≤ 8192 * N ^ 2 * 2 ^ R` does nothing

Note: This linter can be disabled with `set_option linter.unusedTactic false`
warning: M6QueryResourcesAccepted.lean:24:4: Unused tactic linter: `simp only [M6.Transfer.actualTraceStorage, M6.Transfer.traceStorageModel,
  M6.Transfer.coefficientBits, M6.Transfer.actualAddressBits, M6.Transfer.addressBits, M6.Transfer.CoefficientAddress,
  Fintype.card_prod, Fintype.card_fin, M6.Transfer.state_count]` does nothing

Note: This linter can be disabled with `set_option linter.unusedTactic false`
warning: M6QueryResourcesAccepted.lean:28:4: Unused tactic linter: `nlinarith` does nothing

Note: This linter can be disabled with `set_option linter.unusedTactic false`
warning: M6QueryResourcesAccepted.lean:45:6: This simp argument is unused:
  M6.Transfer.actualAddressBits

Hint: Omit it from the simp argument list.
  [apply] simp [M6.Transfer.postWork, M6.Transfer.PostEvent, M6.Transfer.queryCoefficientBits,
    M6.Transfer.coefficientBits, M6.Transfer.addressBits]

Note: This linter can be disabled with `set_option linter.unusedSimpArgs false`
warning: M6QueryResourcesAccepted.lean:45:37: This simp argument is unused:
  M6.Transfer.addressBits

Hint: Omit it from the simp argument list.
  [apply] simp [M6.Transfer.postWork, M6.Transfer.PostEvent, M6.Transfer.queryCoefficientBits,
    M6.Transfer.coefficientBits, M6.Transfer.actualAddressBits]

Note: This linter can be disabled with `set_option linter.unusedSimpArgs false`
warning: M6QueryResourcesAccepted.lean:46:4: Used `tac1 <;> tac2` where `(tac1; tac2)` would suffice

Note: This linter can be disabled with `set_option linter.unnecessarySeqFocus false`
warning: M6QueryResourcesAccepted.lean:31:2: Unused tactic linter: `change ∀ R N : ℕ, R < N → M6.Transfer.pairedQueryWork R N ≤ 40000 * N ^ 3 * 4 ^ R` does nothing

Note: This linter can be disabled with `set_option linter.unusedTactic false`
warning: M6QueryResourcesAccepted.lean:53:31: This simp argument is unused:
  M6.Transfer.Bit

Hint: Omit it from the simp argument list.
  [apply] simp [M6.Transfer.PostEvent, Fintype.card_prod]

Note: This linter can be disabled with `set_option linter.unusedSimpArgs false`
warning: M6QueryResourcesAccepted.lean:53:67: Used `tac1 <;> tac2` where `(tac1; tac2)` would suffice

Note: This linter can be disabled with `set_option linter.unnecessarySeqFocus false`
warning: M6QueryResourcesAccepted.lean:51:2: Unused tactic linter: `change ∀ N : ℕ, Fintype.card (M6.Transfer.PostEvent N) = 4 * (2 * N + 1)` does nothing

Note: This linter can be disabled with `set_option linter.unusedTactic false`
warning: M6QueryResourcesAccepted.lean:69:34: This simp argument is unused:
  M6.Transfer.pinMaintenanceWork

Hint: Omit it from the simp argument list.
  [apply] simp [M6.Transfer.distanceWork, M6.Transfer.PostEvent, M6.Transfer.queryCoefficientBits,
    M6.Transfer.coefficientBits, M6.Transfer.actualAddressBits, M6.Transfer.addressBits]

Note: This linter can be disabled with `set_option linter.unusedSimpArgs false`
warning: M6QueryResourcesAccepted.lean:70:4: This simp argument is unused:
  M6.Transfer.PostEvent

Hint: Omit it from the simp argument list.
  [apply] simp [M6.Transfer.distanceWork, M6.Transfer.pinMaintenanceWork, M6.Transfer.queryCoefficientBits,
    M6.Transfer.coefficientBits, M6.Transfer.actualAddressBits, M6.Transfer.addressBits]

Note: This linter can be disabled with `set_option linter.unusedSimpArgs false`
warning: M6QueryResourcesAccepted.lean:70:27: This simp argument is unused:
  M6.Transfer.queryCoefficientBits

Hint: Omit it from the simp argument list.
  [apply] simp [M6.Transfer.distanceWork, M6.Transfer.pinMaintenanceWork, M6.Transfer.PostEvent,
    M6.Transfer.coefficientBits, M6.Transfer.actualAddressBits, M6.Transfer.addressBits]

Note: This linter can be disabled with `set_option linter.unusedSimpArgs false`
warning: M6QueryResourcesAccepted.lean:71:4: This simp argument is unused:
  M6.Transfer.coefficientBits

Hint: Omit it from the simp argument list.
  [apply] simp [M6.Transfer.distanceWork, M6.Transfer.pinMaintenanceWork, M6.Transfer.PostEvent,
    M6.Transfer.queryCoefficientBits, M6.Transfer.actualAddressBits, M6.Transfer.addressBits]

Note: This linter can be disabled with `set_option linter.unusedSimpArgs false`
warning: M6QueryResourcesAccepted.lean:71:33: This simp argument is unused:
  M6.Transfer.actualAddressBits

Hint: Omit it from the simp argument list.
  [apply] simp [M6.Transfer.distanceWork, M6.Transfer.pinMaintenanceWork, M6.Transfer.PostEvent,
    M6.Transfer.queryCoefficientBits, M6.Transfer.coefficientBits, M6.Transfer.addressBits]

Note: This linter can be disabled with `set_option linter.unusedSimpArgs false`
warning: M6QueryResourcesAccepted.lean:72:4: This simp argument is unused:
  M6.Transfer.addressBits

Hint: Omit it from the simp argument list.
  [apply] simp [M6.Transfer.distanceWork, M6.Transfer.pinMaintenanceWork, M6.Transfer.PostEvent,
    M6.Transfer.queryCoefficientBits, M6.Transfer.coefficientBits, M6.Transfer.actualAddressBits]

Note: This linter can be disabled with `set_option linter.unusedSimpArgs false`
warning: M6QueryResourcesAccepted.lean:73:2: Used `tac1 <;> tac2` where `(tac1; tac2)` would suffice

Note: This linter can be disabled with `set_option linter.unnecessarySeqFocus false`
warning: M6QueryResourcesAccepted.lean:56:2: Unused tactic linter: `change
  ∀ R N e : ℕ, R < N → e ≤ 180 * (N + 1) ^ 3 → M6.Transfer.distanceWork R N e ≤ 50000 * N ^ 3 * 4 ^ R` does nothing

Note: This linter can be disabled with `set_option linter.unusedTactic false`
warning: M6QueryResourcesAccepted.lean:88:39: This simp argument is unused:
  M6.Transfer.queryCoefficientBits

Hint: Omit it from the simp argument list.
  [apply] simp only [M6.Transfer.solveStorage, M6.Transfer.coefficientBits, M6.Transfer.actualAddressBits,
    M6.Transfer.PostEvent, Fintype.card_prod, Fintype.card_fin]

Note: This linter can be disabled with `set_option linter.unusedSimpArgs false`
warning: M6QueryResourcesAccepted.lean:89:4: This simp argument is unused:
  M6.Transfer.coefficientBits

Hint: Omit it from the simp argument list.
  [apply] simp only [M6.Transfer.solveStorage, M6.Transfer.queryCoefficientBits, M6.Transfer.actualAddressBits,
    M6.Transfer.PostEvent, Fintype.card_prod, Fintype.card_fin]

Note: This linter can be disabled with `set_option linter.unusedSimpArgs false`
warning: M6QueryResourcesAccepted.lean:89:33: This simp argument is unused:
  M6.Transfer.actualAddressBits

Hint: Omit it from the simp argument list.
  [apply] simp only [M6.Transfer.solveStorage, M6.Transfer.queryCoefficientBits, M6.Transfer.coefficientBits,
    M6.Transfer.PostEvent, Fintype.card_prod, Fintype.card_fin]

Note: This linter can be disabled with `set_option linter.unusedSimpArgs false`
warning: M6QueryResourcesAccepted.lean:90:4: This simp argument is unused:
  M6.Transfer.PostEvent

Hint: Omit it from the simp argument list.
  [apply] simp only [M6.Transfer.solveStorage, M6.Transfer.queryCoefficientBits, M6.Transfer.coefficientBits,
    M6.Transfer.actualAddressBits, Fintype.card_prod, Fintype.card_fin]

Note: This linter can be disabled with `set_option linter.unusedSimpArgs false`
warning: M6QueryResourcesAccepted.lean:90:27: This simp argument is unused:
  Fintype.card_prod

Hint: Omit it from the simp argument list.
  [apply] simp only [M6.Transfer.solveStorage, M6.Transfer.queryCoefficientBits, M6.Transfer.coefficientBits,
    M6.Transfer.actualAddressBits, M6.Transfer.PostEvent, Fintype.card_fin]

Note: This linter can be disabled with `set_option linter.unusedSimpArgs false`
warning: M6QueryResourcesAccepted.lean:90:46: This simp argument is unused:
  Fintype.card_fin

Hint: Omit it from the simp argument list.
  [apply] simp only [M6.Transfer.solveStorage, M6.Transfer.queryCoefficientBits, M6.Transfer.coefficientBits,
    M6.Transfer.actualAddressBits, M6.Transfer.PostEvent, Fintype.card_prod]

Note: This linter can be disabled with `set_option linter.unusedSimpArgs false`
warning: M6QueryResourcesAccepted.lean:76:2: Unused tactic linter: `change
  ∀ R N slots : ℕ,
    R < N → slots ≤ 512 * (N + 1) ^ 2 → M6.Transfer.solveStorage R N slots ≤ 16384 * N ^ 2 * 2 ^ R` does nothing

Note: This linter can be disabled with `set_option linter.unusedTactic false`
warning: M6QueryResourcesAccepted.lean:129:33: This simp argument is unused:
  M6.Transfer.distanceWork

Hint: Omit it from the simp argument list.
  [apply] simp [M6.Transfer.witnessWork, M6.Transfer.pinMaintenanceWork, M6.Transfer.queryCoefficientBits,
    M6.Transfer.coefficientBits, M6.Transfer.actualAddressBits, M6.Transfer.addressBits]

Note: This linter can be disabled with `set_option linter.unusedSimpArgs false`
warning: M6QueryResourcesAccepted.lean:131:33: This simp argument is unused:
  M6.Transfer.actualAddressBits

Hint: Omit it from the simp argument list.
  [apply] simp [M6.Transfer.witnessWork, M6.Transfer.distanceWork, M6.Transfer.pinMaintenanceWork,
    M6.Transfer.queryCoefficientBits, M6.Transfer.coefficientBits, M6.Transfer.addressBits]

Note: This linter can be disabled with `set_option linter.unusedSimpArgs false`
warning: M6QueryResourcesAccepted.lean:132:4: This simp argument is unused:
  M6.Transfer.addressBits

Hint: Omit it from the simp argument list.
  [apply] simp [M6.Transfer.witnessWork, M6.Transfer.distanceWork, M6.Transfer.pinMaintenanceWork,
    M6.Transfer.queryCoefficientBits, M6.Transfer.coefficientBits, M6.Transfer.actualAddressBits]

Note: This linter can be disabled with `set_option linter.unusedSimpArgs false`
warning: M6QueryResourcesAccepted.lean:133:2: Used `tac1 <;> tac2` where `(tac1; tac2)` would suffice

Note: This linter can be disabled with `set_option linter.unnecessarySeqFocus false`
warning: M6QueryResourcesAccepted.lean:94:2: Unused tactic linter: `change
  ∀ R N e k : ℕ,
    R < N → e ≤ 180 * (N + 1) ^ 3 → k ≤ 2 * N → M6.Transfer.witnessWork R N e k ≤ 200000 * N ^ 4 * 4 ^ R` does nothing

Note: This linter can be disabled with `set_option linter.unusedTactic false`
info: M6QueryResourcesAccepted.lean:134:0: 'M6.Transfer.paired_storage_bound' depends on axioms: [propext, Classical.choice, Quot.sound]
info: M6QueryResourcesAccepted.lean:135:0: 'M6.Transfer.paired_work_bound' depends on axioms: [propext, Classical.choice, Quot.sound]
info: M6QueryResourcesAccepted.lean:136:0: 'M6.Transfer.distance_work_bound' depends on axioms: [propext, Classical.choice, Quot.sound]
info: M6QueryResourcesAccepted.lean:137:0: 'M6.Transfer.post_event_count' depends on axioms: [propext, Classical.choice, Quot.sound]
info: M6QueryResourcesAccepted.lean:138:0: 'M6.Transfer.solve_storage_bound' depends on axioms: [propext, Classical.choice, Quot.sound]
info: M6QueryResourcesAccepted.lean:139:0: 'M6.Transfer.witness_work_bound' depends on axioms: [propext, Classical.choice, Quot.sound]
⚠ [8730/8733] Built M6EuclidAccepted (17s)
warning: M6EuclidAccepted.lean:4:2: Unused tactic linter: `change ∀ p : M6.Euclid.BP, (p ≠ 0 → p.Monic) ∧ normalize p = p` does nothing

Note: This linter can be disabled with `set_option linter.unusedTactic false`
warning: M6EuclidAccepted.lean:23:67: This simp argument is unused:
  add_assoc

Hint: Omit it from the simp argument list.
  [apply] simp [M6.Euclid.cancel, sub_eq_add_neg, add_comm, add_left_comm]

Note: This linter can be disabled with `set_option linter.unusedSimpArgs false`
warning: M6EuclidAccepted.lean:20:2: Unused tactic linter: `change ∀ p q : M6.Euclid.BP, M6.Euclid.cancel p q % q = p % q` does nothing

Note: This linter can be disabled with `set_option linter.unusedTactic false`
warning: M6EuclidAccepted.lean:26:2: Unused tactic linter: `change
  ∀ (N : ℕ) (p q : M6.Euclid.BP),
    M6.Euclid.rank p ≤ N + 1 →
      M6.Euclid.rank q ≤ N + 1 → M6.Euclid.dense N p = M6.Euclid.dense N q → p = q` does nothing

Note: This linter can be disabled with `set_option linter.unusedTactic false`
warning: M6EuclidAccepted.lean:51:2: Unused tactic linter: `change
  ∀ (width : ℕ) (p : M6.Euclid.BP),
    M6.Euclid.rank p ≤ width → M6.Euclid.scanRank width p = M6.Euclid.rank p` does nothing

Note: This linter can be disabled with `set_option linter.unusedTactic false`
warning: M6EuclidAccepted.lean:84:2: Unused tactic linter: `change
  ∀ p q : M6.Euclid.BP,
    (M6.Euclid.rank p < M6.Euclid.rank q ↔ p.degree < q.degree) ∧
      (M6.Euclid.rank p ≤ M6.Euclid.rank q ↔ p.degree ≤ q.degree)` does nothing

Note: This linter can be disabled with `set_option linter.unusedTactic false`
warning: M6EuclidAccepted.lean:107:39: This simp argument is unused:
  Nat.add_assoc

Hint: Omit it from the simp argument list.
  [apply] simp [ih, Nat.mul_add, Nat.add_comm, Nat.add_left_comm]

Note: This linter can be disabled with `set_option linter.unusedSimpArgs false`
warning: M6EuclidAccepted.lean:97:2: Unused tactic linter: `change
  ∀ (fuel : ℕ) (p q : M6.Euclid.BP),
    (M6.Euclid.remainderAux fuel p q).passes = 2 * (M6.Euclid.remainderAux fuel p q).cancellations + 1` does nothing

Note: This linter can be disabled with `set_option linter.unusedTactic false`
warning: M6EuclidAccepted.lean:110:2: Unused tactic linter: `change
  ∀ width : ℕ,
    M6.Euclid.scanCost width = width * (6 * width + 4) ∧
      (0 < width → M6.Euclid.scanCost width ≤ 10 * width ^ 2)` does nothing

Note: This linter can be disabled with `set_option linter.unusedTactic false`
warning: M6EuclidAccepted.lean:131:2: Unused tactic linter: `change
  ∀ p q : M6.Euclid.BP,
    p ≠ 0 → q ≠ 0 → q.degree ≤ p.degree → M6.Euclid.rank (M6.Euclid.cancel p q) < M6.Euclid.rank p` does nothing

Note: This linter can be disabled with `set_option linter.unusedTactic false`
warning: M6EuclidAccepted.lean:145:32: This simp argument is unused:
  mul_comm

Hint: Omit it from the simp argument list.
  [apply] simp [M6.Euclid.cancel, hl, mul_left_comm, mul_assoc]

Note: This linter can be disabled with `set_option linter.unusedSimpArgs false`
warning: M6EuclidAccepted.lean:145:42: This simp argument is unused:
  mul_left_comm

Hint: Omit it from the simp argument list.
  [apply] simp [M6.Euclid.cancel, hl, mul_comm, mul_assoc]

Note: This linter can be disabled with `set_option linter.unusedSimpArgs false`
warning: M6EuclidAccepted.lean:145:57: This simp argument is unused:
  mul_assoc

Hint: Omit it from the simp argument list.
  [apply] simp [M6.Euclid.cancel, hl, mul_comm, mul_left_comm]

Note: This linter can be disabled with `set_option linter.unusedSimpArgs false`
warning: M6EuclidAccepted.lean:140:2: Unused tactic linter: `change ∀ (N : ℕ) (p q : M6.Euclid.BP), p ≠ 0 → _` does nothing

Note: This linter can be disabled with `set_option linter.unusedTactic false`
warning: M6EuclidAccepted.lean:163:136: Used `tac1 <;> tac2` where `(tac1; tac2)` would suffice

Note: This linter can be disabled with `set_option linter.unnecessarySeqFocus false`
warning: M6EuclidAccepted.lean:153:2: Unused tactic linter: `change
  ∀ (fuel : ℕ) (p q : M6.Euclid.BP),
    (M6.Euclid.euclidAux fuel p q).passes =
      2 * (M6.Euclid.euclidAux fuel p q).cancellations + 3 * (M6.Euclid.euclidAux fuel p q).rounds + 1` does nothing

Note: This linter can be disabled with `set_option linter.unusedTactic false`
warning: M6EuclidAccepted.lean:166:2: Unused tactic linter: `change ∀ p q : M6.Euclid.BP, EuclideanDomain.gcd q p = GCDMonoid.gcd p q` does nothing

Note: This linter can be disabled with `set_option linter.unusedTactic false`
warning: M6EuclidAccepted.lean:181:59: this tactic is never executed

Note: This linter can be disabled with `set_option linter.unreachableTactic false`
warning: M6EuclidAccepted.lean:179:2: Unused tactic linter: `change
  ∀ p q : M6.Euclid.BP,
    (M6.Euclid.euclid p q).passes =
      2 * (M6.Euclid.euclid p q).cancellations + 3 * (M6.Euclid.euclid p q).rounds + 2` does nothing

Note: This linter can be disabled with `set_option linter.unusedTactic false`
warning: M6EuclidAccepted.lean:181:59: Unused tactic linter: `omega` does nothing

Note: This linter can be disabled with `set_option linter.unusedTactic false`
warning: M6EuclidAccepted.lean:184:2: Unused tactic linter: `change
  ∀ (fuel : ℕ) (p q : M6.Euclid.BP),
    M6.Euclid.rank p ≤ fuel →
      (M6.Euclid.remainderAux fuel p q).value = p % q ∧
        (M6.Euclid.remainderAux fuel p q).cancellations + M6.Euclid.rank (M6.Euclid.remainderAux fuel p q).value ≤
          M6.Euclid.rank p` does nothing

Note: This linter can be disabled with `set_option linter.unusedTactic false`
warning: M6EuclidAccepted.lean:216:2: Unused tactic linter: `change
  ∀ (fuel : ℕ) (p q : M6.Euclid.BP) (width : ℕ),
    M6.Euclid.rank p ≤ width → M6.Euclid.rank q ≤ width → M6.Euclid.remainderSafe fuel p q width` does nothing

Note: This linter can be disabled with `set_option linter.unusedTactic false`
warning: M6EuclidAccepted.lean:238:2: Unused tactic linter: `change
  ∀ p q : M6.Euclid.BP,
    (M6.Euclid.remainder p q).value = p % q ∧
      (M6.Euclid.remainder p q).cancellations + M6.Euclid.rank (M6.Euclid.remainder p q).value ≤ M6.Euclid.rank p ∧
        (q ≠ 0 → M6.Euclid.rank (M6.Euclid.remainder p q).value < M6.Euclid.rank q)` does nothing

Note: This linter can be disabled with `set_option linter.unusedTactic false`
warning: M6EuclidAccepted.lean:260:82: This simp argument is unused:
  (M6.Euclid.binary_normalization p).2

Hint: Omit it from the simp argument list.
  [apply] simp [M6.Euclid.euclidAux, M6.Euclid.rank, EuclideanDomain.gcd_zero_left]

Note: This linter can be disabled with `set_option linter.unusedSimpArgs false`
warning: M6EuclidAccepted.lean:250:2: Unused tactic linter: `change
  ∀ (fuel : ℕ) (p q : M6.Euclid.BP),
    M6.Euclid.rank q < fuel →
      (M6.Euclid.euclidAux fuel p q).value = EuclideanDomain.gcd q p ∧
        (M6.Euclid.euclidAux fuel p q).cancellations + M6.Euclid.rank (M6.Euclid.euclidAux fuel p q).value ≤
            M6.Euclid.rank p + M6.Euclid.rank q ∧
          (M6.Euclid.euclidAux fuel p q).rounds ≤ M6.Euclid.rank q` does nothing

Note: This linter can be disabled with `set_option linter.unusedTactic false`
warning: M6EuclidAccepted.lean:279:6: try 'simp' instead of 'simpa'

Note: This linter can be disabled with `set_option linter.unnecessarySimpa false`
warning: M6EuclidAccepted.lean:283:8: try 'simp' instead of 'simpa'

Note: This linter can be disabled with `set_option linter.unnecessarySimpa false`
warning: M6EuclidAccepted.lean:274:2: Unused tactic linter: `change
  ∀ (fuel : ℕ) (p q : M6.Euclid.BP),
    M6.Euclid.rank (M6.Euclid.euclidAux fuel p q).value ≤ max (M6.Euclid.rank p) (M6.Euclid.rank q)` does nothing

Note: This linter can be disabled with `set_option linter.unusedTactic false`
warning: M6EuclidAccepted.lean:291:2: Unused tactic linter: `change
  ∀ (fuel : ℕ) (p q : M6.Euclid.BP) (width : ℕ),
    M6.Euclid.rank p ≤ width → M6.Euclid.rank q ≤ width → M6.Euclid.euclidSafe fuel p q width` does nothing

Note: This linter can be disabled with `set_option linter.unusedTactic false`
warning: M6EuclidAccepted.lean:311:2: Unused tactic linter: `change
  ∀ p q : M6.Euclid.BP,
    (M6.Euclid.euclid p q).value = GCDMonoid.gcd p q ∧
      (M6.Euclid.euclid p q).cancellations ≤ M6.Euclid.rank p + M6.Euclid.rank q ∧
        (M6.Euclid.euclid p q).rounds ≤ M6.Euclid.rank q` does nothing

Note: This linter can be disabled with `set_option linter.unusedTactic false`
warning: M6EuclidAccepted.lean:320:2: Unused tactic linter: `change
  ∀ (N : ℕ) (p q : M6.Euclid.BP),
    p.natDegree ≤ N →
      q.natDegree ≤ N →
        M6.Euclid.bitCost N p q ≤ 90 * (N + 1) ^ 3 ∧
          M6.Euclid.euclidSafe (M6.Euclid.rank q + 1) p q (N + 1)` does nothing

Note: This linter can be disabled with `set_option linter.unusedTactic false`
warning: M6EuclidAccepted.lean:346:2: Unused tactic linter: `change
  ∀ (N : ℕ) (a b M : M6.Euclid.BP),
    a.natDegree ≤ N →
      b.natDegree ≤ N →
        M.natDegree ≤ N →
          (M6.Euclid.preprocess a b M).value = GCDMonoid.gcd (GCDMonoid.gcd a b) M ∧
            M6.Euclid.preprocessBitCost N a b M ≤ 180 * (N + 1) ^ 3` does nothing

Note: This linter can be disabled with `set_option linter.unusedTactic false`
info: M6EuclidAccepted.lean:373:0: 'M6.Euclid.binary_normalization' depends on axioms: [propext, Classical.choice, Quot.sound]
info: M6EuclidAccepted.lean:374:0: 'M6.Euclid.cancel_mod' depends on axioms: [propext, Classical.choice, Quot.sound]
info: M6EuclidAccepted.lean:375:0: 'M6.Euclid.dense_cancel' depends on axioms: [propext, Classical.choice, Quot.sound]
info: M6EuclidAccepted.lean:376:0: 'M6.Euclid.dense_injective' depends on axioms: [propext, Classical.choice, Quot.sound]
info: M6EuclidAccepted.lean:377:0: 'M6.Euclid.dense_rank' depends on axioms: [propext, Classical.choice, Quot.sound]
info: M6EuclidAccepted.lean:378:0: 'M6.Euclid.normalized_gcd' depends on axioms: [propext, Classical.choice, Quot.sound]
info: M6EuclidAccepted.lean:379:0: 'M6.Euclid.rank_order' depends on axioms: [propext, Classical.choice, Quot.sound]
info: M6EuclidAccepted.lean:380:0: 'M6.Euclid.cancel_drop' depends on axioms: [propext, Classical.choice, Quot.sound]
info: M6EuclidAccepted.lean:381:0: 'M6.Euclid.remainder_aux_correct' depends on axioms: [propext, Classical.choice, Quot.sound]
info: M6EuclidAccepted.lean:382:0: 'M6.Euclid.remainder_correct' depends on axioms: [propext, Classical.choice, Quot.sound]
info: M6EuclidAccepted.lean:383:0: 'M6.Euclid.euclid_aux_correct' depends on axioms: [propext, Classical.choice, Quot.sound]
info: M6EuclidAccepted.lean:384:0: 'M6.Euclid.euclid_correct' depends on axioms: [propext, Classical.choice, Quot.sound]
info: M6EuclidAccepted.lean:385:0: 'M6.Euclid.euclid_output_width' depends on axioms: [propext, Classical.choice, Quot.sound]
info: M6EuclidAccepted.lean:386:0: 'M6.Euclid.remainder_passes' depends on axioms: [propext, Classical.choice, Quot.sound]
info: M6EuclidAccepted.lean:387:0: 'M6.Euclid.euclid_aux_passes' depends on axioms: [propext, Classical.choice, Quot.sound]
info: M6EuclidAccepted.lean:388:0: 'M6.Euclid.euclid_passes' depends on axioms: [propext, Classical.choice, Quot.sound]
info: M6EuclidAccepted.lean:389:0: 'M6.Euclid.remainder_safe' depends on axioms: [propext, Classical.choice, Quot.sound]
info: M6EuclidAccepted.lean:390:0: 'M6.Euclid.euclid_safe' depends on axioms: [propext, Classical.choice, Quot.sound]
info: M6EuclidAccepted.lean:391:0: 'M6.Euclid.scan_cost' depends on axioms: [propext, Classical.choice, Quot.sound]
info: M6EuclidAccepted.lean:392:0: 'M6.Euclid.bit_cost_bound' depends on axioms: [propext, Classical.choice, Quot.sound]
info: M6EuclidAccepted.lean:393:0: 'M6.Euclid.preprocess_correct_cost' depends on axioms: [propext, Classical.choice, Quot.sound]
⚠ [8731/8733] Built M6EuclidStorageAccepted (22s)
warning: M6EuclidStorageAccepted.lean:5:2: Unused tactic linter: `change
  ∀ (width v : ℕ), v ≤ 32 * width → v < 2 ^ (M6.EuclidStorage.registerBits width)` does nothing

Note: This linter can be disabled with `set_option linter.unusedTactic false`
warning: M6EuclidStorageAccepted.lean:17:150: Used `tac1 <;> tac2` where `(tac1; tac2)` would suffice

Note: This linter can be disabled with `set_option linter.unnecessarySeqFocus false`
warning: M6EuclidStorageAccepted.lean:14:2: Unused tactic linter: `change
  ∀ N : ℕ,
    M6.EuclidStorage.polynomialSlots.length = 4 ∧
      M6.EuclidStorage.controlSlots.length = 16 ∧
        M6.EuclidStorage.actualPreprocessStorage N ≤ 512 * (N + 1) ^ 2` does nothing

Note: This linter can be disabled with `set_option linter.unusedTactic false`
warning: M6EuclidStorageAccepted.lean:33:41: This simp argument is unused:
  Nat.add_left_comm

Hint: Omit it from the simp argument list.
  [apply] simp_all [Nat.add_assoc, Nat.add_comm]

Note: This linter can be disabled with `set_option linter.unusedSimpArgs false`
warning: M6EuclidStorageAccepted.lean:52:60: This simp argument is unused:
  List.mem_singleton

Hint: Omit it from the simp argument list.
  [apply] simp only [M6.EuclidStorage.controlValues, List.mem_cons, List.not_mem_nil, or_false, M6.Euclid.rank] at hv

Note: This linter can be disabled with `set_option linter.unusedSimpArgs false`
warning: M6EuclidStorageAccepted.lean:48:2: Unused tactic linter: `change
  ∀ (width : ℕ) (s : M6.EuclidStorage.Slots) (fuel c e t : ℕ),
    M6.EuclidStorage.slotsFit width s →
      fuel ≤ 32 * width →
        c ≤ 32 * width →
          e ≤ 32 * width →
            t ≤ 32 * width →
              ∀ v ∈ M6.EuclidStorage.controlValues s fuel c e t,
                v < 2 ^ M6.EuclidStorage.registerBits width` does nothing

Note: This linter can be disabled with `set_option linter.unusedTactic false`
warning: M6EuclidStorageAccepted.lean:77:14: `if_false` has been deprecated: Use `ite_false` instead
warning: M6EuclidStorageAccepted.lean:124:35: This simp argument is unused:
  ite_true

Hint: Omit it from the simp argument list.
  [apply] simp only [hw, hq, hd, ite_false, false_or, or_false, false_and, and_false, true_and, and_true,
    not_false_eq_true]

Note: This linter can be disabled with `set_option linter.unusedSimpArgs false`
warning: M6EuclidStorageAccepted.lean:124:56: This simp argument is unused:
  false_or

Hint: Omit it from the simp argument list.
  [apply] simp only [hw, hq, hd, ite_true, ite_false, or_false, false_and, and_false, true_and, and_true,
    not_false_eq_true]

Note: This linter can be disabled with `set_option linter.unusedSimpArgs false`
warning: M6EuclidStorageAccepted.lean:125:14: This simp argument is unused:
  false_and

Hint: Omit it from the simp argument list.
  [apply] simp only [hw, hq, hd, ite_true, ite_false, false_or, or_false, and_false, true_and, and_true,
    not_false_eq_true]

Note: This linter can be disabled with `set_option linter.unusedSimpArgs false`
warning: M6EuclidStorageAccepted.lean:125:25: This simp argument is unused:
  and_false

Hint: Omit it from the simp argument list.
  [apply] simp only [hw, hq, hd, ite_true, ite_false, false_or, or_false, false_and, true_and, and_true,
    not_false_eq_true]

Note: This linter can be disabled with `set_option linter.unusedSimpArgs false`
warning: M6EuclidStorageAccepted.lean:125:36: This simp argument is unused:
  true_and

Hint: Omit it from the simp argument list.
  [apply] simp only [hw, hq, hd, ite_true, ite_false, false_or, or_false, false_and, and_false, and_true,
    not_false_eq_true]

Note: This linter can be disabled with `set_option linter.unusedSimpArgs false`
warning: M6EuclidStorageAccepted.lean:125:46: This simp argument is unused:
  and_true

Hint: Omit it from the simp argument list.
  [apply] simp only [hw, hq, hd, ite_true, ite_false, false_or, or_false, false_and, and_false, true_and,
    not_false_eq_true]

Note: This linter can be disabled with `set_option linter.unusedSimpArgs false`
warning: M6EuclidStorageAccepted.lean:125:56: This simp argument is unused:
  not_false_eq_true

Hint: Omit it from the simp argument list.
  [apply] simp only [hw, hq, hd, ite_true, ite_false, false_or, or_false, false_and, and_false, true_and, and_true]

Note: This linter can be disabled with `set_option linter.unusedSimpArgs false`
warning: M6EuclidStorageAccepted.lean:172:46: This simp argument is unused:
  hp

Hint: Omit it from the simp argument list.
  [apply] simp only [M6.EuclidStorage.slotsFit, hq', hsaved, hwork, hcancel, hpasses, M6.Euclid.remainder, Nat.zero_add,
    Nat.add_zero, hz] at hs ⊢

Note: This linter can be disabled with `set_option linter.unusedSimpArgs false`
warning: M6EuclidStorageAccepted.lean:173:35: This simp argument is unused:
  M6.Euclid.remainder

Hint: Omit it from the simp argument list.
  [apply] simp only [M6.EuclidStorage.slotsFit, hp, hq', hsaved, hwork, hcancel, hpasses, Nat.zero_add, Nat.add_zero,
    hz] at hs ⊢

Note: This linter can be disabled with `set_option linter.unusedSimpArgs false`
warning: M6EuclidStorageAccepted.lean:174:24: This simp argument is unused:
  Nat.add_zero

Hint: Omit it from the simp argument list.
  [apply] simp only [M6.EuclidStorage.slotsFit, hp, hq', hsaved, hwork, hcancel, hpasses, M6.Euclid.remainder,
    Nat.zero_add, hz] at hs ⊢

Note: This linter can be disabled with `set_option linter.unusedSimpArgs false`
warning: M6EuclidStorageAccepted.lean:174:38: This simp argument is unused:
  hz

Hint: Omit it from the simp argument list.
  [apply] simp only [M6.EuclidStorage.slotsFit, hp, hq', hsaved, hwork, hcancel, hpasses, M6.Euclid.remainder,
    Nat.zero_add, Nat.add_zero] at hs ⊢

Note: This linter can be disabled with `set_option linter.unusedSimpArgs false`
warning: M6EuclidStorageAccepted.lean:182:37: This simp argument is unused:
  M6.Euclid.remainder

Hint: Omit it from the simp argument list.
  [apply] simp only [M6.EuclidStorage.slotsFit, hp, hq', hsaved, hwork, hcancel, hpasses, Nat.zero_add, Nat.add_zero,
    hz] at *

Note: This linter can be disabled with `set_option linter.unusedSimpArgs false`
warning: M6EuclidStorageAccepted.lean:183:26: This simp argument is unused:
  Nat.add_zero

Hint: Omit it from the simp argument list.
  [apply] simp only [M6.EuclidStorage.slotsFit, hp, hq', hsaved, hwork, hcancel, hpasses, M6.Euclid.remainder,
    Nat.zero_add, hz] at *

Note: This linter can be disabled with `set_option linter.unusedSimpArgs false`
warning: M6EuclidStorageAccepted.lean:232:18: This simp argument is unused:
  Nat.add_zero

Hint: Omit it from the simp argument list.
  [apply] simp only [M6.EuclidStorage.toRun, M6.EuclidStorage.offset, Nat.zero_add] at hv hc he ht

Note: This linter can be disabled with `set_option linter.unusedSimpArgs false`
warning: M6EuclidStorageAccepted.lean:238:24: This simp argument is unused:
  Nat.add_assoc

Hint: Omit it from the simp argument list.
  [apply] simp [M6.Euclid.preprocess, M6.EuclidStorage.offset, hs, hv, hc, he, ht, Nat.add_left_comm, Nat.add_comm]

Note: This linter can be disabled with `set_option linter.unusedSimpArgs false`
warning: M6EuclidStorageAccepted.lean:238:39: This simp argument is unused:
  Nat.add_left_comm

Hint: Omit it from the simp argument list.
  [apply] simp [M6.Euclid.preprocess, M6.EuclidStorage.offset, hs, hv, hc, he, ht, Nat.add_assoc, Nat.add_comm]

Note: This linter can be disabled with `set_option linter.unusedSimpArgs false`
warning: M6EuclidStorageAccepted.lean:238:58: This simp argument is unused:
  Nat.add_comm

Hint: Omit it from the simp argument list.
  [apply] simp [M6.Euclid.preprocess, M6.EuclidStorage.offset, hs, hv, hc, he, ht, Nat.add_assoc, Nat.add_left_comm]

Note: This linter can be disabled with `set_option linter.unusedSimpArgs false`
warning: M6EuclidStorageAccepted.lean:279:18: This simp argument is unused:
  Nat.add_zero

Hint: Omit it from the simp argument list.
  [apply] simp only [M6.EuclidStorage.toRun, M6.EuclidStorage.offset, Nat.zero_add] at hv hc he ht

Note: This linter can be disabled with `set_option linter.unusedSimpArgs false`
info: M6EuclidStorageAccepted.lean:295:0: 'M6.EuclidStorage.control_encoding' depends on axioms: [propext, Quot.sound]
info: M6EuclidStorageAccepted.lean:296:0: 'M6.EuclidStorage.control_values_fit' depends on axioms: [propext, Classical.choice, Quot.sound]
info: M6EuclidStorageAccepted.lean:297:0: 'M6.EuclidStorage.layout_bound' depends on axioms: [propext, Classical.choice, Quot.sound]
info: M6EuclidStorageAccepted.lean:298:0: 'M6.EuclidStorage.rem_loop_refines' depends on axioms: [propext, Classical.choice, Quot.sound]
info: M6EuclidStorageAccepted.lean:299:0: 'M6.EuclidStorage.gcd_loop_refines' depends on axioms: [propext, Classical.choice, Quot.sound]
info: M6EuclidStorageAccepted.lean:300:0: 'M6.EuclidStorage.gcd_start_refines' depends on axioms: [propext, Classical.choice, Quot.sound]
info: M6EuclidStorageAccepted.lean:301:0: 'M6.EuclidStorage.preprocess_refines' depends on axioms: [propext, Classical.choice, Quot.sound]
info: M6EuclidStorageAccepted.lean:302:0: 'M6.EuclidStorage.rem_loop_safe' depends on axioms: [propext, Classical.choice, Quot.sound]
info: M6EuclidStorageAccepted.lean:303:0: 'M6.EuclidStorage.gcd_loop_safe' depends on axioms: [propext, Classical.choice, Quot.sound]
info: M6EuclidStorageAccepted.lean:304:0: 'M6.EuclidStorage.gcd_start_safe' depends on axioms: [propext, Classical.choice, Quot.sound]
info: M6EuclidStorageAccepted.lean:305:0: 'M6.EuclidStorage.preprocess_safe' depends on axioms: [propext, Classical.choice, Quot.sound]
info: M6EuclidStorageAccepted.lean:306:0: 'M6.EuclidStorage.slots_encoding' depends on axioms: [propext, Classical.choice, Quot.sound]
info: M6EuclidStorageAccepted.lean:307:0: 'M6.EuclidStorage.preprocess_storage' depends on axioms: [propext, Classical.choice, Quot.sound]
✔ [8732/8733] Built M6SolveStorageReady (9.7s)
Build completed successfully (8733 jobs).
∀ (N : ℕ) [NeZero N] (a b : M6.ActualTransfer.BP),
  M6.ActualTransfer.span a b < N →
    M6.ActualTransfer.actualSolveStorage N a b ≤ 16384 * N ^ 2 * 2 ^ M6.ActualTransfer.span a b : Prop
