✔ [8707/8797] Built M5Foundation (5.1s)
✔ [8708/8797] Built M7Factorized (6.1s)
✔ [8709/8797] Built M7Supports (6.2s)
✔ [8710/8797] Built M6Cyclic (6.8s)
✔ [8711/8797] Built M5BinaryRecovery (6.7s)
✔ [8712/8797] Built M7OrbitFibers (6.0s)
✔ [8713/8797] Built M5Packing (4.4s)
✔ [8714/8797] Built M5IntegerMobius (4.5s)
✔ [8715/8797] Built M5FiniteExclusion (4.6s)
✔ [8716/8797] Built M5Period (4.9s)
✔ [8717/8797] Built M5Binomial (4.9s)
✔ [8718/8797] Built M5CRT (5.4s)
✔ [8719/8797] Built M5Character (5.4s)
⚠ [8720/8797] Built M5StageOne (6.9s)
warning: M5StageOne.lean:4:2: Unused tactic linter: `change ∀ (w T : ℕ), 2 ≤ w → 0 < T → T < M5.packingCutoff w T` does nothing

Note: This linter can be disabled with `set_option linter.unusedTactic false`
warning: M5StageOne.lean:25:40: This simp argument is unused:
  Nat.mul_mod

Hint: Omit it from the simp argument list.
  [apply] simp [M5.packedExponent, Nat.add_mod, Nat.mod_eq_of_lt hr]

Note: This linter can be disabled with `set_option linter.unusedSimpArgs false`
warning: M5StageOne.lean:23:2: Unused tactic linter: `change ∀ (T r j : ℕ), r < T → M5.packedExponent T r j % T = r` does nothing

Note: This linter can be disabled with `set_option linter.unusedTactic false`
warning: M5StageOne.lean:28:2: Unused tactic linter: `change ∀ (T E j : ℕ), T ∣ E → T ∣ T + j * E` does nothing

Note: This linter can be disabled with `set_option linter.unusedTactic false`
warning: M5StageOne.lean:33:2: Unused tactic linter: `change
  ∀ (total excluded included : ℕ), total = excluded + included → 0 < total → excluded = 0 → 0 < included` does nothing

Note: This linter can be disabled with `set_option linter.unusedTactic false`
warning: M5StageOne.lean:38:2: Unused tactic linter: `change ∀ (w T e k : ℕ), 0 < T → w ≤ k → w * T ≤ e + k * T` does nothing

Note: This linter can be disabled with `set_option linter.unusedTactic false`
warning: M5StageOne.lean:43:2: Unused tactic linter: `change
  ∀ (w T E N : ℕ), N < M5.packingCutoff w T + E → E ≤ 2 ^ (w * T) → N < M5.birthBound w T` does nothing

Note: This linter can be disabled with `set_option linter.unusedTactic false`
warning: M5StageOne.lean:50:2: Unused tactic linter: `change
  ∀ (T r s j k : ℕ), r < T → s < T → M5.packedExponent T r j = M5.packedExponent T s k → r = s ∧ j = k` does nothing

Note: This linter can be disabled with `set_option linter.unusedTactic false`
warning: M5StageOne.lean:65:2: Unused tactic linter: `change
  ∀ (w T r j e k : ℕ), r < T → j < w → w ≤ k → M5.packedExponent T r j ≠ e + k * T` does nothing

Note: This linter can be disabled with `set_option linter.unusedTactic false`
✔ [8721/8797] Built M7CanonicalBlock (11s)
✔ [8722/8797] Built M7CyclicSubstitution (5.0s)
✔ [8723/8797] Built M7Action (12s)
⚠ [8724/8797] Built M7FactorizedAccepted (8.1s)
warning: M7FactorizedAccepted.lean:22:39: This simp argument is unused:
  Nat.mul_comm

Hint: Omit it from the simp argument list.
  [apply] simp [← Finset.sum_filter]

Note: This linter can be disabled with `set_option linter.unusedSimpArgs false`
warning: M7FactorizedAccepted.lean:44:31: This simp argument is unused:
  h

Hint: Omit it from the simp argument list.
  [apply] simp

Note: This linter can be disabled with `set_option linter.unusedSimpArgs false`
warning: M7FactorizedAccepted.lean:56:31: This simp argument is unused:
  h

Hint: Omit it from the simp argument list.
  [apply] simp

Note: This linter can be disabled with `set_option linter.unusedSimpArgs false`
info: M7FactorizedAccepted.lean:73:0: 'M7.Factorized.pair_count' depends on axioms: [propext, Classical.choice, Quot.sound]
info: M7FactorizedAccepted.lean:74:0: 'M7.Factorized.numerator_record_card' depends on axioms: [propext, Classical.choice, Quot.sound]
info: M7FactorizedAccepted.lean:75:0: 'M7.Factorized.exact_target_card' depends on axioms: [propext, Classical.choice, Quot.sound]
info: M7FactorizedAccepted.lean:76:0: 'M7.Factorized.exact_target_positive' depends on axioms: [propext, Classical.choice, Quot.sound]
info: M7FactorizedAccepted.lean:77:0: 'M7.Factorized.left_partition' depends on axioms: [propext, Classical.choice, Quot.sound]
info: M7FactorizedAccepted.lean:78:0: 'M7.Factorized.right_partition' depends on axioms: [propext, Classical.choice, Quot.sound]
⚠ [8725/8797] Built M7SupportsAccepted (8.0s)
warning: M7SupportsAccepted.lean:9:8: `if_pos` has been deprecated: Use `ite_eq_left` instead
warning: M7SupportsAccepted.lean:20:8: `if_neg` has been deprecated: Use `ite_eq_right` instead
warning: M7SupportsAccepted.lean:17:36: This simp argument is unused:
  hjn

Hint: Omit it from the simp argument list.
  [apply] simp [Polynomial.coeff_X_pow, Ne.symm hjn]

Note: This linter can be disabled with `set_option linter.unusedSimpArgs false`
warning: M7SupportsAccepted.lean:26:34: This simp argument is unused:
  hin

Hint: Omit it from the simp argument list.
  [apply] simp [Polynomial.coeff_X_pow, Ne.symm hin]

Note: This linter can be disabled with `set_option linter.unusedSimpArgs false`
warning: M7SupportsAccepted.lean:35:15: `if_pos` has been deprecated: Use `ite_eq_left` instead
warning: M7SupportsAccepted.lean:35:27: `if_pos` has been deprecated: Use `ite_eq_left` instead
warning: M7SupportsAccepted.lean:40:15: `if_neg` has been deprecated: Use `ite_eq_right` instead
warning: M7SupportsAccepted.lean:40:28: `if_neg` has been deprecated: Use `ite_eq_right` instead
info: M7SupportsAccepted.lean:82:0: 'M7.Supports.coefficient' depends on axioms: [propext, Classical.choice, Quot.sound]
info: M7SupportsAccepted.lean:83:0: 'M7.Supports.indicator_coefficient' depends on axioms: [propext, Classical.choice, Quot.sound]
info: M7SupportsAccepted.lean:84:0: 'M7.Supports.anchor' depends on axioms: [propext, Classical.choice, Quot.sound]
info: M7SupportsAccepted.lean:85:0: 'M7.Supports.support' depends on axioms: [propext, Classical.choice, Quot.sound]
info: M7SupportsAccepted.lean:86:0: 'M7.Supports.degree_lt' depends on axioms: [propext, Classical.choice, Quot.sound]
info: M7SupportsAccepted.lean:87:0: 'M7.Supports.support_card' depends on axioms: [propext, Classical.choice, Quot.sound]
⚠ [8726/8797] Built M5BinaryRecoveryAccepted (7.5s)
warning: M5BinaryRecoveryAccepted.lean:10:46: This simp argument is unused:
  Nat.add_assoc

Hint: Omit it from the simp argument list.
  [apply] simp [ih, List.length_append, Nat.add_comm, Nat.add_left_comm]

Note: This linter can be disabled with `set_option linter.unusedSimpArgs false`
warning: M5BinaryRecoveryAccepted.lean:4:2: Unused tactic linter: `change
  ∀ (c : List Bool → ℤ) (p : List Bool) (n : ℕ), (M5.BinaryRecovery.recover c p n).length = p.length + n` does nothing

Note: This linter can be disabled with `set_option linter.unusedTactic false`
warning: M5BinaryRecoveryAccepted.lean:13:2: Unused tactic linter: `change
  ∀ (c : List Bool → ℤ) (p : List Bool) (n : ℕ),
    (∀ q : List Bool, q.length < p.length + n → c q = c (q ++ [false]) + c (q ++ [true])) →
      0 < c p → 0 < c (M5.BinaryRecovery.recover c p n)` does nothing

Note: This linter can be disabled with `set_option linter.unusedTactic false`
warning: M5BinaryRecoveryAccepted.lean:33:2: Unused tactic linter: `change
  ∀ (c : List Bool → ℤ) (Valid : List Bool → Prop) (m : ℕ),
    (∀ q : List Bool, q.length < m → c q = c (q ++ [false]) + c (q ++ [true])) →
      (∀ q : List Bool, q.length = m → 0 < c q → Valid q) →
        0 < c [] →
          (M5.BinaryRecovery.recover c [] m).length = m ∧ Valid (M5.BinaryRecovery.recover c [] m)` does nothing

Note: This linter can be disabled with `set_option linter.unusedTactic false`
info: M5BinaryRecoveryAccepted.lean:41:0: 'M5.BinaryRecovery.recover_length' depends on axioms: [propext]
info: M5BinaryRecoveryAccepted.lean:42:0: 'M5.BinaryRecovery.recover_positive' depends on axioms: [propext, Quot.sound]
info: M5BinaryRecoveryAccepted.lean:43:0: 'M5.BinaryRecovery.recover_valid' depends on axioms: [propext, Quot.sound]
ℹ [8727/8797] Built M7OrbitFibersAccepted (7.9s)
info: M7OrbitFibersAccepted.lean:153:0: 'M7.OrbitFibers.action_partition' depends on axioms: [propext, Classical.choice, Quot.sound]
info: M7OrbitFibersAccepted.lean:154:0: 'M7.OrbitFibers.fiber_equiv' depends on axioms: [propext, Classical.choice, Quot.sound]
info: M7OrbitFibersAccepted.lean:155:0: 'M7.OrbitFibers.fiber_count' depends on axioms: [propext, Classical.choice, Quot.sound]
info: M7OrbitFibersAccepted.lean:156:0: 'M7.OrbitFibers.action_count_product' depends on axioms: [propext, Classical.choice, Quot.sound]
info: M7OrbitFibersAccepted.lean:157:0: 'M7.OrbitFibers.orbit_partition' depends on axioms: [propext, Classical.choice, Quot.sound]
info: M7OrbitFibersAccepted.lean:158:0: 'M7.OrbitFibers.stabilizer_positive' depends on axioms: [propext, Classical.choice, Quot.sound]
info: M7OrbitFibersAccepted.lean:159:0: 'M7.OrbitFibers.orbit_count_div' depends on axioms: [propext, Classical.choice, Quot.sound]
⚠ [8728/8797] Built M6CyclicAccepted (8.2s)
warning: M6CyclicAccepted.lean:14:2: Unused tactic linter: `change ∀ F K h : M6.Cyclic.BinaryPolynomial, F ≠ 0 → (F * K ∣ F * h ↔ K ∣ h)` does nothing

Note: This linter can be disabled with `set_option linter.unusedTactic false`
warning: M6CyclicAccepted.lean:30:4: this tactic is never executed

Note: This linter can be disabled with `set_option linter.unreachableTactic false`
warning: M6CyclicAccepted.lean:31:4: this tactic is never executed

Note: This linter can be disabled with `set_option linter.unreachableTactic false`
warning: M6CyclicAccepted.lean:32:4: this tactic is never executed

Note: This linter can be disabled with `set_option linter.unreachableTactic false`
warning: M6CyclicAccepted.lean:23:4: Unused tactic linter: `change
  ∃ p q r, EuclideanDomain.gcd (EuclideanDomain.gcd a b) M = p * a + q * b + r * M` does nothing

Note: This linter can be disabled with `set_option linter.unusedTactic false`
warning: M6CyclicAccepted.lean:30:4: Unused tactic linter: `change
  ∃ p q r, EuclideanDomain.gcd a (EuclideanDomain.gcd b M) = p * a + q * b + r * M` does nothing

Note: This linter can be disabled with `set_option linter.unusedTactic false`
warning: M6CyclicAccepted.lean:31:4: Unused tactic linter: `refine
  ⟨EuclideanDomain.gcdA a (EuclideanDomain.gcd b M),
    EuclideanDomain.gcdB a (EuclideanDomain.gcd b M) * EuclideanDomain.gcdA b M,
    EuclideanDomain.gcdB a (EuclideanDomain.gcd b M) * EuclideanDomain.gcdB b M, ?_⟩` does nothing

Note: This linter can be disabled with `set_option linter.unusedTactic false`
warning: M6CyclicAccepted.lean:32:4: Unused tactic linter: `calc
  _ =
      a * EuclideanDomain.gcdA a (EuclideanDomain.gcd b M) +
        (EuclideanDomain.gcd b M) * EuclideanDomain.gcdB a (EuclideanDomain.gcd b M) :=
    EuclideanDomain.gcd_eq_gcd_ab _ _
  _ = _ := by
    rw [EuclideanDomain.gcd_eq_gcd_ab b M]
    ring` does nothing

Note: This linter can be disabled with `set_option linter.unusedTactic false`
warning: M6CyclicAccepted.lean:39:2: Unused tactic linter: `change
  ∀ a b M : M6.Cyclic.BinaryPolynomial,
    M6.Cyclic.signature a b M ∣ a ∧ M6.Cyclic.signature a b M ∣ b ∧ M6.Cyclic.signature a b M ∣ M` does nothing

Note: This linter can be disabled with `set_option linter.unusedTactic false`
warning: M6CyclicAccepted.lean:45:2: Unused tactic linter: `change
  ∀ a b M h : M6.Cyclic.BinaryPolynomial, (M ∣ a * h ∧ M ∣ b * h) ↔ M ∣ M6.Cyclic.signature a b M * h` does nothing

Note: This linter can be disabled with `set_option linter.unusedTactic false`
warning: M6CyclicAccepted.lean:75:99: This simp argument is unused:
  and_comm

Hint: Omit it from the simp argument list.
  [apply] simp only [M6.Cyclic.boundary, M6.Cyclic.image, Prod.mk.injEq, ← map_mul, AdjoinRoot.mk_eq_zero]

Note: This linter can be disabled with `set_option linter.unusedSimpArgs false`
warning: M6CyclicAccepted.lean:72:2: Unused tactic linter: `change
  ∀ (N : ℕ) (a b h : M6.Cyclic.BinaryPolynomial),
    M6.Cyclic.boundary N a b (M6.Cyclic.image N h) = (0, 0) ↔
      M6.Cyclic.modulus N ∣ M6.Cyclic.signature a b (M6.Cyclic.modulus N) * h` does nothing

Note: This linter can be disabled with `set_option linter.unusedTactic false`
info: M6CyclicAccepted.lean:76:0: 'M6.Cyclic.boundary_is_cycle' depends on axioms: [propext, Classical.choice, Quot.sound]
info: M6CyclicAccepted.lean:77:0: 'M6.Cyclic.kernel_cancellation' depends on axioms: [propext, Classical.choice, Quot.sound]
info: M6CyclicAccepted.lean:78:0: 'M6.Cyclic.signature_bezout' depends on axioms: [propext, Classical.choice, Quot.sound]
info: M6CyclicAccepted.lean:79:0: 'M6.Cyclic.signature_divides' depends on axioms: [propext, Classical.choice, Quot.sound]
info: M6CyclicAccepted.lean:80:0: 'M6.Cyclic.kernel_divisibility' depends on axioms: [propext, Classical.choice, Quot.sound]
info: M6CyclicAccepted.lean:81:0: 'M6.Cyclic.boundary_kernel' depends on axioms: [propext, Classical.choice, Quot.sound]
⚠ [8729/8797] Built M5QuotientFinite (4.0s)
warning: M5QuotientFinite.lean:6:2: Try this: 
  letI̵

The goal is a proposition, so `let` is preferred over `letI`.
The difference between `let` and `letI` is that `letI` inlines the value.
But this is not relevant for proofs because of proof irrelevance.

Note: This linter can be disabled with `set_option linter.style.haveILetI false`
warning: M5QuotientFinite.lean:4:2: Unused tactic linter: `change ∀ (F : M5.BinaryPolynomial), F.Monic → Finite (AdjoinRoot F)` does nothing

Note: This linter can be disabled with `set_option linter.unusedTactic false`
✔ [8730/8797] Built M5Lift (3.5s)
⚠ [8731/8797] Built M5PackingInjective (6.3s)
warning: M5PackingInjective.lean:18:4: Try `simp at hi` instead of `simpa using hi`

Note: This linter can be disabled with `set_option linter.unnecessarySimpa false`
warning: M5PackingInjective.lean:4:2: Unused tactic linter: `change
  ∀ (w T : ℕ) (r : Fin w → Fin T) (i j : Fin w),
    i < j → r i = r j → M5.Packing.occurrenceTag r i < M5.Packing.occurrenceTag r j` does nothing

Note: This linter can be disabled with `set_option linter.unusedTactic false`
warning: M5PackingInjective.lean:23:45: This simp argument is unused:
  Nat.mul_mod

Hint: Omit it from the simp argument list.
  [apply] simp [M5.Packing.packedValue, Nat.add_mod, Nat.mod_eq_of_lt (r i).isLt]

Note: This linter can be disabled with `set_option linter.unusedSimpArgs false`
warning: M5PackingInjective.lean:21:2: Unused tactic linter: `change
  ∀ (w T : ℕ) (r : Fin w → Fin T) (i : Fin w), M5.Packing.packedValue r i % T = (r i).val` does nothing

Note: This linter can be disabled with `set_option linter.unusedTactic false`
warning: M5PackingInjective.lean:26:2: Unused tactic linter: `change
  ∀ (w T : ℕ) (r : Fin w → Fin T), Function.Injective (M5.Packing.packedValue r)` does nothing

Note: This linter can be disabled with `set_option linter.unusedTactic false`
✔ [8732/8797] Built M5Cardinality (3.6s)
ℹ [8733/8797] Built M7CyclicSubstitutionAccepted (7.6s)
info: M7CyclicSubstitutionAccepted.lean:71:0: 'M7.CyclicSubstitution.hom_polynomial' depends on axioms: [propext, Classical.choice, Quot.sound]
info: M7CyclicSubstitutionAccepted.lean:72:0: 'M7.CyclicSubstitution.hom_root' depends on axioms: [propext, Classical.choice, Quot.sound]
info: M7CyclicSubstitutionAccepted.lean:73:0: 'M7.CyclicSubstitution.root_power' depends on axioms: [propext, Classical.choice, Quot.sound]
info: M7CyclicSubstitutionAccepted.lean:74:0: 'M7.CyclicSubstitution.point_root' depends on axioms: [propext, Classical.choice, Quot.sound]
info: M7CyclicSubstitutionAccepted.lean:75:0: 'M7.CyclicSubstitution.power_mod' depends on axioms: [propext, Classical.choice, Quot.sound]
info: M7CyclicSubstitutionAccepted.lean:76:0: 'M7.CyclicSubstitution.point_mul' depends on axioms: [propext, Classical.choice, Quot.sound]
info: M7CyclicSubstitutionAccepted.lean:77:0: 'M7.CyclicSubstitution.point_one' depends on axioms: [propext, Classical.choice, Quot.sound]
info: M7CyclicSubstitutionAccepted.lean:78:0: 'M7.CyclicSubstitution.point_inverse' depends on axioms: [propext, Classical.choice, Quot.sound]
✔ [8734/8797] Built M5SupportPolynomial (5.0s)
✔ [8735/8797] Built M7SignatureIdeal (5.0s)
✔ [8736/8797] Built M7DescentTrace (7.1s)
⚠ [8737/8797] Built M7CanonicalBlockAccepted (11s)
warning: M7CanonicalBlockAccepted.lean:12:35: `dif_pos` has been deprecated: Use `dite_eq_left` instead
warning: M7CanonicalBlockAccepted.lean:29:8: `dif_pos` has been deprecated: Use `dite_eq_left` instead
warning: M7CanonicalBlockAccepted.lean:102:8: `dif_pos` has been deprecated: Use `dite_eq_left` instead
info: M7CanonicalBlockAccepted.lean:152:0: 'M7.CanonicalBlock.best_anchor_member' depends on axioms: [propext, Classical.choice, Quot.sound]
info: M7CanonicalBlockAccepted.lean:153:0: 'M7.CanonicalBlock.best_key_agrees' depends on axioms: [propext, Classical.choice, Quot.sound]
info: M7CanonicalBlockAccepted.lean:154:0: 'M7.CanonicalBlock.decode_key' depends on axioms: [propext, Classical.choice, Quot.sound]
info: M7CanonicalBlockAccepted.lean:155:0: 'M7.CanonicalBlock.key_injective' depends on axioms: [propext, Classical.choice, Quot.sound]
info: M7CanonicalBlockAccepted.lean:156:0: 'M7.CanonicalBlock.normalize_anchor' depends on axioms: [propext, Classical.choice, Quot.sound]
info: M7CanonicalBlockAccepted.lean:157:0: 'M7.CanonicalBlock.normalize_minimal' depends on axioms: [propext, Classical.choice, Quot.sound]
info: M7CanonicalBlockAccepted.lean:158:0: 'M7.CanonicalBlock.shift_add' depends on axioms: [propext, Classical.choice, Quot.sound]
info: M7CanonicalBlockAccepted.lean:159:0: 'M7.CanonicalBlock.anchor_keys_shift' depends on axioms: [propext, Classical.choice, Quot.sound]
info: M7CanonicalBlockAccepted.lean:160:0: 'M7.CanonicalBlock.shift_card' depends on axioms: [propext, Classical.choice, Quot.sound]
info: M7CanonicalBlockAccepted.lean:161:0: 'M7.CanonicalBlock.normalize_card' depends on axioms: [propext, Classical.choice, Quot.sound]
info: M7CanonicalBlockAccepted.lean:162:0: 'M7.CanonicalBlock.normalize_shift' depends on axioms: [propext, Classical.choice, Quot.sound]
info: M7CanonicalBlockAccepted.lean:163:0: 'M7.CanonicalBlock.shift_identity' depends on axioms: [propext, Classical.choice, Quot.sound]
info: M7CanonicalBlockAccepted.lean:164:0: 'M7.CanonicalBlock.translation_complete' depends on axioms: [propext, Classical.choice, Quot.sound]
✔ [8738/8797] Built M7QuotientAuto (5.2s)
ℹ [8739/8797] Built M7SignatureIdealAccepted (6.2s)
info: M7SignatureIdealAccepted.lean:102:0: 'M7.SignatureIdeal.modulus_zero' depends on axioms: [propext, Classical.choice, Quot.sound]
info: M7SignatureIdealAccepted.lean:103:0: 'M7.SignatureIdeal.full_signature_ideal' depends on axioms: [propext, Classical.choice, Quot.sound]
info: M7SignatureIdealAccepted.lean:104:0: 'M7.SignatureIdeal.principal_gcd' depends on axioms: [propext, Classical.choice, Quot.sound]
info: M7SignatureIdealAccepted.lean:105:0: 'M7.SignatureIdeal.quotient_membership' depends on axioms: [propext, Classical.choice, Quot.sound]
info: M7SignatureIdealAccepted.lean:106:0: 'M7.SignatureIdeal.monic_injective' depends on axioms: [propext, Classical.choice, Quot.sound]
⚠ [8740/8797] Built M7DescentTraceAccepted (6.2s)
warning: M7DescentTraceAccepted.lean:4:2: Unused tactic linter: `change
  ∀ (c : List Bool → ℤ) (p : List Bool) (ss : List M7.DescentTrace.Step),
    (M7.DescentTrace.check c p ss).2 ≤ 2 * ss.length` does nothing

Note: This linter can be disabled with `set_option linter.unusedTactic false`
warning: M7DescentTraceAccepted.lean:18:2: Unused tactic linter: `change
  ∀ (c : List Bool → ℤ) (p : List Bool) (n : ℕ),
    M7.DescentTrace.check c p (M7.DescentTrace.trace c p n) = (true, 2 * n)` does nothing

Note: This linter can be disabled with `set_option linter.unusedTactic false`
warning: M7DescentTraceAccepted.lean:27:2: Unused tactic linter: `change
  ∀ (c : List Bool → ℤ) (p : List Bool) (ss : List M7.DescentTrace.Step),
    (M7.DescentTrace.check c p ss).1 = true → ss = M7.DescentTrace.trace c p ss.length` does nothing

Note: This linter can be disabled with `set_option linter.unusedTactic false`
warning: M7DescentTraceAccepted.lean:51:2: Unused tactic linter: `change
  ∀ (c : List Bool → ℤ) (p : List Bool) (n : ℕ),
    M7.DescentTrace.endpoint p (M7.DescentTrace.trace c p n) = M5.BinaryRecovery.recover c p n` does nothing

Note: This linter can be disabled with `set_option linter.unusedTactic false`
warning: M7DescentTraceAccepted.lean:61:2: Unused tactic linter: `change
  ∀ (c : List Bool → ℤ) (p : List Bool) (n : ℕ), p.IsPrefix (M5.BinaryRecovery.recover c p n)` does nothing

Note: This linter can be disabled with `set_option linter.unusedTactic false`
warning: M7DescentTraceAccepted.lean:75:2: Unused tactic linter: `change
  ∀ (c : List Bool → ℤ) (p : List Bool) (n : ℕ), (M7.DescentTrace.trace c p n).length = n` does nothing

Note: This linter can be disabled with `set_option linter.unusedTactic false`
warning: M7DescentTraceAccepted.lean:83:2: Unused tactic linter: `change
  ∀ (c : List Bool → ℤ) (p : List Bool) (ss : List M7.DescentTrace.Step),
    (M7.DescentTrace.check c p ss).1 = true →
      M7.DescentTrace.endpoint p ss = M5.BinaryRecovery.recover c p ss.length` does nothing

Note: This linter can be disabled with `set_option linter.unusedTactic false`
warning: M7DescentTraceAccepted.lean:88:2: Unused tactic linter: `change
  ∀ (c : List Bool → ℤ) (p : List Bool) (ss : List M7.DescentTrace.Step),
    (M7.DescentTrace.check c p ss).1 = true →
      (∀ q : List Bool, q.length < p.length + ss.length → c q = c (q ++ [false]) + c (q ++ [true])) →
        0 < c p → 0 < c (M7.DescentTrace.endpoint p ss)` does nothing

Note: This linter can be disabled with `set_option linter.unusedTactic false`
info: M7DescentTraceAccepted.lean:92:0: 'M7.DescentTrace.check_bound' depends on axioms: [propext, Quot.sound]
info: M7DescentTraceAccepted.lean:93:0: 'M7.DescentTrace.check_trace' depends on axioms: [propext, Classical.choice, Quot.sound]
info: M7DescentTraceAccepted.lean:94:0: 'M7.DescentTrace.check_unique' depends on axioms: [propext, Quot.sound]
info: M7DescentTraceAccepted.lean:95:0: 'M7.DescentTrace.endpoint_recover' depends on axioms: [propext]
info: M7DescentTraceAccepted.lean:96:0: 'M7.DescentTrace.checked_endpoint' depends on axioms: [propext, Quot.sound]
info: M7DescentTraceAccepted.lean:97:0: 'M7.DescentTrace.positive_checked' depends on axioms: [propext, Quot.sound]
info: M7DescentTraceAccepted.lean:98:0: 'M7.DescentTrace.recover_prefix' depends on axioms: [propext]
info: M7DescentTraceAccepted.lean:99:0: 'M7.DescentTrace.trace_length' depends on axioms: [propext]
⚠ [8741/8797] Built M7ActionAccepted (13s)
warning: M7ActionAccepted.lean:82:2: Unused tactic linter: `change M7.Action.compose g (M7.Action.identity N) = g` does nothing

Note: This linter can be disabled with `set_option linter.unusedTactic false`
warning: M7ActionAccepted.lean:99:2: Unused tactic linter: `change Fintype.card (M7.Action.Record 1) = 2` does nothing

Note: This linter can be disabled with `set_option linter.unusedTactic false`
info: M7ActionAccepted.lean:110:0: 'M7.Action.act_compose' depends on axioms: [propext, Classical.choice, Quot.sound]
info: M7ActionAccepted.lean:111:0: 'M7.Action.act_identity' depends on axioms: [propext, Classical.choice, Quot.sound]
info: M7ActionAccepted.lean:112:0: 'M7.Action.affine_bijective' depends on axioms: [propext, Quot.sound]
info: M7ActionAccepted.lean:113:0: 'M7.Action.associative' depends on axioms: [propext, Quot.sound]
info: M7ActionAccepted.lean:114:0: 'M7.Action.left_identity' depends on axioms: [propext, Quot.sound]
info: M7ActionAccepted.lean:115:0: 'M7.Action.left_inverse' depends on axioms: [propext, Quot.sound]
info: M7ActionAccepted.lean:116:0: 'M7.Action.act_inverse' depends on axioms: [propext, Classical.choice, Quot.sound]
info: M7ActionAccepted.lean:117:0: 'M7.Action.normal_form' depends on axioms: [propext, Quot.sound]
info: M7ActionAccepted.lean:118:0: 'M7.Action.record_card' depends on axioms: [propext, Classical.choice, Quot.sound]
info: M7ActionAccepted.lean:119:0: 'M7.Action.order_one_records' depends on axioms: [propext, Classical.choice, Quot.sound]
info: M7ActionAccepted.lean:120:0: 'M7.Action.right_identity' depends on axioms: [propext, Quot.sound]
info: M7ActionAccepted.lean:121:0: 'M7.Action.right_inverse' depends on axioms: [propext, Quot.sound]
info: M7ActionAccepted.lean:122:0: 'M7.Action.support_cards' depends on axioms: [propext, Classical.choice, Quot.sound]
⚠ [8742/8797] Built M5Accepted (6.9s)
warning: M5Accepted.lean:15:2: Unused tactic linter: `change ∀ T E L : ℕ, 0 < E → T < L → ∃ j : ℕ, L ≤ T + j * E ∧ T + j * E < L + E` does nothing

Note: This linter can be disabled with `set_option linter.unusedTactic false`
warning: M5Accepted.lean:29:2: Unused tactic linter: `change ∀ N : ℕ, M5.cyclicModulus N = (Polynomial.X : M5.BinaryPolynomial) ^ N - 1` does nothing

Note: This linter can be disabled with `set_option linter.unusedTactic false`
warning: M5Accepted.lean:34:2: Unused tactic linter: `change
  ∀ w T E : ℕ,
    2 ≤ w →
      0 < T →
        0 < E →
          E ≤ 2 ^ (w * T) → ∃ j : ℕ, M5.packingCutoff w T ≤ T + j * E ∧ T + j * E < M5.birthBound w T` does nothing

Note: This linter can be disabled with `set_option linter.unusedTactic false`
warning: M5Accepted.lean:43:2: Unused tactic linter: `change ∀ E N : ℕ, E ∣ N → M5.cyclicModulus E ∣ M5.cyclicModulus N` does nothing

Note: This linter can be disabled with `set_option linter.unusedTactic false`
warning: M5Accepted.lean:50:2: Unused tactic linter: `change
  ∀ T E j : ℕ,
    M5.cyclicModulus (T + j * E) - M5.cyclicModulus T =
      (Polynomial.X : M5.BinaryPolynomial) ^ T * M5.cyclicModulus (j * E)` does nothing

Note: This linter can be disabled with `set_option linter.unusedTactic false`
warning: M5Accepted.lean:56:2: Unused tactic linter: `change
  ∀ (G : M5.BinaryPolynomial) (T E j : ℕ),
    G ∣ M5.cyclicModulus E → G ∣ M5.cyclicModulus (T + j * E) - M5.cyclicModulus T` does nothing

Note: This linter can be disabled with `set_option linter.unusedTactic false`
warning: M5Accepted.lean:67:2: Unused tactic linter: `change
  ∀ (G D : M5.BinaryPolynomial) (T E j : ℕ),
    G ∣ M5.cyclicModulus E → D ∣ G → (D ∣ M5.cyclicModulus (T + j * E) ↔ D ∣ M5.cyclicModulus T)` does nothing

Note: This linter can be disabled with `set_option linter.unusedTactic false`
warning: M5Accepted.lean:78:2: Unused tactic linter: `change
  ∀ (a b D : M5.BinaryPolynomial) (T E j : ℕ),
    EuclideanDomain.gcd a b ∣ M5.cyclicModulus E →
      ((D ∣ a ∧ D ∣ b ∧ D ∣ M5.cyclicModulus (T + j * E)) ↔ (D ∣ a ∧ D ∣ b ∧ D ∣ M5.cyclicModulus T))` does nothing

Note: This linter can be disabled with `set_option linter.unusedTactic false`
warning: M5Accepted.lean:89:2: Unused tactic linter: `change
  ∀ (F : M5.BinaryPolynomial) (N : ℕ), F ∣ M5.cyclicModulus N ↔ (AdjoinRoot.root F) ^ N = 1` does nothing

Note: This linter can be disabled with `set_option linter.unusedTactic false`
warning: M5Accepted.lean:99:2: Unused tactic linter: `change ∀ (F : M5.BinaryPolynomial), F.coeff 0 = 1 → IsUnit (AdjoinRoot.root F)` does nothing

Note: This linter can be disabled with `set_option linter.unusedTactic false`
warning: M5Accepted.lean:113:2: Try this: 
  letI̵

The goal is a proposition, so `let` is preferred over `letI`.
The difference between `let` and `letI` is that `letI` inlines the value.
But this is not relevant for proofs because of proof irrelevance.

Note: This linter can be disabled with `set_option linter.style.haveILetI false`
warning: M5Accepted.lean:111:2: Unused tactic linter: `change
  ∀ (F : M5.BinaryPolynomial),
    F.Monic →
      F.coeff 0 = 1 →
        0 < M5.signaturePeriod F ∧ ∀ N : ℕ, F ∣ M5.cyclicModulus N ↔ M5.signaturePeriod F ∣ N` does nothing

Note: This linter can be disabled with `set_option linter.unusedTactic false`
warning: M5Accepted.lean:121:2: Unused tactic linter: `change
  ∀ (F G : M5.BinaryPolynomial),
    F.Monic →
      F.coeff 0 = 1 → G.Monic → G.coeff 0 = 1 → F ∣ G → M5.signaturePeriod F ∣ M5.signaturePeriod G` does nothing

Note: This linter can be disabled with `set_option linter.unusedTactic false`
warning: M5Accepted.lean:128:2: Unused tactic linter: `change M5.signaturePeriod (1 : M5.BinaryPolynomial) = 1` does nothing

Note: This linter can be disabled with `set_option linter.unusedTactic false`
warning: M5Accepted.lean:134:2: Unused tactic linter: `change
  ∀ F : M5.BinaryPolynomial, F.Monic → Nat.card (AdjoinRoot F) = 2 ^ F.natDegree` does nothing

Note: This linter can be disabled with `set_option linter.unusedTactic false`
warning: M5Accepted.lean:146:2: Try this: 
  letI̵

The goal is a proposition, so `let` is preferred over `letI`.
The difference between `let` and `letI` is that `letI` inlines the value.
But this is not relevant for proofs because of proof irrelevance.

Note: This linter can be disabled with `set_option linter.style.haveILetI false`
warning: M5Accepted.lean:144:2: Unused tactic linter: `change
  ∀ F : M5.BinaryPolynomial, F.Monic → F.coeff 0 = 1 → M5.signaturePeriod F ≤ 2 ^ F.natDegree` does nothing

Note: This linter can be disabled with `set_option linter.unusedTactic false`
warning: M5Accepted.lean:153:2: Unused tactic linter: `change ∀ R r w : ℕ, 0 < R → ∃ k : ℕ, w ≤ k ∧ k < w + R ∧ Nat.ModEq R k r` does nothing

Note: This linter can be disabled with `set_option linter.unusedTactic false`
warning: M5Accepted.lean:166:22: Used `tac1 <;> tac2` where `(tac1; tac2)` would suffice

Note: This linter can be disabled with `set_option linter.unnecessarySeqFocus false`
warning: M5Accepted.lean:170:2: Unused tactic linter: `change
  ∀ δ e : ℕ,
    0 < δ →
      ∃ r : ℕ, r < M5.CRT.primeProduct δ ∧ ∀ p ∈ δ.primeFactors, Nat.ModEq p r (M5.CRT.repairResidue e p)` does nothing

Note: This linter can be disabled with `set_option linter.unusedTactic false`
warning: M5Accepted.lean:194:4: try 'simp' instead of 'simpa'

Note: This linter can be disabled with `set_option linter.unnecessarySimpa false`
warning: M5Accepted.lean:183:2: Unused tactic linter: `change
  ∀ p δ T e : ℕ, p.Prime → p ∣ δ → Nat.gcd (Nat.gcd T δ) e = 1 → ¬p ∣ e + M5.CRT.repairResidue e p * T` does nothing

Note: This linter can be disabled with `set_option linter.unusedTactic false`
warning: M5Accepted.lean:197:2: Unused tactic linter: `change
  ∀ δ T e k : ℕ,
    0 < δ →
      Nat.gcd (Nat.gcd T δ) e = 1 →
        (∀ p ∈ δ.primeFactors, Nat.ModEq p k (M5.CRT.repairResidue e p)) → Nat.gcd δ (e + k * T) = 1` does nothing

Note: This linter can be disabled with `set_option linter.unusedTactic false`
warning: M5Accepted.lean:208:2: Unused tactic linter: `change
  ∀ δ T e w : ℕ,
    0 < δ → 0 < T → Nat.gcd (Nat.gcd T δ) e = 1 → ∃ k : ℕ, w ≤ k ∧ k < w + δ ∧ Nat.gcd δ (e + k * T) = 1` does nothing

Note: This linter can be disabled with `set_option linter.unusedTactic false`
warning: M5Accepted.lean:219:6: Unused tactic linter: `exact hkr.of_dvd hpδ` does nothing

Note: This linter can be disabled with `set_option linter.unusedTactic false`
warning: M5Accepted.lean:219:6: this tactic is never executed

Note: This linter can be disabled with `set_option linter.unreachableTactic false`
warning: M5Accepted.lean:223:2: Unused tactic linter: `change
  ∀ (w T : ℕ) (r : Fin w → Fin T) (hw : 0 < w), (r ⟨0, hw⟩).val = 0 → 0 ∈ M5.Packing.packedSupport r` does nothing

Note: This linter can be disabled with `set_option linter.unusedTactic false`
warning: M5Accepted.lean:242:4: Try `simp at hi` instead of `simpa using hi`

Note: This linter can be disabled with `set_option linter.unnecessarySimpa false`
warning: M5Accepted.lean:231:2: Unused tactic linter: `change
  ∀ (w T : ℕ) (r : Fin w → Fin T) (i : Fin w), M5.Packing.occurrenceTag r i < w` does nothing

Note: This linter can be disabled with `set_option linter.unusedTactic false`
warning: M5Accepted.lean:246:2: Unused tactic linter: `change
  ∀ (w T : ℕ) (r : Fin w → Fin T) (e : ℕ), e ∈ M5.Packing.packedSupport r → e < w * T` does nothing

Note: This linter can be disabled with `set_option linter.unusedTactic false`
warning: M5Accepted.lean:258:2: Unused tactic linter: `change ∀ (w T : ℕ) (r : Fin w → Fin T), (M5.Packing.packedSupport r).card = w` does nothing

Note: This linter can be disabled with `set_option linter.unusedTactic false`
warning: M5Accepted.lean:266:2: Unused tactic linter: `change
  ∀ a b c : ZMod 2, M5.Character.bitSign a (b + c) = M5.Character.bitSign a b * M5.Character.bitSign a c` does nothing

Note: This linter can be disabled with `set_option linter.unusedTactic false`
warning: M5Accepted.lean:270:2: Unused tactic linter: `change
  ∀ b : ZMod 2, (∑ a : ZMod 2, M5.Character.bitSign a b) = if b = 0 then 2 else 0` does nothing

Note: This linter can be disabled with `set_option linter.unusedTactic false`
warning: M5Accepted.lean:274:2: Unused tactic linter: `change
  ∀ (D : ℕ) (lam z u : M5.Character.BinaryVector D),
    M5.Character.value lam (z + u) = M5.Character.value lam z * M5.Character.value lam u` does nothing

Note: This linter can be disabled with `set_option linter.unusedTactic false`
warning: M5Accepted.lean:288:8: `if_neg` has been deprecated: Use `ite_eq_right` instead
warning: M5Accepted.lean:296:51: `if_neg` has been deprecated: Use `ite_eq_right` instead
warning: M5Accepted.lean:279:2: Unused tactic linter: `change
  ∀ (D : ℕ) (z : M5.Character.BinaryVector D),
    (∑ lam : M5.Character.BinaryVector D, M5.Character.value lam z) = if z = 0 then (2 : ℤ) ^ D else 0` does nothing

Note: This linter can be disabled with `set_option linter.unusedTactic false`
warning: M5Accepted.lean:299:2: Unused tactic linter: `change
  ∀ (D n : ℕ) (f : Fin n → M5.Character.BinaryVector D) (z : M5.Character.BinaryVector D),
    (∑ lam : M5.Character.BinaryVector D, M5.Character.value lam z * ∑ u : Fin n, M5.Character.value lam (f u)) =
      (2 : ℤ) ^ D * ((Finset.univ.filter (fun u : Fin n => f u = z)).card : ℤ)` does nothing

Note: This linter can be disabled with `set_option linter.unusedTactic false`
warning: M5Accepted.lean:319:2: Unused tactic linter: `change
  ∀ (w T : ℕ) (r : Fin w → Fin T),
    Function.Injective (M5.Packing.packedValue r) →
      M5.SupportPolynomial.ofSupport (M5.Packing.packedSupport r) =
        ∑ i : Fin w, (Polynomial.X : M5.BinaryPolynomial) ^ M5.Packing.packedValue r i` does nothing

Note: This linter can be disabled with `set_option linter.unusedTactic false`
warning: M5Accepted.lean:328:2: Unused tactic linter: `change
  ∀ T a j : ℕ,
    AdjoinRoot.mk (M5.cyclicModulus T) ((Polynomial.X : M5.BinaryPolynomial) ^ (a + j * T)) =
      AdjoinRoot.mk (M5.cyclicModulus T) ((Polynomial.X : M5.BinaryPolynomial) ^ a)` does nothing

Note: This linter can be disabled with `set_option linter.unusedTactic false`
warning: M5Accepted.lean:353:2: Unused tactic linter: `change
  ∀ (S : Finset ℕ) (K : ℕ), 0 < K → (∀ e ∈ S, e < K) → (M5.SupportPolynomial.ofSupport S).natDegree < K` does nothing

Note: This linter can be disabled with `set_option linter.unusedTactic false`
warning: M5Accepted.lean:373:2: Try `simp at hcoeff` instead of `simpa using hcoeff`

Note: This linter can be disabled with `set_option linter.unnecessarySimpa false`
warning: M5Accepted.lean:370:2: Unused tactic linter: `change ∀ S : Finset ℕ, 0 ∈ S → M5.SupportPolynomial.ofSupport S ≠ 0` does nothing

Note: This linter can be disabled with `set_option linter.unusedTactic false`
warning: M5Accepted.lean:376:2: Unused tactic linter: `change
  ∀ (w T : ℕ) (r : Fin w → Fin T),
    AdjoinRoot.mk (M5.cyclicModulus T) (M5.SupportPolynomial.ofSupport (M5.Packing.packedSupport r)) =
      AdjoinRoot.mk (M5.cyclicModulus T) (M5.SupportPolynomial.ofResidueTuple r)` does nothing

Note: This linter can be disabled with `set_option linter.unusedTactic false`
warning: M5Accepted.lean:388:2: Unused tactic linter: `change
  ∀ n : ℕ, (∑ d ∈ n.divisors, ArithmeticFunction.moebius d) = if n = 1 then (1 : ℤ) else 0` does nothing

Note: This linter can be disabled with `set_option linter.unusedTactic false`
warning: M5Accepted.lean:394:73: This simp argument is unused:
  and_assoc

Hint: Omit it from the simp argument list.
  [apply] simp [M5.Connectivity.supportGcd, Nat.dvd_gcd_iff, Finset.dvd_gcd_iff]

Note: This linter can be disabled with `set_option linter.unusedSimpArgs false`
warning: M5Accepted.lean:407:37: This simp argument is unused:
  and_assoc

Hint: Omit it from the simp argument list.
  [apply] simp [Finset.mem_filter, Nat.mem_divisors, Nat.ne_of_gt hN, hg, M5.Connectivity.support_gcd_dvd]

Note: This linter can be disabled with `set_option linter.unusedSimpArgs false`
warning: M5Accepted.lean:411:2: Unused tactic linter: `change
  ∀ (N : ℕ) (A B : Finset ℕ),
    0 < N →
      (∑ d ∈ N.divisors, if (∀ a ∈ A, d ∣ a) ∧ (∀ b ∈ B, d ∣ b) then ArithmeticFunction.moebius d else 0) =
        if M5.Connectivity.supportGcd N A B = 1 then (1 : ℤ) else 0` does nothing

Note: This linter can be disabled with `set_option linter.unusedTactic false`
info: M5Accepted.lean:416:0: 'M5.cutoff_gt_period' depends on axioms: [propext, Quot.sound]
info: M5Accepted.lean:417:0: 'M5.packed_range' depends on axioms: [propext]
info: M5Accepted.lean:418:0: 'M5.packed_residue' depends on axioms: [propext]
info: M5Accepted.lean:419:0: 'M5.progression_period' depends on axioms: [propext]
info: M5Accepted.lean:420:0: 'M5.recovery_inclusion_positive' does not depend on any axioms
info: M5Accepted.lean:421:0: 'M5.repair_above_packing' does not depend on any axioms
info: M5Accepted.lean:422:0: 'M5.source_below_birth_bound' depends on axioms: [propext]
info: M5Accepted.lean:423:0: 'M5.packed_injective' depends on axioms: [propext, Classical.choice, Quot.sound]
info: M5Accepted.lean:424:0: 'M5.repair_no_collision' depends on axioms: [propext]
info: M5Accepted.lean:425:0: 'M5.Lift.bounded_progression' depends on axioms: [propext, Quot.sound]
info: M5Accepted.lean:426:0: 'M5.Lift.cyclic_as_sub' depends on axioms: [propext, Classical.choice, Quot.sound]
info: M5Accepted.lean:427:0: 'M5.Lift.bounded_source_order' depends on axioms: [propext, Quot.sound]
info: M5Accepted.lean:428:0: 'M5.Lift.modulus_multiple' depends on axioms: [propext, Classical.choice, Quot.sound]
info: M5Accepted.lean:429:0: 'M5.Lift.progression_difference' depends on axioms: [propext, Classical.choice, Quot.sound]
info: M5Accepted.lean:430:0: 'M5.Lift.progression_congruence' depends on axioms: [propext, Classical.choice, Quot.sound]
info: M5Accepted.lean:431:0: 'M5.Lift.common_divisors_lift' depends on axioms: [propext, Classical.choice, Quot.sound]
info: M5Accepted.lean:432:0: 'M5.Lift.triple_divisors_lift' depends on axioms: [propext, Classical.choice, Quot.sound]
info: M5Accepted.lean:433:0: 'M5.Period.cyclic_dvd_iff_root_pow' depends on axioms: [propext, Classical.choice, Quot.sound]
info: M5Accepted.lean:434:0: 'M5.Period.quotient_finite' depends on axioms: [propext, Classical.choice, Quot.sound]
info: M5Accepted.lean:435:0: 'M5.Period.root_is_unit' depends on axioms: [propext, Classical.choice, Quot.sound]
info: M5Accepted.lean:436:0: 'M5.Period.period_law' depends on axioms: [propext, Classical.choice, Quot.sound]
info: M5Accepted.lean:437:0: 'M5.Period.period_dvd_of_dvd' depends on axioms: [propext, Classical.choice, Quot.sound]
info: M5Accepted.lean:438:0: 'M5.Period.period_one' depends on axioms: [propext, Classical.choice, Quot.sound]
info: M5Accepted.lean:439:0: 'M5.Period.quotient_cardinality' depends on axioms: [propext, Classical.choice, Quot.sound]
info: M5Accepted.lean:440:0: 'M5.Period.period_cardinality_bound' depends on axioms: [propext, Classical.choice, Quot.sound]
info: M5Accepted.lean:441:0: 'M5.CRT.interval_representative' depends on axioms: [propext, Classical.choice, Quot.sound]
info: M5Accepted.lean:442:0: 'M5.CRT.prime_crt_representative' depends on axioms: [propext, Classical.choice, Quot.sound]
info: M5Accepted.lean:443:0: 'M5.CRT.safe_prime_residue' depends on axioms: [propext, Quot.sound]
info: M5Accepted.lean:444:0: 'M5.CRT.residues_force_coprime' depends on axioms: [propext, Classical.choice, Quot.sound]
info: M5Accepted.lean:445:0: 'M5.CRT.bounded_connectivity_repair' depends on axioms: [propext, Classical.choice, Quot.sound]
info: M5Accepted.lean:446:0: 'M5.Packing.equal_residue_tag_strict' depends on axioms: [propext, Classical.choice, Quot.sound]
info: M5Accepted.lean:447:0: 'M5.Packing.packed_support_anchor' depends on axioms: [propext, Classical.choice, Quot.sound]
info: M5Accepted.lean:448:0: 'M5.Packing.packed_value_mod' depends on axioms: [propext, Classical.choice, Quot.sound]
info: M5Accepted.lean:449:0: 'M5.Packing.tag_lt_weight' depends on axioms: [propext, Classical.choice, Quot.sound]
info: M5Accepted.lean:450:0: 'M5.Packing.packed_support_range' depends on axioms: [propext, Classical.choice, Quot.sound]
info: M5Accepted.lean:451:0: 'M5.Packing.packed_value_injective' depends on axioms: [propext, Classical.choice, Quot.sound]
info: M5Accepted.lean:452:0: 'M5.Packing.packed_support_card' depends on axioms: [propext, Classical.choice, Quot.sound]
info: M5Accepted.lean:453:0: 'M5.Character.bit_add' depends on axioms: [propext, Classical.choice, Quot.sound]
info: M5Accepted.lean:454:0: 'M5.Character.bit_orthogonality' depends on axioms: [propext, Classical.choice, Quot.sound]
info: M5Accepted.lean:455:0: 'M5.Character.character_add' depends on axioms: [propext, Classical.choice, Quot.sound]
info: M5Accepted.lean:456:0: 'M5.Character.character_orthogonality' depends on axioms: [propext, Classical.choice, Quot.sound]
info: M5Accepted.lean:457:0: 'M5.Character.finite_fibre_count' depends on axioms: [propext, Classical.choice, Quot.sound]
info: M5Accepted.lean:458:0: 'M5.SupportPolynomial.packed_sum_image' depends on axioms: [propext, Classical.choice, Quot.sound]
info: M5Accepted.lean:459:0: 'M5.SupportPolynomial.quotient_monomial_period' depends on axioms: [propext, Classical.choice, Quot.sound]
info: M5Accepted.lean:460:0: 'M5.SupportPolynomial.support_coeff_zero' depends on axioms: [propext, Classical.choice, Quot.sound]
info: M5Accepted.lean:461:0: 'M5.SupportPolynomial.support_degree_bound' depends on axioms: [propext, Classical.choice, Quot.sound]
info: M5Accepted.lean:462:0: 'M5.SupportPolynomial.anchored_support_nonzero' depends on axioms: [propext, Classical.choice, Quot.sound]
info: M5Accepted.lean:463:0: 'M5.SupportPolynomial.packed_polynomial_residue' depends on axioms: [propext, Classical.choice, Quot.sound]
info: M5Accepted.lean:464:0: 'M5.Connectivity.divisor_moebius' depends on axioms: [propext, Classical.choice, Quot.sound]
info: M5Accepted.lean:465:0: 'M5.Connectivity.support_gcd_dvd' depends on axioms: [propext, Classical.choice, Quot.sound]
info: M5Accepted.lean:466:0: 'M5.Connectivity.support_divisor_filter' depends on axioms: [propext, Classical.choice, Quot.sound]
info: M5Accepted.lean:467:0: 'M5.Connectivity.connected_indicator' depends on axioms: [propext, Classical.choice, Quot.sound]
✔ [8743/8797] Built M5QuotientMonomialPeriod (3.8s)
✔ [8744/8797] Built M5Signature (4.0s)
✔ [8745/8797] Built M5SubsetCharacter (4.2s)
ℹ [8746/8797] Built M7QuotientAutoAccepted (6.5s)
info: M7QuotientAutoAccepted.lean:62:0: 'M7.QuotientAuto.polynomial_substitution' depends on axioms: [propext, Classical.choice, Quot.sound]
info: M7QuotientAutoAccepted.lean:63:0: 'M7.QuotientAuto.substitution_root' depends on axioms: [propext, Classical.choice, Quot.sound]
info: M7QuotientAutoAccepted.lean:64:0: 'M7.QuotientAuto.substitution_scalars' depends on axioms: [propext, Classical.choice, Quot.sound]
info: M7QuotientAutoAccepted.lean:65:0: 'M7.QuotientAuto.substitution_comp' depends on axioms: [propext, Classical.choice, Quot.sound]
info: M7QuotientAutoAccepted.lean:66:0: 'M7.QuotientAuto.substitution_one' depends on axioms: [propext, Classical.choice, Quot.sound]
info: M7QuotientAutoAccepted.lean:67:0: 'M7.QuotientAuto.substitution_left_inverse' depends on axioms: [propext, Classical.choice, Quot.sound]
info: M7QuotientAutoAccepted.lean:68:0: 'M7.QuotientAuto.substitution_right_inverse' depends on axioms: [propext, Classical.choice, Quot.sound]
info: M7QuotientAutoAccepted.lean:69:0: 'M7.QuotientAuto.substitution_bijective' depends on axioms: [propext, Classical.choice, Quot.sound]
✔ [8747/8797] Built M5TupleCharacter (4.4s)
✔ [8748/8797] Built M5QuotientCharacter (4.5s)
✔ [8749/8797] Built M7QuotientDegree (5.1s)
✔ [8750/8797] Built M5RepairSupport (4.8s)
✔ [8751/8797] Built M7SignatureTau (5.3s)
✔ [8752/8797] Built M7AffinePolynomial (11s)
⚠ [8753/8797] Built M7QuotientDegreeAccepted (6.4s)
warning: M7QuotientDegreeAccepted.lean:4:2: Unused tactic linter: `change
  ∀ F : M6.Cyclic.BinaryPolynomial, F.Monic → Nat.card (AdjoinRoot F) = 2 ^ F.natDegree` does nothing

Note: This linter can be disabled with `set_option linter.unusedTactic false`
info: M7QuotientDegreeAccepted.lean:47:0: 'M7.QuotientDegree.adjoin_card' depends on axioms: [propext, Classical.choice, Quot.sound]
info: M7QuotientDegreeAccepted.lean:48:0: 'M7.QuotientDegree.span_containment' depends on axioms: [propext, Classical.choice, Quot.sound]
info: M7QuotientDegreeAccepted.lean:49:0: 'M7.QuotientDegree.quotient_equiv' depends on axioms: [propext, Classical.choice, Quot.sound]
info: M7QuotientDegreeAccepted.lean:50:0: 'M7.QuotientDegree.quotient_card' depends on axioms: [propext, Classical.choice, Quot.sound]
info: M7QuotientDegreeAccepted.lean:51:0: 'M7.QuotientDegree.degree_invariant' depends on axioms: [propext, Classical.choice, Quot.sound]
✔ [8754/8797] Built M7ActionGroup (12s)
⚠ [8755/8797] Built M5Checkpoint72 (6.0s)
warning: M5Checkpoint72.lean:22:35: This simp argument is unused:
  he

Hint: Omit it from the simp argument list.
  [apply] simp [M5.RepairSupport.repaired, Ne.symm he, h0]

Note: This linter can be disabled with `set_option linter.unusedSimpArgs false`
warning: M5Checkpoint72.lean:20:2: Unused tactic linter: `change
  ∀ (A : Finset ℕ) (e q : ℕ), e ≠ 0 → 0 ∈ A → 0 ∈ M5.RepairSupport.repaired A e q` does nothing

Note: This linter can be disabled with `set_option linter.unusedTactic false`
warning: M5Checkpoint72.lean:25:2: Unused tactic linter: `change
  ∀ (A : Finset ℕ) (e q : ℕ), e ∈ A → q ∉ A → (M5.RepairSupport.repaired A e q).card = A.card` does nothing

Note: This linter can be disabled with `set_option linter.unusedTactic false`
warning: M5Checkpoint72.lean:55:4: Unused tactic linter: `simpa only [Polynomial.monomial_one] using
  (M5.quotient_monomial_period (T := T) (a := e) (j := k))` does nothing

Note: This linter can be disabled with `set_option linter.unusedTactic false`
warning: M5Checkpoint72.lean:55:4: this tactic is never executed

Note: This linter can be disabled with `set_option linter.unreachableTactic false`
warning: M5Checkpoint72.lean:59:2: Unused tactic linter: `change
  ∀ (A : Finset ℕ) (e q L : ℕ), (∀ a ∈ A, a < L) → q < L → ∀ a ∈ M5.RepairSupport.repaired A e q, a < L` does nothing

Note: This linter can be disabled with `set_option linter.unusedTactic false`
warning: M5Checkpoint72.lean:85:34: This simp argument is unused:
  hij

Hint: Omit it from the simp argument list.
  [apply] simp [Polynomial.coeff_X_pow, hij.symm]

Note: This linter can be disabled with `set_option linter.unusedSimpArgs false`
warning: M5Checkpoint72.lean:73:2: Unused tactic linter: `change
  ∀ m j : ℕ, (((1 : Polynomial ℤ) - Polynomial.X) ^ m).coeff j = (-1 : ℤ) ^ j * (m.choose j : ℤ)` does nothing

Note: This linter can be disabled with `set_option linter.unusedTactic false`
warning: M5Checkpoint72.lean:78:4: Used `tac1 <;> tac2` where `(tac1; tac2)` would suffice

Note: This linter can be disabled with `set_option linter.unnecessarySeqFocus false`
warning: M5Checkpoint72.lean:127:2: Unused tactic linter: `change
  ∀ m n k : ℕ,
    (((1 - Polynomial.X : Polynomial ℤ) ^ m) * (1 + Polynomial.X) ^ n).coeff k =
      ∑ j ∈ Finset.range (k + 1), (-1 : ℤ) ^ j * (m.choose j : ℤ) * (n.choose (k - j) : ℤ)` does nothing

Note: This linter can be disabled with `set_option linter.unusedTactic false`
warning: M5Checkpoint72.lean:143:2: Unused tactic linter: `change ∀ P : M5.BinaryPolynomial, P ≠ 0 → P.Monic` does nothing

Note: This linter can be disabled with `set_option linter.unusedTactic false`
warning: M5Checkpoint72.lean:150:2: Unused tactic linter: `change ∀ P a : M5.BinaryPolynomial, P ∣ a → a.coeff 0 = 1 → P.coeff 0 = 1` does nothing

Note: This linter can be disabled with `set_option linter.unusedTactic false`
warning: M5Checkpoint72.lean:158:2: Unused tactic linter: `change ∀ P Q : M5.BinaryPolynomial, P ∣ Q → Q ∣ P → P = Q` does nothing

Note: This linter can be disabled with `set_option linter.unusedTactic false`
warning: M5Checkpoint72.lean:172:2: Unused tactic linter: `change
  ∀ a b : M5.BinaryPolynomial,
    a.coeff 0 = 1 →
      b.coeff 0 = 1 →
        (EuclideanDomain.gcd a b).Monic ∧
          (EuclideanDomain.gcd a b).coeff 0 = 1 ∧ (EuclideanDomain.gcd a b).natDegree ≤ b.natDegree` does nothing

Note: This linter can be disabled with `set_option linter.unusedTactic false`
warning: M5Checkpoint72.lean:186:2: Unused tactic linter: `change
  ∀ (a b : M5.BinaryPolynomial) (T E j : ℕ),
    EuclideanDomain.gcd a b ∣ M5.cyclicModulus E →
      M5.completeSignature a b (T + j * E) = M5.completeSignature a b T` does nothing

Note: This linter can be disabled with `set_option linter.unusedTactic false`
warning: M5Checkpoint72.lean:193:6: Unused tactic linter: `symm` does nothing

Note: This linter can be disabled with `set_option linter.unusedTactic false`
warning: M5Checkpoint72.lean:193:12: Unused tactic linter: `(apply M5.Lift.common_divisors_lift) <;> assumption` does nothing

Note: This linter can be disabled with `set_option linter.unusedTactic false`
warning: M5Checkpoint72.lean:193:6: this tactic is never executed

Note: This linter can be disabled with `set_option linter.unreachableTactic false`
warning: M5Checkpoint72.lean:193:12: this tactic is never executed

Note: This linter can be disabled with `set_option linter.unreachableTactic false`
warning: M5Checkpoint72.lean:203:2: Unused tactic linter: `change
  ∀ a b : M5.BinaryPolynomial,
    a.coeff 0 = 1 →
      b.coeff 0 = 1 →
        0 < M5.signaturePeriod (EuclideanDomain.gcd a b) ∧
          M5.signaturePeriod (EuclideanDomain.gcd a b) ≤ 2 ^ b.natDegree` does nothing

Note: This linter can be disabled with `set_option linter.unusedTactic false`
warning: M5Checkpoint72.lean:220:4: Unused tactic linter: `simp [M5.QuotientCharacter.coordinates]` does nothing

Note: This linter can be disabled with `set_option linter.unusedTactic false`
warning: M5Checkpoint72.lean:220:4: this tactic is never executed

Note: This linter can be disabled with `set_option linter.unreachableTactic false`
info: M5Checkpoint72.lean:244:0: 'M5.cutoff_gt_period' depends on axioms: [propext, Quot.sound]
info: M5Checkpoint72.lean:245:0: 'M5.packed_range' depends on axioms: [propext]
info: M5Checkpoint72.lean:246:0: 'M5.packed_residue' depends on axioms: [propext]
info: M5Checkpoint72.lean:247:0: 'M5.progression_period' depends on axioms: [propext]
info: M5Checkpoint72.lean:248:0: 'M5.recovery_inclusion_positive' does not depend on any axioms
info: M5Checkpoint72.lean:249:0: 'M5.repair_above_packing' does not depend on any axioms
info: M5Checkpoint72.lean:250:0: 'M5.source_below_birth_bound' depends on axioms: [propext]
info: M5Checkpoint72.lean:251:0: 'M5.packed_injective' depends on axioms: [propext, Classical.choice, Quot.sound]
info: M5Checkpoint72.lean:252:0: 'M5.repair_no_collision' depends on axioms: [propext]
info: M5Checkpoint72.lean:253:0: 'M5.Lift.bounded_progression' depends on axioms: [propext, Quot.sound]
info: M5Checkpoint72.lean:254:0: 'M5.Lift.cyclic_as_sub' depends on axioms: [propext, Classical.choice, Quot.sound]
info: M5Checkpoint72.lean:255:0: 'M5.Lift.bounded_source_order' depends on axioms: [propext, Quot.sound]
info: M5Checkpoint72.lean:256:0: 'M5.Lift.modulus_multiple' depends on axioms: [propext, Classical.choice, Quot.sound]
info: M5Checkpoint72.lean:257:0: 'M5.Lift.progression_difference' depends on axioms: [propext, Classical.choice, Quot.sound]
info: M5Checkpoint72.lean:258:0: 'M5.Lift.progression_congruence' depends on axioms: [propext, Classical.choice, Quot.sound]
info: M5Checkpoint72.lean:259:0: 'M5.Lift.common_divisors_lift' depends on axioms: [propext, Classical.choice, Quot.sound]
info: M5Checkpoint72.lean:260:0: 'M5.Lift.triple_divisors_lift' depends on axioms: [propext, Classical.choice, Quot.sound]
info: M5Checkpoint72.lean:261:0: 'M5.Period.cyclic_dvd_iff_root_pow' depends on axioms: [propext, Classical.choice, Quot.sound]
info: M5Checkpoint72.lean:262:0: 'M5.Period.quotient_finite' depends on axioms: [propext, Classical.choice, Quot.sound]
info: M5Checkpoint72.lean:263:0: 'M5.Period.root_is_unit' depends on axioms: [propext, Classical.choice, Quot.sound]
info: M5Checkpoint72.lean:264:0: 'M5.Period.period_law' depends on axioms: [propext, Classical.choice, Quot.sound]
info: M5Checkpoint72.lean:265:0: 'M5.Period.period_dvd_of_dvd' depends on axioms: [propext, Classical.choice, Quot.sound]
info: M5Checkpoint72.lean:266:0: 'M5.Period.period_one' depends on axioms: [propext, Classical.choice, Quot.sound]
info: M5Checkpoint72.lean:267:0: 'M5.Period.quotient_cardinality' depends on axioms: [propext, Classical.choice, Quot.sound]
info: M5Checkpoint72.lean:268:0: 'M5.Period.period_cardinality_bound' depends on axioms: [propext, Classical.choice, Quot.sound]
info: M5Checkpoint72.lean:269:0: 'M5.CRT.interval_representative' depends on axioms: [propext, Classical.choice, Quot.sound]
info: M5Checkpoint72.lean:270:0: 'M5.CRT.prime_crt_representative' depends on axioms: [propext, Classical.choice, Quot.sound]
info: M5Checkpoint72.lean:271:0: 'M5.CRT.safe_prime_residue' depends on axioms: [propext, Quot.sound]
info: M5Checkpoint72.lean:272:0: 'M5.CRT.residues_force_coprime' depends on axioms: [propext, Classical.choice, Quot.sound]
info: M5Checkpoint72.lean:273:0: 'M5.CRT.bounded_connectivity_repair' depends on axioms: [propext, Classical.choice, Quot.sound]
info: M5Checkpoint72.lean:274:0: 'M5.Packing.equal_residue_tag_strict' depends on axioms: [propext, Classical.choice, Quot.sound]
info: M5Checkpoint72.lean:275:0: 'M5.Packing.packed_support_anchor' depends on axioms: [propext, Classical.choice, Quot.sound]
info: M5Checkpoint72.lean:276:0: 'M5.Packing.packed_value_mod' depends on axioms: [propext, Classical.choice, Quot.sound]
info: M5Checkpoint72.lean:277:0: 'M5.Packing.tag_lt_weight' depends on axioms: [propext, Classical.choice, Quot.sound]
info: M5Checkpoint72.lean:278:0: 'M5.Packing.packed_support_range' depends on axioms: [propext, Classical.choice, Quot.sound]
info: M5Checkpoint72.lean:279:0: 'M5.Packing.packed_value_injective' depends on axioms: [propext, Classical.choice, Quot.sound]
info: M5Checkpoint72.lean:280:0: 'M5.Packing.packed_support_card' depends on axioms: [propext, Classical.choice, Quot.sound]
info: M5Checkpoint72.lean:281:0: 'M5.Character.bit_add' depends on axioms: [propext, Classical.choice, Quot.sound]
info: M5Checkpoint72.lean:282:0: 'M5.Character.bit_orthogonality' depends on axioms: [propext, Classical.choice, Quot.sound]
info: M5Checkpoint72.lean:283:0: 'M5.Character.character_add' depends on axioms: [propext, Classical.choice, Quot.sound]
info: M5Checkpoint72.lean:284:0: 'M5.Character.character_orthogonality' depends on axioms: [propext, Classical.choice, Quot.sound]
info: M5Checkpoint72.lean:285:0: 'M5.Character.finite_fibre_count' depends on axioms: [propext, Classical.choice, Quot.sound]
info: M5Checkpoint72.lean:286:0: 'M5.SupportPolynomial.packed_sum_image' depends on axioms: [propext, Classical.choice, Quot.sound]
info: M5Checkpoint72.lean:287:0: 'M5.SupportPolynomial.quotient_monomial_period' depends on axioms: [propext, Classical.choice, Quot.sound]
info: M5Checkpoint72.lean:288:0: 'M5.SupportPolynomial.support_coeff_zero' depends on axioms: [propext, Classical.choice, Quot.sound]
info: M5Checkpoint72.lean:289:0: 'M5.SupportPolynomial.support_degree_bound' depends on axioms: [propext, Classical.choice, Quot.sound]
info: M5Checkpoint72.lean:290:0: 'M5.SupportPolynomial.anchored_support_nonzero' depends on axioms: [propext, Classical.choice, Quot.sound]
info: M5Checkpoint72.lean:291:0: 'M5.SupportPolynomial.packed_polynomial_residue' depends on axioms: [propext, Classical.choice, Quot.sound]
info: M5Checkpoint72.lean:292:0: 'M5.Connectivity.divisor_moebius' depends on axioms: [propext, Classical.choice, Quot.sound]
info: M5Checkpoint72.lean:293:0: 'M5.Connectivity.support_gcd_dvd' depends on axioms: [propext, Classical.choice, Quot.sound]
info: M5Checkpoint72.lean:294:0: 'M5.Connectivity.support_divisor_filter' depends on axioms: [propext, Classical.choice, Quot.sound]
info: M5Checkpoint72.lean:295:0: 'M5.Connectivity.connected_indicator' depends on axioms: [propext, Classical.choice, Quot.sound]
info: M5Checkpoint72.lean:296:0: 'M5.RepairSupport.replacement_anchor' depends on axioms: [propext, Classical.choice, Quot.sound]
info: M5Checkpoint72.lean:297:0: 'M5.RepairSupport.replacement_card' depends on axioms: [propext, Classical.choice, Quot.sound]
info: M5Checkpoint72.lean:298:0: 'M5.RepairSupport.replacement_combined_gcd' depends on axioms: [propext, Classical.choice, Quot.sound]
info: M5Checkpoint72.lean:299:0: 'M5.RepairSupport.replacement_polynomial_residue' depends on axioms: [propext, Classical.choice, Quot.sound]
info: M5Checkpoint72.lean:300:0: 'M5.RepairSupport.replacement_range' depends on axioms: [propext, Classical.choice, Quot.sound]
info: M5Checkpoint72.lean:301:0: 'M5.RepairSupport.replacement_connected' depends on axioms: [propext, Classical.choice, Quot.sound]
info: M5Checkpoint72.lean:302:0: 'M5.Binomial.negative_coeff' depends on axioms: [propext, Classical.choice, Quot.sound]
info: M5Checkpoint72.lean:303:0: 'M5.Binomial.signed_product_split' depends on axioms: [propext, Classical.choice, Quot.sound]
info: M5Checkpoint72.lean:304:0: 'M5.Binomial.binomial_convolution' depends on axioms: [propext, Classical.choice, Quot.sound]
info: M5Checkpoint72.lean:305:0: 'M5.Binomial.signed_coefficient_eval' depends on axioms: [propext, Classical.choice, Quot.sound]
info: M5Checkpoint72.lean:306:0: 'M5.Signature.binary_monic' depends on axioms: [propext, Classical.choice, Quot.sound]
info: M5Checkpoint72.lean:307:0: 'M5.Signature.divisor_constant_one' depends on axioms: [propext, Classical.choice, Quot.sound]
info: M5Checkpoint72.lean:308:0: 'M5.Signature.binary_dvd_antisymm' depends on axioms: [propext, Classical.choice, Quot.sound]
info: M5Checkpoint72.lean:309:0: 'M5.Signature.ordinary_gcd_properties' depends on axioms: [propext, Classical.choice, Quot.sound]
info: M5Checkpoint72.lean:310:0: 'M5.Signature.exact_signature_lift' depends on axioms: [propext, Classical.choice, Quot.sound]
info: M5Checkpoint72.lean:311:0: 'M5.Signature.ordinary_gcd_period_bound' depends on axioms: [propext, Classical.choice, Quot.sound]
info: M5Checkpoint72.lean:312:0: 'M5.QuotientCharacter.character_add' depends on axioms: [propext, Classical.choice, Quot.sound]
info: M5Checkpoint72.lean:313:0: 'M5.QuotientCharacter.coordinates_zero_iff' depends on axioms: [propext, Classical.choice, Quot.sound]
info: M5Checkpoint72.lean:314:0: 'M5.QuotientCharacter.finite_fibre_count' depends on axioms: [propext, Classical.choice, Quot.sound]
info: M5Checkpoint72.lean:315:0: 'M5.QuotientCharacter.character_orthogonality' depends on axioms: [propext, Classical.choice, Quot.sound]
⚠ [8756/8797] Built M7SignatureTauAccepted (7.2s)
warning: M7SignatureTauAccepted.lean:4:2: Unused tactic linter: `change ∀ F : M6.Cyclic.BinaryPolynomial, F ≠ 0 → F.Monic` does nothing

Note: This linter can be disabled with `set_option linter.unusedTactic false`
info: M7SignatureTauAccepted.lean:106:0: 'M7.SignatureTau.binary_monic' depends on axioms: [propext, Classical.choice, Quot.sound]
info: M7SignatureTauAccepted.lean:107:0: 'M7.SignatureTau.modulus_monic' depends on axioms: [propext, Classical.choice, Quot.sound]
info: M7SignatureTauAccepted.lean:108:0: 'M7.SignatureTau.gcd_canonical' depends on axioms: [propext, Classical.choice, Quot.sound]
info: M7SignatureTauAccepted.lean:109:0: 'M7.SignatureTau.reduced_image' depends on axioms: [propext, Classical.choice, Quot.sound]
info: M7SignatureTauAccepted.lean:110:0: 'M7.SignatureTau.tau_principal' depends on axioms: [propext, Classical.choice, Quot.sound]
info: M7SignatureTauAccepted.lean:111:0: 'M7.SignatureTau.tau_properties' depends on axioms: [propext, Classical.choice, Quot.sound]
info: M7SignatureTauAccepted.lean:112:0: 'M7.SignatureTau.source_tau_equal' depends on axioms: [propext, Classical.choice, Quot.sound]
info: M7SignatureTauAccepted.lean:113:0: 'M7.SignatureTau.tau_comp' depends on axioms: [propext, Classical.choice, Quot.sound]
info: M7SignatureTauAccepted.lean:114:0: 'M7.SignatureTau.tau_one' depends on axioms: [propext, Classical.choice, Quot.sound]
info: M7SignatureTauAccepted.lean:115:0: 'M7.SignatureTau.tau_inverse' depends on axioms: [propext, Classical.choice, Quot.sound]
✔ [8757/8797] Built M5BinaryDivisibility (4.5s)
ℹ [8758/8797] Built M7AffinePolynomialAccepted (11s)
info: M7AffinePolynomialAccepted.lean:65:0: 'M7.AffinePolynomial.rho_add_val' depends on axioms: [propext, Classical.choice, Quot.sound]
info: M7AffinePolynomialAccepted.lean:66:0: 'M7.AffinePolynomial.rho_mul_val' depends on axioms: [propext, Classical.choice, Quot.sound]
info: M7AffinePolynomialAccepted.lean:67:0: 'M7.AffinePolynomial.rho_power_unit' depends on axioms: [propext, Classical.choice, Quot.sound]
info: M7AffinePolynomialAccepted.lean:68:0: 'M7.AffinePolynomial.support_sum' depends on axioms: [propext, Classical.choice, Quot.sound]
info: M7AffinePolynomialAccepted.lean:69:0: 'M7.AffinePolynomial.substitution_support_sum' depends on axioms: [propext, Classical.choice, Quot.sound]
info: M7AffinePolynomialAccepted.lean:70:0: 'M7.AffinePolynomial.image_affine' depends on axioms: [propext, Classical.choice, Quot.sound]
info: M7AffinePolynomialAccepted.lean:71:0: 'M7.AffinePolynomial.action_images' depends on axioms: [propext, Classical.choice, Quot.sound]
✔ [8759/8797] Built M5PolynomialExclusion (3.8s)
✔ [8760/8797] Built M5FactorProduct (4.3s)
✔ [8761/8797] Built M7ActualOrbit (11s)
✔ [8762/8797] Built M7CanonicalOuter (11s)
⚠ [8763/8797] Built M5PolynomialExclusionAccepted (4.1s)
warning: M5PolynomialExclusionAccepted.lean:4:2: Unused tactic linter: `change
  ∀ (F : M5.BinaryPolynomial) (N : ℕ),
    0 < N → F.Monic → F ∣ M5.cyclicModulus N → M5.cyclicModulus N / F ≠ 0` does nothing

Note: This linter can be disabled with `set_option linter.unusedTactic false`
warning: M5PolynomialExclusionAccepted.lean:15:2: Unused tactic linter: `change ∀ F P p : M5.BinaryPolynomial, F ≠ 0 → F ∣ P → (p ∣ P / F ↔ F * p ∣ P)` does nothing

Note: This linter can be disabled with `set_option linter.unusedTactic false`
warning: M5PolynomialExclusionAccepted.lean:28:2: Unused tactic linter: `change
  ∀ (a b F : M5.BinaryPolynomial) (N : ℕ),
    F ∣ a → F ∣ b → F ∣ M5.cyclicModulus N → F ∣ M5.completeSignature a b N` does nothing

Note: This linter can be disabled with `set_option linter.unusedTactic false`
warning: M5PolynomialExclusionAccepted.lean:34:2: Unused tactic linter: `change
  ∀ F G : M5.BinaryPolynomial,
    F.Monic → F ∣ G → G ≠ 0 → G ≠ F → ∃ p : M5.BinaryPolynomial, Irreducible p ∧ F * p ∣ G` does nothing

Note: This linter can be disabled with `set_option linter.unusedTactic false`
warning: M5PolynomialExclusionAccepted.lean:77:6: Try `simp at hc` instead of `simpa using hc`

Note: This linter can be disabled with `set_option linter.unnecessarySimpa false`
warning: M5PolynomialExclusionAccepted.lean:55:2: Unused tactic linter: `change
  ∀ (a b F : M5.BinaryPolynomial) (N : ℕ),
    0 < N →
      F.Monic →
        F ∣ M5.cyclicModulus N →
          F ∣ a →
            F ∣ b →
              (M5.completeSignature a b N = F ↔
                ∀ p : M5.BinaryPolynomial,
                  Irreducible p → p ∣ M5.cyclicModulus N / F → ¬(F * p ∣ a ∧ F * p ∣ b))` does nothing

Note: This linter can be disabled with `set_option linter.unusedTactic false`
warning: M5PolynomialExclusionAccepted.lean:92:2: Unused tactic linter: `change
  ∀ (a b F : M5.BinaryPolynomial) (N : ℕ),
    0 < N →
      F.Monic →
        F ∣ M5.cyclicModulus N →
          F ∣ a →
            F ∣ b →
              (M5.completeSignature a b N = F ↔
                ∀ p ∈ M5.PolynomialExclusion.residualFactors (M5.cyclicModulus N) F,
                  ¬(F * p ∣ a ∧ F * p ∣ b))` does nothing

Note: This linter can be disabled with `set_option linter.unusedTactic false`
