{
  "files": 117,
  "attempts": [
    [
      "comparison",
      1
    ],
    [
      "generation",
      1
    ],
    [
      "label_work",
      1
    ],
    [
      "storage",
      1
    ],
    [
      "witness_work",
      1
    ],
    [
      "word_width",
      1
    ]
  ],
  "result": {
    "status": "finished",
    "graph_sha256": "e0f726110f779869a25b06cb880743fd2cbc84c9ae98f8a743a79ccf3e2c7b31",
    "max_concurrency": 2,
    "accepted_nodes": [
      "comparison",
      "generation",
      "label_work",
      "storage",
      "witness_work",
      "word_width"
    ],
    "executable_nodes": 6,
    "planned_nodes": 0,
    "assembly_accepted": true,
    "environment_unchanged": true,
    "experiment_passed": true,
    "m5_formalized": false,
    "work": "/home/jing/m7-lean-final-resources-formalization/.humanize-formal-runs/retrieval-resume-hot4f22i/experiment"
  }
}
