✔ [1874/1904] Built M5Foundation (12s)
✔ [1875/1904] Built M5Character (18s)
⚠ [1876/1904] Built M5StageOne (18s)
warning: M5StageOne.lean:4:2: Unused tactic linter: `change ∀ (w T : ℕ), 2 ≤ w → 0 < T → T < M5.packingCutoff w T` does nothing

Note: This linter can be disabled with `set_option linter.unusedTactic false`
warning: M5StageOne.lean:25:40: This simp argument is unused:
  Nat.mul_mod

Hint: Omit it from the simp argument list.
  [apply] simp [M5.packedExponent, Nat.add_mod, Nat.mod_eq_of_lt hr]

Note: This linter can be disabled with `set_option linter.unusedSimpArgs false`
warning: M5StageOne.lean:23:2: Unused tactic linter: `change ∀ (T r j : ℕ), r < T → M5.packedExponent T r j % T = r` does nothing

Note: This linter can be disabled with `set_option linter.unusedTactic false`
warning: M5StageOne.lean:28:2: Unused tactic linter: `change ∀ (T E j : ℕ), T ∣ E → T ∣ T + j * E` does nothing

Note: This linter can be disabled with `set_option linter.unusedTactic false`
warning: M5StageOne.lean:33:2: Unused tactic linter: `change
  ∀ (total excluded included : ℕ), total = excluded + included → 0 < total → excluded = 0 → 0 < included` does nothing

Note: This linter can be disabled with `set_option linter.unusedTactic false`
warning: M5StageOne.lean:38:2: Unused tactic linter: `change ∀ (w T e k : ℕ), 0 < T → w ≤ k → w * T ≤ e + k * T` does nothing

Note: This linter can be disabled with `set_option linter.unusedTactic false`
warning: M5StageOne.lean:43:2: Unused tactic linter: `change
  ∀ (w T E N : ℕ), N < M5.packingCutoff w T + E → E ≤ 2 ^ (w * T) → N < M5.birthBound w T` does nothing

Note: This linter can be disabled with `set_option linter.unusedTactic false`
warning: M5StageOne.lean:50:2: Unused tactic linter: `change
  ∀ (T r s j k : ℕ), r < T → s < T → M5.packedExponent T r j = M5.packedExponent T s k → r = s ∧ j = k` does nothing

Note: This linter can be disabled with `set_option linter.unusedTactic false`
warning: M5StageOne.lean:65:2: Unused tactic linter: `change
  ∀ (w T r j e k : ℕ), r < T → j < w → w ≤ k → M5.packedExponent T r j ≠ e + k * T` does nothing

Note: This linter can be disabled with `set_option linter.unusedTactic false`
✔ [1877/1904] Built M5CRT (19s)
✔ [1878/1904] Built M5Packing (21s)
✔ [1879/1904] Built M5Binomial (21s)
✔ [1880/1904] Built M5FiniteExclusion (22s)
✔ [1881/1904] Built M5IntegerMobius (23s)
✔ [1882/1904] Built M5Period (24s)
✔ [1883/1904] Built M5Lift (14s)
⚠ [1884/1904] Built M5PackingInjective (16s)
warning: M5PackingInjective.lean:18:4: Try `simp at hi` instead of `simpa using hi`

Note: This linter can be disabled with `set_option linter.unnecessarySimpa false`
warning: M5PackingInjective.lean:4:2: Unused tactic linter: `change
  ∀ (w T : ℕ) (r : Fin w → Fin T) (i j : Fin w),
    i < j → r i = r j → M5.Packing.occurrenceTag r i < M5.Packing.occurrenceTag r j` does nothing

Note: This linter can be disabled with `set_option linter.unusedTactic false`
warning: M5PackingInjective.lean:23:45: This simp argument is unused:
  Nat.mul_mod

Hint: Omit it from the simp argument list.
  [apply] simp [M5.Packing.packedValue, Nat.add_mod, Nat.mod_eq_of_lt (r i).isLt]

Note: This linter can be disabled with `set_option linter.unusedSimpArgs false`
warning: M5PackingInjective.lean:21:2: Unused tactic linter: `change
  ∀ (w T : ℕ) (r : Fin w → Fin T) (i : Fin w), M5.Packing.packedValue r i % T = (r i).val` does nothing

Note: This linter can be disabled with `set_option linter.unusedTactic false`
warning: M5PackingInjective.lean:26:2: Unused tactic linter: `change
  ∀ (w T : ℕ) (r : Fin w → Fin T), Function.Injective (M5.Packing.packedValue r)` does nothing

Note: This linter can be disabled with `set_option linter.unusedTactic false`
⚠ [1885/1904] Built M5QuotientFinite (16s)
warning: M5QuotientFinite.lean:6:2: Try this: 
  letI̵

The goal is a proposition, so `let` is preferred over `letI`.
The difference between `let` and `letI` is that `letI` inlines the value.
But this is not relevant for proofs because of proof irrelevance.

Note: This linter can be disabled with `set_option linter.style.haveILetI false`
warning: M5QuotientFinite.lean:4:2: Unused tactic linter: `change ∀ (F : M5.BinaryPolynomial), F.Monic → Finite (AdjoinRoot F)` does nothing

Note: This linter can be disabled with `set_option linter.unusedTactic false`
✔ [1886/1904] Built M5SupportPolynomial (11s)
✔ [1887/1904] Built M5Cardinality (10s)
⚠ [1888/1904] Built M5Accepted (25s)
warning: M5Accepted.lean:15:2: Unused tactic linter: `change ∀ T E L : ℕ, 0 < E → T < L → ∃ j : ℕ, L ≤ T + j * E ∧ T + j * E < L + E` does nothing

Note: This linter can be disabled with `set_option linter.unusedTactic false`
warning: M5Accepted.lean:29:2: Unused tactic linter: `change ∀ N : ℕ, M5.cyclicModulus N = (Polynomial.X : M5.BinaryPolynomial) ^ N - 1` does nothing

Note: This linter can be disabled with `set_option linter.unusedTactic false`
warning: M5Accepted.lean:34:2: Unused tactic linter: `change
  ∀ w T E : ℕ,
    2 ≤ w →
      0 < T →
        0 < E →
          E ≤ 2 ^ (w * T) → ∃ j : ℕ, M5.packingCutoff w T ≤ T + j * E ∧ T + j * E < M5.birthBound w T` does nothing

Note: This linter can be disabled with `set_option linter.unusedTactic false`
warning: M5Accepted.lean:43:2: Unused tactic linter: `change ∀ E N : ℕ, E ∣ N → M5.cyclicModulus E ∣ M5.cyclicModulus N` does nothing

Note: This linter can be disabled with `set_option linter.unusedTactic false`
warning: M5Accepted.lean:50:2: Unused tactic linter: `change
  ∀ T E j : ℕ,
    M5.cyclicModulus (T + j * E) - M5.cyclicModulus T =
      (Polynomial.X : M5.BinaryPolynomial) ^ T * M5.cyclicModulus (j * E)` does nothing

Note: This linter can be disabled with `set_option linter.unusedTactic false`
warning: M5Accepted.lean:56:2: Unused tactic linter: `change
  ∀ (G : M5.BinaryPolynomial) (T E j : ℕ),
    G ∣ M5.cyclicModulus E → G ∣ M5.cyclicModulus (T + j * E) - M5.cyclicModulus T` does nothing

Note: This linter can be disabled with `set_option linter.unusedTactic false`
warning: M5Accepted.lean:67:2: Unused tactic linter: `change
  ∀ (G D : M5.BinaryPolynomial) (T E j : ℕ),
    G ∣ M5.cyclicModulus E → D ∣ G → (D ∣ M5.cyclicModulus (T + j * E) ↔ D ∣ M5.cyclicModulus T)` does nothing

Note: This linter can be disabled with `set_option linter.unusedTactic false`
warning: M5Accepted.lean:78:2: Unused tactic linter: `change
  ∀ (a b D : M5.BinaryPolynomial) (T E j : ℕ),
    EuclideanDomain.gcd a b ∣ M5.cyclicModulus E →
      ((D ∣ a ∧ D ∣ b ∧ D ∣ M5.cyclicModulus (T + j * E)) ↔ (D ∣ a ∧ D ∣ b ∧ D ∣ M5.cyclicModulus T))` does nothing

Note: This linter can be disabled with `set_option linter.unusedTactic false`
warning: M5Accepted.lean:89:2: Unused tactic linter: `change
  ∀ (F : M5.BinaryPolynomial) (N : ℕ), F ∣ M5.cyclicModulus N ↔ (AdjoinRoot.root F) ^ N = 1` does nothing

Note: This linter can be disabled with `set_option linter.unusedTactic false`
warning: M5Accepted.lean:99:2: Unused tactic linter: `change ∀ (F : M5.BinaryPolynomial), F.coeff 0 = 1 → IsUnit (AdjoinRoot.root F)` does nothing

Note: This linter can be disabled with `set_option linter.unusedTactic false`
warning: M5Accepted.lean:113:2: Try this: 
  letI̵

The goal is a proposition, so `let` is preferred over `letI`.
The difference between `let` and `letI` is that `letI` inlines the value.
But this is not relevant for proofs because of proof irrelevance.

Note: This linter can be disabled with `set_option linter.style.haveILetI false`
warning: M5Accepted.lean:111:2: Unused tactic linter: `change
  ∀ (F : M5.BinaryPolynomial),
    F.Monic →
      F.coeff 0 = 1 →
        0 < M5.signaturePeriod F ∧ ∀ N : ℕ, F ∣ M5.cyclicModulus N ↔ M5.signaturePeriod F ∣ N` does nothing

Note: This linter can be disabled with `set_option linter.unusedTactic false`
warning: M5Accepted.lean:121:2: Unused tactic linter: `change
  ∀ (F G : M5.BinaryPolynomial),
    F.Monic →
      F.coeff 0 = 1 → G.Monic → G.coeff 0 = 1 → F ∣ G → M5.signaturePeriod F ∣ M5.signaturePeriod G` does nothing

Note: This linter can be disabled with `set_option linter.unusedTactic false`
warning: M5Accepted.lean:128:2: Unused tactic linter: `change M5.signaturePeriod (1 : M5.BinaryPolynomial) = 1` does nothing

Note: This linter can be disabled with `set_option linter.unusedTactic false`
warning: M5Accepted.lean:134:2: Unused tactic linter: `change
  ∀ F : M5.BinaryPolynomial, F.Monic → Nat.card (AdjoinRoot F) = 2 ^ F.natDegree` does nothing

Note: This linter can be disabled with `set_option linter.unusedTactic false`
warning: M5Accepted.lean:146:2: Try this: 
  letI̵

The goal is a proposition, so `let` is preferred over `letI`.
The difference between `let` and `letI` is that `letI` inlines the value.
But this is not relevant for proofs because of proof irrelevance.

Note: This linter can be disabled with `set_option linter.style.haveILetI false`
warning: M5Accepted.lean:144:2: Unused tactic linter: `change
  ∀ F : M5.BinaryPolynomial, F.Monic → F.coeff 0 = 1 → M5.signaturePeriod F ≤ 2 ^ F.natDegree` does nothing

Note: This linter can be disabled with `set_option linter.unusedTactic false`
warning: M5Accepted.lean:153:2: Unused tactic linter: `change ∀ R r w : ℕ, 0 < R → ∃ k : ℕ, w ≤ k ∧ k < w + R ∧ Nat.ModEq R k r` does nothing

Note: This linter can be disabled with `set_option linter.unusedTactic false`
warning: M5Accepted.lean:166:22: Used `tac1 <;> tac2` where `(tac1; tac2)` would suffice

Note: This linter can be disabled with `set_option linter.unnecessarySeqFocus false`
warning: M5Accepted.lean:170:2: Unused tactic linter: `change
  ∀ δ e : ℕ,
    0 < δ →
      ∃ r : ℕ, r < M5.CRT.primeProduct δ ∧ ∀ p ∈ δ.primeFactors, Nat.ModEq p r (M5.CRT.repairResidue e p)` does nothing

Note: This linter can be disabled with `set_option linter.unusedTactic false`
warning: M5Accepted.lean:194:4: try 'simp' instead of 'simpa'

Note: This linter can be disabled with `set_option linter.unnecessarySimpa false`
warning: M5Accepted.lean:183:2: Unused tactic linter: `change
  ∀ p δ T e : ℕ, p.Prime → p ∣ δ → Nat.gcd (Nat.gcd T δ) e = 1 → ¬p ∣ e + M5.CRT.repairResidue e p * T` does nothing

Note: This linter can be disabled with `set_option linter.unusedTactic false`
warning: M5Accepted.lean:197:2: Unused tactic linter: `change
  ∀ δ T e k : ℕ,
    0 < δ →
      Nat.gcd (Nat.gcd T δ) e = 1 →
        (∀ p ∈ δ.primeFactors, Nat.ModEq p k (M5.CRT.repairResidue e p)) → Nat.gcd δ (e + k * T) = 1` does nothing

Note: This linter can be disabled with `set_option linter.unusedTactic false`
warning: M5Accepted.lean:208:2: Unused tactic linter: `change
  ∀ δ T e w : ℕ,
    0 < δ → 0 < T → Nat.gcd (Nat.gcd T δ) e = 1 → ∃ k : ℕ, w ≤ k ∧ k < w + δ ∧ Nat.gcd δ (e + k * T) = 1` does nothing

Note: This linter can be disabled with `set_option linter.unusedTactic false`
warning: M5Accepted.lean:219:6: Unused tactic linter: `exact hkr.of_dvd hpδ` does nothing

Note: This linter can be disabled with `set_option linter.unusedTactic false`
warning: M5Accepted.lean:219:6: this tactic is never executed

Note: This linter can be disabled with `set_option linter.unreachableTactic false`
warning: M5Accepted.lean:223:2: Unused tactic linter: `change
  ∀ (w T : ℕ) (r : Fin w → Fin T) (hw : 0 < w), (r ⟨0, hw⟩).val = 0 → 0 ∈ M5.Packing.packedSupport r` does nothing

Note: This linter can be disabled with `set_option linter.unusedTactic false`
warning: M5Accepted.lean:242:4: Try `simp at hi` instead of `simpa using hi`

Note: This linter can be disabled with `set_option linter.unnecessarySimpa false`
warning: M5Accepted.lean:231:2: Unused tactic linter: `change
  ∀ (w T : ℕ) (r : Fin w → Fin T) (i : Fin w), M5.Packing.occurrenceTag r i < w` does nothing

Note: This linter can be disabled with `set_option linter.unusedTactic false`
warning: M5Accepted.lean:246:2: Unused tactic linter: `change
  ∀ (w T : ℕ) (r : Fin w → Fin T) (e : ℕ), e ∈ M5.Packing.packedSupport r → e < w * T` does nothing

Note: This linter can be disabled with `set_option linter.unusedTactic false`
warning: M5Accepted.lean:258:2: Unused tactic linter: `change ∀ (w T : ℕ) (r : Fin w → Fin T), (M5.Packing.packedSupport r).card = w` does nothing

Note: This linter can be disabled with `set_option linter.unusedTactic false`
warning: M5Accepted.lean:266:2: Unused tactic linter: `change
  ∀ a b c : ZMod 2, M5.Character.bitSign a (b + c) = M5.Character.bitSign a b * M5.Character.bitSign a c` does nothing

Note: This linter can be disabled with `set_option linter.unusedTactic false`
warning: M5Accepted.lean:270:2: Unused tactic linter: `change
  ∀ b : ZMod 2, (∑ a : ZMod 2, M5.Character.bitSign a b) = if b = 0 then 2 else 0` does nothing

Note: This linter can be disabled with `set_option linter.unusedTactic false`
warning: M5Accepted.lean:274:2: Unused tactic linter: `change
  ∀ (D : ℕ) (lam z u : M5.Character.BinaryVector D),
    M5.Character.value lam (z + u) = M5.Character.value lam z * M5.Character.value lam u` does nothing

Note: This linter can be disabled with `set_option linter.unusedTactic false`
warning: M5Accepted.lean:288:8: `if_neg` has been deprecated: Use `ite_eq_right` instead
warning: M5Accepted.lean:296:51: `if_neg` has been deprecated: Use `ite_eq_right` instead
warning: M5Accepted.lean:279:2: Unused tactic linter: `change
  ∀ (D : ℕ) (z : M5.Character.BinaryVector D),
    (∑ lam : M5.Character.BinaryVector D, M5.Character.value lam z) = if z = 0 then (2 : ℤ) ^ D else 0` does nothing

Note: This linter can be disabled with `set_option linter.unusedTactic false`
warning: M5Accepted.lean:299:2: Unused tactic linter: `change
  ∀ (D n : ℕ) (f : Fin n → M5.Character.BinaryVector D) (z : M5.Character.BinaryVector D),
    (∑ lam : M5.Character.BinaryVector D, M5.Character.value lam z * ∑ u : Fin n, M5.Character.value lam (f u)) =
      (2 : ℤ) ^ D * ((Finset.univ.filter (fun u : Fin n => f u = z)).card : ℤ)` does nothing

Note: This linter can be disabled with `set_option linter.unusedTactic false`
warning: M5Accepted.lean:319:2: Unused tactic linter: `change
  ∀ (w T : ℕ) (r : Fin w → Fin T),
    Function.Injective (M5.Packing.packedValue r) →
      M5.SupportPolynomial.ofSupport (M5.Packing.packedSupport r) =
        ∑ i : Fin w, (Polynomial.X : M5.BinaryPolynomial) ^ M5.Packing.packedValue r i` does nothing

Note: This linter can be disabled with `set_option linter.unusedTactic false`
warning: M5Accepted.lean:328:2: Unused tactic linter: `change
  ∀ T a j : ℕ,
    AdjoinRoot.mk (M5.cyclicModulus T) ((Polynomial.X : M5.BinaryPolynomial) ^ (a + j * T)) =
      AdjoinRoot.mk (M5.cyclicModulus T) ((Polynomial.X : M5.BinaryPolynomial) ^ a)` does nothing

Note: This linter can be disabled with `set_option linter.unusedTactic false`
warning: M5Accepted.lean:353:2: Unused tactic linter: `change
  ∀ (S : Finset ℕ) (K : ℕ), 0 < K → (∀ e ∈ S, e < K) → (M5.SupportPolynomial.ofSupport S).natDegree < K` does nothing

Note: This linter can be disabled with `set_option linter.unusedTactic false`
warning: M5Accepted.lean:373:2: Try `simp at hcoeff` instead of `simpa using hcoeff`

Note: This linter can be disabled with `set_option linter.unnecessarySimpa false`
warning: M5Accepted.lean:370:2: Unused tactic linter: `change ∀ S : Finset ℕ, 0 ∈ S → M5.SupportPolynomial.ofSupport S ≠ 0` does nothing

Note: This linter can be disabled with `set_option linter.unusedTactic false`
warning: M5Accepted.lean:376:2: Unused tactic linter: `change
  ∀ (w T : ℕ) (r : Fin w → Fin T),
    AdjoinRoot.mk (M5.cyclicModulus T) (M5.SupportPolynomial.ofSupport (M5.Packing.packedSupport r)) =
      AdjoinRoot.mk (M5.cyclicModulus T) (M5.SupportPolynomial.ofResidueTuple r)` does nothing

Note: This linter can be disabled with `set_option linter.unusedTactic false`
warning: M5Accepted.lean:388:2: Unused tactic linter: `change
  ∀ n : ℕ, (∑ d ∈ n.divisors, ArithmeticFunction.moebius d) = if n = 1 then (1 : ℤ) else 0` does nothing

Note: This linter can be disabled with `set_option linter.unusedTactic false`
warning: M5Accepted.lean:394:73: This simp argument is unused:
  and_assoc

Hint: Omit it from the simp argument list.
  [apply] simp [M5.Connectivity.supportGcd, Nat.dvd_gcd_iff, Finset.dvd_gcd_iff]

Note: This linter can be disabled with `set_option linter.unusedSimpArgs false`
warning: M5Accepted.lean:407:37: This simp argument is unused:
  and_assoc

Hint: Omit it from the simp argument list.
  [apply] simp [Finset.mem_filter, Nat.mem_divisors, Nat.ne_of_gt hN, hg, M5.Connectivity.support_gcd_dvd]

Note: This linter can be disabled with `set_option linter.unusedSimpArgs false`
warning: M5Accepted.lean:411:2: Unused tactic linter: `change
  ∀ (N : ℕ) (A B : Finset ℕ),
    0 < N →
      (∑ d ∈ N.divisors, if (∀ a ∈ A, d ∣ a) ∧ (∀ b ∈ B, d ∣ b) then ArithmeticFunction.moebius d else 0) =
        if M5.Connectivity.supportGcd N A B = 1 then (1 : ℤ) else 0` does nothing

Note: This linter can be disabled with `set_option linter.unusedTactic false`
info: M5Accepted.lean:416:0: 'M5.cutoff_gt_period' depends on axioms: [propext, Quot.sound]
info: M5Accepted.lean:417:0: 'M5.packed_range' depends on axioms: [propext]
info: M5Accepted.lean:418:0: 'M5.packed_residue' depends on axioms: [propext]
info: M5Accepted.lean:419:0: 'M5.progression_period' depends on axioms: [propext]
info: M5Accepted.lean:420:0: 'M5.recovery_inclusion_positive' does not depend on any axioms
info: M5Accepted.lean:421:0: 'M5.repair_above_packing' does not depend on any axioms
info: M5Accepted.lean:422:0: 'M5.source_below_birth_bound' depends on axioms: [propext]
info: M5Accepted.lean:423:0: 'M5.packed_injective' depends on axioms: [propext, Classical.choice, Quot.sound]
info: M5Accepted.lean:424:0: 'M5.repair_no_collision' depends on axioms: [propext]
info: M5Accepted.lean:425:0: 'M5.Lift.bounded_progression' depends on axioms: [propext, Quot.sound]
info: M5Accepted.lean:426:0: 'M5.Lift.cyclic_as_sub' depends on axioms: [propext, Classical.choice, Quot.sound]
info: M5Accepted.lean:427:0: 'M5.Lift.bounded_source_order' depends on axioms: [propext, Quot.sound]
info: M5Accepted.lean:428:0: 'M5.Lift.modulus_multiple' depends on axioms: [propext, Classical.choice, Quot.sound]
info: M5Accepted.lean:429:0: 'M5.Lift.progression_difference' depends on axioms: [propext, Classical.choice, Quot.sound]
info: M5Accepted.lean:430:0: 'M5.Lift.progression_congruence' depends on axioms: [propext, Classical.choice, Quot.sound]
info: M5Accepted.lean:431:0: 'M5.Lift.common_divisors_lift' depends on axioms: [propext, Classical.choice, Quot.sound]
info: M5Accepted.lean:432:0: 'M5.Lift.triple_divisors_lift' depends on axioms: [propext, Classical.choice, Quot.sound]
info: M5Accepted.lean:433:0: 'M5.Period.cyclic_dvd_iff_root_pow' depends on axioms: [propext, Classical.choice, Quot.sound]
info: M5Accepted.lean:434:0: 'M5.Period.quotient_finite' depends on axioms: [propext, Classical.choice, Quot.sound]
info: M5Accepted.lean:435:0: 'M5.Period.root_is_unit' depends on axioms: [propext, Classical.choice, Quot.sound]
info: M5Accepted.lean:436:0: 'M5.Period.period_law' depends on axioms: [propext, Classical.choice, Quot.sound]
info: M5Accepted.lean:437:0: 'M5.Period.period_dvd_of_dvd' depends on axioms: [propext, Classical.choice, Quot.sound]
info: M5Accepted.lean:438:0: 'M5.Period.period_one' depends on axioms: [propext, Classical.choice, Quot.sound]
info: M5Accepted.lean:439:0: 'M5.Period.quotient_cardinality' depends on axioms: [propext, Classical.choice, Quot.sound]
info: M5Accepted.lean:440:0: 'M5.Period.period_cardinality_bound' depends on axioms: [propext, Classical.choice, Quot.sound]
info: M5Accepted.lean:441:0: 'M5.CRT.interval_representative' depends on axioms: [propext, Classical.choice, Quot.sound]
info: M5Accepted.lean:442:0: 'M5.CRT.prime_crt_representative' depends on axioms: [propext, Classical.choice, Quot.sound]
info: M5Accepted.lean:443:0: 'M5.CRT.safe_prime_residue' depends on axioms: [propext, Quot.sound]
info: M5Accepted.lean:444:0: 'M5.CRT.residues_force_coprime' depends on axioms: [propext, Classical.choice, Quot.sound]
info: M5Accepted.lean:445:0: 'M5.CRT.bounded_connectivity_repair' depends on axioms: [propext, Classical.choice, Quot.sound]
info: M5Accepted.lean:446:0: 'M5.Packing.equal_residue_tag_strict' depends on axioms: [propext, Classical.choice, Quot.sound]
info: M5Accepted.lean:447:0: 'M5.Packing.packed_support_anchor' depends on axioms: [propext, Classical.choice, Quot.sound]
info: M5Accepted.lean:448:0: 'M5.Packing.packed_value_mod' depends on axioms: [propext, Classical.choice, Quot.sound]
info: M5Accepted.lean:449:0: 'M5.Packing.tag_lt_weight' depends on axioms: [propext, Classical.choice, Quot.sound]
info: M5Accepted.lean:450:0: 'M5.Packing.packed_support_range' depends on axioms: [propext, Classical.choice, Quot.sound]
info: M5Accepted.lean:451:0: 'M5.Packing.packed_value_injective' depends on axioms: [propext, Classical.choice, Quot.sound]
info: M5Accepted.lean:452:0: 'M5.Packing.packed_support_card' depends on axioms: [propext, Classical.choice, Quot.sound]
info: M5Accepted.lean:453:0: 'M5.Character.bit_add' depends on axioms: [propext, Classical.choice, Quot.sound]
info: M5Accepted.lean:454:0: 'M5.Character.bit_orthogonality' depends on axioms: [propext, Classical.choice, Quot.sound]
info: M5Accepted.lean:455:0: 'M5.Character.character_add' depends on axioms: [propext, Classical.choice, Quot.sound]
info: M5Accepted.lean:456:0: 'M5.Character.character_orthogonality' depends on axioms: [propext, Classical.choice, Quot.sound]
info: M5Accepted.lean:457:0: 'M5.Character.finite_fibre_count' depends on axioms: [propext, Classical.choice, Quot.sound]
info: M5Accepted.lean:458:0: 'M5.SupportPolynomial.packed_sum_image' depends on axioms: [propext, Classical.choice, Quot.sound]
info: M5Accepted.lean:459:0: 'M5.SupportPolynomial.quotient_monomial_period' depends on axioms: [propext, Classical.choice, Quot.sound]
info: M5Accepted.lean:460:0: 'M5.SupportPolynomial.support_coeff_zero' depends on axioms: [propext, Classical.choice, Quot.sound]
info: M5Accepted.lean:461:0: 'M5.SupportPolynomial.support_degree_bound' depends on axioms: [propext, Classical.choice, Quot.sound]
info: M5Accepted.lean:462:0: 'M5.SupportPolynomial.anchored_support_nonzero' depends on axioms: [propext, Classical.choice, Quot.sound]
info: M5Accepted.lean:463:0: 'M5.SupportPolynomial.packed_polynomial_residue' depends on axioms: [propext, Classical.choice, Quot.sound]
info: M5Accepted.lean:464:0: 'M5.Connectivity.divisor_moebius' depends on axioms: [propext, Classical.choice, Quot.sound]
info: M5Accepted.lean:465:0: 'M5.Connectivity.support_gcd_dvd' depends on axioms: [propext, Classical.choice, Quot.sound]
info: M5Accepted.lean:466:0: 'M5.Connectivity.support_divisor_filter' depends on axioms: [propext, Classical.choice, Quot.sound]
info: M5Accepted.lean:467:0: 'M5.Connectivity.connected_indicator' depends on axioms: [propext, Classical.choice, Quot.sound]
✔ [1889/1904] Built M5QuotientMonomialPeriod (19s)
✔ [1890/1904] Built M5QuotientCharacter (20s)
✔ [1891/1904] Built M5SubsetCharacter (21s)
✔ [1892/1904] Built M5Signature (21s)
✔ [1893/1904] Built M5TupleCharacter (21s)
✔ [1894/1904] Built M5RepairSupport (21s)
⚠ [1895/1904] Built M5Checkpoint72 (26s)
warning: M5Checkpoint72.lean:22:35: This simp argument is unused:
  he

Hint: Omit it from the simp argument list.
  [apply] simp [M5.RepairSupport.repaired, Ne.symm he, h0]

Note: This linter can be disabled with `set_option linter.unusedSimpArgs false`
warning: M5Checkpoint72.lean:20:2: Unused tactic linter: `change
  ∀ (A : Finset ℕ) (e q : ℕ), e ≠ 0 → 0 ∈ A → 0 ∈ M5.RepairSupport.repaired A e q` does nothing

Note: This linter can be disabled with `set_option linter.unusedTactic false`
warning: M5Checkpoint72.lean:25:2: Unused tactic linter: `change
  ∀ (A : Finset ℕ) (e q : ℕ), e ∈ A → q ∉ A → (M5.RepairSupport.repaired A e q).card = A.card` does nothing

Note: This linter can be disabled with `set_option linter.unusedTactic false`
warning: M5Checkpoint72.lean:55:4: Unused tactic linter: `simpa only [Polynomial.monomial_one] using
  (M5.quotient_monomial_period (T := T) (a := e) (j := k))` does nothing

Note: This linter can be disabled with `set_option linter.unusedTactic false`
warning: M5Checkpoint72.lean:55:4: this tactic is never executed

Note: This linter can be disabled with `set_option linter.unreachableTactic false`
warning: M5Checkpoint72.lean:59:2: Unused tactic linter: `change
  ∀ (A : Finset ℕ) (e q L : ℕ), (∀ a ∈ A, a < L) → q < L → ∀ a ∈ M5.RepairSupport.repaired A e q, a < L` does nothing

Note: This linter can be disabled with `set_option linter.unusedTactic false`
warning: M5Checkpoint72.lean:85:34: This simp argument is unused:
  hij

Hint: Omit it from the simp argument list.
  [apply] simp [Polynomial.coeff_X_pow, hij.symm]

Note: This linter can be disabled with `set_option linter.unusedSimpArgs false`
warning: M5Checkpoint72.lean:73:2: Unused tactic linter: `change
  ∀ m j : ℕ, (((1 : Polynomial ℤ) - Polynomial.X) ^ m).coeff j = (-1 : ℤ) ^ j * (m.choose j : ℤ)` does nothing

Note: This linter can be disabled with `set_option linter.unusedTactic false`
warning: M5Checkpoint72.lean:78:4: Used `tac1 <;> tac2` where `(tac1; tac2)` would suffice

Note: This linter can be disabled with `set_option linter.unnecessarySeqFocus false`
warning: M5Checkpoint72.lean:127:2: Unused tactic linter: `change
  ∀ m n k : ℕ,
    (((1 - Polynomial.X : Polynomial ℤ) ^ m) * (1 + Polynomial.X) ^ n).coeff k =
      ∑ j ∈ Finset.range (k + 1), (-1 : ℤ) ^ j * (m.choose j : ℤ) * (n.choose (k - j) : ℤ)` does nothing

Note: This linter can be disabled with `set_option linter.unusedTactic false`
warning: M5Checkpoint72.lean:143:2: Unused tactic linter: `change ∀ P : M5.BinaryPolynomial, P ≠ 0 → P.Monic` does nothing

Note: This linter can be disabled with `set_option linter.unusedTactic false`
warning: M5Checkpoint72.lean:150:2: Unused tactic linter: `change ∀ P a : M5.BinaryPolynomial, P ∣ a → a.coeff 0 = 1 → P.coeff 0 = 1` does nothing

Note: This linter can be disabled with `set_option linter.unusedTactic false`
warning: M5Checkpoint72.lean:158:2: Unused tactic linter: `change ∀ P Q : M5.BinaryPolynomial, P ∣ Q → Q ∣ P → P = Q` does nothing

Note: This linter can be disabled with `set_option linter.unusedTactic false`
warning: M5Checkpoint72.lean:172:2: Unused tactic linter: `change
  ∀ a b : M5.BinaryPolynomial,
    a.coeff 0 = 1 →
      b.coeff 0 = 1 →
        (EuclideanDomain.gcd a b).Monic ∧
          (EuclideanDomain.gcd a b).coeff 0 = 1 ∧ (EuclideanDomain.gcd a b).natDegree ≤ b.natDegree` does nothing

Note: This linter can be disabled with `set_option linter.unusedTactic false`
warning: M5Checkpoint72.lean:186:2: Unused tactic linter: `change
  ∀ (a b : M5.BinaryPolynomial) (T E j : ℕ),
    EuclideanDomain.gcd a b ∣ M5.cyclicModulus E →
      M5.completeSignature a b (T + j * E) = M5.completeSignature a b T` does nothing

Note: This linter can be disabled with `set_option linter.unusedTactic false`
warning: M5Checkpoint72.lean:193:6: Unused tactic linter: `symm` does nothing

Note: This linter can be disabled with `set_option linter.unusedTactic false`
warning: M5Checkpoint72.lean:193:12: Unused tactic linter: `(apply M5.Lift.common_divisors_lift) <;> assumption` does nothing

Note: This linter can be disabled with `set_option linter.unusedTactic false`
warning: M5Checkpoint72.lean:193:6: this tactic is never executed

Note: This linter can be disabled with `set_option linter.unreachableTactic false`
warning: M5Checkpoint72.lean:193:12: this tactic is never executed

Note: This linter can be disabled with `set_option linter.unreachableTactic false`
warning: M5Checkpoint72.lean:203:2: Unused tactic linter: `change
  ∀ a b : M5.BinaryPolynomial,
    a.coeff 0 = 1 →
      b.coeff 0 = 1 →
        0 < M5.signaturePeriod (EuclideanDomain.gcd a b) ∧
          M5.signaturePeriod (EuclideanDomain.gcd a b) ≤ 2 ^ b.natDegree` does nothing

Note: This linter can be disabled with `set_option linter.unusedTactic false`
warning: M5Checkpoint72.lean:220:4: Unused tactic linter: `simp [M5.QuotientCharacter.coordinates]` does nothing

Note: This linter can be disabled with `set_option linter.unusedTactic false`
warning: M5Checkpoint72.lean:220:4: this tactic is never executed

Note: This linter can be disabled with `set_option linter.unreachableTactic false`
info: M5Checkpoint72.lean:244:0: 'M5.cutoff_gt_period' depends on axioms: [propext, Quot.sound]
info: M5Checkpoint72.lean:245:0: 'M5.packed_range' depends on axioms: [propext]
info: M5Checkpoint72.lean:246:0: 'M5.packed_residue' depends on axioms: [propext]
info: M5Checkpoint72.lean:247:0: 'M5.progression_period' depends on axioms: [propext]
info: M5Checkpoint72.lean:248:0: 'M5.recovery_inclusion_positive' does not depend on any axioms
info: M5Checkpoint72.lean:249:0: 'M5.repair_above_packing' does not depend on any axioms
info: M5Checkpoint72.lean:250:0: 'M5.source_below_birth_bound' depends on axioms: [propext]
info: M5Checkpoint72.lean:251:0: 'M5.packed_injective' depends on axioms: [propext, Classical.choice, Quot.sound]
info: M5Checkpoint72.lean:252:0: 'M5.repair_no_collision' depends on axioms: [propext]
info: M5Checkpoint72.lean:253:0: 'M5.Lift.bounded_progression' depends on axioms: [propext, Quot.sound]
info: M5Checkpoint72.lean:254:0: 'M5.Lift.cyclic_as_sub' depends on axioms: [propext, Classical.choice, Quot.sound]
info: M5Checkpoint72.lean:255:0: 'M5.Lift.bounded_source_order' depends on axioms: [propext, Quot.sound]
info: M5Checkpoint72.lean:256:0: 'M5.Lift.modulus_multiple' depends on axioms: [propext, Classical.choice, Quot.sound]
info: M5Checkpoint72.lean:257:0: 'M5.Lift.progression_difference' depends on axioms: [propext, Classical.choice, Quot.sound]
info: M5Checkpoint72.lean:258:0: 'M5.Lift.progression_congruence' depends on axioms: [propext, Classical.choice, Quot.sound]
info: M5Checkpoint72.lean:259:0: 'M5.Lift.common_divisors_lift' depends on axioms: [propext, Classical.choice, Quot.sound]
info: M5Checkpoint72.lean:260:0: 'M5.Lift.triple_divisors_lift' depends on axioms: [propext, Classical.choice, Quot.sound]
info: M5Checkpoint72.lean:261:0: 'M5.Period.cyclic_dvd_iff_root_pow' depends on axioms: [propext, Classical.choice, Quot.sound]
info: M5Checkpoint72.lean:262:0: 'M5.Period.quotient_finite' depends on axioms: [propext, Classical.choice, Quot.sound]
info: M5Checkpoint72.lean:263:0: 'M5.Period.root_is_unit' depends on axioms: [propext, Classical.choice, Quot.sound]
info: M5Checkpoint72.lean:264:0: 'M5.Period.period_law' depends on axioms: [propext, Classical.choice, Quot.sound]
info: M5Checkpoint72.lean:265:0: 'M5.Period.period_dvd_of_dvd' depends on axioms: [propext, Classical.choice, Quot.sound]
info: M5Checkpoint72.lean:266:0: 'M5.Period.period_one' depends on axioms: [propext, Classical.choice, Quot.sound]
info: M5Checkpoint72.lean:267:0: 'M5.Period.quotient_cardinality' depends on axioms: [propext, Classical.choice, Quot.sound]
info: M5Checkpoint72.lean:268:0: 'M5.Period.period_cardinality_bound' depends on axioms: [propext, Classical.choice, Quot.sound]
info: M5Checkpoint72.lean:269:0: 'M5.CRT.interval_representative' depends on axioms: [propext, Classical.choice, Quot.sound]
info: M5Checkpoint72.lean:270:0: 'M5.CRT.prime_crt_representative' depends on axioms: [propext, Classical.choice, Quot.sound]
info: M5Checkpoint72.lean:271:0: 'M5.CRT.safe_prime_residue' depends on axioms: [propext, Quot.sound]
info: M5Checkpoint72.lean:272:0: 'M5.CRT.residues_force_coprime' depends on axioms: [propext, Classical.choice, Quot.sound]
info: M5Checkpoint72.lean:273:0: 'M5.CRT.bounded_connectivity_repair' depends on axioms: [propext, Classical.choice, Quot.sound]
info: M5Checkpoint72.lean:274:0: 'M5.Packing.equal_residue_tag_strict' depends on axioms: [propext, Classical.choice, Quot.sound]
info: M5Checkpoint72.lean:275:0: 'M5.Packing.packed_support_anchor' depends on axioms: [propext, Classical.choice, Quot.sound]
info: M5Checkpoint72.lean:276:0: 'M5.Packing.packed_value_mod' depends on axioms: [propext, Classical.choice, Quot.sound]
info: M5Checkpoint72.lean:277:0: 'M5.Packing.tag_lt_weight' depends on axioms: [propext, Classical.choice, Quot.sound]
info: M5Checkpoint72.lean:278:0: 'M5.Packing.packed_support_range' depends on axioms: [propext, Classical.choice, Quot.sound]
info: M5Checkpoint72.lean:279:0: 'M5.Packing.packed_value_injective' depends on axioms: [propext, Classical.choice, Quot.sound]
info: M5Checkpoint72.lean:280:0: 'M5.Packing.packed_support_card' depends on axioms: [propext, Classical.choice, Quot.sound]
info: M5Checkpoint72.lean:281:0: 'M5.Character.bit_add' depends on axioms: [propext, Classical.choice, Quot.sound]
info: M5Checkpoint72.lean:282:0: 'M5.Character.bit_orthogonality' depends on axioms: [propext, Classical.choice, Quot.sound]
info: M5Checkpoint72.lean:283:0: 'M5.Character.character_add' depends on axioms: [propext, Classical.choice, Quot.sound]
info: M5Checkpoint72.lean:284:0: 'M5.Character.character_orthogonality' depends on axioms: [propext, Classical.choice, Quot.sound]
info: M5Checkpoint72.lean:285:0: 'M5.Character.finite_fibre_count' depends on axioms: [propext, Classical.choice, Quot.sound]
info: M5Checkpoint72.lean:286:0: 'M5.SupportPolynomial.packed_sum_image' depends on axioms: [propext, Classical.choice, Quot.sound]
info: M5Checkpoint72.lean:287:0: 'M5.SupportPolynomial.quotient_monomial_period' depends on axioms: [propext, Classical.choice, Quot.sound]
info: M5Checkpoint72.lean:288:0: 'M5.SupportPolynomial.support_coeff_zero' depends on axioms: [propext, Classical.choice, Quot.sound]
info: M5Checkpoint72.lean:289:0: 'M5.SupportPolynomial.support_degree_bound' depends on axioms: [propext, Classical.choice, Quot.sound]
info: M5Checkpoint72.lean:290:0: 'M5.SupportPolynomial.anchored_support_nonzero' depends on axioms: [propext, Classical.choice, Quot.sound]
info: M5Checkpoint72.lean:291:0: 'M5.SupportPolynomial.packed_polynomial_residue' depends on axioms: [propext, Classical.choice, Quot.sound]
info: M5Checkpoint72.lean:292:0: 'M5.Connectivity.divisor_moebius' depends on axioms: [propext, Classical.choice, Quot.sound]
info: M5Checkpoint72.lean:293:0: 'M5.Connectivity.support_gcd_dvd' depends on axioms: [propext, Classical.choice, Quot.sound]
info: M5Checkpoint72.lean:294:0: 'M5.Connectivity.support_divisor_filter' depends on axioms: [propext, Classical.choice, Quot.sound]
info: M5Checkpoint72.lean:295:0: 'M5.Connectivity.connected_indicator' depends on axioms: [propext, Classical.choice, Quot.sound]
info: M5Checkpoint72.lean:296:0: 'M5.RepairSupport.replacement_anchor' depends on axioms: [propext, Classical.choice, Quot.sound]
info: M5Checkpoint72.lean:297:0: 'M5.RepairSupport.replacement_card' depends on axioms: [propext, Classical.choice, Quot.sound]
info: M5Checkpoint72.lean:298:0: 'M5.RepairSupport.replacement_combined_gcd' depends on axioms: [propext, Classical.choice, Quot.sound]
info: M5Checkpoint72.lean:299:0: 'M5.RepairSupport.replacement_polynomial_residue' depends on axioms: [propext, Classical.choice, Quot.sound]
info: M5Checkpoint72.lean:300:0: 'M5.RepairSupport.replacement_range' depends on axioms: [propext, Classical.choice, Quot.sound]
info: M5Checkpoint72.lean:301:0: 'M5.RepairSupport.replacement_connected' depends on axioms: [propext, Classical.choice, Quot.sound]
info: M5Checkpoint72.lean:302:0: 'M5.Binomial.negative_coeff' depends on axioms: [propext, Classical.choice, Quot.sound]
info: M5Checkpoint72.lean:303:0: 'M5.Binomial.signed_product_split' depends on axioms: [propext, Classical.choice, Quot.sound]
info: M5Checkpoint72.lean:304:0: 'M5.Binomial.binomial_convolution' depends on axioms: [propext, Classical.choice, Quot.sound]
info: M5Checkpoint72.lean:305:0: 'M5.Binomial.signed_coefficient_eval' depends on axioms: [propext, Classical.choice, Quot.sound]
info: M5Checkpoint72.lean:306:0: 'M5.Signature.binary_monic' depends on axioms: [propext, Classical.choice, Quot.sound]
info: M5Checkpoint72.lean:307:0: 'M5.Signature.divisor_constant_one' depends on axioms: [propext, Classical.choice, Quot.sound]
info: M5Checkpoint72.lean:308:0: 'M5.Signature.binary_dvd_antisymm' depends on axioms: [propext, Classical.choice, Quot.sound]
info: M5Checkpoint72.lean:309:0: 'M5.Signature.ordinary_gcd_properties' depends on axioms: [propext, Classical.choice, Quot.sound]
info: M5Checkpoint72.lean:310:0: 'M5.Signature.exact_signature_lift' depends on axioms: [propext, Classical.choice, Quot.sound]
info: M5Checkpoint72.lean:311:0: 'M5.Signature.ordinary_gcd_period_bound' depends on axioms: [propext, Classical.choice, Quot.sound]
info: M5Checkpoint72.lean:312:0: 'M5.QuotientCharacter.character_add' depends on axioms: [propext, Classical.choice, Quot.sound]
info: M5Checkpoint72.lean:313:0: 'M5.QuotientCharacter.coordinates_zero_iff' depends on axioms: [propext, Classical.choice, Quot.sound]
info: M5Checkpoint72.lean:314:0: 'M5.QuotientCharacter.finite_fibre_count' depends on axioms: [propext, Classical.choice, Quot.sound]
info: M5Checkpoint72.lean:315:0: 'M5.QuotientCharacter.character_orthogonality' depends on axioms: [propext, Classical.choice, Quot.sound]
✔ [1896/1904] Built M5BinaryDivisibility (13s)
✔ [1897/1904] Built M5FactorProduct (19s)
⚠ [1898/1904] Built M5Checkpoint90 (20s)
warning: M5Checkpoint90.lean:26:2: Unused tactic linter: `change ∀ (D : ℕ) (lam : M5.Character.BinaryVector D), M5.Character.value lam 0 = 1` does nothing

Note: This linter can be disabled with `set_option linter.unusedTactic false`
warning: M5Checkpoint90.lean:31:2: Unused tactic linter: `change
  ∀ (D : ℕ) (U : Finset ℕ) (f : ℕ → M5.Character.BinaryVector D) (lam : M5.Character.BinaryVector D),
    M5.Character.value lam (M5.SubsetCharacter.vectorSum U f) = ∏ s ∈ U, M5.Character.value lam (f s)` does nothing

Note: This linter can be disabled with `set_option linter.unusedTactic false`
warning: M5Checkpoint90.lean:42:8: Unused tactic linter: `rw [M5.SubsetCharacter.character_add, ih]` does nothing

Note: This linter can be disabled with `set_option linter.unusedTactic false`
warning: M5Checkpoint90.lean:42:8: this tactic is never executed

Note: This linter can be disabled with `set_option linter.unreachableTactic false`
warning: M5Checkpoint90.lean:45:2: Unused tactic linter: `change
  ∀ (D : ℕ) (S : Finset ℕ) (f : ℕ → M5.Character.BinaryVector D) (lam : M5.Character.BinaryVector D),
    M5.SubsetCharacter.signedProduct S (fun s => M5.Character.value lam (f s)) =
      ∑ U ∈ S.powerset,
        Polynomial.C (M5.Character.value lam (M5.SubsetCharacter.vectorSum U f)) *
          (Polynomial.X : Polynomial ℤ) ^ U.card` does nothing

Note: This linter can be disabled with `set_option linter.unusedTactic false`
warning: M5Checkpoint90.lean:65:36: This simp argument is unused:
  Polynomial.coeff_C_mul_X_pow

Hint: Omit it from the simp argument list.
  [apply] simp [Polynomial.finsetSum_coeff, Finset.powersetCard_eq_filter, Finset.sum_filter, eq_comm]

Note: This linter can be disabled with `set_option linter.unusedSimpArgs false`
warning: M5Checkpoint90.lean:61:2: Unused tactic linter: `change
  ∀ (D : ℕ) (S : Finset ℕ) (k : ℕ) (f : ℕ → M5.Character.BinaryVector D) (lam : M5.Character.BinaryVector D),
    (M5.SubsetCharacter.signedProduct S (fun s => M5.Character.value lam (f s))).coeff k =
      ∑ U ∈ S.powersetCard k, M5.Character.value lam (M5.SubsetCharacter.vectorSum U f)` does nothing

Note: This linter can be disabled with `set_option linter.unusedTactic false`
warning: M5Checkpoint90.lean:68:2: Unused tactic linter: `change
  ∀ (D : ℕ) (S : Finset ℕ) (k : ℕ) (f : ℕ → M5.Character.BinaryVector D) (z : M5.Character.BinaryVector D),
    (∑ lam : M5.Character.BinaryVector D,
        M5.Character.value lam z *
          (M5.SubsetCharacter.signedProduct S (fun s => M5.Character.value lam (f s))).coeff k) =
      (2 : ℤ) ^ D * (M5.SubsetCharacter.count S k f z : ℤ)` does nothing

Note: This linter can be disabled with `set_option linter.unusedTactic false`
warning: M5Checkpoint90.lean:88:4: Unused tactic linter: `simp_rw [← M5.SubsetCharacter.character_add]` does nothing

Note: This linter can be disabled with `set_option linter.unusedTactic false`
warning: M5Checkpoint90.lean:91:4: Unused tactic linter: `simp_rw [M5.SubsetCharacter.character_orthogonality]` does nothing

Note: This linter can be disabled with `set_option linter.unusedTactic false`
warning: M5Checkpoint90.lean:88:4: this tactic is never executed

Note: This linter can be disabled with `set_option linter.unreachableTactic false`
warning: M5Checkpoint90.lean:91:4: this tactic is never executed

Note: This linter can be disabled with `set_option linter.unreachableTactic false`
warning: M5Checkpoint90.lean:116:2: Unused tactic linter: `change ∀ (D : ℕ) (lam : M5.Character.BinaryVector D), M5.Character.value lam 0 = 1` does nothing

Note: This linter can be disabled with `set_option linter.unusedTactic false`
warning: M5Checkpoint90.lean:121:2: Unused tactic linter: `change
  ∀ (D n k : ℕ) (f : Fin n → M5.Character.BinaryVector D) (t : Fin k → Fin n) (lam : M5.Character.BinaryVector D),
    M5.Character.value lam (M5.TupleCharacter.vectorSum f t) =
      ∏ i : Fin k, M5.Character.value lam (f (t i))` does nothing

Note: This linter can be disabled with `set_option linter.unusedTactic false`
warning: M5Checkpoint90.lean:138:2: Unused tactic linter: `change
  ∀ (D n k : ℕ) (f : Fin n → M5.Character.BinaryVector D) (lam : M5.Character.BinaryVector D),
    (∑ t : Fin k → Fin n, M5.Character.value lam (M5.TupleCharacter.vectorSum f t)) =
      (∑ a : Fin n, M5.Character.value lam (f a)) ^ k` does nothing

Note: This linter can be disabled with `set_option linter.unusedTactic false`
warning: M5Checkpoint90.lean:146:2: Unused tactic linter: `change
  ∀ (D n k : ℕ) (f : Fin n → M5.Character.BinaryVector D) (z : M5.Character.BinaryVector D),
    (∑ lam : M5.Character.BinaryVector D, M5.Character.value lam z * (∑ a : Fin n, M5.Character.value lam (f a)) ^ k) =
      (2 : ℤ) ^ D * (M5.TupleCharacter.count k f z : ℤ)` does nothing

Note: This linter can be disabled with `set_option linter.unusedTactic false`
warning: M5Checkpoint90.lean:152:2: Unused tactic linter: `change
  ∀ S : Finset M5.BinaryPolynomial, (∑ H ∈ S.powerset, (-1 : ℤ) ^ H.card) = if S = ∅ then 1 else 0` does nothing

Note: This linter can be disabled with `set_option linter.unusedTactic false`
warning: M5Checkpoint90.lean:156:6: Unused tactic linter: `exact Nat.sum_powerset_neg_one_pow_card` does nothing

Note: This linter can be disabled with `set_option linter.unusedTactic false`
warning: M5Checkpoint90.lean:156:6: this tactic is never executed

Note: This linter can be disabled with `set_option linter.unreachableTactic false`
warning: M5Checkpoint90.lean:159:2: Unused tactic linter: `change
  ∀ (S : Finset M5.BinaryPolynomial) (bad : M5.BinaryPolynomial → Bool),
    S.powerset.filter (fun H => ∀ p ∈ H, bad p = true) = (S.filter (fun p => bad p = true)).powerset` does nothing

Note: This linter can be disabled with `set_option linter.unusedTactic false`
warning: M5Checkpoint90.lean:187:8: Try `simp at hm` instead of `simpa using hm`

Note: This linter can be disabled with `set_option linter.unnecessarySimpa false`
warning: M5Checkpoint90.lean:204:6: try 'simp' instead of 'simpa'

Note: This linter can be disabled with `set_option linter.unnecessarySimpa false`
warning: M5Checkpoint90.lean:178:2: Unused tactic linter: `change
  ∀ (S : Finset M5.BinaryPolynomial) (bad : M5.BinaryPolynomial → Bool),
    M5.FiniteExclusion.exclusionSum S bad = if ∀ p ∈ S, bad p = false then 1 else 0` does nothing

Note: This linter can be disabled with `set_option linter.unusedTactic false`
warning: M5Checkpoint90.lean:207:2: Unused tactic linter: `change ∀ F H A : M5.BinaryPolynomial, F ≠ 0 → F ∣ A → (F * H ∣ A ↔ H ∣ A / F)` does nothing

Note: This linter can be disabled with `set_option linter.unusedTactic false`
warning: M5Checkpoint90.lean:220:2: Unused tactic linter: `change
  ∀ p q : M5.BinaryPolynomial, p.Monic → q.Monic → Irreducible p → Irreducible q → p ≠ q → IsCoprime p q` does nothing

Note: This linter can be disabled with `set_option linter.unusedTactic false`
warning: M5Checkpoint90.lean:233:2: Unused tactic linter: `change
  ∀ (S : Finset M5.BinaryPolynomial) (A : M5.BinaryPolynomial),
    (∀ p ∈ S, p.Monic ∧ Irreducible p) → ((∏ p ∈ S, p) ∣ A ↔ ∀ p ∈ S, p ∣ A)` does nothing

Note: This linter can be disabled with `set_option linter.unusedTactic false`
warning: M5Checkpoint90.lean:246:2: Unused tactic linter: `change
  ∀ (S : Finset M5.BinaryPolynomial) (F : M5.BinaryPolynomial) (N : ℕ),
    0 < N →
      F.Monic →
        F ∣ M5.cyclicModulus N →
          S ⊆ M5.FactorProduct.residualFactors (M5.cyclicModulus N) F →
            F * (∏ p ∈ S, p) ∣ M5.cyclicModulus N` does nothing

Note: This linter can be disabled with `set_option linter.unusedTactic false`
warning: M5Checkpoint90.lean:264:2: Unused tactic linter: `change
  ∀ (S : Finset M5.BinaryPolynomial) (F A : M5.BinaryPolynomial),
    F ≠ 0 → F ∣ A → (∀ p ∈ S, p.Monic ∧ Irreducible p) → (F * (∏ p ∈ S, p) ∣ A ↔ ∀ p ∈ S, F * p ∣ A)` does nothing

Note: This linter can be disabled with `set_option linter.unusedTactic false`
info: M5Checkpoint90.lean:274:0: 'M5.cutoff_gt_period' depends on axioms: [propext, Quot.sound]
info: M5Checkpoint90.lean:275:0: 'M5.packed_range' depends on axioms: [propext]
info: M5Checkpoint90.lean:276:0: 'M5.packed_residue' depends on axioms: [propext]
info: M5Checkpoint90.lean:277:0: 'M5.progression_period' depends on axioms: [propext]
info: M5Checkpoint90.lean:278:0: 'M5.recovery_inclusion_positive' does not depend on any axioms
info: M5Checkpoint90.lean:279:0: 'M5.repair_above_packing' does not depend on any axioms
info: M5Checkpoint90.lean:280:0: 'M5.source_below_birth_bound' depends on axioms: [propext]
info: M5Checkpoint90.lean:281:0: 'M5.packed_injective' depends on axioms: [propext, Classical.choice, Quot.sound]
info: M5Checkpoint90.lean:282:0: 'M5.repair_no_collision' depends on axioms: [propext]
info: M5Checkpoint90.lean:283:0: 'M5.Lift.bounded_progression' depends on axioms: [propext, Quot.sound]
info: M5Checkpoint90.lean:284:0: 'M5.Lift.cyclic_as_sub' depends on axioms: [propext, Classical.choice, Quot.sound]
info: M5Checkpoint90.lean:285:0: 'M5.Lift.bounded_source_order' depends on axioms: [propext, Quot.sound]
info: M5Checkpoint90.lean:286:0: 'M5.Lift.modulus_multiple' depends on axioms: [propext, Classical.choice, Quot.sound]
info: M5Checkpoint90.lean:287:0: 'M5.Lift.progression_difference' depends on axioms: [propext, Classical.choice, Quot.sound]
info: M5Checkpoint90.lean:288:0: 'M5.Lift.progression_congruence' depends on axioms: [propext, Classical.choice, Quot.sound]
info: M5Checkpoint90.lean:289:0: 'M5.Lift.common_divisors_lift' depends on axioms: [propext, Classical.choice, Quot.sound]
info: M5Checkpoint90.lean:290:0: 'M5.Lift.triple_divisors_lift' depends on axioms: [propext, Classical.choice, Quot.sound]
info: M5Checkpoint90.lean:291:0: 'M5.Period.cyclic_dvd_iff_root_pow' depends on axioms: [propext, Classical.choice, Quot.sound]
info: M5Checkpoint90.lean:292:0: 'M5.Period.quotient_finite' depends on axioms: [propext, Classical.choice, Quot.sound]
info: M5Checkpoint90.lean:293:0: 'M5.Period.root_is_unit' depends on axioms: [propext, Classical.choice, Quot.sound]
info: M5Checkpoint90.lean:294:0: 'M5.Period.period_law' depends on axioms: [propext, Classical.choice, Quot.sound]
info: M5Checkpoint90.lean:295:0: 'M5.Period.period_dvd_of_dvd' depends on axioms: [propext, Classical.choice, Quot.sound]
info: M5Checkpoint90.lean:296:0: 'M5.Period.period_one' depends on axioms: [propext, Classical.choice, Quot.sound]
info: M5Checkpoint90.lean:297:0: 'M5.Period.quotient_cardinality' depends on axioms: [propext, Classical.choice, Quot.sound]
info: M5Checkpoint90.lean:298:0: 'M5.Period.period_cardinality_bound' depends on axioms: [propext, Classical.choice, Quot.sound]
info: M5Checkpoint90.lean:299:0: 'M5.CRT.interval_representative' depends on axioms: [propext, Classical.choice, Quot.sound]
info: M5Checkpoint90.lean:300:0: 'M5.CRT.prime_crt_representative' depends on axioms: [propext, Classical.choice, Quot.sound]
info: M5Checkpoint90.lean:301:0: 'M5.CRT.safe_prime_residue' depends on axioms: [propext, Quot.sound]
info: M5Checkpoint90.lean:302:0: 'M5.CRT.residues_force_coprime' depends on axioms: [propext, Classical.choice, Quot.sound]
info: M5Checkpoint90.lean:303:0: 'M5.CRT.bounded_connectivity_repair' depends on axioms: [propext, Classical.choice, Quot.sound]
info: M5Checkpoint90.lean:304:0: 'M5.Packing.equal_residue_tag_strict' depends on axioms: [propext, Classical.choice, Quot.sound]
info: M5Checkpoint90.lean:305:0: 'M5.Packing.packed_support_anchor' depends on axioms: [propext, Classical.choice, Quot.sound]
info: M5Checkpoint90.lean:306:0: 'M5.Packing.packed_value_mod' depends on axioms: [propext, Classical.choice, Quot.sound]
info: M5Checkpoint90.lean:307:0: 'M5.Packing.tag_lt_weight' depends on axioms: [propext, Classical.choice, Quot.sound]
info: M5Checkpoint90.lean:308:0: 'M5.Packing.packed_support_range' depends on axioms: [propext, Classical.choice, Quot.sound]
info: M5Checkpoint90.lean:309:0: 'M5.Packing.packed_value_injective' depends on axioms: [propext, Classical.choice, Quot.sound]
info: M5Checkpoint90.lean:310:0: 'M5.Packing.packed_support_card' depends on axioms: [propext, Classical.choice, Quot.sound]
info: M5Checkpoint90.lean:311:0: 'M5.Character.bit_add' depends on axioms: [propext, Classical.choice, Quot.sound]
info: M5Checkpoint90.lean:312:0: 'M5.Character.bit_orthogonality' depends on axioms: [propext, Classical.choice, Quot.sound]
info: M5Checkpoint90.lean:313:0: 'M5.Character.character_add' depends on axioms: [propext, Classical.choice, Quot.sound]
info: M5Checkpoint90.lean:314:0: 'M5.Character.character_orthogonality' depends on axioms: [propext, Classical.choice, Quot.sound]
info: M5Checkpoint90.lean:315:0: 'M5.Character.finite_fibre_count' depends on axioms: [propext, Classical.choice, Quot.sound]
info: M5Checkpoint90.lean:316:0: 'M5.SupportPolynomial.packed_sum_image' depends on axioms: [propext, Classical.choice, Quot.sound]
info: M5Checkpoint90.lean:317:0: 'M5.SupportPolynomial.quotient_monomial_period' depends on axioms: [propext, Classical.choice, Quot.sound]
info: M5Checkpoint90.lean:318:0: 'M5.SupportPolynomial.support_coeff_zero' depends on axioms: [propext, Classical.choice, Quot.sound]
info: M5Checkpoint90.lean:319:0: 'M5.SupportPolynomial.support_degree_bound' depends on axioms: [propext, Classical.choice, Quot.sound]
info: M5Checkpoint90.lean:320:0: 'M5.SupportPolynomial.anchored_support_nonzero' depends on axioms: [propext, Classical.choice, Quot.sound]
info: M5Checkpoint90.lean:321:0: 'M5.SupportPolynomial.packed_polynomial_residue' depends on axioms: [propext, Classical.choice, Quot.sound]
info: M5Checkpoint90.lean:322:0: 'M5.Connectivity.divisor_moebius' depends on axioms: [propext, Classical.choice, Quot.sound]
info: M5Checkpoint90.lean:323:0: 'M5.Connectivity.support_gcd_dvd' depends on axioms: [propext, Classical.choice, Quot.sound]
info: M5Checkpoint90.lean:324:0: 'M5.Connectivity.support_divisor_filter' depends on axioms: [propext, Classical.choice, Quot.sound]
info: M5Checkpoint90.lean:325:0: 'M5.Connectivity.connected_indicator' depends on axioms: [propext, Classical.choice, Quot.sound]
info: M5Checkpoint90.lean:326:0: 'M5.RepairSupport.replacement_anchor' depends on axioms: [propext, Classical.choice, Quot.sound]
info: M5Checkpoint90.lean:327:0: 'M5.RepairSupport.replacement_card' depends on axioms: [propext, Classical.choice, Quot.sound]
info: M5Checkpoint90.lean:328:0: 'M5.RepairSupport.replacement_combined_gcd' depends on axioms: [propext, Classical.choice, Quot.sound]
info: M5Checkpoint90.lean:329:0: 'M5.RepairSupport.replacement_polynomial_residue' depends on axioms: [propext, Classical.choice, Quot.sound]
info: M5Checkpoint90.lean:330:0: 'M5.RepairSupport.replacement_range' depends on axioms: [propext, Classical.choice, Quot.sound]
info: M5Checkpoint90.lean:331:0: 'M5.RepairSupport.replacement_connected' depends on axioms: [propext, Classical.choice, Quot.sound]
info: M5Checkpoint90.lean:332:0: 'M5.Binomial.negative_coeff' depends on axioms: [propext, Classical.choice, Quot.sound]
info: M5Checkpoint90.lean:333:0: 'M5.Binomial.signed_product_split' depends on axioms: [propext, Classical.choice, Quot.sound]
info: M5Checkpoint90.lean:334:0: 'M5.Binomial.binomial_convolution' depends on axioms: [propext, Classical.choice, Quot.sound]
info: M5Checkpoint90.lean:335:0: 'M5.Binomial.signed_coefficient_eval' depends on axioms: [propext, Classical.choice, Quot.sound]
info: M5Checkpoint90.lean:336:0: 'M5.Signature.binary_monic' depends on axioms: [propext, Classical.choice, Quot.sound]
info: M5Checkpoint90.lean:337:0: 'M5.Signature.divisor_constant_one' depends on axioms: [propext, Classical.choice, Quot.sound]
info: M5Checkpoint90.lean:338:0: 'M5.Signature.binary_dvd_antisymm' depends on axioms: [propext, Classical.choice, Quot.sound]
info: M5Checkpoint90.lean:339:0: 'M5.Signature.ordinary_gcd_properties' depends on axioms: [propext, Classical.choice, Quot.sound]
info: M5Checkpoint90.lean:340:0: 'M5.Signature.exact_signature_lift' depends on axioms: [propext, Classical.choice, Quot.sound]
info: M5Checkpoint90.lean:341:0: 'M5.Signature.ordinary_gcd_period_bound' depends on axioms: [propext, Classical.choice, Quot.sound]
info: M5Checkpoint90.lean:342:0: 'M5.QuotientCharacter.character_add' depends on axioms: [propext, Classical.choice, Quot.sound]
info: M5Checkpoint90.lean:343:0: 'M5.QuotientCharacter.coordinates_zero_iff' depends on axioms: [propext, Classical.choice, Quot.sound]
info: M5Checkpoint90.lean:344:0: 'M5.QuotientCharacter.finite_fibre_count' depends on axioms: [propext, Classical.choice, Quot.sound]
info: M5Checkpoint90.lean:345:0: 'M5.QuotientCharacter.character_orthogonality' depends on axioms: [propext, Classical.choice, Quot.sound]
info: M5Checkpoint90.lean:346:0: 'M5.SubsetCharacter.value_zero' depends on axioms: [propext, Classical.choice, Quot.sound]
info: M5Checkpoint90.lean:347:0: 'M5.SubsetCharacter.character_subset_sum' depends on axioms: [propext, Classical.choice, Quot.sound]
info: M5Checkpoint90.lean:348:0: 'M5.SubsetCharacter.signed_product_expansion' depends on axioms: [propext, Classical.choice, Quot.sound]
info: M5Checkpoint90.lean:349:0: 'M5.SubsetCharacter.signed_product_coefficient' depends on axioms: [propext, Classical.choice, Quot.sound]
info: M5Checkpoint90.lean:350:0: 'M5.SubsetCharacter.subset_character_count' depends on axioms: [propext, Classical.choice, Quot.sound]
info: M5Checkpoint90.lean:351:0: 'M5.TupleCharacter.tuple_character_count' depends on axioms: [propext, Classical.choice, Quot.sound]
info: M5Checkpoint90.lean:352:0: 'M5.TupleCharacter.value_zero' depends on axioms: [propext, Classical.choice, Quot.sound]
info: M5Checkpoint90.lean:353:0: 'M5.TupleCharacter.character_tuple_sum' depends on axioms: [propext, Classical.choice, Quot.sound]
info: M5Checkpoint90.lean:354:0: 'M5.TupleCharacter.tuple_character_power' depends on axioms: [propext, Classical.choice, Quot.sound]
info: M5Checkpoint90.lean:355:0: 'M5.TupleCharacter.ordered_tuple_power_count' depends on axioms: [propext, Classical.choice, Quot.sound]
info: M5Checkpoint90.lean:356:0: 'M5.FiniteExclusion.alternating_subsets' depends on axioms: [propext, Classical.choice, Quot.sound]
info: M5Checkpoint90.lean:357:0: 'M5.FiniteExclusion.filtered_powerset' depends on axioms: [propext, Classical.choice, Quot.sound]
info: M5Checkpoint90.lean:358:0: 'M5.FiniteExclusion.exclusion_indicator' depends on axioms: [propext, Classical.choice, Quot.sound]
info: M5Checkpoint90.lean:359:0: 'M5.FactorProduct.common_factor_dvd' depends on axioms: [propext, Classical.choice, Quot.sound]
info: M5Checkpoint90.lean:360:0: 'M5.FactorProduct.distinct_irreducibles_coprime' depends on axioms: [propext, Classical.choice, Quot.sound]
info: M5Checkpoint90.lean:361:0: 'M5.FactorProduct.irreducible_product_dvd' depends on axioms: [propext, Classical.choice, Quot.sound]
info: M5Checkpoint90.lean:362:0: 'M5.FactorProduct.cyclic_cap' depends on axioms: [propext, Classical.choice, Quot.sound]
info: M5Checkpoint90.lean:363:0: 'M5.FactorProduct.product_event_iff' depends on axioms: [propext, Classical.choice, Quot.sound]
✔ [1899/1904] Built M5ArithmeticTuple (16s)
⚠ [1900/1904] Built M5ArithmeticTupleAccepted (17s)
warning: M5ArithmeticTupleAccepted.lean:33:8: This simp argument is unused:
  Int.mul_ediv_cancel_left

Hint: Omit it from the simp argument list.
  [apply] simp [h]

Note: This linter can be disabled with `set_option linter.unusedSimpArgs false`
warning: M5ArithmeticTupleAccepted.lean:36:2: Unused tactic linter: `change
  ∀ (P : M5.BinaryPolynomial) (hP : P.Monic) (T d k : ℕ) (z : AdjoinRoot P),
    0 ≤ M5.ArithmeticTuple.R P hP T d k z` does nothing

Note: This linter can be disabled with `set_option linter.unusedTactic false`
✔ [1901/1904] Built M5AnchoredTupleCount (16s)
⚠ [1902/1904] Built M5AnchoredTupleCountAccepted (14s)
warning: M5AnchoredTupleCountAccepted.lean:20:2: Unused tactic linter: `change
  ∀ T d : ℕ,
    0 < T →
      d ∣ T → ∃ e : Fin (T / d) ≃ { r : Fin T // d ∣ r.val }, ∀ j : Fin (T / d), (e j).val.val = d * j.val` does nothing

Note: This linter can be disabled with `set_option linter.unusedTactic false`
warning: M5AnchoredTupleCountAccepted.lean:88:6: This simp argument is unused:
  M5.SupportPolynomial.ofResidueTuple

Hint: Omit it from the simp argument list.
  [apply] simp only [Finset.mem_filter, Finset.mem_univ, true_and] at ht ⊢

Note: This linter can be disabled with `set_option linter.unusedSimpArgs false`
warning: M5AnchoredTupleCountAccepted.lean:101:6: This simp argument is unused:
  M5.SupportPolynomial.ofResidueTuple

Hint: Omit it from the simp argument list.
  [apply] simp only [Finset.mem_filter, Finset.mem_univ, true_and] at hr

Note: This linter can be disabled with `set_option linter.unusedSimpArgs false`
warning: M5AnchoredTupleCountAccepted.lean:70:2: Unused tactic linter: `change
  ∀ (P : M5.BinaryPolynomial) (hP : P.Monic) (T d k : ℕ),
    0 < T →
      d ∣ T → M5.ArithmeticTuple.R P hP T d k 1 = (M5.AnchoredTupleCount.restrictedCount P T d k : ℤ)` does nothing

Note: This linter can be disabled with `set_option linter.unusedTactic false`
warning: M5AnchoredTupleCountAccepted.lean:111:4: Unused tactic linter: `change P ∣ 1 + M5.ArithmeticTuple.tuplePolynomial T d k t` does nothing

Note: This linter can be disabled with `set_option linter.unusedTactic false`
✔ [1903/1904] Built M5TupleCompletion (14s)
Build completed successfully (1904 jobs).
