✔ [8707/8766] Built M6Cyclic (24s)
✔ [8708/8766] Built M6Physical (28s)
✔ [8709/8766] Built M6Pinned (28s)
✔ [8710/8766] Built M6Character (30s)
✔ [8711/8766] Built M6Normalize (29s)
⚠ [8712/8766] Built M6CyclicAccepted (22s)
warning: M6CyclicAccepted.lean:14:2: Unused tactic linter: `change ∀ F K h : M6.Cyclic.BinaryPolynomial, F ≠ 0 → (F * K ∣ F * h ↔ K ∣ h)` does nothing

Note: This linter can be disabled with `set_option linter.unusedTactic false`
warning: M6CyclicAccepted.lean:30:4: this tactic is never executed

Note: This linter can be disabled with `set_option linter.unreachableTactic false`
warning: M6CyclicAccepted.lean:31:4: this tactic is never executed

Note: This linter can be disabled with `set_option linter.unreachableTactic false`
warning: M6CyclicAccepted.lean:32:4: this tactic is never executed

Note: This linter can be disabled with `set_option linter.unreachableTactic false`
warning: M6CyclicAccepted.lean:23:4: Unused tactic linter: `change
  ∃ p q r, EuclideanDomain.gcd (EuclideanDomain.gcd a b) M = p * a + q * b + r * M` does nothing

Note: This linter can be disabled with `set_option linter.unusedTactic false`
warning: M6CyclicAccepted.lean:30:4: Unused tactic linter: `change
  ∃ p q r, EuclideanDomain.gcd a (EuclideanDomain.gcd b M) = p * a + q * b + r * M` does nothing

Note: This linter can be disabled with `set_option linter.unusedTactic false`
warning: M6CyclicAccepted.lean:31:4: Unused tactic linter: `refine
  ⟨EuclideanDomain.gcdA a (EuclideanDomain.gcd b M),
    EuclideanDomain.gcdB a (EuclideanDomain.gcd b M) * EuclideanDomain.gcdA b M,
    EuclideanDomain.gcdB a (EuclideanDomain.gcd b M) * EuclideanDomain.gcdB b M, ?_⟩` does nothing

Note: This linter can be disabled with `set_option linter.unusedTactic false`
warning: M6CyclicAccepted.lean:32:4: Unused tactic linter: `calc
  _ =
      a * EuclideanDomain.gcdA a (EuclideanDomain.gcd b M) +
        (EuclideanDomain.gcd b M) * EuclideanDomain.gcdB a (EuclideanDomain.gcd b M) :=
    EuclideanDomain.gcd_eq_gcd_ab _ _
  _ = _ := by
    rw [EuclideanDomain.gcd_eq_gcd_ab b M]
    ring` does nothing

Note: This linter can be disabled with `set_option linter.unusedTactic false`
warning: M6CyclicAccepted.lean:39:2: Unused tactic linter: `change
  ∀ a b M : M6.Cyclic.BinaryPolynomial,
    M6.Cyclic.signature a b M ∣ a ∧ M6.Cyclic.signature a b M ∣ b ∧ M6.Cyclic.signature a b M ∣ M` does nothing

Note: This linter can be disabled with `set_option linter.unusedTactic false`
warning: M6CyclicAccepted.lean:45:2: Unused tactic linter: `change
  ∀ a b M h : M6.Cyclic.BinaryPolynomial, (M ∣ a * h ∧ M ∣ b * h) ↔ M ∣ M6.Cyclic.signature a b M * h` does nothing

Note: This linter can be disabled with `set_option linter.unusedTactic false`
warning: M6CyclicAccepted.lean:75:99: This simp argument is unused:
  and_comm

Hint: Omit it from the simp argument list.
  [apply] simp only [M6.Cyclic.boundary, M6.Cyclic.image, Prod.mk.injEq, ← map_mul, AdjoinRoot.mk_eq_zero]

Note: This linter can be disabled with `set_option linter.unusedSimpArgs false`
warning: M6CyclicAccepted.lean:72:2: Unused tactic linter: `change
  ∀ (N : ℕ) (a b h : M6.Cyclic.BinaryPolynomial),
    M6.Cyclic.boundary N a b (M6.Cyclic.image N h) = (0, 0) ↔
      M6.Cyclic.modulus N ∣ M6.Cyclic.signature a b (M6.Cyclic.modulus N) * h` does nothing

Note: This linter can be disabled with `set_option linter.unusedTactic false`
info: M6CyclicAccepted.lean:76:0: 'M6.Cyclic.boundary_is_cycle' depends on axioms: [propext, Classical.choice, Quot.sound]
info: M6CyclicAccepted.lean:77:0: 'M6.Cyclic.kernel_cancellation' depends on axioms: [propext, Classical.choice, Quot.sound]
info: M6CyclicAccepted.lean:78:0: 'M6.Cyclic.signature_bezout' depends on axioms: [propext, Classical.choice, Quot.sound]
info: M6CyclicAccepted.lean:79:0: 'M6.Cyclic.signature_divides' depends on axioms: [propext, Classical.choice, Quot.sound]
info: M6CyclicAccepted.lean:80:0: 'M6.Cyclic.kernel_divisibility' depends on axioms: [propext, Classical.choice, Quot.sound]
info: M6CyclicAccepted.lean:81:0: 'M6.Cyclic.boundary_kernel' depends on axioms: [propext, Classical.choice, Quot.sound]
✔ [8713/8766] Built M6Euclid (42s)
✔ [8714/8766] Built M6Transfer (46s)
✔ [8715/8766] Built M6PinnedCharacter (21s)
✔ [8716/8766] Built M8TaggedStore (48s)
✔ [8717/8766] Built M8Cutoff (51s)
⚠ [8718/8766] Built M6PhysicalAccepted (31s)
warning: M6PhysicalAccepted.lean:31:26: This simp argument is unused:
  neg_add

Hint: Omit it from the simp argument list.
  [apply] simp [sub_eq_add_neg, add_assoc, add_comm, add_left_comm, mul_assoc, mul_comm, mul_left_comm]

Note: This linter can be disabled with `set_option linter.unusedSimpArgs false`
warning: M6PhysicalAccepted.lean:31:56: This simp argument is unused:
  add_left_comm

Hint: Omit it from the simp argument list.
  [apply] simp [sub_eq_add_neg, neg_add, add_assoc, add_comm, mul_assoc, mul_comm, mul_left_comm]

Note: This linter can be disabled with `set_option linter.unusedSimpArgs false`
warning: M6PhysicalAccepted.lean:32:6: This simp argument is unused:
  mul_assoc

Hint: Omit it from the simp argument list.
  [apply] simp [sub_eq_add_neg, neg_add, add_assoc, add_comm, add_left_comm, mul_comm, mul_left_comm]

Note: This linter can be disabled with `set_option linter.unusedSimpArgs false`
warning: M6PhysicalAccepted.lean:78:2: Unused tactic linter: `change
  ∀ (N : ℕ) (a : M6.Physical.Block N), M6.Physical.rev N (M6.Physical.rev N a) = a` does nothing

Note: This linter can be disabled with `set_option linter.unusedTactic false`
warning: M6PhysicalAccepted.lean:98:2: Unused tactic linter: `change ∀ (N : ℕ) (z : M6.Physical.Word N), M6.Physical.J N (M6.Physical.J N z) = z` does nothing

Note: This linter can be disabled with `set_option linter.unusedTactic false`
warning: M6PhysicalAccepted.lean:121:4: This simp argument is unused:
  Prod.fst

Hint: Omit it from the simp argument list.
  [apply] simp only [M6.Physical.pairing, M6.Physical.J, M6.Physical.boundary, Prod.snd, M6.Physical.conv_adjoint]

Note: This linter can be disabled with `set_option linter.unusedSimpArgs false`
warning: M6PhysicalAccepted.lean:121:14: This simp argument is unused:
  Prod.snd

Hint: Omit it from the simp argument list.
  [apply] simp only [M6.Physical.pairing, M6.Physical.J, M6.Physical.boundary, Prod.fst, M6.Physical.conv_adjoint]

Note: This linter can be disabled with `set_option linter.unusedSimpArgs false`
info: M6PhysicalAccepted.lean:139:0: 'M6.Physical.conv_add' depends on axioms: [propext, Classical.choice, Quot.sound]
info: M6PhysicalAccepted.lean:140:0: 'M6.Physical.conv_adjoint' depends on axioms: [propext, Classical.choice, Quot.sound]
info: M6PhysicalAccepted.lean:141:0: 'M6.Physical.boundary_pairing' depends on axioms: [propext, Classical.choice, Quot.sound]
info: M6PhysicalAccepted.lean:142:0: 'M6.Physical.conv_assoc' depends on axioms: [propext, Classical.choice, Quot.sound]
info: M6PhysicalAccepted.lean:143:0: 'M6.Physical.conv_comm' depends on axioms: [propext, Classical.choice, Quot.sound]
info: M6PhysicalAccepted.lean:144:0: 'M6.Physical.boundary_cycle' depends on axioms: [propext, Classical.choice, Quot.sound]
info: M6PhysicalAccepted.lean:145:0: 'M6.Physical.dot_delta' depends on axioms: [propext, Classical.choice, Quot.sound]
info: M6PhysicalAccepted.lean:146:0: 'M6.Physical.rev_involution' depends on axioms: [propext, Quot.sound]
info: M6PhysicalAccepted.lean:147:0: 'M6.Physical.J_involution' depends on axioms: [propext, Quot.sound]
info: M6PhysicalAccepted.lean:148:0: 'M6.Physical.cycle_orthogonal' depends on axioms: [propext, Classical.choice, Quot.sound]
info: M6PhysicalAccepted.lean:149:0: 'M6.Physical.rev_weight' depends on axioms: [propext, Classical.choice, Quot.sound]
info: M6PhysicalAccepted.lean:150:0: 'M6.Physical.J_weight' depends on axioms: [propext, Classical.choice, Quot.sound]
⚠ [8719/8766] Built M6PinnedAccepted (32s)
warning: M6PinnedAccepted.lean:29:2: Unused tactic linter: `change
  ∀ (m : ℕ) (c : M6.Pinned.Pins m → ℤ) (P : M6.Pinned.Pins m) (i : Fin m),
    M6.Pinned.refines P (M6.Pinned.choose c P i).1 ∧
      (M6.Pinned.choose c P i).1 i ≠ none ∧ (M6.Pinned.choose c P i).2 ≤ 1` does nothing

Note: This linter can be disabled with `set_option linter.unusedTactic false`
warning: M6PinnedAccepted.lean:53:61: This simp argument is unused:
  and_assoc

Hint: Omit it from the simp argument list.
  [apply] simp [Int.natCast_pos, Finset.card_pos, Finset.Nonempty]

Note: This linter can be disabled with `set_option linter.unusedSimpArgs false`
warning: M6PinnedAccepted.lean:82:10: `dif_pos` has been deprecated: Use `dite_eq_left` instead
warning: M6PinnedAccepted.lean:109:4: `Polynomial.finset_sum_coeff` has been deprecated: Use `Polynomial.finsetSum_coeff` instead
warning: M6PinnedAccepted.lean:109:33: This simp argument is unused:
  Polynomial.coeff_X_pow

Hint: Omit it from the simp argument list.
  [apply] simp only [M6.Pinned.enumerator, M6.Pinned.count, Polynomial.finset_sum_coeff, Finset.card_eq_sum_ones,
    Nat.cast_sum, Nat.cast_one, Finset.sum_filter]

Note: This linter can be disabled with `set_option linter.unusedSimpArgs false`
warning: M6PinnedAccepted.lean:110:43: This simp argument is unused:
  Nat.cast_one

Hint: Omit it from the simp argument list.
  [apply] simp only [M6.Pinned.enumerator, M6.Pinned.count, Polynomial.finset_sum_coeff, Polynomial.coeff_X_pow,
    Finset.card_eq_sum_ones, Nat.cast_sum, Finset.sum_filter]

Note: This linter can be disabled with `set_option linter.unusedSimpArgs false`
warning: M6PinnedAccepted.lean:105:2: Unused tactic linter: `change
  ∀ (m : ℕ) (L : Finset (M6.Pinned.Vector m)) (P : M6.Pinned.Pins m) (d : ℕ),
    (M6.Pinned.enumerator L P).coeff d = M6.Pinned.count L P d` does nothing

Note: This linter can be disabled with `set_option linter.unusedTactic false`
warning: M6PinnedAccepted.lean:121:2: Unused tactic linter: `change
  ∀ (m : ℕ) (c : M6.Pinned.Pins m → ℤ),
    M6.Pinned.partitions c →
      ∀ (P : M6.Pinned.Pins m) (xs : List (Fin m)), 0 < c P → 0 < c (M6.Pinned.recover c P xs).1` does nothing

Note: This linter can be disabled with `set_option linter.unusedTactic false`
warning: M6PinnedAccepted.lean:146:2: Unused tactic linter: `change ∀ (m : ℕ) (v : M6.Pinned.Vector m), M6.Pinned.weight v ≤ m` does nothing

Note: This linter can be disabled with `set_option linter.unusedTactic false`
warning: M6PinnedAccepted.lean:164:29: This simp argument is unused:
  M6.Pinned.enumerator

Hint: Omit it from the simp argument list.
  [apply] simp [M6.Pinned.count]

Note: This linter can be disabled with `set_option linter.unusedSimpArgs false`
warning: M6PinnedAccepted.lean:169:35: This simp argument is unused:
  M6.Pinned.enumerator

Hint: Omit it from the simp argument list.
  [apply] simp_all [M6.Pinned.count, M6.Pinned.agrees_pin, Finset.filter_insert, Finset.sum_insert,
    Polynomial.coeff_sum, Polynomial.coeff_monomial]

Note: This linter can be disabled with `set_option linter.unusedSimpArgs false`
warning: M6PinnedAccepted.lean:171:10: This simp argument is unused:
  Finset.sum_insert

Hint: Omit it from the simp argument list.
  [apply] simp_all [M6.Pinned.count, M6.Pinned.enumerator, M6.Pinned.agrees_pin, Finset.filter_insert,
    Polynomial.coeff_sum, Polynomial.coeff_monomial]

Note: This linter can be disabled with `set_option linter.unusedSimpArgs false`
warning: M6PinnedAccepted.lean:171:29: This simp argument is unused:
  Polynomial.coeff_sum

Hint: Omit it from the simp argument list.
  [apply] simp_all [M6.Pinned.count, M6.Pinned.enumerator, M6.Pinned.agrees_pin, Finset.filter_insert,
    Finset.sum_insert, Polynomial.coeff_monomial]

Note: This linter can be disabled with `set_option linter.unusedSimpArgs false`
warning: M6PinnedAccepted.lean:172:10: This simp argument is unused:
  Polynomial.coeff_monomial

Hint: Omit it from the simp argument list.
  [apply] simp_all [M6.Pinned.count, M6.Pinned.enumerator, M6.Pinned.agrees_pin, Finset.filter_insert,
    Finset.sum_insert, Polynomial.coeff_sum]

Note: This linter can be disabled with `set_option linter.unusedSimpArgs false`
warning: M6PinnedAccepted.lean:156:2: Unused tactic linter: `change
  ∀ (m : ℕ) (L : Finset (M6.Pinned.Vector m)) (d : ℕ),
    M6.Pinned.partitions (fun P => M6.Pinned.count L P d)` does nothing

Note: This linter can be disabled with `set_option linter.unusedTactic false`
warning: M6PinnedAccepted.lean:176:2: Unused tactic linter: `change
  ∀ (m : ℕ) (L : Finset (M6.Pinned.Vector m)),
    M6.Pinned.firstPositive m (M6.Pinned.enumerator L (M6.Pinned.free m)) = M6.Pinned.distance L` does nothing

Note: This linter can be disabled with `set_option linter.unusedTactic false`
warning: M6PinnedAccepted.lean:232:29: This simp argument is unused:
  Prod.fst

Hint: Omit it from the simp argument list.
  [apply] simp only [hc, Prod.snd] at hcprop

Note: This linter can be disabled with `set_option linter.unusedSimpArgs false`
warning: M6PinnedAccepted.lean:232:39: This simp argument is unused:
  Prod.snd

Hint: Omit it from the simp argument list.
  [apply] simp only [hc, Prod.fst] at hcprop

Note: This linter can be disabled with `set_option linter.unusedSimpArgs false`
warning: M6PinnedAccepted.lean:233:29: This simp argument is unused:
  Prod.fst

Hint: Omit it from the simp argument list.
  [apply] simp only [hr, Prod.snd] at hrprop

Note: This linter can be disabled with `set_option linter.unusedSimpArgs false`
warning: M6PinnedAccepted.lean:233:39: This simp argument is unused:
  Prod.snd

Hint: Omit it from the simp argument list.
  [apply] simp only [hr, Prod.fst] at hrprop

Note: This linter can be disabled with `set_option linter.unusedSimpArgs false`
warning: M6PinnedAccepted.lean:234:52: This simp argument is unused:
  Prod.fst

Hint: Omit it from the simp argument list.
  [apply] simp only [M6.Pinned.recover, hc, hr, Prod.snd]

Note: This linter can be disabled with `set_option linter.unusedSimpArgs false`
warning: M6PinnedAccepted.lean:234:62: This simp argument is unused:
  Prod.snd

Hint: Omit it from the simp argument list.
  [apply] simp only [M6.Pinned.recover, hc, hr, Prod.fst]

Note: This linter can be disabled with `set_option linter.unusedSimpArgs false`
warning: M6PinnedAccepted.lean:205:2: Unused tactic linter: `change
  ∀ (m : ℕ) (c : M6.Pinned.Pins m → ℤ) (P : M6.Pinned.Pins m) (xs : List (Fin m)),
    M6.Pinned.refines P (M6.Pinned.recover c P xs).1 ∧
      (∀ i ∈ xs, (M6.Pinned.recover c P xs).1 i ≠ none) ∧ (M6.Pinned.recover c P xs).2 ≤ xs.length` does nothing

Note: This linter can be disabled with `set_option linter.unusedTactic false`
info: M6PinnedAccepted.lean:334:0: 'M6.Pinned.agrees_pin' depends on axioms: [propext, Quot.sound]
info: M6PinnedAccepted.lean:335:0: 'M6.Pinned.choose_properties' depends on axioms: [propext, Classical.choice, Quot.sound]
info: M6PinnedAccepted.lean:336:0: 'M6.Pinned.count_nonnegative_positive' depends on axioms: [propext, Classical.choice, Quot.sound]
info: M6PinnedAccepted.lean:337:0: 'M6.Pinned.count_pin_partition' depends on axioms: [propext, Classical.choice, Quot.sound]
info: M6PinnedAccepted.lean:338:0: 'M6.Pinned.decode_unique' depends on axioms: [propext, Classical.choice, Quot.sound]
info: M6PinnedAccepted.lean:339:0: 'M6.Pinned.distance_spec' depends on axioms: [propext, Classical.choice, Quot.sound]
info: M6PinnedAccepted.lean:340:0: 'M6.Pinned.enumerator_coeff' depends on axioms: [propext, Classical.choice, Quot.sound]
info: M6PinnedAccepted.lean:341:0: 'M6.Pinned.recover_positive' depends on axioms: [propext, Classical.choice, Quot.sound]
info: M6PinnedAccepted.lean:342:0: 'M6.Pinned.recover_properties' depends on axioms: [propext, Classical.choice, Quot.sound]
info: M6PinnedAccepted.lean:343:0: 'M6.Pinned.recover_from_counts' depends on axioms: [propext, Classical.choice, Quot.sound]
info: M6PinnedAccepted.lean:344:0: 'M6.Pinned.weight_bound' depends on axioms: [propext, Classical.choice, Quot.sound]
info: M6PinnedAccepted.lean:345:0: 'M6.Pinned.first_positive_distance' depends on axioms: [propext, Classical.choice, Quot.sound]
info: M6PinnedAccepted.lean:346:0: 'M6.Pinned.solve_exact' depends on axioms: [propext, Classical.choice, Quot.sound]
info: M6PinnedAccepted.lean:347:0: 'M6.Pinned.minimum_witness' depends on axioms: [propext, Classical.choice, Quot.sound]
✔ [8720/8766] Built M6Coordinates (29s)
✔ [8721/8766] Built M6Flatten (18s)
✔ [8722/8766] Built M6TransferResources (34s)
✔ [8723/8766] Built M6TransferTrace (39s)
✔ [8724/8766] Built M6EuclidStorage (47s)
⚠ [8725/8766] Built M6TransferAccepted (43s)
warning: M6TransferAccepted.lean:11:56: `dif_neg` has been deprecated: Use `dite_eq_right` instead
warning: M6TransferAccepted.lean:53:18: Used `tac1 <;> tac2` where `(tac1; tac2)` would suffice

Note: This linter can be disabled with `set_option linter.unnecessarySeqFocus false`
warning: M6TransferAccepted.lean:79:48: This simp argument is unused:
  Fintype.card_fun

Hint: Omit it from the simp argument list.
  [apply] simp [M6.Transfer.Input, M6.Transfer.Bit, ZMod.card]

Note: This linter can be disabled with `set_option linter.unusedSimpArgs false`
info: M6TransferAccepted.lean:92:0: 'M6.Transfer.memory_follows' depends on axioms: [propext, Quot.sound]
info: M6TransferAccepted.lean:93:0: 'M6.Transfer.output_convolution' depends on axioms: [propext, Classical.choice, Quot.sound]
info: M6TransferAccepted.lean:94:0: 'M6.Transfer.shift_coordinates' depends on axioms: [propext, Classical.choice, Quot.sound]
info: M6TransferAccepted.lean:95:0: 'M6.Transfer.memory_forced' depends on axioms: [propext, Classical.choice, Quot.sound]
info: M6TransferAccepted.lean:96:0: 'M6.Transfer.labels_bijective' depends on axioms: [propext, Classical.choice, Quot.sound]
info: M6TransferAccepted.lean:97:0: 'M6.Transfer.closed_walk_card' depends on axioms: [propext, Classical.choice, Quot.sound]
info: M6TransferAccepted.lean:98:0: 'M6.Transfer.indexed_weight_sum' depends on axioms: [propext, Classical.choice, Quot.sound]
⚠ [8726/8766] Built M6EuclidAccepted (49s)
warning: M6EuclidAccepted.lean:4:2: Unused tactic linter: `change ∀ p : M6.Euclid.BP, (p ≠ 0 → p.Monic) ∧ normalize p = p` does nothing

Note: This linter can be disabled with `set_option linter.unusedTactic false`
warning: M6EuclidAccepted.lean:23:67: This simp argument is unused:
  add_assoc

Hint: Omit it from the simp argument list.
  [apply] simp [M6.Euclid.cancel, sub_eq_add_neg, add_comm, add_left_comm]

Note: This linter can be disabled with `set_option linter.unusedSimpArgs false`
warning: M6EuclidAccepted.lean:20:2: Unused tactic linter: `change ∀ p q : M6.Euclid.BP, M6.Euclid.cancel p q % q = p % q` does nothing

Note: This linter can be disabled with `set_option linter.unusedTactic false`
warning: M6EuclidAccepted.lean:26:2: Unused tactic linter: `change
  ∀ (N : ℕ) (p q : M6.Euclid.BP),
    M6.Euclid.rank p ≤ N + 1 →
      M6.Euclid.rank q ≤ N + 1 → M6.Euclid.dense N p = M6.Euclid.dense N q → p = q` does nothing

Note: This linter can be disabled with `set_option linter.unusedTactic false`
warning: M6EuclidAccepted.lean:51:2: Unused tactic linter: `change
  ∀ (width : ℕ) (p : M6.Euclid.BP),
    M6.Euclid.rank p ≤ width → M6.Euclid.scanRank width p = M6.Euclid.rank p` does nothing

Note: This linter can be disabled with `set_option linter.unusedTactic false`
warning: M6EuclidAccepted.lean:84:2: Unused tactic linter: `change
  ∀ p q : M6.Euclid.BP,
    (M6.Euclid.rank p < M6.Euclid.rank q ↔ p.degree < q.degree) ∧
      (M6.Euclid.rank p ≤ M6.Euclid.rank q ↔ p.degree ≤ q.degree)` does nothing

Note: This linter can be disabled with `set_option linter.unusedTactic false`
warning: M6EuclidAccepted.lean:107:39: This simp argument is unused:
  Nat.add_assoc

Hint: Omit it from the simp argument list.
  [apply] simp [ih, Nat.mul_add, Nat.add_comm, Nat.add_left_comm]

Note: This linter can be disabled with `set_option linter.unusedSimpArgs false`
warning: M6EuclidAccepted.lean:97:2: Unused tactic linter: `change
  ∀ (fuel : ℕ) (p q : M6.Euclid.BP),
    (M6.Euclid.remainderAux fuel p q).passes = 2 * (M6.Euclid.remainderAux fuel p q).cancellations + 1` does nothing

Note: This linter can be disabled with `set_option linter.unusedTactic false`
warning: M6EuclidAccepted.lean:110:2: Unused tactic linter: `change
  ∀ width : ℕ,
    M6.Euclid.scanCost width = width * (6 * width + 4) ∧
      (0 < width → M6.Euclid.scanCost width ≤ 10 * width ^ 2)` does nothing

Note: This linter can be disabled with `set_option linter.unusedTactic false`
warning: M6EuclidAccepted.lean:131:2: Unused tactic linter: `change
  ∀ p q : M6.Euclid.BP,
    p ≠ 0 → q ≠ 0 → q.degree ≤ p.degree → M6.Euclid.rank (M6.Euclid.cancel p q) < M6.Euclid.rank p` does nothing

Note: This linter can be disabled with `set_option linter.unusedTactic false`
warning: M6EuclidAccepted.lean:145:32: This simp argument is unused:
  mul_comm

Hint: Omit it from the simp argument list.
  [apply] simp [M6.Euclid.cancel, hl, mul_left_comm, mul_assoc]

Note: This linter can be disabled with `set_option linter.unusedSimpArgs false`
warning: M6EuclidAccepted.lean:145:42: This simp argument is unused:
  mul_left_comm

Hint: Omit it from the simp argument list.
  [apply] simp [M6.Euclid.cancel, hl, mul_comm, mul_assoc]

Note: This linter can be disabled with `set_option linter.unusedSimpArgs false`
warning: M6EuclidAccepted.lean:145:57: This simp argument is unused:
  mul_assoc

Hint: Omit it from the simp argument list.
  [apply] simp [M6.Euclid.cancel, hl, mul_comm, mul_left_comm]

Note: This linter can be disabled with `set_option linter.unusedSimpArgs false`
warning: M6EuclidAccepted.lean:140:2: Unused tactic linter: `change ∀ (N : ℕ) (p q : M6.Euclid.BP), p ≠ 0 → _` does nothing

Note: This linter can be disabled with `set_option linter.unusedTactic false`
warning: M6EuclidAccepted.lean:163:136: Used `tac1 <;> tac2` where `(tac1; tac2)` would suffice

Note: This linter can be disabled with `set_option linter.unnecessarySeqFocus false`
warning: M6EuclidAccepted.lean:153:2: Unused tactic linter: `change
  ∀ (fuel : ℕ) (p q : M6.Euclid.BP),
    (M6.Euclid.euclidAux fuel p q).passes =
      2 * (M6.Euclid.euclidAux fuel p q).cancellations + 3 * (M6.Euclid.euclidAux fuel p q).rounds + 1` does nothing

Note: This linter can be disabled with `set_option linter.unusedTactic false`
warning: M6EuclidAccepted.lean:166:2: Unused tactic linter: `change ∀ p q : M6.Euclid.BP, EuclideanDomain.gcd q p = GCDMonoid.gcd p q` does nothing

Note: This linter can be disabled with `set_option linter.unusedTactic false`
warning: M6EuclidAccepted.lean:181:59: this tactic is never executed

Note: This linter can be disabled with `set_option linter.unreachableTactic false`
warning: M6EuclidAccepted.lean:179:2: Unused tactic linter: `change
  ∀ p q : M6.Euclid.BP,
    (M6.Euclid.euclid p q).passes =
      2 * (M6.Euclid.euclid p q).cancellations + 3 * (M6.Euclid.euclid p q).rounds + 2` does nothing

Note: This linter can be disabled with `set_option linter.unusedTactic false`
warning: M6EuclidAccepted.lean:181:59: Unused tactic linter: `omega` does nothing

Note: This linter can be disabled with `set_option linter.unusedTactic false`
warning: M6EuclidAccepted.lean:184:2: Unused tactic linter: `change
  ∀ (fuel : ℕ) (p q : M6.Euclid.BP),
    M6.Euclid.rank p ≤ fuel →
      (M6.Euclid.remainderAux fuel p q).value = p % q ∧
        (M6.Euclid.remainderAux fuel p q).cancellations + M6.Euclid.rank (M6.Euclid.remainderAux fuel p q).value ≤
          M6.Euclid.rank p` does nothing

Note: This linter can be disabled with `set_option linter.unusedTactic false`
warning: M6EuclidAccepted.lean:216:2: Unused tactic linter: `change
  ∀ (fuel : ℕ) (p q : M6.Euclid.BP) (width : ℕ),
    M6.Euclid.rank p ≤ width → M6.Euclid.rank q ≤ width → M6.Euclid.remainderSafe fuel p q width` does nothing

Note: This linter can be disabled with `set_option linter.unusedTactic false`
warning: M6EuclidAccepted.lean:238:2: Unused tactic linter: `change
  ∀ p q : M6.Euclid.BP,
    (M6.Euclid.remainder p q).value = p % q ∧
      (M6.Euclid.remainder p q).cancellations + M6.Euclid.rank (M6.Euclid.remainder p q).value ≤ M6.Euclid.rank p ∧
        (q ≠ 0 → M6.Euclid.rank (M6.Euclid.remainder p q).value < M6.Euclid.rank q)` does nothing

Note: This linter can be disabled with `set_option linter.unusedTactic false`
warning: M6EuclidAccepted.lean:260:82: This simp argument is unused:
  (M6.Euclid.binary_normalization p).2

Hint: Omit it from the simp argument list.
  [apply] simp [M6.Euclid.euclidAux, M6.Euclid.rank, EuclideanDomain.gcd_zero_left]

Note: This linter can be disabled with `set_option linter.unusedSimpArgs false`
warning: M6EuclidAccepted.lean:250:2: Unused tactic linter: `change
  ∀ (fuel : ℕ) (p q : M6.Euclid.BP),
    M6.Euclid.rank q < fuel →
      (M6.Euclid.euclidAux fuel p q).value = EuclideanDomain.gcd q p ∧
        (M6.Euclid.euclidAux fuel p q).cancellations + M6.Euclid.rank (M6.Euclid.euclidAux fuel p q).value ≤
            M6.Euclid.rank p + M6.Euclid.rank q ∧
          (M6.Euclid.euclidAux fuel p q).rounds ≤ M6.Euclid.rank q` does nothing

Note: This linter can be disabled with `set_option linter.unusedTactic false`
warning: M6EuclidAccepted.lean:279:6: try 'simp' instead of 'simpa'

Note: This linter can be disabled with `set_option linter.unnecessarySimpa false`
warning: M6EuclidAccepted.lean:283:8: try 'simp' instead of 'simpa'

Note: This linter can be disabled with `set_option linter.unnecessarySimpa false`
warning: M6EuclidAccepted.lean:274:2: Unused tactic linter: `change
  ∀ (fuel : ℕ) (p q : M6.Euclid.BP),
    M6.Euclid.rank (M6.Euclid.euclidAux fuel p q).value ≤ max (M6.Euclid.rank p) (M6.Euclid.rank q)` does nothing

Note: This linter can be disabled with `set_option linter.unusedTactic false`
warning: M6EuclidAccepted.lean:291:2: Unused tactic linter: `change
  ∀ (fuel : ℕ) (p q : M6.Euclid.BP) (width : ℕ),
    M6.Euclid.rank p ≤ width → M6.Euclid.rank q ≤ width → M6.Euclid.euclidSafe fuel p q width` does nothing

Note: This linter can be disabled with `set_option linter.unusedTactic false`
warning: M6EuclidAccepted.lean:311:2: Unused tactic linter: `change
  ∀ p q : M6.Euclid.BP,
    (M6.Euclid.euclid p q).value = GCDMonoid.gcd p q ∧
      (M6.Euclid.euclid p q).cancellations ≤ M6.Euclid.rank p + M6.Euclid.rank q ∧
        (M6.Euclid.euclid p q).rounds ≤ M6.Euclid.rank q` does nothing

Note: This linter can be disabled with `set_option linter.unusedTactic false`
warning: M6EuclidAccepted.lean:320:2: Unused tactic linter: `change
  ∀ (N : ℕ) (p q : M6.Euclid.BP),
    p.natDegree ≤ N →
      q.natDegree ≤ N →
        M6.Euclid.bitCost N p q ≤ 90 * (N + 1) ^ 3 ∧
          M6.Euclid.euclidSafe (M6.Euclid.rank q + 1) p q (N + 1)` does nothing

Note: This linter can be disabled with `set_option linter.unusedTactic false`
warning: M6EuclidAccepted.lean:346:2: Unused tactic linter: `change
  ∀ (N : ℕ) (a b M : M6.Euclid.BP),
    a.natDegree ≤ N →
      b.natDegree ≤ N →
        M.natDegree ≤ N →
          (M6.Euclid.preprocess a b M).value = GCDMonoid.gcd (GCDMonoid.gcd a b) M ∧
            M6.Euclid.preprocessBitCost N a b M ≤ 180 * (N + 1) ^ 3` does nothing

Note: This linter can be disabled with `set_option linter.unusedTactic false`
info: M6EuclidAccepted.lean:373:0: 'M6.Euclid.binary_normalization' depends on axioms: [propext, Classical.choice, Quot.sound]
info: M6EuclidAccepted.lean:374:0: 'M6.Euclid.cancel_mod' depends on axioms: [propext, Classical.choice, Quot.sound]
info: M6EuclidAccepted.lean:375:0: 'M6.Euclid.dense_cancel' depends on axioms: [propext, Classical.choice, Quot.sound]
info: M6EuclidAccepted.lean:376:0: 'M6.Euclid.dense_injective' depends on axioms: [propext, Classical.choice, Quot.sound]
info: M6EuclidAccepted.lean:377:0: 'M6.Euclid.dense_rank' depends on axioms: [propext, Classical.choice, Quot.sound]
info: M6EuclidAccepted.lean:378:0: 'M6.Euclid.normalized_gcd' depends on axioms: [propext, Classical.choice, Quot.sound]
info: M6EuclidAccepted.lean:379:0: 'M6.Euclid.rank_order' depends on axioms: [propext, Classical.choice, Quot.sound]
info: M6EuclidAccepted.lean:380:0: 'M6.Euclid.cancel_drop' depends on axioms: [propext, Classical.choice, Quot.sound]
info: M6EuclidAccepted.lean:381:0: 'M6.Euclid.remainder_aux_correct' depends on axioms: [propext, Classical.choice, Quot.sound]
info: M6EuclidAccepted.lean:382:0: 'M6.Euclid.remainder_correct' depends on axioms: [propext, Classical.choice, Quot.sound]
info: M6EuclidAccepted.lean:383:0: 'M6.Euclid.euclid_aux_correct' depends on axioms: [propext, Classical.choice, Quot.sound]
info: M6EuclidAccepted.lean:384:0: 'M6.Euclid.euclid_correct' depends on axioms: [propext, Classical.choice, Quot.sound]
info: M6EuclidAccepted.lean:385:0: 'M6.Euclid.euclid_output_width' depends on axioms: [propext, Classical.choice, Quot.sound]
info: M6EuclidAccepted.lean:386:0: 'M6.Euclid.remainder_passes' depends on axioms: [propext, Classical.choice, Quot.sound]
info: M6EuclidAccepted.lean:387:0: 'M6.Euclid.euclid_aux_passes' depends on axioms: [propext, Classical.choice, Quot.sound]
info: M6EuclidAccepted.lean:388:0: 'M6.Euclid.euclid_passes' depends on axioms: [propext, Classical.choice, Quot.sound]
info: M6EuclidAccepted.lean:389:0: 'M6.Euclid.remainder_safe' depends on axioms: [propext, Classical.choice, Quot.sound]
info: M6EuclidAccepted.lean:390:0: 'M6.Euclid.euclid_safe' depends on axioms: [propext, Classical.choice, Quot.sound]
info: M6EuclidAccepted.lean:391:0: 'M6.Euclid.scan_cost' depends on axioms: [propext, Classical.choice, Quot.sound]
info: M6EuclidAccepted.lean:392:0: 'M6.Euclid.bit_cost_bound' depends on axioms: [propext, Classical.choice, Quot.sound]
info: M6EuclidAccepted.lean:393:0: 'M6.Euclid.preprocess_correct_cost' depends on axioms: [propext, Classical.choice, Quot.sound]
⚠ [8727/8766] Built M8TaggedStoreAccepted (43s)
warning: M8TaggedStoreAccepted.lean:4:2: Unused tactic linter: `change
  Function.Injective M8.TaggedStore.address ∧ ∀ i : ℕ, (M8.TaggedStore.address i).length = i.size` does nothing

Note: This linter can be disabled with `set_option linter.unusedTactic false`
warning: M8TaggedStoreAccepted.lean:16:2: Unused tactic linter: `change
  ∀ a b : M8.TaggedStore.Tag,
    (M8.TaggedStore.compare a b).1 = decide (a = b) ∧ (M8.TaggedStore.compare a b).2 ≤ a.length + 1` does nothing

Note: This linter can be disabled with `set_option linter.unusedTactic false`
warning: M8TaggedStoreAccepted.lean:33:2: Unused tactic linter: `change ∀ (key : M8.TaggedStore.Tag) (bit : Bool) (s : M8.TaggedStore.Store), _` does nothing

Note: This linter can be disabled with `set_option linter.unusedTactic false`
warning: M8TaggedStoreAccepted.lean:48:2: Unused tactic linter: `change
  ∀ (start i : ℕ) (mem : List Bool),
    (M8.TaggedStore.read (M8.TaggedStore.address (start + i)) (M8.TaggedStore.packFrom start mem)).1 =
      mem[i]?` does nothing

Note: This linter can be disabled with `set_option linter.unusedTactic false`
warning: M8TaggedStoreAccepted.lean:72:2: Unused tactic linter: `change
  ∀ (start i : ℕ) (bit : Bool) (mem : List Bool),
    (M8.TaggedStore.write (M8.TaggedStore.address (start + i)) bit (M8.TaggedStore.packFrom start mem)).1 =
      M8.TaggedStore.packFrom start (mem.set i bit)` does nothing

Note: This linter can be disabled with `set_option linter.unusedTactic false`
warning: M8TaggedStoreAccepted.lean:95:2: Unused tactic linter: `change
  ∀ (start : ℕ) (mem : List Bool),
    (M8.TaggedStore.packFrom start mem).length = mem.length ∧
      (∀ r ∈ M8.TaggedStore.packFrom start mem, r.1.length ≤ (start + mem.length).size) ∧
        (M8.TaggedStore.tapeBits (M8.TaggedStore.packFrom start mem)).length ≤
          mem.length * (2 * (start + mem.length).size + 2)` does nothing

Note: This linter can be disabled with `set_option linter.unusedTactic false`
warning: M8TaggedStoreAccepted.lean:152:27: This simp argument is unused:
  Prod.snd

Hint: Omit it from the simp argument list.
  [apply] simp only

Note: This linter can be disabled with `set_option linter.unusedSimpArgs false`
warning: M8TaggedStoreAccepted.lean:127:2: Unused tactic linter: `change
  ∀ (B : ℕ) (key : M8.TaggedStore.Tag) (s : M8.TaggedStore.Store),
    key.length ≤ B →
      (∀ r ∈ s, r.1.length ≤ B) → (M8.TaggedStore.read key s).2 ≤ s.length * (4 * (B + 1)) + 1` does nothing

Note: This linter can be disabled with `set_option linter.unusedTactic false`
warning: M8TaggedStoreAccepted.lean:155:2: Unused tactic linter: `change
  ∀ (B : ℕ) (key : M8.TaggedStore.Tag) (bit : Bool) (s : M8.TaggedStore.Store),
    key.length ≤ B →
      (∀ r ∈ s, r.1.length ≤ B) → (M8.TaggedStore.write key bit s).2 ≤ s.length * (4 * (B + 1)) + 1` does nothing

Note: This linter can be disabled with `set_option linter.unusedTactic false`
info: M8TaggedStoreAccepted.lean:182:0: 'M8.TaggedStore.address_representation' depends on axioms: [propext, Quot.sound]
info: M8TaggedStoreAccepted.lean:183:0: 'M8.TaggedStore.comparison_exact' depends on axioms: [propext, Classical.choice, Quot.sound]
info: M8TaggedStoreAccepted.lean:184:0: 'M8.TaggedStore.indexed_read' depends on axioms: [propext, Classical.choice, Quot.sound]
info: M8TaggedStoreAccepted.lean:185:0: 'M8.TaggedStore.indexed_write' depends on axioms: [propext, Classical.choice, Quot.sound]
info: M8TaggedStoreAccepted.lean:186:0: 'M8.TaggedStore.packed_layout' depends on axioms: [propext, Classical.choice, Quot.sound]
info: M8TaggedStoreAccepted.lean:187:0: 'M8.TaggedStore.read_work' depends on axioms: [propext, Classical.choice, Quot.sound]
info: M8TaggedStoreAccepted.lean:188:0: 'M8.TaggedStore.write_layout' depends on axioms: [propext, Quot.sound]
info: M8TaggedStoreAccepted.lean:189:0: 'M8.TaggedStore.write_work' depends on axioms: [propext, Classical.choice, Quot.sound]
⚠ [8728/8766] Built M8CutoffAccepted (44s)
warning: M8CutoffAccepted.lean:4:2: Unused tactic linter: `change ∀ (N a b : ℕ), a ≤ N → b ≤ N → 2 * N * a * b ≤ 2 * N ^ 3` does nothing

Note: This linter can be disabled with `set_option linter.unusedTactic false`
warning: M8CutoffAccepted.lean:12:2: Unused tactic linter: `change ∀ N : ℕ, M8.Cutoff.limit N = min (N - 1) (Nat.log2 (N + 1))` does nothing

Note: This linter can be disabled with `set_option linter.unusedTactic false`
warning: M8CutoffAccepted.lean:21:36: this tactic is never executed

Note: This linter can be disabled with `set_option linter.unreachableTactic false`
warning: M8CutoffAccepted.lean:24:37: this tactic is never executed

Note: This linter can be disabled with `set_option linter.unreachableTactic false`
warning: M8CutoffAccepted.lean:17:2: Unused tactic linter: `change
  ∀ N : ℕ,
    M8.Cutoff.limit N ≤ N - 1 ∧ M8.Cutoff.limit N ≤ Nat.log 2 (N + 1) ∧ (0 < N → M8.Cutoff.limit N < N)` does nothing

Note: This linter can be disabled with `set_option linter.unusedTactic false`
warning: M8CutoffAccepted.lean:21:36: Unused tactic linter: `exact min_le_right _ _` does nothing

Note: This linter can be disabled with `set_option linter.unusedTactic false`
warning: M8CutoffAccepted.lean:24:37: Unused tactic linter: `exact min_le_left _ _` does nothing

Note: This linter can be disabled with `set_option linter.unusedTactic false`
warning: M8CutoffAccepted.lean:30:2: Unused tactic linter: `change ∀ (N R : ℕ), R ≤ M8.Cutoff.limit N → 2 ^ R * 8 ^ N < 2 ^ (4 * (N + 1))` does nothing

Note: This linter can be disabled with `set_option linter.unusedTactic false`
warning: M8CutoffAccepted.lean:39:2: Unused tactic linter: `change ∀ (N R : ℕ), R ≤ M8.Cutoff.limit N → 2 ^ R ≤ N + 1` does nothing

Note: This linter can be disabled with `set_option linter.unusedTactic false`
warning: M8CutoffAccepted.lean:45:2: Unused tactic linter: `change ∀ (N R : ℕ), R ≤ M8.Cutoff.limit N → N ^ 2 * 2 ^ R ≤ (N + 1) ^ 3` does nothing

Note: This linter can be disabled with `set_option linter.unusedTactic false`
warning: M8CutoffAccepted.lean:53:2: Unused tactic linter: `change ∀ (N R : ℕ), R ≤ M8.Cutoff.limit N → 4 ^ R ≤ (N + 1) ^ 2` does nothing

Note: This linter can be disabled with `set_option linter.unusedTactic false`
warning: M8CutoffAccepted.lean:62:2: Unused tactic linter: `change
  ∀ (N R : ℕ), R ≤ M8.Cutoff.limit N → N ^ 3 * 4 ^ R ≤ (N + 1) ^ 5 ∧ N ^ 4 * 4 ^ R ≤ (N + 1) ^ 6` does nothing

Note: This linter can be disabled with `set_option linter.unusedTactic false`
info: M8CutoffAccepted.lean:78:0: 'M8.Cutoff.anchor_trial_envelope' depends on axioms: [propext]
info: M8CutoffAccepted.lean:79:0: 'M8.Cutoff.bit_length_limit' depends on axioms: [propext, Classical.choice, Quot.sound]
info: M8CutoffAccepted.lean:80:0: 'M8.Cutoff.limit_bounds' depends on axioms: [propext]
info: M8CutoffAccepted.lean:81:0: 'M8.Cutoff.coefficient_capacity' depends on axioms: [propext, Classical.choice, Quot.sound]
info: M8CutoffAccepted.lean:82:0: 'M8.Cutoff.state_bound' depends on axioms: [propext, Classical.choice, Quot.sound]
info: M8CutoffAccepted.lean:83:0: 'M8.Cutoff.indexed_storage_envelope' depends on axioms: [propext, Classical.choice, Quot.sound]
info: M8CutoffAccepted.lean:84:0: 'M8.Cutoff.state_square' depends on axioms: [propext, Classical.choice, Quot.sound]
info: M8CutoffAccepted.lean:85:0: 'M8.Cutoff.indexed_work_envelopes' depends on axioms: [propext, Classical.choice, Quot.sound]
✔ [8729/8766] Built M6TransferCoefficients (40s)
✔ [8730/8766] Built M6TransferScatter (45s)
⚠ [8731/8766] Built M6TransferResourcesAccepted (58s)
warning: M6TransferResourcesAccepted.lean:4:2: Unused tactic linter: `change
  ∀ R N : ℕ, 0 < N → M6.Transfer.addressLocations R N ≤ 2 ^ (M6.Transfer.addressBits R N)` does nothing

Note: This linter can be disabled with `set_option linter.unusedTactic false`
warning: M6TransferResourcesAccepted.lean:27:34: this tactic is never executed

Note: This linter can be disabled with `set_option linter.unreachableTactic false`
warning: M6TransferResourcesAccepted.lean:27:34: Unused tactic linter: `nlinarith` does nothing

Note: This linter can be disabled with `set_option linter.unusedTactic false`
warning: M6TransferResourcesAccepted.lean:32:45: This simp argument is unused:
  Fintype.card_fun

Hint: Omit it from the simp argument list.
  [apply] simp [M6.Transfer.Memory, M6.Transfer.Bit, ZMod.card]

Note: This linter can be disabled with `set_option linter.unusedSimpArgs false`
warning: M6TransferResourcesAccepted.lean:30:2: Unused tactic linter: `change ∀ R : ℕ, Fintype.card (M6.Transfer.Memory R) = 2 ^ R` does nothing

Note: This linter can be disabled with `set_option linter.unusedTactic false`
warning: M6TransferResourcesAccepted.lean:35:2: Unused tactic linter: `change ∀ R N : ℕ, R < N → M6.Transfer.traceStorageModel R N ≤ 128 * N ^ 2 * 2 ^ R` does nothing

Note: This linter can be disabled with `set_option linter.unusedTactic false`
warning: M6TransferResourcesAccepted.lean:70:2: Unused tactic linter: `change ∀ R N : ℕ, M6.Transfer.traceCoefficientOps R N = 6 * N * (2 * N + 1) * 4 ^ R` does nothing

Note: This linter can be disabled with `set_option linter.unusedTactic false`
warning: M6TransferResourcesAccepted.lean:81:2: Unused tactic linter: `change ∀ R N : ℕ, R < N → M6.Transfer.traceWorkModel R N ≤ 4096 * N ^ 3 * 4 ^ R` does nothing

Note: This linter can be disabled with `set_option linter.unusedTactic false`
info: M6TransferResourcesAccepted.lean:107:0: 'M6.Transfer.address_width' depends on axioms: [propext, Classical.choice, Quot.sound]
info: M6TransferResourcesAccepted.lean:108:0: 'M6.Transfer.coefficient_width' depends on axioms: [propext, Classical.choice, Quot.sound]
info: M6TransferResourcesAccepted.lean:109:0: 'M6.Transfer.state_count' depends on axioms: [propext, Classical.choice, Quot.sound]
info: M6TransferResourcesAccepted.lean:110:0: 'M6.Transfer.scatter_loop_count' depends on axioms: [propext, Classical.choice, Quot.sound]
info: M6TransferResourcesAccepted.lean:111:0: 'M6.Transfer.trace_storage_bound' depends on axioms: [propext, Classical.choice, Quot.sound]
info: M6TransferResourcesAccepted.lean:112:0: 'M6.Transfer.trace_work_bound' depends on axioms: [propext, Classical.choice, Quot.sound]
✔ [8732/8766] Built M6TransferTraceReady (53s)
⚠ [8733/8766] Built M6EuclidStorageAccepted (59s)
warning: M6EuclidStorageAccepted.lean:5:2: Unused tactic linter: `change
  ∀ (width v : ℕ), v ≤ 32 * width → v < 2 ^ (M6.EuclidStorage.registerBits width)` does nothing

Note: This linter can be disabled with `set_option linter.unusedTactic false`
warning: M6EuclidStorageAccepted.lean:17:150: Used `tac1 <;> tac2` where `(tac1; tac2)` would suffice

Note: This linter can be disabled with `set_option linter.unnecessarySeqFocus false`
warning: M6EuclidStorageAccepted.lean:14:2: Unused tactic linter: `change
  ∀ N : ℕ,
    M6.EuclidStorage.polynomialSlots.length = 4 ∧
      M6.EuclidStorage.controlSlots.length = 16 ∧
        M6.EuclidStorage.actualPreprocessStorage N ≤ 512 * (N + 1) ^ 2` does nothing

Note: This linter can be disabled with `set_option linter.unusedTactic false`
warning: M6EuclidStorageAccepted.lean:33:41: This simp argument is unused:
  Nat.add_left_comm

Hint: Omit it from the simp argument list.
  [apply] simp_all [Nat.add_assoc, Nat.add_comm]

Note: This linter can be disabled with `set_option linter.unusedSimpArgs false`
warning: M6EuclidStorageAccepted.lean:52:60: This simp argument is unused:
  List.mem_singleton

Hint: Omit it from the simp argument list.
  [apply] simp only [M6.EuclidStorage.controlValues, List.mem_cons, List.not_mem_nil, or_false, M6.Euclid.rank] at hv

Note: This linter can be disabled with `set_option linter.unusedSimpArgs false`
warning: M6EuclidStorageAccepted.lean:48:2: Unused tactic linter: `change
  ∀ (width : ℕ) (s : M6.EuclidStorage.Slots) (fuel c e t : ℕ),
    M6.EuclidStorage.slotsFit width s →
      fuel ≤ 32 * width →
        c ≤ 32 * width →
          e ≤ 32 * width →
            t ≤ 32 * width →
              ∀ v ∈ M6.EuclidStorage.controlValues s fuel c e t,
                v < 2 ^ M6.EuclidStorage.registerBits width` does nothing

Note: This linter can be disabled with `set_option linter.unusedTactic false`
warning: M6EuclidStorageAccepted.lean:77:14: `if_false` has been deprecated: Use `ite_false` instead
warning: M6EuclidStorageAccepted.lean:124:35: This simp argument is unused:
  ite_true

Hint: Omit it from the simp argument list.
  [apply] simp only [hw, hq, hd, ite_false, false_or, or_false, false_and, and_false, true_and, and_true,
    not_false_eq_true]

Note: This linter can be disabled with `set_option linter.unusedSimpArgs false`
warning: M6EuclidStorageAccepted.lean:124:56: This simp argument is unused:
  false_or

Hint: Omit it from the simp argument list.
  [apply] simp only [hw, hq, hd, ite_true, ite_false, or_false, false_and, and_false, true_and, and_true,
    not_false_eq_true]

Note: This linter can be disabled with `set_option linter.unusedSimpArgs false`
warning: M6EuclidStorageAccepted.lean:125:14: This simp argument is unused:
  false_and

Hint: Omit it from the simp argument list.
  [apply] simp only [hw, hq, hd, ite_true, ite_false, false_or, or_false, and_false, true_and, and_true,
    not_false_eq_true]

Note: This linter can be disabled with `set_option linter.unusedSimpArgs false`
warning: M6EuclidStorageAccepted.lean:125:25: This simp argument is unused:
  and_false

Hint: Omit it from the simp argument list.
  [apply] simp only [hw, hq, hd, ite_true, ite_false, false_or, or_false, false_and, true_and, and_true,
    not_false_eq_true]

Note: This linter can be disabled with `set_option linter.unusedSimpArgs false`
warning: M6EuclidStorageAccepted.lean:125:36: This simp argument is unused:
  true_and

Hint: Omit it from the simp argument list.
  [apply] simp only [hw, hq, hd, ite_true, ite_false, false_or, or_false, false_and, and_false, and_true,
    not_false_eq_true]

Note: This linter can be disabled with `set_option linter.unusedSimpArgs false`
warning: M6EuclidStorageAccepted.lean:125:46: This simp argument is unused:
  and_true

Hint: Omit it from the simp argument list.
  [apply] simp only [hw, hq, hd, ite_true, ite_false, false_or, or_false, false_and, and_false, true_and,
    not_false_eq_true]

Note: This linter can be disabled with `set_option linter.unusedSimpArgs false`
warning: M6EuclidStorageAccepted.lean:125:56: This simp argument is unused:
  not_false_eq_true

Hint: Omit it from the simp argument list.
  [apply] simp only [hw, hq, hd, ite_true, ite_false, false_or, or_false, false_and, and_false, true_and, and_true]

Note: This linter can be disabled with `set_option linter.unusedSimpArgs false`
warning: M6EuclidStorageAccepted.lean:172:46: This simp argument is unused:
  hp

Hint: Omit it from the simp argument list.
  [apply] simp only [M6.EuclidStorage.slotsFit, hq', hsaved, hwork, hcancel, hpasses, M6.Euclid.remainder, Nat.zero_add,
    Nat.add_zero, hz] at hs ⊢

Note: This linter can be disabled with `set_option linter.unusedSimpArgs false`
warning: M6EuclidStorageAccepted.lean:173:35: This simp argument is unused:
  M6.Euclid.remainder

Hint: Omit it from the simp argument list.
  [apply] simp only [M6.EuclidStorage.slotsFit, hp, hq', hsaved, hwork, hcancel, hpasses, Nat.zero_add, Nat.add_zero,
    hz] at hs ⊢

Note: This linter can be disabled with `set_option linter.unusedSimpArgs false`
warning: M6EuclidStorageAccepted.lean:174:24: This simp argument is unused:
  Nat.add_zero

Hint: Omit it from the simp argument list.
  [apply] simp only [M6.EuclidStorage.slotsFit, hp, hq', hsaved, hwork, hcancel, hpasses, M6.Euclid.remainder,
    Nat.zero_add, hz] at hs ⊢

Note: This linter can be disabled with `set_option linter.unusedSimpArgs false`
warning: M6EuclidStorageAccepted.lean:174:38: This simp argument is unused:
  hz

Hint: Omit it from the simp argument list.
  [apply] simp only [M6.EuclidStorage.slotsFit, hp, hq', hsaved, hwork, hcancel, hpasses, M6.Euclid.remainder,
    Nat.zero_add, Nat.add_zero] at hs ⊢

Note: This linter can be disabled with `set_option linter.unusedSimpArgs false`
warning: M6EuclidStorageAccepted.lean:182:37: This simp argument is unused:
  M6.Euclid.remainder

Hint: Omit it from the simp argument list.
  [apply] simp only [M6.EuclidStorage.slotsFit, hp, hq', hsaved, hwork, hcancel, hpasses, Nat.zero_add, Nat.add_zero,
    hz] at *

Note: This linter can be disabled with `set_option linter.unusedSimpArgs false`
warning: M6EuclidStorageAccepted.lean:183:26: This simp argument is unused:
  Nat.add_zero

Hint: Omit it from the simp argument list.
  [apply] simp only [M6.EuclidStorage.slotsFit, hp, hq', hsaved, hwork, hcancel, hpasses, M6.Euclid.remainder,
    Nat.zero_add, hz] at *

Note: This linter can be disabled with `set_option linter.unusedSimpArgs false`
warning: M6EuclidStorageAccepted.lean:232:18: This simp argument is unused:
  Nat.add_zero

Hint: Omit it from the simp argument list.
  [apply] simp only [M6.EuclidStorage.toRun, M6.EuclidStorage.offset, Nat.zero_add] at hv hc he ht

Note: This linter can be disabled with `set_option linter.unusedSimpArgs false`
warning: M6EuclidStorageAccepted.lean:238:24: This simp argument is unused:
  Nat.add_assoc

Hint: Omit it from the simp argument list.
  [apply] simp [M6.Euclid.preprocess, M6.EuclidStorage.offset, hs, hv, hc, he, ht, Nat.add_left_comm, Nat.add_comm]

Note: This linter can be disabled with `set_option linter.unusedSimpArgs false`
warning: M6EuclidStorageAccepted.lean:238:39: This simp argument is unused:
  Nat.add_left_comm

Hint: Omit it from the simp argument list.
  [apply] simp [M6.Euclid.preprocess, M6.EuclidStorage.offset, hs, hv, hc, he, ht, Nat.add_assoc, Nat.add_comm]

Note: This linter can be disabled with `set_option linter.unusedSimpArgs false`
warning: M6EuclidStorageAccepted.lean:238:58: This simp argument is unused:
  Nat.add_comm

Hint: Omit it from the simp argument list.
  [apply] simp [M6.Euclid.preprocess, M6.EuclidStorage.offset, hs, hv, hc, he, ht, Nat.add_assoc, Nat.add_left_comm]

Note: This linter can be disabled with `set_option linter.unusedSimpArgs false`
warning: M6EuclidStorageAccepted.lean:279:18: This simp argument is unused:
  Nat.add_zero

Hint: Omit it from the simp argument list.
  [apply] simp only [M6.EuclidStorage.toRun, M6.EuclidStorage.offset, Nat.zero_add] at hv hc he ht

Note: This linter can be disabled with `set_option linter.unusedSimpArgs false`
info: M6EuclidStorageAccepted.lean:295:0: 'M6.EuclidStorage.control_encoding' depends on axioms: [propext, Quot.sound]
info: M6EuclidStorageAccepted.lean:296:0: 'M6.EuclidStorage.control_values_fit' depends on axioms: [propext, Classical.choice, Quot.sound]
info: M6EuclidStorageAccepted.lean:297:0: 'M6.EuclidStorage.layout_bound' depends on axioms: [propext, Classical.choice, Quot.sound]
info: M6EuclidStorageAccepted.lean:298:0: 'M6.EuclidStorage.rem_loop_refines' depends on axioms: [propext, Classical.choice, Quot.sound]
info: M6EuclidStorageAccepted.lean:299:0: 'M6.EuclidStorage.gcd_loop_refines' depends on axioms: [propext, Classical.choice, Quot.sound]
info: M6EuclidStorageAccepted.lean:300:0: 'M6.EuclidStorage.gcd_start_refines' depends on axioms: [propext, Classical.choice, Quot.sound]
info: M6EuclidStorageAccepted.lean:301:0: 'M6.EuclidStorage.preprocess_refines' depends on axioms: [propext, Classical.choice, Quot.sound]
info: M6EuclidStorageAccepted.lean:302:0: 'M6.EuclidStorage.rem_loop_safe' depends on axioms: [propext, Classical.choice, Quot.sound]
info: M6EuclidStorageAccepted.lean:303:0: 'M6.EuclidStorage.gcd_loop_safe' depends on axioms: [propext, Classical.choice, Quot.sound]
info: M6EuclidStorageAccepted.lean:304:0: 'M6.EuclidStorage.gcd_start_safe' depends on axioms: [propext, Classical.choice, Quot.sound]
info: M6EuclidStorageAccepted.lean:305:0: 'M6.EuclidStorage.preprocess_safe' depends on axioms: [propext, Classical.choice, Quot.sound]
info: M6EuclidStorageAccepted.lean:306:0: 'M6.EuclidStorage.slots_encoding' depends on axioms: [propext, Classical.choice, Quot.sound]
info: M6EuclidStorageAccepted.lean:307:0: 'M6.EuclidStorage.preprocess_storage' depends on axioms: [propext, Classical.choice, Quot.sound]
⚠ [8734/8766] Built M6TransferCoefficientsAccepted (34s)
warning: M6TransferCoefficientsAccepted.lean:22:2: Unused tactic linter: `change
  ∀ p q : Polynomial ℤ,
    M6.Transfer.polynomialMass (p + q) ≤ M6.Transfer.polynomialMass p + M6.Transfer.polynomialMass q` does nothing

Note: This linter can be disabled with `set_option linter.unusedTactic false`
warning: M6TransferCoefficientsAccepted.lean:60:2: Unused tactic linter: `change
  ∀ (I : Type) (s : Finset I) (f : I → Polynomial ℤ),
    M6.Transfer.polynomialMass (∑ i ∈ s, f i) ≤ ∑ i ∈ s, M6.Transfer.polynomialMass (f i)` does nothing

Note: This linter can be disabled with `set_option linter.unusedTactic false`
warning: M6TransferCoefficientsAccepted.lean:72:2: Unused tactic linter: `change
  ∀ p q : Polynomial ℤ,
    M6.Transfer.polynomialMass (p * q) ≤ M6.Transfer.polynomialMass p * M6.Transfer.polynomialMass q` does nothing

Note: This linter can be disabled with `set_option linter.unusedTactic false`
warning: M6TransferCoefficientsAccepted.lean:91:2: Unused tactic linter: `change
  ∀ (R : ℕ) (W : M6.Transfer.Memory R → M6.Transfer.Bit → Polynomial ℤ) (v : M6.Transfer.Memory R → Polynomial ℤ),
    (∀ m t, M6.Transfer.polynomialMass (W m t) ≤ 4) →
      M6.Transfer.rowMass (M6.Transfer.propagate W v) ≤ 8 * M6.Transfer.rowMass v` does nothing

Note: This linter can be disabled with `set_option linter.unusedTactic false`
warning: M6TransferCoefficientsAccepted.lean:136:2: Unused tactic linter: `change
  ∀ (R : ℕ) (W : ℕ → M6.Transfer.Memory R → M6.Transfer.Bit → Polynomial ℤ) (start : M6.Transfer.Memory R) (n : ℕ),
    (∀ i m t, M6.Transfer.polynomialMass (W i m t) ≤ 4) →
      M6.Transfer.rowMass (M6.Transfer.layers W start n) ≤ 8 ^ n` does nothing

Note: This linter can be disabled with `set_option linter.unusedTactic false`
warning: M6TransferCoefficientsAccepted.lean:176:16: This simp argument is unused:
  nsmul_eq_mul

Hint: Omit it from the simp argument list.
  [apply] simp [hc]

Note: This linter can be disabled with `set_option linter.unusedSimpArgs false`
warning: M6TransferCoefficientsAccepted.lean:152:2: Unused tactic linter: `change
  ∀ (R N : ℕ) (W : ℕ → M6.Transfer.Memory R → M6.Transfer.Bit → Polynomial ℤ) (d : ℕ),
    (∀ i m t, M6.Transfer.polynomialMass (W i m t) ≤ 4) →
      ((M6.Transfer.arrayTrace W N).coeff d).natAbs ≤ 2 ^ R * 8 ^ N` does nothing

Note: This linter can be disabled with `set_option linter.unusedTactic false`
info: M6TransferCoefficientsAccepted.lean:177:0: 'M6.Transfer.layers_degree' depends on axioms: [propext, Classical.choice, Quot.sound]
info: M6TransferCoefficientsAccepted.lean:178:0: 'M6.Transfer.mass_add' depends on axioms: [propext, Classical.choice, Quot.sound]
info: M6TransferCoefficientsAccepted.lean:179:0: 'M6.Transfer.mass_basic' depends on axioms: [propext, Classical.choice, Quot.sound]
info: M6TransferCoefficientsAccepted.lean:180:0: 'M6.Transfer.mass_sum' depends on axioms: [propext, Classical.choice, Quot.sound]
info: M6TransferCoefficientsAccepted.lean:181:0: 'M6.Transfer.mass_mul' depends on axioms: [propext, Classical.choice, Quot.sound]
info: M6TransferCoefficientsAccepted.lean:182:0: 'M6.Transfer.propagate_mass' depends on axioms: [propext, Classical.choice, Quot.sound]
info: M6TransferCoefficientsAccepted.lean:183:0: 'M6.Transfer.layers_mass' depends on axioms: [propext, Classical.choice, Quot.sound]
info: M6TransferCoefficientsAccepted.lean:184:0: 'M6.Transfer.trace_coefficient_bound' depends on axioms: [propext, Classical.choice, Quot.sound]
⚠ [8735/8766] Built M6TransferScatterCoreAccepted (30s)
warning: M6TransferScatterCoreAccepted.lean:4:2: Unused tactic linter: `change
  ∀ R N : ℕ,
    Fintype.card (M6.Transfer.Memory R) * N * (M6.Transfer.scatterEventList R N).length =
      M6.Transfer.traceCoefficientOps R N` does nothing

Note: This linter can be disabled with `set_option linter.unusedTactic false`
warning: M6TransferScatterCoreAccepted.lean:23:48: This simp argument is unused:
  Function.update_apply

Hint: Omit it from the simp argument list.
  [apply] simp [M6.Transfer.scatterUpdate, h, ha, Ne.symm ha]

Note: This linter can be disabled with `set_option linter.unusedSimpArgs false`
warning: M6TransferScatterCoreAccepted.lean:41:8: `if_neg` has been deprecated: Use `ite_eq_right` instead
warning: M6TransferScatterCoreAccepted.lean:41:19: `if_neg` has been deprecated: Use `ite_eq_right` instead
warning: M6TransferScatterCoreAccepted.lean:41:30: `if_neg` has been deprecated: Use `ite_eq_right` instead
warning: M6TransferScatterCoreAccepted.lean:48:24: This simp argument is unused:
  Polynomial.coeff_mul_C

Hint: Omit it from the simp argument list.
  [apply] simp

Note: This linter can be disabled with `set_option linter.unusedSimpArgs false`
warning: M6TransferScatterCoreAccepted.lean:26:2: Unused tactic linter: `change ∀ (p q : Polynomial ℤ) (d : ℕ), q.natDegree ≤ 2 → _` does nothing

Note: This linter can be disabled with `set_option linter.unusedTactic false`
warning: M6TransferScatterCoreAccepted.lean:75:4: `Polynomial.finset_sum_coeff` has been deprecated: Use `Polynomial.finsetSum_coeff` instead
warning: M6TransferScatterCoreAccepted.lean:81:29: `if_true` has been deprecated: Use `ite_true` instead
warning: M6TransferScatterCoreAccepted.lean:87:17: `if_pos` has been deprecated: Use `ite_eq_left` instead
warning: M6TransferScatterCoreAccepted.lean:116:12: `if_pos` has been deprecated: Use `ite_eq_left` instead
warning: M6TransferScatterCoreAccepted.lean:120:18: This simp argument is unused:
  eq_comm

Hint: Omit it from the simp argument list.
  [apply] simp [hm]

Note: This linter can be disabled with `set_option linter.unusedSimpArgs false`
warning: M6TransferScatterCoreAccepted.lean:134:6: `Polynomial.finset_sum_coeff` has been deprecated: Use `Polynomial.finsetSum_coeff` instead
info: M6TransferScatterCoreAccepted.lean:139:0: 'M6.Transfer.scatter_event_count' depends on axioms: [propext, Classical.choice, Quot.sound]
info: M6TransferScatterCoreAccepted.lean:140:0: 'M6.Transfer.scatter_prefix_formula' depends on axioms: [propext, Classical.choice, Quot.sound]
info: M6TransferScatterCoreAccepted.lean:141:0: 'M6.Transfer.small_polynomial_convolution' depends on axioms: [propext, Classical.choice, Quot.sound]
info: M6TransferScatterCoreAccepted.lean:142:0: 'M6.Transfer.scatter_polynomial_coeff' depends on axioms: [propext, Classical.choice, Quot.sound]
info: M6TransferScatterCoreAccepted.lean:143:0: 'M6.Transfer.scalar_layers_exact' depends on axioms: [propext, Classical.choice, Quot.sound]
info: M6TransferScatterCoreAccepted.lean:144:0: 'M6.Transfer.scalar_trace_coefficient' depends on axioms: [propext, Classical.choice, Quot.sound]
✔ [8736/8766] Built M6ActualTransfer (30s)
✔ [8737/8766] Built M6TransferActualResources (25s)
⚠ [8738/8766] Built M6TransferTraceAccepted (23s)
warning: M6TransferTraceAccepted.lean:114:10: `if_pos` has been deprecated: Use `ite_eq_left` instead
warning: M6TransferTraceAccepted.lean:117:12: `if_pos` has been deprecated: Use `ite_eq_left` instead
warning: M6TransferTraceAccepted.lean:118:10: `if_neg` has been deprecated: Use `ite_eq_right` instead
warning: M6TransferTraceAccepted.lean:120:6: `push_neg` has been deprecated. Prefer using `push Not` instead.
If you'd rather continue using `push_neg` in your project, you can implement it as follows:
```
open Lean.Parser.Tactic in
macro "push_neg" cfg:optConfig loc:(location)? : tactic =>
  `(tactic| push $cfg:optConfig Not $[$loc]?)
```
warning: M6TransferTraceAccepted.lean:123:12: `if_neg` has been deprecated: Use `ite_eq_right` instead
info: M6TransferTraceAccepted.lean:161:0: 'M6.Transfer.layers_matrix' depends on axioms: [propext, Classical.choice, Quot.sound]
info: M6TransferTraceAccepted.lean:162:0: 'M6.Transfer.array_trace_matrix' depends on axioms: [propext, Classical.choice, Quot.sound]
info: M6TransferTraceAccepted.lean:163:0: 'M6.Transfer.matrix_trace_cycle' depends on axioms: [propext, Classical.choice, Quot.sound]
info: M6TransferTraceAccepted.lean:164:0: 'M6.Transfer.labelled_trace' depends on axioms: [propext, Classical.choice, Quot.sound]
info: M6TransferTraceAccepted.lean:165:0: 'M6.Transfer.array_trace_inputs' depends on axioms: [propext, Classical.choice, Quot.sound]
info: M6TransferTraceAccepted.lean:166:0: 'M6.Transfer.uniform_matrix_power' depends on axioms: [propext, Classical.choice, Quot.sound]
✔ [8739/8766] Built M6TransferFactorBounds (12s)
✔ [8740/8766] Built M6TransferPartialResources (13s)
✔ [8741/8766] Built M6TransferScatterReady (12s)
⚠ [8742/8766] Built M6TransferActualResourcesAccepted (26s)
warning: M6TransferActualResourcesAccepted.lean:4:2: Unused tactic linter: `change ∀ R N : ℕ, 2 ^ R * 8 ^ N < 2 ^ (M6.Transfer.coefficientBits R N - 1)` does nothing

Note: This linter can be disabled with `set_option linter.unusedTactic false`
warning: M6TransferActualResourcesAccepted.lean:32:42: This simp argument is unused:
  M6.Transfer.state_count

Hint: Omit it from the simp argument list.
  [apply] simp [M6.Transfer.scatterEventList, M6.Transfer.ScatterEvent, Fintype.card_prod, M6.Transfer.Bit, mul_assoc,
    mul_comm, mul_left_comm]

Note: This linter can be disabled with `set_option linter.unusedSimpArgs false`
warning: M6TransferActualResourcesAccepted.lean:33:6: This simp argument is unused:
  mul_assoc

Hint: Omit it from the simp argument list.
  [apply] simp [M6.Transfer.scatterEventList, M6.Transfer.ScatterEvent, Fintype.card_prod, M6.Transfer.Bit,
    M6.Transfer.state_count, mul_comm, mul_left_comm]

Note: This linter can be disabled with `set_option linter.unusedSimpArgs false`
warning: M6TransferActualResourcesAccepted.lean:33:42: Used `tac1 <;> tac2` where `(tac1; tac2)` would suffice

Note: This linter can be disabled with `set_option linter.unnecessarySeqFocus false`
warning: M6TransferActualResourcesAccepted.lean:13:2: Unused tactic linter: `change ∀ R N : ℕ, R < N → M6.Transfer.actualTraceStorage R N ≤ 4096 * N ^ 2 * 2 ^ R` does nothing

Note: This linter can be disabled with `set_option linter.unusedTactic false`
warning: M6TransferActualResourcesAccepted.lean:54:2: Unused tactic linter: `change ∀ R N : ℕ, R < N → M6.Transfer.actualTraceWork R N ≤ 16384 * N ^ 3 * 4 ^ R` does nothing

Note: This linter can be disabled with `set_option linter.unusedTactic false`
warning: M6TransferActualResourcesAccepted.lean:109:4: Used `tac1 <;> tac2` where `(tac1; tac2)` would suffice

Note: This linter can be disabled with `set_option linter.unnecessarySeqFocus false`
warning: M6TransferActualResourcesAccepted.lean:93:2: Unused tactic linter: `change
  ∀ R N : ℕ, R < N → M6.Transfer.actualTraceStorage R N < 2 ^ (M6.Transfer.actualAddressBits R N)` does nothing

Note: This linter can be disabled with `set_option linter.unusedTactic false`
info: M6TransferActualResourcesAccepted.lean:120:0: 'M6.Transfer.actual_signed_capacity' depends on axioms: [propext, Classical.choice, Quot.sound]
info: M6TransferActualResourcesAccepted.lean:121:0: 'M6.Transfer.actual_trace_storage_bound' depends on axioms: [propext, Classical.choice, Quot.sound]
info: M6TransferActualResourcesAccepted.lean:122:0: 'M6.Transfer.actual_address_capacity' depends on axioms: [propext, Classical.choice, Quot.sound]
info: M6TransferActualResourcesAccepted.lean:123:0: 'M6.Transfer.actual_trace_work_bound' depends on axioms: [propext, Classical.choice, Quot.sound]
✔ [8743/8766] Built M6TransferPartialResourcesReady (20s)
✔ [8744/8766] Built M6IndexedArray (20s)
⚠ [8745/8766] Built M6TransferScatterAccepted (20s)
warning: M6TransferScatterAccepted.lean:9:41: `Polynomial.finset_sum_coeff` has been deprecated: Use `Polynomial.finsetSum_coeff` instead
warning: M6TransferScatterAccepted.lean:37:32: `Polynomial.finset_sum_coeff` has been deprecated: Use `Polynomial.finsetSum_coeff` instead
warning: M6TransferScatterAccepted.lean:21:47: This simp argument is unused:
  Ne.symm hv

Hint: Omit it from the simp argument list.
  [apply] simp [Polynomial.coeff_monomial, hv]

Note: This linter can be disabled with `set_option linter.unusedSimpArgs false`
warning: M6TransferScatterAccepted.lean:34:43: This simp argument is unused:
  Ne.symm hv

Hint: Omit it from the simp argument list.
  [apply] simp [Polynomial.coeff_monomial, hv]

Note: This linter can be disabled with `set_option linter.unusedSimpArgs false`
warning: M6TransferScatterAccepted.lean:6:2: Unused tactic linter: `change M6.Transfer.scalarTracePolynomial W N = M6.Transfer.arrayTrace W N` does nothing

Note: This linter can be disabled with `set_option linter.unusedTactic false`
info: M6TransferScatterAccepted.lean:43:0: 'M6.Transfer.scalar_trace_polynomial' depends on axioms: [propext, Classical.choice, Quot.sound]
⚠ [8746/8766] Built M6TransferFactorBoundsAccepted (22s)
warning: M6TransferFactorBoundsAccepted.lean:7:44: `if_pos` has been deprecated: Use `ite_eq_left` instead
info: M6TransferFactorBoundsAccepted.lean:79:0: 'M6.Transfer.boundary_factor_bounds' depends on axioms: [propext, Classical.choice, Quot.sound]
info: M6TransferFactorBoundsAccepted.lean:80:0: 'M6.Transfer.boundary_edge_bounds' depends on axioms: [propext, Classical.choice, Quot.sound]
info: M6TransferFactorBoundsAccepted.lean:81:0: 'M6.Transfer.character_factor_bounds' depends on axioms: [propext, Classical.choice, Quot.sound]
info: M6TransferFactorBoundsAccepted.lean:82:0: 'M6.Transfer.character_edge_bounds' depends on axioms: [propext, Classical.choice, Quot.sound]
✔ [8747/8766] Built M6QueryResources (19s)
⚠ [8748/8766] Built M6TransferPartialResourcesAccepted (31s)
warning: M6TransferPartialResourcesAccepted.lean:38:26: This simp argument is unused:
  M6.Transfer.state_count

Hint: Omit it from the simp argument list.
  [apply] simp

Note: This linter can be disabled with `set_option linter.unusedSimpArgs false`
warning: M6TransferPartialResourcesAccepted.lean:43:2: Unused tactic linter: `change
  ∀ (p : Polynomial ℤ) (L : ℕ), (∑ d : Fin L, (p.coeff d.val).natAbs) ≤ M6.Transfer.polynomialMass p` does nothing

Note: This linter can be disabled with `set_option linter.unusedTactic false`
warning: M6TransferPartialResourcesAccepted.lean:66:2: Unused tactic linter: `change
  ∀ (R N : ℕ) (v : M6.Transfer.Memory R → Polynomial ℤ),
    M6.Transfer.arrayMass (M6.Transfer.encodeCoefficients (N := N) v) ≤ M6.Transfer.rowMass v` does nothing

Note: This linter can be disabled with `set_option linter.unusedTactic false`
warning: M6TransferPartialResourcesAccepted.lean:94:57: This simp argument is unused:
  mul_left_comm

Hint: Omit it from the simp argument list.
  [apply] simp [M6.Transfer.Bit, ← Finset.mul_sum, mul_comm, mul_assoc]

Note: This linter can be disabled with `set_option linter.unusedSimpArgs false`
warning: M6TransferPartialResourcesAccepted.lean:94:72: This simp argument is unused:
  mul_assoc

Hint: Omit it from the simp argument list.
  [apply] simp [M6.Transfer.Bit, ← Finset.mul_sum, mul_comm, mul_left_comm]

Note: This linter can be disabled with `set_option linter.unusedSimpArgs false`
warning: M6TransferPartialResourcesAccepted.lean:94:83: Used `tac1 <;> tac2` where `(tac1; tac2)` would suffice

Note: This linter can be disabled with `set_option linter.unnecessarySeqFocus false`
warning: M6TransferPartialResourcesAccepted.lean:76:2: Unused tactic linter: `change
  ∀ (R N : ℕ) (W : M6.Transfer.Memory R → M6.Transfer.Bit → Polynomial ℤ) (input : M6.Transfer.CoefficientArray R N),
    (∀ m t, M6.Transfer.polynomialMass (W m t) ≤ 4) →
      M6.Transfer.eventMass W input ≤ 8 * M6.Transfer.arrayMass input` does nothing

Note: This linter can be disabled with `set_option linter.unusedTactic false`
info: M6TransferPartialResourcesAccepted.lean:149:0: 'M6.Transfer.actual_trace_intermediates' depends on axioms: [propext, Classical.choice, Quot.sound]
info: M6TransferPartialResourcesAccepted.lean:150:0: 'M6.Transfer.finite_coefficient_mass' depends on axioms: [propext, Classical.choice, Quot.sound]
info: M6TransferPartialResourcesAccepted.lean:151:0: 'M6.Transfer.encoded_array_mass' depends on axioms: [propext, Classical.choice, Quot.sound]
info: M6TransferPartialResourcesAccepted.lean:152:0: 'M6.Transfer.event_mass_bound' depends on axioms: [propext, Classical.choice, Quot.sound]
info: M6TransferPartialResourcesAccepted.lean:153:0: 'M6.Transfer.scatter_prefix_magnitude' depends on axioms: [propext, Classical.choice, Quot.sound]
info: M6TransferPartialResourcesAccepted.lean:154:0: 'M6.Transfer.actual_layer_intermediates' depends on axioms: [propext, Classical.choice, Quot.sound]
✔ [8749/8766] Built M6SolveResources (19s)
✔ [8750/8766] Built M6IndexedArrayReady (13s)
ℹ [8751/8766] Built M6SolveQueriesAccepted (11s)
info: M6SolveQueriesAccepted.lean:17:0: 'M6.ActualTransfer.actual_solve_queries' depends on axioms: [propext, Classical.choice, Quot.sound]
⚠ [8752/8766] Built M6QueryResourcesAccepted (39s)
warning: M6QueryResourcesAccepted.lean:20:33: This simp argument is unused:
  M6.Transfer.actualAddressBits

Hint: Omit it from the simp argument list.
  [apply] simp only [M6.Transfer.pairedQueryStorage, M6.Transfer.queryCoefficientBits, M6.Transfer.coefficientBits,
    M6.Transfer.PostEvent, Fintype.card_prod, Fintype.card_fin]

Note: This linter can be disabled with `set_option linter.unusedSimpArgs false`
warning: M6QueryResourcesAccepted.lean:21:4: This simp argument is unused:
  M6.Transfer.PostEvent

Hint: Omit it from the simp argument list.
  [apply] simp only [M6.Transfer.pairedQueryStorage, M6.Transfer.queryCoefficientBits, M6.Transfer.coefficientBits,
    M6.Transfer.actualAddressBits, Fintype.card_prod, Fintype.card_fin]

Note: This linter can be disabled with `set_option linter.unusedSimpArgs false`
warning: M6QueryResourcesAccepted.lean:21:27: This simp argument is unused:
  Fintype.card_prod

Hint: Omit it from the simp argument list.
  [apply] simp only [M6.Transfer.pairedQueryStorage, M6.Transfer.queryCoefficientBits, M6.Transfer.coefficientBits,
    M6.Transfer.actualAddressBits, M6.Transfer.PostEvent, Fintype.card_fin]

Note: This linter can be disabled with `set_option linter.unusedSimpArgs false`
warning: M6QueryResourcesAccepted.lean:21:46: This simp argument is unused:
  Fintype.card_fin

Hint: Omit it from the simp argument list.
  [apply] simp only [M6.Transfer.pairedQueryStorage, M6.Transfer.queryCoefficientBits, M6.Transfer.coefficientBits,
    M6.Transfer.actualAddressBits, M6.Transfer.PostEvent, Fintype.card_prod]

Note: This linter can be disabled with `set_option linter.unusedSimpArgs false`
warning: M6QueryResourcesAccepted.lean:24:4: this tactic is never executed

Note: This linter can be disabled with `set_option linter.unreachableTactic false`
warning: M6QueryResourcesAccepted.lean:28:4: this tactic is never executed

Note: This linter can be disabled with `set_option linter.unreachableTactic false`
warning: M6QueryResourcesAccepted.lean:4:2: Unused tactic linter: `change ∀ R N : ℕ, R < N → M6.Transfer.pairedQueryStorage R N ≤ 8192 * N ^ 2 * 2 ^ R` does nothing

Note: This linter can be disabled with `set_option linter.unusedTactic false`
warning: M6QueryResourcesAccepted.lean:24:4: Unused tactic linter: `simp only [M6.Transfer.actualTraceStorage, M6.Transfer.traceStorageModel,
  M6.Transfer.coefficientBits, M6.Transfer.actualAddressBits, M6.Transfer.addressBits, M6.Transfer.CoefficientAddress,
  Fintype.card_prod, Fintype.card_fin, M6.Transfer.state_count]` does nothing

Note: This linter can be disabled with `set_option linter.unusedTactic false`
warning: M6QueryResourcesAccepted.lean:28:4: Unused tactic linter: `nlinarith` does nothing

Note: This linter can be disabled with `set_option linter.unusedTactic false`
warning: M6QueryResourcesAccepted.lean:45:6: This simp argument is unused:
  M6.Transfer.actualAddressBits

Hint: Omit it from the simp argument list.
  [apply] simp [M6.Transfer.postWork, M6.Transfer.PostEvent, M6.Transfer.queryCoefficientBits,
    M6.Transfer.coefficientBits, M6.Transfer.addressBits]

Note: This linter can be disabled with `set_option linter.unusedSimpArgs false`
warning: M6QueryResourcesAccepted.lean:45:37: This simp argument is unused:
  M6.Transfer.addressBits

Hint: Omit it from the simp argument list.
  [apply] simp [M6.Transfer.postWork, M6.Transfer.PostEvent, M6.Transfer.queryCoefficientBits,
    M6.Transfer.coefficientBits, M6.Transfer.actualAddressBits]

Note: This linter can be disabled with `set_option linter.unusedSimpArgs false`
warning: M6QueryResourcesAccepted.lean:46:4: Used `tac1 <;> tac2` where `(tac1; tac2)` would suffice

Note: This linter can be disabled with `set_option linter.unnecessarySeqFocus false`
warning: M6QueryResourcesAccepted.lean:31:2: Unused tactic linter: `change ∀ R N : ℕ, R < N → M6.Transfer.pairedQueryWork R N ≤ 40000 * N ^ 3 * 4 ^ R` does nothing

Note: This linter can be disabled with `set_option linter.unusedTactic false`
warning: M6QueryResourcesAccepted.lean:53:31: This simp argument is unused:
  M6.Transfer.Bit

Hint: Omit it from the simp argument list.
  [apply] simp [M6.Transfer.PostEvent, Fintype.card_prod]

Note: This linter can be disabled with `set_option linter.unusedSimpArgs false`
warning: M6QueryResourcesAccepted.lean:53:67: Used `tac1 <;> tac2` where `(tac1; tac2)` would suffice

Note: This linter can be disabled with `set_option linter.unnecessarySeqFocus false`
warning: M6QueryResourcesAccepted.lean:51:2: Unused tactic linter: `change ∀ N : ℕ, Fintype.card (M6.Transfer.PostEvent N) = 4 * (2 * N + 1)` does nothing

Note: This linter can be disabled with `set_option linter.unusedTactic false`
warning: M6QueryResourcesAccepted.lean:69:34: This simp argument is unused:
  M6.Transfer.pinMaintenanceWork

Hint: Omit it from the simp argument list.
  [apply] simp [M6.Transfer.distanceWork, M6.Transfer.PostEvent, M6.Transfer.queryCoefficientBits,
    M6.Transfer.coefficientBits, M6.Transfer.actualAddressBits, M6.Transfer.addressBits]

Note: This linter can be disabled with `set_option linter.unusedSimpArgs false`
warning: M6QueryResourcesAccepted.lean:70:4: This simp argument is unused:
  M6.Transfer.PostEvent

Hint: Omit it from the simp argument list.
  [apply] simp [M6.Transfer.distanceWork, M6.Transfer.pinMaintenanceWork, M6.Transfer.queryCoefficientBits,
    M6.Transfer.coefficientBits, M6.Transfer.actualAddressBits, M6.Transfer.addressBits]

Note: This linter can be disabled with `set_option linter.unusedSimpArgs false`
warning: M6QueryResourcesAccepted.lean:70:27: This simp argument is unused:
  M6.Transfer.queryCoefficientBits

Hint: Omit it from the simp argument list.
  [apply] simp [M6.Transfer.distanceWork, M6.Transfer.pinMaintenanceWork, M6.Transfer.PostEvent,
    M6.Transfer.coefficientBits, M6.Transfer.actualAddressBits, M6.Transfer.addressBits]

Note: This linter can be disabled with `set_option linter.unusedSimpArgs false`
warning: M6QueryResourcesAccepted.lean:71:4: This simp argument is unused:
  M6.Transfer.coefficientBits

Hint: Omit it from the simp argument list.
  [apply] simp [M6.Transfer.distanceWork, M6.Transfer.pinMaintenanceWork, M6.Transfer.PostEvent,
    M6.Transfer.queryCoefficientBits, M6.Transfer.actualAddressBits, M6.Transfer.addressBits]

Note: This linter can be disabled with `set_option linter.unusedSimpArgs false`
warning: M6QueryResourcesAccepted.lean:71:33: This simp argument is unused:
  M6.Transfer.actualAddressBits

Hint: Omit it from the simp argument list.
  [apply] simp [M6.Transfer.distanceWork, M6.Transfer.pinMaintenanceWork, M6.Transfer.PostEvent,
    M6.Transfer.queryCoefficientBits, M6.Transfer.coefficientBits, M6.Transfer.addressBits]

Note: This linter can be disabled with `set_option linter.unusedSimpArgs false`
warning: M6QueryResourcesAccepted.lean:72:4: This simp argument is unused:
  M6.Transfer.addressBits

Hint: Omit it from the simp argument list.
  [apply] simp [M6.Transfer.distanceWork, M6.Transfer.pinMaintenanceWork, M6.Transfer.PostEvent,
    M6.Transfer.queryCoefficientBits, M6.Transfer.coefficientBits, M6.Transfer.actualAddressBits]

Note: This linter can be disabled with `set_option linter.unusedSimpArgs false`
warning: M6QueryResourcesAccepted.lean:73:2: Used `tac1 <;> tac2` where `(tac1; tac2)` would suffice

Note: This linter can be disabled with `set_option linter.unnecessarySeqFocus false`
warning: M6QueryResourcesAccepted.lean:56:2: Unused tactic linter: `change
  ∀ R N e : ℕ, R < N → e ≤ 180 * (N + 1) ^ 3 → M6.Transfer.distanceWork R N e ≤ 50000 * N ^ 3 * 4 ^ R` does nothing

Note: This linter can be disabled with `set_option linter.unusedTactic false`
warning: M6QueryResourcesAccepted.lean:88:39: This simp argument is unused:
  M6.Transfer.queryCoefficientBits

Hint: Omit it from the simp argument list.
  [apply] simp only [M6.Transfer.solveStorage, M6.Transfer.coefficientBits, M6.Transfer.actualAddressBits,
    M6.Transfer.PostEvent, Fintype.card_prod, Fintype.card_fin]

Note: This linter can be disabled with `set_option linter.unusedSimpArgs false`
warning: M6QueryResourcesAccepted.lean:89:4: This simp argument is unused:
  M6.Transfer.coefficientBits

Hint: Omit it from the simp argument list.
  [apply] simp only [M6.Transfer.solveStorage, M6.Transfer.queryCoefficientBits, M6.Transfer.actualAddressBits,
    M6.Transfer.PostEvent, Fintype.card_prod, Fintype.card_fin]

Note: This linter can be disabled with `set_option linter.unusedSimpArgs false`
warning: M6QueryResourcesAccepted.lean:89:33: This simp argument is unused:
  M6.Transfer.actualAddressBits

Hint: Omit it from the simp argument list.
  [apply] simp only [M6.Transfer.solveStorage, M6.Transfer.queryCoefficientBits, M6.Transfer.coefficientBits,
    M6.Transfer.PostEvent, Fintype.card_prod, Fintype.card_fin]

Note: This linter can be disabled with `set_option linter.unusedSimpArgs false`
warning: M6QueryResourcesAccepted.lean:90:4: This simp argument is unused:
  M6.Transfer.PostEvent

Hint: Omit it from the simp argument list.
  [apply] simp only [M6.Transfer.solveStorage, M6.Transfer.queryCoefficientBits, M6.Transfer.coefficientBits,
    M6.Transfer.actualAddressBits, Fintype.card_prod, Fintype.card_fin]

Note: This linter can be disabled with `set_option linter.unusedSimpArgs false`
warning: M6QueryResourcesAccepted.lean:90:27: This simp argument is unused:
  Fintype.card_prod

Hint: Omit it from the simp argument list.
  [apply] simp only [M6.Transfer.solveStorage, M6.Transfer.queryCoefficientBits, M6.Transfer.coefficientBits,
    M6.Transfer.actualAddressBits, M6.Transfer.PostEvent, Fintype.card_fin]

Note: This linter can be disabled with `set_option linter.unusedSimpArgs false`
warning: M6QueryResourcesAccepted.lean:90:46: This simp argument is unused:
  Fintype.card_fin

Hint: Omit it from the simp argument list.
  [apply] simp only [M6.Transfer.solveStorage, M6.Transfer.queryCoefficientBits, M6.Transfer.coefficientBits,
    M6.Transfer.actualAddressBits, M6.Transfer.PostEvent, Fintype.card_prod]

Note: This linter can be disabled with `set_option linter.unusedSimpArgs false`
warning: M6QueryResourcesAccepted.lean:76:2: Unused tactic linter: `change
  ∀ R N slots : ℕ,
    R < N → slots ≤ 512 * (N + 1) ^ 2 → M6.Transfer.solveStorage R N slots ≤ 16384 * N ^ 2 * 2 ^ R` does nothing

Note: This linter can be disabled with `set_option linter.unusedTactic false`
warning: M6QueryResourcesAccepted.lean:129:33: This simp argument is unused:
  M6.Transfer.distanceWork

Hint: Omit it from the simp argument list.
  [apply] simp [M6.Transfer.witnessWork, M6.Transfer.pinMaintenanceWork, M6.Transfer.queryCoefficientBits,
    M6.Transfer.coefficientBits, M6.Transfer.actualAddressBits, M6.Transfer.addressBits]

Note: This linter can be disabled with `set_option linter.unusedSimpArgs false`
warning: M6QueryResourcesAccepted.lean:131:33: This simp argument is unused:
  M6.Transfer.actualAddressBits

Hint: Omit it from the simp argument list.
  [apply] simp [M6.Transfer.witnessWork, M6.Transfer.distanceWork, M6.Transfer.pinMaintenanceWork,
    M6.Transfer.queryCoefficientBits, M6.Transfer.coefficientBits, M6.Transfer.addressBits]

Note: This linter can be disabled with `set_option linter.unusedSimpArgs false`
warning: M6QueryResourcesAccepted.lean:132:4: This simp argument is unused:
  M6.Transfer.addressBits

Hint: Omit it from the simp argument list.
  [apply] simp [M6.Transfer.witnessWork, M6.Transfer.distanceWork, M6.Transfer.pinMaintenanceWork,
    M6.Transfer.queryCoefficientBits, M6.Transfer.coefficientBits, M6.Transfer.actualAddressBits]

Note: This linter can be disabled with `set_option linter.unusedSimpArgs false`
warning: M6QueryResourcesAccepted.lean:133:2: Used `tac1 <;> tac2` where `(tac1; tac2)` would suffice

Note: This linter can be disabled with `set_option linter.unnecessarySeqFocus false`
warning: M6QueryResourcesAccepted.lean:94:2: Unused tactic linter: `change
  ∀ R N e k : ℕ,
    R < N → e ≤ 180 * (N + 1) ^ 3 → k ≤ 2 * N → M6.Transfer.witnessWork R N e k ≤ 200000 * N ^ 4 * 4 ^ R` does nothing

Note: This linter can be disabled with `set_option linter.unusedTactic false`
info: M6QueryResourcesAccepted.lean:134:0: 'M6.Transfer.paired_storage_bound' depends on axioms: [propext, Classical.choice, Quot.sound]
info: M6QueryResourcesAccepted.lean:135:0: 'M6.Transfer.paired_work_bound' depends on axioms: [propext, Classical.choice, Quot.sound]
info: M6QueryResourcesAccepted.lean:136:0: 'M6.Transfer.distance_work_bound' depends on axioms: [propext, Classical.choice, Quot.sound]
info: M6QueryResourcesAccepted.lean:137:0: 'M6.Transfer.post_event_count' depends on axioms: [propext, Classical.choice, Quot.sound]
info: M6QueryResourcesAccepted.lean:138:0: 'M6.Transfer.solve_storage_bound' depends on axioms: [propext, Classical.choice, Quot.sound]
info: M6QueryResourcesAccepted.lean:139:0: 'M6.Transfer.witness_work_bound' depends on axioms: [propext, Classical.choice, Quot.sound]
ℹ [8753/8766] Built M6IndexedArrayAccepted (10s)
info: M6IndexedArrayAccepted.lean:35:0: 'M6.Transfer.indexed_array_correct_resources' depends on axioms: [propext, Classical.choice, Quot.sound]
✔ [8754/8766] Built M6SolveResourcesReady (15s)
✔ [8755/8766] Built M6SolveStorage (16s)
✔ [8756/8766] Built M6WeightResources (15s)
ℹ [8757/8766] Built M6WeightResourcesAccepted (20s)
info: M6WeightResourcesAccepted.lean:25:0: 'M6.ActualTransfer.boundary_indexed_resources' depends on axioms: [propext, Classical.choice, Quot.sound]
info: M6WeightResourcesAccepted.lean:26:0: 'M6.ActualTransfer.character_indexed_resources' depends on axioms: [propext, Classical.choice, Quot.sound]
✔ [8758/8766] Built M6SolveStorageReady (23s)
ℹ [8759/8766] Built M6SolveResourcesAccepted (24s)
info: M6SolveResourcesAccepted.lean:33:0: 'M6.ActualTransfer.actual_distance_work' depends on axioms: [propext, Classical.choice, Quot.sound]
info: M6SolveResourcesAccepted.lean:34:0: 'M6.ActualTransfer.actual_witness_work' depends on axioms: [propext, Classical.choice, Quot.sound]
ℹ [8760/8766] Built M6SolveStorageAccepted (27s)
info: M6SolveStorageAccepted.lean:19:0: 'M6.ActualTransfer.actual_solve_storage' depends on axioms: [propext, Classical.choice, Quot.sound]
✔ [8761/8766] Built M8OptimizerResources (12s)
⚠ [8762/8766] Built M8OptimizerResourcesAccepted (10s)
warning: M8OptimizerResourcesAccepted.lean:40:67: `if_false` has been deprecated: Use `ite_false` instead
warning: M8OptimizerResourcesAccepted.lean:44:47: `if_true` has been deprecated: Use `ite_true` instead
warning: M8OptimizerResourcesAccepted.lean:89:8: this tactic is never executed

Note: This linter can be disabled with `set_option linter.unreachableTactic false`
warning: M8OptimizerResourcesAccepted.lean:89:8: Unused tactic linter: `exact (M8.OptimizerResources.weight_bounds N a b pins character _ _ _).2` does nothing

Note: This linter can be disabled with `set_option linter.unusedTactic false`
info: M8OptimizerResourcesAccepted.lean:100:0: 'M8.OptimizerResources.distance_work' depends on axioms: [propext, Classical.choice, Quot.sound]
info: M8OptimizerResourcesAccepted.lean:101:0: 'M8.OptimizerResources.indexed_guarantee' depends on axioms: [propext, Classical.choice, Quot.sound]
info: M8OptimizerResourcesAccepted.lean:102:0: 'M8.OptimizerResources.solve_storage' depends on axioms: [propext, Classical.choice, Quot.sound]
info: M8OptimizerResourcesAccepted.lean:103:0: 'M8.OptimizerResources.weight_bounds' depends on axioms: [propext, Classical.choice, Quot.sound]
info: M8OptimizerResourcesAccepted.lean:104:0: 'M8.OptimizerResources.scatter_capacity' depends on axioms: [propext, Classical.choice, Quot.sound]
info: M8OptimizerResourcesAccepted.lean:105:0: 'M8.OptimizerResources.trace_capacity' depends on axioms: [propext, Classical.choice, Quot.sound]
info: M8OptimizerResourcesAccepted.lean:106:0: 'M8.OptimizerResources.trace_prefix_capacity' depends on axioms: [propext, Classical.choice, Quot.sound]
info: M8OptimizerResourcesAccepted.lean:107:0: 'M8.OptimizerResources.witness_work' depends on axioms: [propext, Classical.choice, Quot.sound]
✔ [8763/8766] Built M8BankLayout (9.9s)
⚠ [8764/8766] Built M8BankLayoutAccepted (11s)
warning: M8BankLayoutAccepted.lean:28:13: this tactic is never executed

Note: This linter can be disabled with `set_option linter.unreachableTactic false`
warning: M8BankLayoutAccepted.lean:28:13: Unused tactic linter: `first
| exact hRS
| exact hpow
| omega` does nothing

Note: This linter can be disabled with `set_option linter.unusedTactic false`
info: M8BankLayoutAccepted.lean:58:0: 'M8.BankLayout.payload_bound' depends on axioms: [propext, Classical.choice, Quot.sound]
info: M8BankLayoutAccepted.lean:59:0: 'M8.BankLayout.address_bits_bound' depends on axioms: [propext, Classical.choice, Quot.sound]
info: M8BankLayoutAccepted.lean:60:0: 'M8.BankLayout.workspace_monotone' depends on axioms: [propext, Classical.choice, Quot.sound]
info: M8BankLayoutAccepted.lean:61:0: 'M8.BankLayout.actual_workspace_fits' depends on axioms: [propext, Classical.choice, Quot.sound]
✔ [8765/8766] Built M8SequentialStore (9.6s)
Build completed successfully (8766 jobs).
