{
  "files": 171,
  "attempts": [
    [
      "actionsignature",
      1
    ],
    [
      "canonical",
      1
    ],
    [
      "generation",
      1
    ],
    [
      "physicallabels",
      1
    ],
    [
      "presentationextensions",
      1
    ],
    [
      "replay",
      1
    ],
    [
      "resources",
      1
    ],
    [
      "selector",
      1
    ],
    [
      "original_m7",
      1
    ]
  ],
  "result": {
    "status": "finished",
    "graph_sha256": "cec1e918dd32c72057f458ed9ff0da525a4a6bf87f981b4096266e7243b05882",
    "max_concurrency": 2,
    "accepted_nodes": [
      "actionsignature",
      "canonical",
      "generation",
      "original_m7",
      "physicallabels",
      "presentationextensions",
      "replay",
      "resources",
      "selector"
    ],
    "executable_nodes": 9,
    "planned_nodes": 0,
    "assembly_accepted": true,
    "environment_unchanged": true,
    "experiment_passed": true,
    "m5_formalized": false,
    "work": "/home/jing/m7-lean-final-formalization/.humanize-formal-runs/final-vyjaakmp/experiment"
  }
}
