{
  "files": 99,
  "attempts": [
    [
      "spans_nonempty",
      1
    ],
    [
      "attained",
      1
    ],
    [
      "less_than_order",
      1
    ],
    [
      "small_iff",
      1
    ],
    [
      "anchor_minimum",
      1
    ]
  ],
  "result": {
    "status": "finished",
    "graph_sha256": "3a9d6cea5eebf0050eb655355dde02a9d0cd4faa42be33143f3331f2dd956970",
    "max_concurrency": 2,
    "accepted_nodes": [
      "anchor_minimum",
      "attained",
      "less_than_order",
      "small_iff",
      "spans_nonempty"
    ],
    "executable_nodes": 5,
    "planned_nodes": 0,
    "assembly_accepted": true,
    "environment_unchanged": true,
    "experiment_passed": true,
    "m5_formalized": false,
    "work": "/home/jing/m8-lean-orbit-span-formalization/.humanize-formal-runs/orbit_span-fi2f00ya/experiment"
  }
}
