waiting_initial_closed_type_preflight
waiting_canonical_parent_proof_gates
failed
Traceback (most recent call last):
  File "/home/jing/science-mango-quantum-harness-publish-20260914/pipelines/quantum_formalize/examples/m7/recovery_instance/controller.py", line 19, in <module>
    run('promote_parents.py');run('preflight.py')
    ^^^^^^^^^^^^^^^^^^^^^^^^^
  File "/home/jing/science-mango-quantum-harness-publish-20260914/pipelines/quantum_formalize/examples/m7/recovery_instance/controller.py", line 10, in run
    if r.returncode:raise RuntimeError(script+' failed: '+(r.stdout+r.stderr)[-3000:])
                    ^^^^^^^^^^^^^^^^^^^^^^^^^^^^^^^^^^^^^^^^^^^^^^^^^^^^^^^^^^^^^^^^^^
RuntimeError: promote_parents.py failed: Traceback (most recent call last):
  File "/home/jing/science-mango-quantum-harness-publish-20260914/pipelines/quantum_formalize/examples/m7/recovery_instance/promote_parents.py", line 23, in <module>
    if (P/f.name).exists() and f.name not in ['M7PrefixOrbitAccepted.lean','M7RecoveryPrefixAccepted.lean']:assert(P/f.name).read_bytes()==f.read_bytes(),('definition collision',stage,f.name)
                                                                                                                  ^^^^^^^^^^^^^^^^^^^^^^^^^^^^^^^^^^^^^^^
AssertionError: ('definition collision', 'recovery_prefix', 'GraphPreflight.lean')

Traceback (most recent call last):
  File "/home/jing/science-mango-quantum-harness-publish-20260914/pipelines/quantum_formalize/examples/m7/recovery_instance/controller.py", line 19, in <module>
    run('promote_parents.py');run('preflight.py')
    ^^^^^^^^^^^^^^^^^^^^^^^^^
  File "/home/jing/science-mango-quantum-harness-publish-20260914/pipelines/quantum_formalize/examples/m7/recovery_instance/controller.py", line 10, in run
    if r.returncode:raise RuntimeError(script+' failed: '+(r.stdout+r.stderr)[-3000:])
                    ^^^^^^^^^^^^^^^^^^^^^^^^^^^^^^^^^^^^^^^^^^^^^^^^^^^^^^^^^^^^^^^^^^
RuntimeError: promote_parents.py failed: Traceback (most recent call last):
  File "/home/jing/science-mango-quantum-harness-publish-20260914/pipelines/quantum_formalize/examples/m7/recovery_instance/promote_parents.py", line 23, in <module>
    if (P/f.name).exists() and f.name not in ['M7PrefixOrbitAccepted.lean','M7RecoveryPrefixAccepted.lean']:assert(P/f.name).read_bytes()==f.read_bytes(),('definition collision',stage,f.name)
                                                                                                                  ^^^^^^^^^^^^^^^^^^^^^^^^^^^^^^^^^^^^^^^
AssertionError: ('definition collision', 'recovery_prefix', 'GraphPreflight.lean')

