[parallel-switch] 11:04:13 prover=27 1 4
[parallel-switch] 11:04:18 prover=27 1 4
[parallel-switch] 11:04:23 prover=27 1 4
[parallel-switch] 11:04:28 prover=27 1 4
[parallel-switch] 11:04:33 prover=27 1 4
[parallel-switch] 11:04:38 prover=27 1 4
[parallel-switch] 11:04:43 prover=27 1 4
[parallel-switch] 11:04:49 prover=27 1 4
[parallel-switch] 11:04:54 prover=28 1 3
[parallel-switch] 11:04:59 prover=28 1 3
[parallel-switch] 11:05:04 prover=28 1 3
[parallel-switch] 11:05:09 prover=28 1 3
[parallel-switch] 11:05:14 prover=28 1 3
[parallel-switch] 11:05:19 prover=28 1 3
[parallel-switch] 11:05:24 prover=28 1 3
[parallel-switch] 11:05:29 prover=28 1 3
[parallel-switch] 11:05:34 prover=28 1 3
[parallel-switch] 11:05:39 prover=28 1 3
[parallel-switch] 11:05:44 prover=28 1 3
[parallel-switch] 11:05:49 prover=28 1 3
[parallel-switch] 11:05:54 prover=28 1 3
[parallel-switch] 11:05:59 prover=28 1 3
[parallel-switch] 11:06:04 prover=28 1 3
[parallel-switch] 11:06:09 prover=28 1 3
[parallel-switch] 11:06:14 prover=28 1 3
[parallel-switch] 11:06:19 prover=28 1 3
[parallel-switch] 11:06:24 prover=28 1 3
[parallel-switch] 11:06:29 prover=28 1 3
[parallel-switch] 11:06:34 prover=28 1 3
[parallel-switch] 11:06:40 prover=28 1 3
[parallel-switch] 11:06:45 prover=28 1 3
[parallel-switch] 11:06:50 prover=28 1 3
[parallel-switch] 11:06:55 prover=28 1 3
[parallel-switch] 11:07:00 prover=28 1 3
[parallel-switch] 11:07:05 prover=28 1 3
[parallel-switch] 11:07:10 prover=28 1 3
[parallel-switch] 11:07:15 prover=28 1 3
[parallel-switch] 11:07:20 prover=28 1 3
[parallel-switch] 11:07:25 prover=28 1 3
[parallel-switch] 11:07:30 prover=28 1 3
[parallel-switch] 11:07:35 prover=28 1 3
[parallel-switch] 11:07:40 prover=28 1 3
[parallel-switch] 11:07:45 prover=28 1 3
[parallel-switch] 11:07:50 prover=28 1 3
[parallel-switch] 11:07:55 prover=28 1 3
[parallel-switch] 11:08:00 prover=28 1 3
[parallel-switch] 11:08:05 prover=28 1 3
[parallel-switch] 11:08:10 prover=28 1 3
[parallel-switch] 11:08:15 prover=28 1 3
[parallel-switch] 11:08:20 prover=28 1 3
[parallel-switch] 11:08:25 prover=28 1 3
[parallel-switch] 11:08:31 prover=28 1 3
[parallel-switch] 11:08:36 prover=28 1 3
[parallel-switch] 11:08:41 prover=28 1 3
[parallel-switch] 11:08:46 prover=29 1 2
[parallel-switch] 11:08:51 prover=29 1 2
[parallel-switch] 11:08:56 prover=29 1 2
[parallel-switch] 11:09:01 prover=29 1 2
[parallel-switch] 11:09:06 prover=29 1 2
[parallel-switch] 11:09:11 prover=29 1 2
[parallel-switch] 11:09:16 prover=29 1 2
[parallel-switch] 11:09:21 prover=29 1 2
[parallel-switch] 11:09:26 prover=29 1 2
[parallel-switch] 11:09:31 prover=29 1 2
[parallel-switch] 11:09:36 prover=29 1 2
[parallel-switch] 11:09:41 prover=29 1 2
[parallel-switch] 11:09:46 prover=29 1 2
[parallel-switch] 11:09:51 prover=29 1 2
[parallel-switch] 11:09:56 prover=29 1 2
[parallel-switch] 11:10:01 prover=30 1 1
[parallel-switch] 11:10:06 prover=30 1 1
[parallel-switch] 11:10:11 prover=30 1 1
[parallel-switch] 11:10:16 prover=30 1 1
[parallel-switch] 11:10:22 prover=30 1 1
[parallel-switch] 11:10:27 prover=30 1 1
[parallel-switch] 11:10:32 prover=30 1 1
[parallel-switch] 11:10:37 prover=30 1 1
[parallel-switch] 11:10:42 prover=30 1 1
[parallel-switch] 11:10:47 prover=30 1 1
[parallel-switch] 11:10:52 prover=30 1 1
[parallel-switch] 11:10:57 prover=30 1 1
[parallel-switch] 11:11:02 prover=30 1 1
[parallel-switch] 11:11:07 prover=30 1 1
[parallel-switch] 11:11:12 prover=30 1 1
[parallel-switch] 11:11:17 prover=30 1 1
[parallel-switch] 11:11:22 prover=30 1 1
[parallel-switch] 11:11:27 prover=30 1 1
[parallel-switch] 11:11:32 prover=30 1 1
[parallel-switch] 11:11:37 prover=30 1 1
[parallel-switch] 11:11:42 prover=30 1 1
[parallel-switch] 11:11:47 prover=30 1 1
[parallel-switch] 11:11:52 prover=30 1 1
[parallel-switch] 11:11:57 prover=30 1 1
[parallel-switch] 11:12:02 prover=30 1 1
[parallel-switch] 11:12:07 prover=30 1 1
[parallel-switch] 11:12:13 prover=30 1 1
[parallel-switch] 11:12:18 prover=30 1 1
[parallel-switch] 11:12:23 prover=30 1 1
[parallel-switch] 11:12:28 prover=30 1 1
[parallel-switch] 11:12:33 prover=30 1 1
[parallel-switch] 11:12:38 prover=30 1 1
[parallel-switch] 11:12:43 prover=30 1 1
[parallel-switch] 11:12:48 prover=30 1 1
[parallel-switch] 11:12:53 prover=30 1 1
[parallel-switch] 11:12:58 prover=30 1 1
[parallel-switch] 11:13:03 prover=30 1 1
[parallel-switch] 11:13:08 prover=30 1 1
[parallel-switch] 11:13:13 prover=30 1 1
[parallel-switch] 11:13:18 prover=30 1 1
[parallel-switch] 11:13:23 prover=30 1 1
[parallel-switch] 11:13:28 prover=30 1 1
[parallel-switch] 11:13:33 prover=30 1 1
[parallel-switch] 11:13:38 prover=30 1 1
[parallel-switch] 11:13:43 prover=30 1 1
[parallel-switch] 11:13:48 prover=30 1 1
[parallel-switch] 11:13:53 prover=30 1 1
[parallel-switch] 11:13:58 prover=30 1 1
[parallel-switch] 11:14:04 prover=30 1 1
[parallel-switch] 11:14:09 prover=30 1 1
[parallel-switch] 11:14:14 prover=30 1 1
[parallel-switch] 11:14:19 prover=30 1 1
[parallel-switch] 11:14:24 prover=30 1 1
[parallel-switch] 11:14:29 prover=30 1 1
[parallel-switch] 11:14:34 prover=30 1 1
[parallel-switch] 11:14:39 prover=30 1 1
[parallel-switch] 11:14:44 prover=30 1 1
[parallel-switch] 11:14:49 prover=30 1 1
[parallel-switch] 11:14:54 prover=30 1 1
[parallel-switch] 11:14:59 prover=30 1 1
[parallel-switch] 11:15:04 prover=30 1 1
[parallel-switch] 11:15:09 prover=30 1 1
[parallel-switch] 11:15:14 prover=30 1 1
[parallel-switch] 11:15:19 prover=30 1 1
[parallel-switch] 11:15:24 prover=30 1 1
[parallel-switch] 11:15:29 prover=30 1 1
[parallel-switch] 11:15:34 prover=30 1 1
[parallel-switch] 11:15:39 prover=30 1 1
[parallel-switch] 11:15:44 prover=30 1 1
[parallel-switch] 11:15:49 prover=30 1 1
[parallel-switch] 11:15:55 prover=30 1 1
[parallel-switch] 11:16:00 prover=30 1 1
[parallel-switch] 11:16:05 prover=30 1 1
[parallel-switch] 11:16:10 prover=30 1 1
[parallel-switch] 11:16:15 prover=30 1 1
[parallel-switch] 11:16:20 prover=30 1 1
[parallel-switch] 11:16:25 prover=30 1 1
[parallel-switch] 11:16:30 prover=30 1 1
[parallel-switch] 11:16:35 prover=30 1 1
[parallel-switch] 11:16:40 prover=30 1 1
[parallel-switch] 11:16:45 prover=30 1 1
[parallel-switch] 11:16:50 prover=30 1 1
[parallel-switch] 11:16:55 prover=30 1 1
[parallel-switch] 11:17:00 prover=30 1 1
[parallel-switch] 11:17:05 prover=30 1 1
[parallel-switch] 11:17:10 prover=30 1 1
[parallel-switch] 11:17:15 prover=30 1 1
[parallel-switch] 11:17:20 prover=30 1 1
[parallel-switch] 11:17:25 prover=30 1 1
[parallel-switch] 11:17:30 prover=30 1 1
[parallel-switch] 11:17:35 prover=30 1 1
[parallel-switch] 11:17:40 prover=30 1 1
[parallel-switch] 11:17:46 prover=30 1 1
[parallel-switch] 11:17:51 prover=30 1 1
[parallel-switch] 11:17:56 prover=30 1 1
[parallel-switch] 11:18:01 prover=30 1 1
[parallel-switch] 11:18:06 prover=30 1 1
[parallel-switch] 11:18:11 prover=30 1 1
[parallel-switch] 11:18:16 prover=30 1 1
[parallel-switch] 11:18:21 prover=30 1 1
[parallel-switch] 11:18:26 prover=30 1 1
[parallel-switch] 11:18:31 prover=31 1 0
[parallel-switch] all iter-013 prover workers exited; stopping old Archon

Phase 0  Sync \leanok markers ──────────────────────────────────────────────────
[ARCHON] ✓ sync_leanok: no marker changes for current 32 objective(s) (46s)
[ARCHON] ⚠ blueprint-doctor: 0 orphan chapter(s), 0 broken reference(s), 0 
malformed annotation(s), 0 axiom decl(s), 2 physics modeling problem(s), 0 
physics grounding problem(s) (81s) — see 
/root/proposal_for_physic/science-mango/phyx_mini_run/.archon/logs/iter-013/blue
print-doctor.md
[parallel-switch] optimized deterministic phases completed
[parallel-switch] new Archon wrapper pid=4021520
