[switch-watch] 09:31:22 prover=31 1
[switch-watch] 09:31:52 prover=31 1
[switch-watch] 09:32:22 prover=31 1
[switch-watch] 09:32:52 prover=31 1
[switch-watch] 09:33:22 prover=31 1
[switch-watch] 09:33:52 prover=31 1
[switch-watch] 09:34:22 prover=31 1
[switch-watch] 09:34:52 prover=31 1
[switch-watch] 09:35:22 prover=31 1
[switch-watch] 09:35:52 prover=31 1
[switch-watch] 09:36:22 prover=31 1
[switch-watch] 09:36:52 prover=31 1
[switch-watch] 09:37:22 prover=31 1
[switch-watch] 09:37:52 prover=31 1
[switch-watch] 09:38:22 prover=31 1
[switch-watch] 09:38:53 prover=31 1
[switch-watch] 09:39:23 prover=31 1
[switch-watch] 09:39:53 prover=31 1
[switch-watch] 09:40:23 prover=31 1
[switch-watch] 09:40:53 prover=31 1
[switch-watch] 09:41:23 prover=31 1
[switch-watch] 09:41:53 prover=31 1
[switch-watch] 09:42:23 prover=32 0
[switch-watch] all prover results persisted; stopping old process group
Traceback (most recent call last):
  File "<stdin>", line 3, in <module>
ModuleNotFoundError: No module named 'archon'
[switch-watch] new_archon_pid=3618954
