⚠ [8708/8718] Replayed M7ActionAccepted
warning: M7ActionAccepted.lean:82:2: Unused tactic linter: `change M7.Action.compose g (M7.Action.identity N) = g` does nothing

Note: This linter can be disabled with `set_option linter.unusedTactic false`
warning: M7ActionAccepted.lean:99:2: Unused tactic linter: `change Fintype.card (M7.Action.Record 1) = 2` does nothing

Note: This linter can be disabled with `set_option linter.unusedTactic false`
info: M7ActionAccepted.lean:110:0: 'M7.Action.act_compose' depends on axioms: [propext, Classical.choice, Quot.sound]
info: M7ActionAccepted.lean:111:0: 'M7.Action.act_identity' depends on axioms: [propext, Classical.choice, Quot.sound]
info: M7ActionAccepted.lean:112:0: 'M7.Action.affine_bijective' depends on axioms: [propext, Quot.sound]
info: M7ActionAccepted.lean:113:0: 'M7.Action.associative' depends on axioms: [propext, Quot.sound]
info: M7ActionAccepted.lean:114:0: 'M7.Action.left_identity' depends on axioms: [propext, Quot.sound]
info: M7ActionAccepted.lean:115:0: 'M7.Action.left_inverse' depends on axioms: [propext, Quot.sound]
info: M7ActionAccepted.lean:116:0: 'M7.Action.act_inverse' depends on axioms: [propext, Classical.choice, Quot.sound]
info: M7ActionAccepted.lean:117:0: 'M7.Action.normal_form' depends on axioms: [propext, Quot.sound]
info: M7ActionAccepted.lean:118:0: 'M7.Action.record_card' depends on axioms: [propext, Classical.choice, Quot.sound]
info: M7ActionAccepted.lean:119:0: 'M7.Action.order_one_records' depends on axioms: [propext, Classical.choice, Quot.sound]
info: M7ActionAccepted.lean:120:0: 'M7.Action.right_identity' depends on axioms: [propext, Quot.sound]
info: M7ActionAccepted.lean:121:0: 'M7.Action.right_inverse' depends on axioms: [propext, Quot.sound]
info: M7ActionAccepted.lean:122:0: 'M7.Action.support_cards' depends on axioms: [propext, Classical.choice, Quot.sound]
ℹ [8711/8718] Replayed M7OrbitFibersAccepted
info: M7OrbitFibersAccepted.lean:153:0: 'M7.OrbitFibers.action_partition' depends on axioms: [propext, Classical.choice, Quot.sound]
info: M7OrbitFibersAccepted.lean:154:0: 'M7.OrbitFibers.fiber_equiv' depends on axioms: [propext, Classical.choice, Quot.sound]
info: M7OrbitFibersAccepted.lean:155:0: 'M7.OrbitFibers.fiber_count' depends on axioms: [propext, Classical.choice, Quot.sound]
info: M7OrbitFibersAccepted.lean:156:0: 'M7.OrbitFibers.action_count_product' depends on axioms: [propext, Classical.choice, Quot.sound]
info: M7OrbitFibersAccepted.lean:157:0: 'M7.OrbitFibers.orbit_partition' depends on axioms: [propext, Classical.choice, Quot.sound]
info: M7OrbitFibersAccepted.lean:158:0: 'M7.OrbitFibers.stabilizer_positive' depends on axioms: [propext, Classical.choice, Quot.sound]
info: M7OrbitFibersAccepted.lean:159:0: 'M7.OrbitFibers.orbit_count_div' depends on axioms: [propext, Classical.choice, Quot.sound]
⚠ [8715/8718] Built M7FactorizedAccepted (22s)
warning: M7FactorizedAccepted.lean:22:39: This simp argument is unused:
  Nat.mul_comm

Hint: Omit it from the simp argument list.
  [apply] simp [← Finset.sum_filter]

Note: This linter can be disabled with `set_option linter.unusedSimpArgs false`
warning: M7FactorizedAccepted.lean:44:31: This simp argument is unused:
  h

Hint: Omit it from the simp argument list.
  [apply] simp

Note: This linter can be disabled with `set_option linter.unusedSimpArgs false`
warning: M7FactorizedAccepted.lean:56:31: This simp argument is unused:
  h

Hint: Omit it from the simp argument list.
  [apply] simp

Note: This linter can be disabled with `set_option linter.unusedSimpArgs false`
info: M7FactorizedAccepted.lean:73:0: 'M7.Factorized.pair_count' depends on axioms: [propext, Classical.choice, Quot.sound]
info: M7FactorizedAccepted.lean:74:0: 'M7.Factorized.numerator_record_card' depends on axioms: [propext, Classical.choice, Quot.sound]
info: M7FactorizedAccepted.lean:75:0: 'M7.Factorized.exact_target_card' depends on axioms: [propext, Classical.choice, Quot.sound]
info: M7FactorizedAccepted.lean:76:0: 'M7.Factorized.exact_target_positive' depends on axioms: [propext, Classical.choice, Quot.sound]
info: M7FactorizedAccepted.lean:77:0: 'M7.Factorized.left_partition' depends on axioms: [propext, Classical.choice, Quot.sound]
info: M7FactorizedAccepted.lean:78:0: 'M7.Factorized.right_partition' depends on axioms: [propext, Classical.choice, Quot.sound]
⚠ [8716/8718] Built M7ActualOrbitAccepted (34s)
warning: M7ActualOrbitAccepted.lean:70:61: Used `tac1 <;> tac2` where `(tac1; tac2)` would suffice

Note: This linter can be disabled with `set_option linter.unnecessarySeqFocus false`
warning: M7ActualOrbitAccepted.lean:75:61: Used `tac1 <;> tac2` where `(tac1; tac2)` would suffice

Note: This linter can be disabled with `set_option linter.unnecessarySeqFocus false`
warning: M7ActualOrbitAccepted.lean:80:79: Used `tac1 <;> tac2` where `(tac1; tac2)` would suffice

Note: This linter can be disabled with `set_option linter.unnecessarySeqFocus false`
warning: M7ActualOrbitAccepted.lean:115:61: Used `tac1 <;> tac2` where `(tac1; tac2)` would suffice

Note: This linter can be disabled with `set_option linter.unnecessarySeqFocus false`
info: M7ActualOrbitAccepted.lean:118:0: 'M7.ActualOrbit.action_partition' depends on axioms: [propext, Classical.choice, Quot.sound]
info: M7ActualOrbitAccepted.lean:119:0: 'M7.ActualOrbit.count_product' depends on axioms: [propext, Classical.choice, Quot.sound]
info: M7ActualOrbitAccepted.lean:120:0: 'M7.ActualOrbit.distinct_partition' depends on axioms: [propext, Classical.choice, Quot.sound]
info: M7ActualOrbitAccepted.lean:121:0: 'M7.ActualOrbit.exact_division' depends on axioms: [propext, Classical.choice, Quot.sound]
info: M7ActualOrbitAccepted.lean:122:0: 'M7.ActualOrbit.fiber_count' depends on axioms: [propext, Classical.choice, Quot.sound]
info: M7ActualOrbitAccepted.lean:123:0: 'M7.ActualOrbit.stabilizer_positive' depends on axioms: [propext, Classical.choice, Quot.sound]
✔ [8717/8718] Built M7ActualFactorizedReady (40s)
Build completed successfully (8718 jobs).
