✔ [8707/8711] Built M7Selection (119s)
✔ [8708/8711] Built M7Presentation (69s)
⚠ [8710/8711] Built M7SelectionAccepted (74s)
warning: M7SelectionAccepted.lean:7:48: This simp argument is unused:
  M7.Selection.feasibleSet

Hint: Omit it from the simp argument list.
  [apply] simp [M7.Selection.winners, M7.Selection.win, and_assoc, and_left_comm, and_comm]

Note: This linter can be disabled with `set_option linter.unusedSimpArgs false`
warning: M7SelectionAccepted.lean:4:2: Unused tactic linter: `change
  ∀ (α : Type) (T : Finset α) (feasible : α → Prop) (R : α → α → Prop) (x : α),
    x ∈ M7.Selection.winners T feasible R ↔ M7.Selection.win T feasible R x` does nothing

Note: This linter can be disabled with `set_option linter.unusedTactic false`
warning: M7SelectionAccepted.lean:14:74: Used `tac1 <;> tac2` where `(tac1; tac2)` would suffice

Note: This linter can be disabled with `set_option linter.unnecessarySeqFocus false`
warning: M7SelectionAccepted.lean:10:2: Unused tactic linter: `change
  ∀ (α : Type) (T : Finset α) (feasible : α → Prop) (R : α → α → Prop) (x : α),
    x ∈ M7.Selection.winners T feasible R ↔ x ∈ T ∧ feasible x ∧ ∀ y ∈ T, feasible y → ¬R y x` does nothing

Note: This linter can be disabled with `set_option linter.unusedTactic false`
warning: M7SelectionAccepted.lean:18:2: Unused tactic linter: `change
  ∀ (α : Type) (T : Finset α) (R : α → α → Prop),
    (∀ x, ¬R x x) →
      (∀ x y z, R x y → R y z → R x z) → ∀ x ∈ T, ∃ y ∈ T, (∀ z ∈ T, ¬R z y) ∧ (y = x ∨ R y x)` does nothing

Note: This linter can be disabled with `set_option linter.unusedTactic false`
warning: M7SelectionAccepted.lean:78:31: This simp argument is unused:
  M7.Selection.feasibleSet

Hint: Omit it from the simp argument list.
  [apply] simp only [M7.Selection.win, Finset.mem_filter]

Note: This linter can be disabled with `set_option linter.unusedSimpArgs false`
warning: M7SelectionAccepted.lean:78:57: This simp argument is unused:
  Finset.mem_filter

Hint: Omit it from the simp argument list.
  [apply] simp only [M7.Selection.win, M7.Selection.feasibleSet]

Note: This linter can be disabled with `set_option linter.unusedSimpArgs false`
warning: M7SelectionAccepted.lean:70:2: Unused tactic linter: `change
  ∀ (α : Type) (T : Finset α) (feasible : α → Prop) (R : α → α → Prop),
    (∀ x, ¬R x x) →
      (∀ x y z, R x y → R y z → R x z) →
        ∀ x ∈ T, feasible x → ∃ y ∈ M7.Selection.winners T feasible R, y = x ∨ R y x` does nothing

Note: This linter can be disabled with `set_option linter.unusedTactic false`
warning: M7SelectionAccepted.lean:92:4: Try `simp at hy` instead of `simpa using hy`

Note: This linter can be disabled with `set_option linter.unnecessarySimpa false`
warning: M7SelectionAccepted.lean:100:4: Try `simp at hxF` instead of `simpa using hxF`

Note: This linter can be disabled with `set_option linter.unnecessarySimpa false`
warning: M7SelectionAccepted.lean:83:2: Unused tactic linter: `change
  ∀ (α : Type) (T : Finset α) (feasible : α → Prop) (R : α → α → Prop),
    (∀ x, ¬R x x) →
      (∀ x y z, R x y → R y z → R x z) →
        (M7.Selection.winners T feasible R = ∅ ↔ M7.Selection.feasibleSet T feasible = ∅)` does nothing

Note: This linter can be disabled with `set_option linter.unusedTactic false`
warning: M7SelectionAccepted.lean:103:2: Unused tactic linter: `change
  ∀ (α : Type) (T : Finset α) (feasible : α → Prop) (R : α → α → Prop),
    (∀ x, ¬R x x) →
      (∀ x y z, R x y → R y z → R x z) →
        ∀ x ∈ T,
          feasible x →
            x ∉ M7.Selection.winners T feasible R → ∃ y ∈ M7.Selection.winners T feasible R, R y x` does nothing

Note: This linter can be disabled with `set_option linter.unusedTactic false`
warning: M7SelectionAccepted.lean:112:2: Unused tactic linter: `change
  ∀ (m : ℕ),
    (∀ a : Fin m → ℤ, ¬M7.Selection.pareto a a) ∧
      (∀ a b c : Fin m → ℤ, M7.Selection.pareto a b → M7.Selection.pareto b c → M7.Selection.pareto a c)` does nothing

Note: This linter can be disabled with `set_option linter.unusedTactic false`
warning: M7SelectionAccepted.lean:149:26: this tactic is never executed

Note: This linter can be disabled with `set_option linter.unreachableTactic false`
warning: M7SelectionAccepted.lean:151:26: this tactic is never executed

Note: This linter can be disabled with `set_option linter.unreachableTactic false`
warning: M7SelectionAccepted.lean:133:2: Unused tactic linter: `change
  ∀ (m : ℕ),
    (∀ a : Fin m → ℤ, ¬M7.Selection.lex a a) ∧
      (∀ a b c : Fin m → ℤ, M7.Selection.lex a b → M7.Selection.lex b c → M7.Selection.lex a c)` does nothing

Note: This linter can be disabled with `set_option linter.unusedTactic false`
warning: M7SelectionAccepted.lean:149:26: Unused tactic linter: `exact hi₂` does nothing

Note: This linter can be disabled with `set_option linter.unusedTactic false`
warning: M7SelectionAccepted.lean:151:26: Unused tactic linter: `exact hj₂` does nothing

Note: This linter can be disabled with `set_option linter.unusedTactic false`
warning: M7SelectionAccepted.lean:174:2: Unused tactic linter: `change
  ∀ (m : ℕ) (mode : M7.Selection.Mode),
    (∀ a : Fin m → ℤ, ¬M7.Selection.better mode a a) ∧
      (∀ a b c : Fin m → ℤ,
        M7.Selection.better mode a b → M7.Selection.better mode b c → M7.Selection.better mode a c)` does nothing

Note: This linter can be disabled with `set_option linter.unusedTactic false`
warning: M7SelectionAccepted.lean:182:2: Unused tactic linter: `change
  ∀ (α : Type) (m : ℕ) (T : Finset α) (feasible : α → Prop) (objective : α → Fin m → ℤ) (mode : M7.Selection.Mode),
    (∀ x,
        x ∈ M7.Selection.select T feasible objective mode ↔
          x ∈ T ∧ feasible x ∧ ∀ y ∈ T, feasible y → ¬M7.Selection.better mode (objective y) (objective x)) ∧
      (M7.Selection.select T feasible objective mode = ∅ ↔ M7.Selection.feasibleSet T feasible = ∅)` does nothing

Note: This linter can be disabled with `set_option linter.unusedTactic false`
warning: M7SelectionAccepted.lean:197:2: Unused tactic linter: `change
  ∀ (α : Type) (m : ℕ) (T : Finset α) (feasible : α → Prop) (objective : α → Fin m → ℤ) (mode : M7.Selection.Mode),
    ∀ x ∈ T,
      feasible x →
        x ∉ M7.Selection.select T feasible objective mode →
          ∃ y ∈ M7.Selection.select T feasible objective mode,
            M7.Selection.better mode (objective y) (objective x)` does nothing

Note: This linter can be disabled with `set_option linter.unusedTactic false`
warning: M7SelectionAccepted.lean:215:72: This simp argument is unused:
  hempty

Hint: Omit it from the simp argument list.
  [apply] simp [M7.Selection.better, M7.Selection.pareto, M7.Selection.lex]

Note: This linter can be disabled with `set_option linter.unusedSimpArgs false`
Build completed successfully (8711 jobs).
