⚠ [3007/3013] Replayed M6CyclicAccepted
warning: M6CyclicAccepted.lean:14:2: Unused tactic linter: `change ∀ F K h : M6.Cyclic.BinaryPolynomial, F ≠ 0 → (F * K ∣ F * h ↔ K ∣ h)` does nothing

Note: This linter can be disabled with `set_option linter.unusedTactic false`
warning: M6CyclicAccepted.lean:30:4: this tactic is never executed

Note: This linter can be disabled with `set_option linter.unreachableTactic false`
warning: M6CyclicAccepted.lean:31:4: this tactic is never executed

Note: This linter can be disabled with `set_option linter.unreachableTactic false`
warning: M6CyclicAccepted.lean:32:4: this tactic is never executed

Note: This linter can be disabled with `set_option linter.unreachableTactic false`
warning: M6CyclicAccepted.lean:23:4: Unused tactic linter: `change
  ∃ p q r, EuclideanDomain.gcd (EuclideanDomain.gcd a b) M = p * a + q * b + r * M` does nothing

Note: This linter can be disabled with `set_option linter.unusedTactic false`
warning: M6CyclicAccepted.lean:30:4: Unused tactic linter: `change
  ∃ p q r, EuclideanDomain.gcd a (EuclideanDomain.gcd b M) = p * a + q * b + r * M` does nothing

Note: This linter can be disabled with `set_option linter.unusedTactic false`
warning: M6CyclicAccepted.lean:31:4: Unused tactic linter: `refine
  ⟨EuclideanDomain.gcdA a (EuclideanDomain.gcd b M),
    EuclideanDomain.gcdB a (EuclideanDomain.gcd b M) * EuclideanDomain.gcdA b M,
    EuclideanDomain.gcdB a (EuclideanDomain.gcd b M) * EuclideanDomain.gcdB b M, ?_⟩` does nothing

Note: This linter can be disabled with `set_option linter.unusedTactic false`
warning: M6CyclicAccepted.lean:32:4: Unused tactic linter: `calc
  _ =
      a * EuclideanDomain.gcdA a (EuclideanDomain.gcd b M) +
        (EuclideanDomain.gcd b M) * EuclideanDomain.gcdB a (EuclideanDomain.gcd b M) :=
    EuclideanDomain.gcd_eq_gcd_ab _ _
  _ = _ := by
    rw [EuclideanDomain.gcd_eq_gcd_ab b M]
    ring` does nothing

Note: This linter can be disabled with `set_option linter.unusedTactic false`
warning: M6CyclicAccepted.lean:39:2: Unused tactic linter: `change
  ∀ a b M : M6.Cyclic.BinaryPolynomial,
    M6.Cyclic.signature a b M ∣ a ∧ M6.Cyclic.signature a b M ∣ b ∧ M6.Cyclic.signature a b M ∣ M` does nothing

Note: This linter can be disabled with `set_option linter.unusedTactic false`
warning: M6CyclicAccepted.lean:45:2: Unused tactic linter: `change
  ∀ a b M h : M6.Cyclic.BinaryPolynomial, (M ∣ a * h ∧ M ∣ b * h) ↔ M ∣ M6.Cyclic.signature a b M * h` does nothing

Note: This linter can be disabled with `set_option linter.unusedTactic false`
warning: M6CyclicAccepted.lean:75:99: This simp argument is unused:
  and_comm

Hint: Omit it from the simp argument list.
  [apply] simp only [M6.Cyclic.boundary, M6.Cyclic.image, Prod.mk.injEq, ← map_mul, AdjoinRoot.mk_eq_zero]

Note: This linter can be disabled with `set_option linter.unusedSimpArgs false`
warning: M6CyclicAccepted.lean:72:2: Unused tactic linter: `change
  ∀ (N : ℕ) (a b h : M6.Cyclic.BinaryPolynomial),
    M6.Cyclic.boundary N a b (M6.Cyclic.image N h) = (0, 0) ↔
      M6.Cyclic.modulus N ∣ M6.Cyclic.signature a b (M6.Cyclic.modulus N) * h` does nothing

Note: This linter can be disabled with `set_option linter.unusedTactic false`
info: M6CyclicAccepted.lean:76:0: 'M6.Cyclic.boundary_is_cycle' depends on axioms: [propext, Classical.choice, Quot.sound]
info: M6CyclicAccepted.lean:77:0: 'M6.Cyclic.kernel_cancellation' depends on axioms: [propext, Classical.choice, Quot.sound]
info: M6CyclicAccepted.lean:78:0: 'M6.Cyclic.signature_bezout' depends on axioms: [propext, Classical.choice, Quot.sound]
info: M6CyclicAccepted.lean:79:0: 'M6.Cyclic.signature_divides' depends on axioms: [propext, Classical.choice, Quot.sound]
info: M6CyclicAccepted.lean:80:0: 'M6.Cyclic.kernel_divisibility' depends on axioms: [propext, Classical.choice, Quot.sound]
info: M6CyclicAccepted.lean:81:0: 'M6.Cyclic.boundary_kernel' depends on axioms: [propext, Classical.choice, Quot.sound]
⚠ [8712/8727] Replayed M6PhysicalAccepted
warning: M6PhysicalAccepted.lean:31:26: This simp argument is unused:
  neg_add

Hint: Omit it from the simp argument list.
  [apply] simp [sub_eq_add_neg, add_assoc, add_comm, add_left_comm, mul_assoc, mul_comm, mul_left_comm]

Note: This linter can be disabled with `set_option linter.unusedSimpArgs false`
warning: M6PhysicalAccepted.lean:31:56: This simp argument is unused:
  add_left_comm

Hint: Omit it from the simp argument list.
  [apply] simp [sub_eq_add_neg, neg_add, add_assoc, add_comm, mul_assoc, mul_comm, mul_left_comm]

Note: This linter can be disabled with `set_option linter.unusedSimpArgs false`
warning: M6PhysicalAccepted.lean:32:6: This simp argument is unused:
  mul_assoc

Hint: Omit it from the simp argument list.
  [apply] simp [sub_eq_add_neg, neg_add, add_assoc, add_comm, add_left_comm, mul_comm, mul_left_comm]

Note: This linter can be disabled with `set_option linter.unusedSimpArgs false`
warning: M6PhysicalAccepted.lean:78:2: Unused tactic linter: `change
  ∀ (N : ℕ) (a : M6.Physical.Block N), M6.Physical.rev N (M6.Physical.rev N a) = a` does nothing

Note: This linter can be disabled with `set_option linter.unusedTactic false`
warning: M6PhysicalAccepted.lean:98:2: Unused tactic linter: `change ∀ (N : ℕ) (z : M6.Physical.Word N), M6.Physical.J N (M6.Physical.J N z) = z` does nothing

Note: This linter can be disabled with `set_option linter.unusedTactic false`
warning: M6PhysicalAccepted.lean:121:4: This simp argument is unused:
  Prod.fst

Hint: Omit it from the simp argument list.
  [apply] simp only [M6.Physical.pairing, M6.Physical.J, M6.Physical.boundary, Prod.snd, M6.Physical.conv_adjoint]

Note: This linter can be disabled with `set_option linter.unusedSimpArgs false`
warning: M6PhysicalAccepted.lean:121:14: This simp argument is unused:
  Prod.snd

Hint: Omit it from the simp argument list.
  [apply] simp only [M6.Physical.pairing, M6.Physical.J, M6.Physical.boundary, Prod.fst, M6.Physical.conv_adjoint]

Note: This linter can be disabled with `set_option linter.unusedSimpArgs false`
info: M6PhysicalAccepted.lean:139:0: 'M6.Physical.conv_add' depends on axioms: [propext, Classical.choice, Quot.sound]
info: M6PhysicalAccepted.lean:140:0: 'M6.Physical.conv_adjoint' depends on axioms: [propext, Classical.choice, Quot.sound]
info: M6PhysicalAccepted.lean:141:0: 'M6.Physical.boundary_pairing' depends on axioms: [propext, Classical.choice, Quot.sound]
info: M6PhysicalAccepted.lean:142:0: 'M6.Physical.conv_assoc' depends on axioms: [propext, Classical.choice, Quot.sound]
info: M6PhysicalAccepted.lean:143:0: 'M6.Physical.conv_comm' depends on axioms: [propext, Classical.choice, Quot.sound]
info: M6PhysicalAccepted.lean:144:0: 'M6.Physical.boundary_cycle' depends on axioms: [propext, Classical.choice, Quot.sound]
info: M6PhysicalAccepted.lean:145:0: 'M6.Physical.dot_delta' depends on axioms: [propext, Classical.choice, Quot.sound]
info: M6PhysicalAccepted.lean:146:0: 'M6.Physical.rev_involution' depends on axioms: [propext, Quot.sound]
info: M6PhysicalAccepted.lean:147:0: 'M6.Physical.J_involution' depends on axioms: [propext, Quot.sound]
info: M6PhysicalAccepted.lean:148:0: 'M6.Physical.cycle_orthogonal' depends on axioms: [propext, Classical.choice, Quot.sound]
info: M6PhysicalAccepted.lean:149:0: 'M6.Physical.rev_weight' depends on axioms: [propext, Classical.choice, Quot.sound]
info: M6PhysicalAccepted.lean:150:0: 'M6.Physical.J_weight' depends on axioms: [propext, Classical.choice, Quot.sound]
⚠ [8719/8747] Replayed M6KernelFibersAccepted
warning: M6KernelFibersAccepted.lean:27:8: This simp argument is unused:
  Nat.card_fun

Hint: Omit it from the simp argument list.
  [apply] simp [Nat.card_eq_fintype_card, ZMod.card]

Note: This linter can be disabled with `set_option linter.unusedSimpArgs false`
warning: M6KernelFibersAccepted.lean:22:2: Unused tactic linter: `change
  ∀ (F : M6.KernelFibers.BP), F.Monic → Nat.card (AdjoinRoot F) = 2 ^ F.natDegree` does nothing

Note: This linter can be disabled with `set_option linter.unusedTactic false`
warning: M6KernelFibersAccepted.lean:38:2: Unused tactic linter: `change
  ∀ (F K : M6.KernelFibers.BP) (hF : F.Monic), K ≠ 0 → Function.Injective (M6.KernelFibers.embed F K hF)` does nothing

Note: This linter can be disabled with `set_option linter.unusedTactic false`
warning: M6KernelFibersAccepted.lean:55:2: Unused tactic linter: `change
  ∀ (F K : M6.KernelFibers.BP) (hF : F.Monic) (z : AdjoinRoot (F * K)),
    AdjoinRoot.mk (F * K) F * z = 0 → ∃ t : AdjoinRoot F, M6.KernelFibers.embed F K hF t = z` does nothing

Note: This linter can be disabled with `set_option linter.unusedTactic false`
warning: M6KernelFibersAccepted.lean:70:2: Unused tactic linter: `change
  ∀ (F K : M6.KernelFibers.BP),
    F.Monic → K ≠ 0 → Nat.card (M6.KernelFibers.annihilator F K) = 2 ^ F.natDegree` does nothing

Note: This linter can be disabled with `set_option linter.unusedTactic false`
info: M6KernelFibersAccepted.lean:90:0: 'M6.KernelFibers.embed_mk' depends on axioms: [propext, Classical.choice, Quot.sound]
info: M6KernelFibersAccepted.lean:91:0: 'M6.KernelFibers.embed_annihilated' depends on axioms: [propext, Classical.choice, Quot.sound]
info: M6KernelFibersAccepted.lean:92:0: 'M6.KernelFibers.embed_injective' depends on axioms: [propext, Classical.choice, Quot.sound]
info: M6KernelFibersAccepted.lean:93:0: 'M6.KernelFibers.embed_surjective_kernel' depends on axioms: [propext, Classical.choice, Quot.sound]
info: M6KernelFibersAccepted.lean:94:0: 'M6.KernelFibers.quotient_card' depends on axioms: [propext, Classical.choice, Quot.sound]
info: M6KernelFibersAccepted.lean:95:0: 'M6.KernelFibers.annihilator_card' depends on axioms: [propext, Classical.choice, Quot.sound]
✔ [8744/8747] Built M6FinalClaims (33s)
⚠ [8745/8747] Built M6FinalDependencies (75s)
warning: M6FinalDependencies.lean:7:4: This simp argument is unused:
  Polynomial.coeff_C_mul_X_pow

Hint: Omit it from the simp argument list.
  [apply] simp [M6.Coordinates.blockPolynomial, Polynomial.finsetSum_coeff, Fin.val_eq_val, i.isLt]

Note: This linter can be disabled with `set_option linter.unusedSimpArgs false`
warning: M6FinalDependencies.lean:7:50: This simp argument is unused:
  i.isLt

Hint: Omit it from the simp argument list.
  [apply] simp [M6.Coordinates.blockPolynomial, Polynomial.finsetSum_coeff, Polynomial.coeff_C_mul_X_pow,
    Fin.val_eq_val]

Note: This linter can be disabled with `set_option linter.unusedSimpArgs false`
warning: M6FinalDependencies.lean:20:4: this tactic is never executed

Note: This linter can be disabled with `set_option linter.unreachableTactic false`
warning: M6FinalDependencies.lean:21:4: this tactic is never executed

Note: This linter can be disabled with `set_option linter.unreachableTactic false`
warning: M6FinalDependencies.lean:20:4: Unused tactic linter: `exact_mod_cast ZMod.val_lt i` does nothing

Note: This linter can be disabled with `set_option linter.unusedTactic false`
warning: M6FinalDependencies.lean:21:4: Unused tactic linter: `exact_mod_cast Finset.mem_range.mp hi` does nothing

Note: This linter can be disabled with `set_option linter.unusedTactic false`
warning: M6FinalDependencies.lean:40:12: This simp argument is unused:
  Polynomial.coeff_C_mul_X_pow

Hint: Omit it from the simp argument list.
  [apply] simp [hv, Ne.symm hv]

Note: This linter can be disabled with `set_option linter.unusedSimpArgs false`
warning: M6FinalDependencies.lean:40:42: This simp argument is unused:
  hv

Hint: Omit it from the simp argument list.
  [apply] simp [Polynomial.coeff_C_mul_X_pow, Ne.symm hv]

Note: This linter can be disabled with `set_option linter.unusedSimpArgs false`
warning: M6FinalDependencies.lean:52:10: This simp argument is unused:
  Polynomial.coeff_C_mul_X_pow

Hint: Omit it from the simp argument list.
  [apply] simp [hv, Ne.symm hv]

Note: This linter can be disabled with `set_option linter.unusedSimpArgs false`
warning: M6FinalDependencies.lean:52:40: This simp argument is unused:
  hv

Hint: Omit it from the simp argument list.
  [apply] simp [Polynomial.coeff_C_mul_X_pow, Ne.symm hv]

Note: This linter can be disabled with `set_option linter.unusedSimpArgs false`
warning: M6FinalDependencies.lean:114:8: this tactic is never executed

Note: This linter can be disabled with `set_option linter.unreachableTactic false`
warning: M6FinalDependencies.lean:114:8: Unused tactic linter: `exact Polynomial.degree_le_of_dvd hn hdiv` does nothing

Note: This linter can be disabled with `set_option linter.unusedTactic false`
warning: M6FinalDependencies.lean:209:2: Unused tactic linter: `change
  ∀ (a b M : M6.BoundaryFibers.BP) (h : AdjoinRoot M),
    M6.BoundaryFibers.boundary a b M h = (0, 0) ↔ AdjoinRoot.mk M (M6.Cyclic.signature a b M) * h = 0` does nothing

Note: This linter can be disabled with `set_option linter.unusedTactic false`
warning: M6FinalDependencies.lean:216:2: Unused tactic linter: `change ∀ p : M6.BoundaryFibers.BP, p ≠ 0 → p.Monic` does nothing

Note: This linter can be disabled with `set_option linter.unusedTactic false`
warning: M6FinalDependencies.lean:226:2: Unused tactic linter: `change ∀ a b M : M6.BoundaryFibers.BP, M ≠ 0 → M6.Cyclic.signature a b M ≠ 0` does nothing

Note: This linter can be disabled with `set_option linter.unusedTactic false`
warning: M6FinalDependencies.lean:233:2: Unused tactic linter: `change
  ∀ a b M : M6.BoundaryFibers.BP,
    M ≠ 0 →
      Nat.card { h : AdjoinRoot M // M6.BoundaryFibers.boundary a b M h = (0, 0) } =
        2 ^ (M6.Cyclic.signature a b M).natDegree` does nothing

Note: This linter can be disabled with `set_option linter.unusedTactic false`
warning: M6FinalDependencies.lean:242:2: Unused tactic linter: `change
  ∀ (a b M : M6.BoundaryFibers.BP),
    M ≠ 0 →
      ∀ h₀ : AdjoinRoot M,
        Nat.card { h : AdjoinRoot M // M6.BoundaryFibers.boundary a b M h = M6.BoundaryFibers.boundary a b M h₀ } =
          2 ^ (M6.Cyclic.signature a b M).natDegree` does nothing

Note: This linter can be disabled with `set_option linter.unusedTactic false`
warning: M6FinalDependencies.lean:268:2: Unused tactic linter: `change
  ∀ (N : ℕ) (z w : M6.Physical.Word N),
    M6.Flatten.flatten N (z + w) = M6.Flatten.flatten N z + M6.Flatten.flatten N w` does nothing

Note: This linter can be disabled with `set_option linter.unusedTactic false`
warning: M6FinalDependencies.lean:308:52: This simp argument is unused:
  hi

Hint: Omit it from the simp argument list.
  [apply] simp [M6.Flatten.unflatten, M6.Flatten.flatten, Nat.add_sub_cancel_left]

Note: This linter can be disabled with `set_option linter.unusedSimpArgs false`
warning: M6FinalDependencies.lean:308:56: This simp argument is unused:
  Nat.add_sub_cancel_left

Hint: Omit it from the simp argument list.
  [apply] simp [M6.Flatten.unflatten, M6.Flatten.flatten, hi]

Note: This linter can be disabled with `set_option linter.unusedSimpArgs false`
warning: M6FinalDependencies.lean:315:57: `if_pos` has been deprecated: Use `ite_eq_left` instead
warning: M6FinalDependencies.lean:315:67: `dif_pos` has been deprecated: Use `dite_eq_left` instead
warning: M6FinalDependencies.lean:320:57: `if_neg` has been deprecated: Use `ite_eq_right` instead
warning: M6FinalDependencies.lean:320:67: `dif_neg` has been deprecated: Use `dite_eq_right` instead
warning: M6FinalDependencies.lean:315:67: This simp argument is unused:
  dif_pos h

Hint: Omit it from the simp argument list.
  [apply] simp only [M6.Flatten.flatten, M6.Flatten.unflatten, if_pos h]

Note: This linter can be disabled with `set_option linter.unusedSimpArgs false`
warning: M6FinalDependencies.lean:320:67: This simp argument is unused:
  dif_neg h

Hint: Omit it from the simp argument list.
  [apply] simp only [M6.Flatten.flatten, M6.Flatten.unflatten, if_neg h]

Note: This linter can be disabled with `set_option linter.unusedSimpArgs false`
warning: M6FinalDependencies.lean:323:15: This simp argument is unused:
  Fin.val_mk

Hint: Omit it from the simp argument list.
  [apply] simp only [ZMod.val_natCast, Nat.mod_eq_of_lt hi]

Note: This linter can be disabled with `set_option linter.unusedSimpArgs false`
warning: M6FinalDependencies.lean:327:2: Unused tactic linter: `change
  ∀ (N : ℕ) (c : ZMod 2) (z : M6.Physical.Word N),
    M6.Flatten.flatten N (c • z) = c • M6.Flatten.flatten N z` does nothing

Note: This linter can be disabled with `set_option linter.unusedTactic false`
warning: M6FinalDependencies.lean:361:14: This simp argument is unused:
  hi

Hint: Omit it from the simp argument list.
  [apply] simp

Note: This linter can be disabled with `set_option linter.unusedSimpArgs false`
warning: M6FinalDependencies.lean:400:34: This simp argument is unused:
  Fintype.card_fun

Hint: Omit it from the simp argument list.
  [apply] simp [Nat.card_eq_fintype_card, ZMod.card]

Note: This linter can be disabled with `set_option linter.unusedSimpArgs false`
warning: M6FinalDependencies.lean:481:4: try 'simp' instead of 'simpa'

Note: This linter can be disabled with `set_option linter.unnecessarySimpa false`
warning: M6FinalDependencies.lean:483:2: try 'simp' instead of 'simpa'

Note: This linter can be disabled with `set_option linter.unnecessarySimpa false`
warning: M6FinalDependencies.lean:486:2: Unused tactic linter: `change
  ∀ (a b : ZMod 2), M6.Character.sign (a + b) = M6.Character.sign a * M6.Character.sign b` does nothing

Note: This linter can be disabled with `set_option linter.unusedTactic false`
warning: M6FinalDependencies.lean:491:2: Unused tactic linter: `change
  ∀ (a : ZMod 2), (M6.Character.sign a = 1 ↔ a = 0) ∧ (M6.Character.sign a = -1 ↔ a ≠ 0)` does nothing

Note: This linter can be disabled with `set_option linter.unusedTactic false`
warning: M6FinalDependencies.lean:500:2: Unused tactic linter: `change
  ∀ (m : ℕ) (q r z : M6.Character.Vector m),
    M6.Character.character (q + r) z = M6.Character.character q z * M6.Character.character r z` does nothing

Note: This linter can be disabled with `set_option linter.unusedTactic false`
warning: M6FinalDependencies.lean:505:2: Unused tactic linter: `change
  ∀ (m : ℕ) (f : Fin m → ZMod 2), M6.Character.sign (∑ i, f i) = ∏ i, M6.Character.sign (f i)` does nothing

Note: This linter can be disabled with `set_option linter.unusedTactic false`
warning: M6FinalDependencies.lean:518:2: Unused tactic linter: `change
  ∀ (m : ℕ) (q z : M6.Character.Vector m), M6.Character.character q z = ∏ i, M6.Character.sign (q i * z i)` does nothing

Note: This linter can be disabled with `set_option linter.unusedTactic false`
warning: M6FinalDependencies.lean:531:8: `if_pos` has been deprecated: Use `ite_eq_left` instead
warning: M6FinalDependencies.lean:541:8: `if_neg` has been deprecated: Use `ite_eq_right` instead
warning: M6FinalDependencies.lean:543:4: `push_neg` has been deprecated. Prefer using `push Not` instead.
If you'd rather continue using `push_neg` in your project, you can implement it as follows:
```
open Lean.Parser.Tactic in
macro "push_neg" cfg:optConfig loc:(location)? : tactic =>
  `(tactic| push $cfg:optConfig Not $[$loc]?)
```
warning: M6FinalDependencies.lean:524:2: Unused tactic linter: `change
  ∀ (m : ℕ) (D : Submodule (ZMod 2) (M6.Character.Vector m)) (z : M6.Character.Vector m),
    M6.Character.characterSum D z = M6.Character.orthogonalIndicator D z` does nothing

Note: This linter can be disabled with `set_option linter.unusedTactic false`
warning: M6FinalDependencies.lean:564:2: Unused tactic linter: `change
  ∀ (m : ℕ) (w : Fin m → ZMod 2 → Polynomial ℤ) (q : M6.Character.Vector m),
    M6.Character.localTransform w q =
      ∑ z : M6.Character.Vector m, Polynomial.C (M6.Character.character q z) * ∏ i, w i (z i)` does nothing

Note: This linter can be disabled with `set_option linter.unusedTactic false`
warning: M6FinalDependencies.lean:574:2: Unused tactic linter: `change
  ∀ (m : ℕ) (D : Submodule (ZMod 2) (M6.Character.Vector m)) (w : Fin m → ZMod 2 → Polynomial ℤ),
    Polynomial.C ((M6.Character.subspaceWords D).card : ℤ) * M6.Character.weightedDual D w =
      M6.Character.weightedTransform D w` does nothing

Note: This linter can be disabled with `set_option linter.unusedTactic false`
warning: M6FinalDependencies.lean:594:2: Unused tactic linter: `change
  ∀ (m : ℕ) (i : Fin m) (s : ZMod 2),
    M6.Character.pinnedCharacterFactor (M6.Pinned.free m) i s =
      1 + Polynomial.C (M6.Character.sign s) * Polynomial.X` does nothing

Note: This linter can be disabled with `set_option linter.unusedTactic false`
warning: M6FinalDependencies.lean:603:2: Unused tactic linter: `change ∀ (m : ℕ) (v : M6.Character.Vector m), M6.Pinned.weight v = ∑ i, (v i).val` does nothing

Note: This linter can be disabled with `set_option linter.unusedTactic false`
warning: M6FinalDependencies.lean:622:37: `if_pos` has been deprecated: Use `ite_eq_left` instead
warning: M6FinalDependencies.lean:636:37: `if_neg` has been deprecated: Use `ite_eq_right` instead
warning: M6FinalDependencies.lean:642:70: Used `tac1 <;> tac2` where `(tac1; tac2)` would suffice

Note: This linter can be disabled with `set_option linter.unnecessarySeqFocus false`
warning: M6FinalDependencies.lean:618:2: Unused tactic linter: `change
  ∀ (m : ℕ) (P : M6.Pinned.Pins m) (v : M6.Character.Vector m),
    (∏ i, M6.Character.boundaryFactor P i (v i)) = M6.Character.pinnedMonomial P v` does nothing

Note: This linter can be disabled with `set_option linter.unusedTactic false`
warning: M6FinalDependencies.lean:645:2: Unused tactic linter: `change
  ∀ (m : ℕ) (D : Submodule (ZMod 2) (M6.Character.Vector m)) (P : M6.Pinned.Pins m),
    Polynomial.C ((M6.Character.subspaceWords D).card : ℤ) * M6.Pinned.enumerator (M6.Character.dualWords D) P =
      M6.Character.pinnedTransform D P` does nothing

Note: This linter can be disabled with `set_option linter.unusedTactic false`
warning: M6FinalDependencies.lean:684:12: `if_neg` has been deprecated: Use `ite_eq_right` instead
warning: M6FinalDependencies.lean:656:2: Unused tactic linter: `change ∀ (m : ℕ) (q : M6.Character.Vector m), _` does nothing

Note: This linter can be disabled with `set_option linter.unusedTactic false`
warning: M6FinalDependencies.lean:695:2: Unused tactic linter: `change ∀ (m : ℕ) (D : Submodule (ZMod 2) (M6.Character.Vector m)), _` does nothing

Note: This linter can be disabled with `set_option linter.unusedTactic false`
warning: M6FinalDependencies.lean:761:2: Unused tactic linter: `change
  ∀ (m : ℕ) (c : M6.Pinned.Pins m → ℤ) (P : M6.Pinned.Pins m) (i : Fin m),
    M6.Pinned.refines P (M6.Pinned.choose c P i).1 ∧
      (M6.Pinned.choose c P i).1 i ≠ none ∧ (M6.Pinned.choose c P i).2 ≤ 1` does nothing

Note: This linter can be disabled with `set_option linter.unusedTactic false`
warning: M6FinalDependencies.lean:785:61: This simp argument is unused:
  and_assoc

Hint: Omit it from the simp argument list.
  [apply] simp [Int.natCast_pos, Finset.card_pos, Finset.Nonempty]

Note: This linter can be disabled with `set_option linter.unusedSimpArgs false`
warning: M6FinalDependencies.lean:814:10: `dif_pos` has been deprecated: Use `dite_eq_left` instead
warning: M6FinalDependencies.lean:841:4: `Polynomial.finset_sum_coeff` has been deprecated: Use `Polynomial.finsetSum_coeff` instead
warning: M6FinalDependencies.lean:841:33: This simp argument is unused:
  Polynomial.coeff_X_pow

Hint: Omit it from the simp argument list.
  [apply] simp only [M6.Pinned.enumerator, M6.Pinned.count, Polynomial.finset_sum_coeff, Finset.card_eq_sum_ones,
    Nat.cast_sum, Nat.cast_one, Finset.sum_filter]

Note: This linter can be disabled with `set_option linter.unusedSimpArgs false`
warning: M6FinalDependencies.lean:842:43: This simp argument is unused:
  Nat.cast_one

Hint: Omit it from the simp argument list.
  [apply] simp only [M6.Pinned.enumerator, M6.Pinned.count, Polynomial.finset_sum_coeff, Polynomial.coeff_X_pow,
    Finset.card_eq_sum_ones, Nat.cast_sum, Finset.sum_filter]

Note: This linter can be disabled with `set_option linter.unusedSimpArgs false`
warning: M6FinalDependencies.lean:837:2: Unused tactic linter: `change
  ∀ (m : ℕ) (L : Finset (M6.Pinned.Vector m)) (P : M6.Pinned.Pins m) (d : ℕ),
    (M6.Pinned.enumerator L P).coeff d = M6.Pinned.count L P d` does nothing

Note: This linter can be disabled with `set_option linter.unusedTactic false`
warning: M6FinalDependencies.lean:853:2: Unused tactic linter: `change
  ∀ (m : ℕ) (c : M6.Pinned.Pins m → ℤ),
    M6.Pinned.partitions c →
      ∀ (P : M6.Pinned.Pins m) (xs : List (Fin m)), 0 < c P → 0 < c (M6.Pinned.recover c P xs).1` does nothing

Note: This linter can be disabled with `set_option linter.unusedTactic false`
warning: M6FinalDependencies.lean:878:2: Unused tactic linter: `change ∀ (m : ℕ) (v : M6.Pinned.Vector m), M6.Pinned.weight v ≤ m` does nothing

Note: This linter can be disabled with `set_option linter.unusedTactic false`
warning: M6FinalDependencies.lean:896:29: This simp argument is unused:
  M6.Pinned.enumerator

Hint: Omit it from the simp argument list.
  [apply] simp [M6.Pinned.count]

Note: This linter can be disabled with `set_option linter.unusedSimpArgs false`
warning: M6FinalDependencies.lean:901:35: This simp argument is unused:
  M6.Pinned.enumerator

Hint: Omit it from the simp argument list.
  [apply] simp_all [M6.Pinned.count, M6.Pinned.agrees_pin, Finset.filter_insert, Finset.sum_insert,
    Polynomial.coeff_sum, Polynomial.coeff_monomial]

Note: This linter can be disabled with `set_option linter.unusedSimpArgs false`
warning: M6FinalDependencies.lean:903:10: This simp argument is unused:
  Finset.sum_insert

Hint: Omit it from the simp argument list.
  [apply] simp_all [M6.Pinned.count, M6.Pinned.enumerator, M6.Pinned.agrees_pin, Finset.filter_insert,
    Polynomial.coeff_sum, Polynomial.coeff_monomial]

Note: This linter can be disabled with `set_option linter.unusedSimpArgs false`
warning: M6FinalDependencies.lean:903:29: This simp argument is unused:
  Polynomial.coeff_sum

Hint: Omit it from the simp argument list.
  [apply] simp_all [M6.Pinned.count, M6.Pinned.enumerator, M6.Pinned.agrees_pin, Finset.filter_insert,
    Finset.sum_insert, Polynomial.coeff_monomial]

Note: This linter can be disabled with `set_option linter.unusedSimpArgs false`
warning: M6FinalDependencies.lean:904:10: This simp argument is unused:
  Polynomial.coeff_monomial

Hint: Omit it from the simp argument list.
  [apply] simp_all [M6.Pinned.count, M6.Pinned.enumerator, M6.Pinned.agrees_pin, Finset.filter_insert,
    Finset.sum_insert, Polynomial.coeff_sum]

Note: This linter can be disabled with `set_option linter.unusedSimpArgs false`
warning: M6FinalDependencies.lean:888:2: Unused tactic linter: `change
  ∀ (m : ℕ) (L : Finset (M6.Pinned.Vector m)) (d : ℕ),
    M6.Pinned.partitions (fun P => M6.Pinned.count L P d)` does nothing

Note: This linter can be disabled with `set_option linter.unusedTactic false`
warning: M6FinalDependencies.lean:908:2: Unused tactic linter: `change
  ∀ (m : ℕ) (L : Finset (M6.Pinned.Vector m)),
    M6.Pinned.firstPositive m (M6.Pinned.enumerator L (M6.Pinned.free m)) = M6.Pinned.distance L` does nothing

Note: This linter can be disabled with `set_option linter.unusedTactic false`
warning: M6FinalDependencies.lean:964:29: This simp argument is unused:
  Prod.fst

Hint: Omit it from the simp argument list.
  [apply] simp only [hc, Prod.snd] at hcprop

Note: This linter can be disabled with `set_option linter.unusedSimpArgs false`
warning: M6FinalDependencies.lean:964:39: This simp argument is unused:
  Prod.snd

Hint: Omit it from the simp argument list.
  [apply] simp only [hc, Prod.fst] at hcprop

Note: This linter can be disabled with `set_option linter.unusedSimpArgs false`
warning: M6FinalDependencies.lean:965:29: This simp argument is unused:
  Prod.fst

Hint: Omit it from the simp argument list.
  [apply] simp only [hr, Prod.snd] at hrprop

Note: This linter can be disabled with `set_option linter.unusedSimpArgs false`
warning: M6FinalDependencies.lean:965:39: This simp argument is unused:
  Prod.snd

Hint: Omit it from the simp argument list.
  [apply] simp only [hr, Prod.fst] at hrprop

Note: This linter can be disabled with `set_option linter.unusedSimpArgs false`
warning: M6FinalDependencies.lean:966:52: This simp argument is unused:
  Prod.fst

Hint: Omit it from the simp argument list.
  [apply] simp only [M6.Pinned.recover, hc, hr, Prod.snd]

Note: This linter can be disabled with `set_option linter.unusedSimpArgs false`
warning: M6FinalDependencies.lean:966:62: This simp argument is unused:
  Prod.snd

Hint: Omit it from the simp argument list.
  [apply] simp only [M6.Pinned.recover, hc, hr, Prod.fst]

Note: This linter can be disabled with `set_option linter.unusedSimpArgs false`
warning: M6FinalDependencies.lean:937:2: Unused tactic linter: `change
  ∀ (m : ℕ) (c : M6.Pinned.Pins m → ℤ) (P : M6.Pinned.Pins m) (xs : List (Fin m)),
    M6.Pinned.refines P (M6.Pinned.recover c P xs).1 ∧
      (∀ i ∈ xs, (M6.Pinned.recover c P xs).1 i ≠ none) ∧ (M6.Pinned.recover c P xs).2 ≤ xs.length` does nothing

Note: This linter can be disabled with `set_option linter.unusedTactic false`
warning: M6FinalDependencies.lean:1069:2: Unused tactic linter: `change
  ∀ (m : ℕ) (LX LZ : Finset (M6.CSS.Vector m)) (J : M6.CSS.Vector m → M6.CSS.Vector m),
    Function.Involutive J →
      (∀ v, M6.Pinned.weight (J v) = M6.Pinned.weight v) →
        (∀ v, v ∈ LX ↔ J v ∈ LZ) → M6.Pinned.distance LX = M6.Pinned.distance LZ` does nothing

Note: This linter can be disabled with `set_option linter.unusedTactic false`
warning: M6FinalDependencies.lean:1107:42: Used `tac1 <;> tac2` where `(tac1; tac2)` would suffice

Note: This linter can be disabled with `set_option linter.unnecessarySeqFocus false`
warning: M6FinalDependencies.lean:1110:2: Unused tactic linter: `change
  ∀ (m : ℕ) (v : M6.CSS.Vector m),
    M6.CSS.weight (v, 0) = M6.Pinned.weight v ∧ M6.CSS.weight (0, v) = M6.Pinned.weight v` does nothing

Note: This linter can be disabled with `set_option linter.unusedTactic false`
warning: M6FinalDependencies.lean:1145:44: This simp argument is unused:
  hs

Hint: Omit it from the simp argument list.
  [apply] simp [M6.CSS.quantumDistance, hdef, hL, hne, hsne, hmin]

Note: This linter can be disabled with `set_option linter.unusedSimpArgs false`
warning: M6FinalDependencies.lean:1145:53: This simp argument is unused:
  hsne

Hint: Omit it from the simp argument list.
  [apply] simp [M6.CSS.quantumDistance, hdef, hL, hs, hne, hmin]

Note: This linter can be disabled with `set_option linter.unusedSimpArgs false`
warning: M6FinalDependencies.lean:1150:2: Unused tactic linter: `change
  ∀ (m : ℕ) (p : M6.CSS.Pauli m),
    M6.Pinned.weight p.1 ≤ M6.CSS.weight p ∧ M6.Pinned.weight p.2 ≤ M6.CSS.weight p` does nothing

Note: This linter can be disabled with `set_option linter.unusedTactic false`
warning: M6FinalDependencies.lean:1202:8: Try `simp at hpX` instead of `simpa using hpX`

Note: This linter can be disabled with `set_option linter.unnecessarySimpa false`
warning: M6FinalDependencies.lean:1203:8: Try `simp at hpZ` instead of `simpa using hpZ`

Note: This linter can be disabled with `set_option linter.unnecessarySimpa false`
warning: M6FinalDependencies.lean:1211:8: Try `simp at hu` instead of `simpa using hu`

Note: This linter can be disabled with `set_option linter.unnecessarySimpa false`
warning: M6FinalDependencies.lean:1223:6: Try `simp at hu` instead of `simpa using hu`

Note: This linter can be disabled with `set_option linter.unnecessarySimpa false`
warning: M6FinalDependencies.lean:1376:56: `dif_neg` has been deprecated: Use `dite_eq_right` instead
warning: M6FinalDependencies.lean:1418:18: Used `tac1 <;> tac2` where `(tac1; tac2)` would suffice

Note: This linter can be disabled with `set_option linter.unnecessarySeqFocus false`
warning: M6FinalDependencies.lean:1444:48: This simp argument is unused:
  Fintype.card_fun

Hint: Omit it from the simp argument list.
  [apply] simp [M6.Transfer.Input, M6.Transfer.Bit, ZMod.card]

Note: This linter can be disabled with `set_option linter.unusedSimpArgs false`
warning: M6FinalDependencies.lean:1569:10: `if_pos` has been deprecated: Use `ite_eq_left` instead
warning: M6FinalDependencies.lean:1572:12: `if_pos` has been deprecated: Use `ite_eq_left` instead
warning: M6FinalDependencies.lean:1573:10: `if_neg` has been deprecated: Use `ite_eq_right` instead
warning: M6FinalDependencies.lean:1575:6: `push_neg` has been deprecated. Prefer using `push Not` instead.
If you'd rather continue using `push_neg` in your project, you can implement it as follows:
```
open Lean.Parser.Tactic in
macro "push_neg" cfg:optConfig loc:(location)? : tactic =>
  `(tactic| push $cfg:optConfig Not $[$loc]?)
```
warning: M6FinalDependencies.lean:1578:12: `if_neg` has been deprecated: Use `ite_eq_right` instead
warning: M6FinalDependencies.lean:1636:2: Unused tactic linter: `change
  ∀ p q : Polynomial ℤ,
    M6.Transfer.polynomialMass (p + q) ≤ M6.Transfer.polynomialMass p + M6.Transfer.polynomialMass q` does nothing

Note: This linter can be disabled with `set_option linter.unusedTactic false`
warning: M6FinalDependencies.lean:1674:2: Unused tactic linter: `change
  ∀ (I : Type) (s : Finset I) (f : I → Polynomial ℤ),
    M6.Transfer.polynomialMass (∑ i ∈ s, f i) ≤ ∑ i ∈ s, M6.Transfer.polynomialMass (f i)` does nothing

Note: This linter can be disabled with `set_option linter.unusedTactic false`
warning: M6FinalDependencies.lean:1686:2: Unused tactic linter: `change
  ∀ p q : Polynomial ℤ,
    M6.Transfer.polynomialMass (p * q) ≤ M6.Transfer.polynomialMass p * M6.Transfer.polynomialMass q` does nothing

Note: This linter can be disabled with `set_option linter.unusedTactic false`
warning: M6FinalDependencies.lean:1705:2: Unused tactic linter: `change
  ∀ (R : ℕ) (W : M6.Transfer.Memory R → M6.Transfer.Bit → Polynomial ℤ) (v : M6.Transfer.Memory R → Polynomial ℤ),
    (∀ m t, M6.Transfer.polynomialMass (W m t) ≤ 4) →
      M6.Transfer.rowMass (M6.Transfer.propagate W v) ≤ 8 * M6.Transfer.rowMass v` does nothing

Note: This linter can be disabled with `set_option linter.unusedTactic false`
warning: M6FinalDependencies.lean:1750:2: Unused tactic linter: `change
  ∀ (R : ℕ) (W : ℕ → M6.Transfer.Memory R → M6.Transfer.Bit → Polynomial ℤ) (start : M6.Transfer.Memory R) (n : ℕ),
    (∀ i m t, M6.Transfer.polynomialMass (W i m t) ≤ 4) →
      M6.Transfer.rowMass (M6.Transfer.layers W start n) ≤ 8 ^ n` does nothing

Note: This linter can be disabled with `set_option linter.unusedTactic false`
warning: M6FinalDependencies.lean:1790:16: This simp argument is unused:
  nsmul_eq_mul

Hint: Omit it from the simp argument list.
  [apply] simp [hc]

Note: This linter can be disabled with `set_option linter.unusedSimpArgs false`
warning: M6FinalDependencies.lean:1766:2: Unused tactic linter: `change
  ∀ (R N : ℕ) (W : ℕ → M6.Transfer.Memory R → M6.Transfer.Bit → Polynomial ℤ) (d : ℕ),
    (∀ i m t, M6.Transfer.polynomialMass (W i m t) ≤ 4) →
      ((M6.Transfer.arrayTrace W N).coeff d).natAbs ≤ 2 ^ R * 8 ^ N` does nothing

Note: This linter can be disabled with `set_option linter.unusedTactic false`
warning: M6FinalDependencies.lean:1793:2: Unused tactic linter: `change
  ∀ R N : ℕ,
    Fintype.card (M6.Transfer.Memory R) * N * (M6.Transfer.scatterEventList R N).length =
      M6.Transfer.traceCoefficientOps R N` does nothing

Note: This linter can be disabled with `set_option linter.unusedTactic false`
warning: M6FinalDependencies.lean:1812:48: This simp argument is unused:
  Function.update_apply

Hint: Omit it from the simp argument list.
  [apply] simp [M6.Transfer.scatterUpdate, h, ha, Ne.symm ha]

Note: This linter can be disabled with `set_option linter.unusedSimpArgs false`
warning: M6FinalDependencies.lean:1830:8: `if_neg` has been deprecated: Use `ite_eq_right` instead
warning: M6FinalDependencies.lean:1830:19: `if_neg` has been deprecated: Use `ite_eq_right` instead
warning: M6FinalDependencies.lean:1830:30: `if_neg` has been deprecated: Use `ite_eq_right` instead
warning: M6FinalDependencies.lean:1837:24: This simp argument is unused:
  Polynomial.coeff_mul_C

Hint: Omit it from the simp argument list.
  [apply] simp

Note: This linter can be disabled with `set_option linter.unusedSimpArgs false`
warning: M6FinalDependencies.lean:1815:2: Unused tactic linter: `change ∀ (p q : Polynomial ℤ) (d : ℕ), q.natDegree ≤ 2 → _` does nothing

Note: This linter can be disabled with `set_option linter.unusedTactic false`
warning: M6FinalDependencies.lean:1864:4: `Polynomial.finset_sum_coeff` has been deprecated: Use `Polynomial.finsetSum_coeff` instead
warning: M6FinalDependencies.lean:1870:29: `if_true` has been deprecated: Use `ite_true` instead
warning: M6FinalDependencies.lean:1876:17: `if_pos` has been deprecated: Use `ite_eq_left` instead
warning: M6FinalDependencies.lean:1905:12: `if_pos` has been deprecated: Use `ite_eq_left` instead
warning: M6FinalDependencies.lean:1909:18: This simp argument is unused:
  eq_comm

Hint: Omit it from the simp argument list.
  [apply] simp [hm]

Note: This linter can be disabled with `set_option linter.unusedSimpArgs false`
warning: M6FinalDependencies.lean:1923:6: `Polynomial.finset_sum_coeff` has been deprecated: Use `Polynomial.finsetSum_coeff` instead
warning: M6FinalDependencies.lean:1935:41: `Polynomial.finset_sum_coeff` has been deprecated: Use `Polynomial.finsetSum_coeff` instead
warning: M6FinalDependencies.lean:1963:32: `Polynomial.finset_sum_coeff` has been deprecated: Use `Polynomial.finsetSum_coeff` instead
warning: M6FinalDependencies.lean:1947:47: This simp argument is unused:
  Ne.symm hv

Hint: Omit it from the simp argument list.
  [apply] simp [Polynomial.coeff_monomial, hv]

Note: This linter can be disabled with `set_option linter.unusedSimpArgs false`
warning: M6FinalDependencies.lean:1960:43: This simp argument is unused:
  Ne.symm hv

Hint: Omit it from the simp argument list.
  [apply] simp [Polynomial.coeff_monomial, hv]

Note: This linter can be disabled with `set_option linter.unusedSimpArgs false`
warning: M6FinalDependencies.lean:1932:2: Unused tactic linter: `change M6.Transfer.scalarTracePolynomial W N = M6.Transfer.arrayTrace W N` does nothing

Note: This linter can be disabled with `set_option linter.unusedTactic false`
warning: M6FinalDependencies.lean:1974:44: `if_pos` has been deprecated: Use `ite_eq_left` instead
warning: M6FinalDependencies.lean:2052:31: This simp argument is unused:
  Polynomial.sum

Hint: Omit it from the simp argument list.
  [apply] simp [M6.Normalize.divide, Polynomial.coeff_sum, Polynomial.coeff_monomial, hd]

Note: This linter can be disabled with `set_option linter.unusedSimpArgs false`
warning: M6FinalDependencies.lean:2052:47: This simp argument is unused:
  Polynomial.coeff_sum

Hint: Omit it from the simp argument list.
  [apply] simp [M6.Normalize.divide, Polynomial.sum, Polynomial.coeff_monomial, hd]

Note: This linter can be disabled with `set_option linter.unusedSimpArgs false`
warning: M6FinalDependencies.lean:2052:69: This simp argument is unused:
  Polynomial.coeff_monomial

Hint: Omit it from the simp argument list.
  [apply] simp [M6.Normalize.divide, Polynomial.sum, Polynomial.coeff_sum, hd]

Note: This linter can be disabled with `set_option linter.unusedSimpArgs false`
warning: M6FinalDependencies.lean:2054:31: This simp argument is unused:
  Polynomial.sum

Hint: Omit it from the simp argument list.
  [apply] simp [M6.Normalize.divide, Polynomial.coeff_sum, Polynomial.coeff_monomial, hd, hz]

Note: This linter can be disabled with `set_option linter.unusedSimpArgs false`
warning: M6FinalDependencies.lean:2054:47: This simp argument is unused:
  Polynomial.coeff_sum

Hint: Omit it from the simp argument list.
  [apply] simp [M6.Normalize.divide, Polynomial.sum, Polynomial.coeff_monomial, hd, hz]

Note: This linter can be disabled with `set_option linter.unusedSimpArgs false`
warning: M6FinalDependencies.lean:2054:69: This simp argument is unused:
  Polynomial.coeff_monomial

Hint: Omit it from the simp argument list.
  [apply] simp [M6.Normalize.divide, Polynomial.sum, Polynomial.coeff_sum, hd, hz]

Note: This linter can be disabled with `set_option linter.unusedSimpArgs false`
warning: M6FinalDependencies.lean:2049:2: Unused tactic linter: `change
  ∀ (k : ℤ) (p : Polynomial ℤ) (d : ℕ), (M6.Normalize.divide k p).coeff d = p.coeff d / k` does nothing

Note: This linter can be disabled with `set_option linter.unusedTactic false`
warning: M6FinalDependencies.lean:2057:2: Unused tactic linter: `change ∀ (k : ℤ) (p : Polynomial ℤ) (d : ℕ), k ∣ (Polynomial.C k * p).coeff d` does nothing

Note: This linter can be disabled with `set_option linter.unusedTactic false`
warning: M6FinalDependencies.lean:2063:2: Unused tactic linter: `change
  ∀ (k : ℤ) (p : Polynomial ℤ) (n : ℕ),
    (∀ d, n < d → p.coeff d = 0) → ∀ d, n < d → (M6.Normalize.divide k p).coeff d = 0` does nothing

Note: This linter can be disabled with `set_option linter.unusedTactic false`
warning: M6FinalDependencies.lean:2073:8: This simp argument is unused:
  Int.mul_ediv_cancel_left

Hint: Omit it from the simp argument list.
  [apply] simp [hk]

Note: This linter can be disabled with `set_option linter.unusedSimpArgs false`
warning: M6FinalDependencies.lean:2068:2: Unused tactic linter: `change
  ∀ (k : ℤ) (p : Polynomial ℤ), k ≠ 0 → M6.Normalize.divide k (Polynomial.C k * p) = p` does nothing

Note: This linter can be disabled with `set_option linter.unusedTactic false`
warning: M6FinalDependencies.lean:2085:62: This simp argument is unused:
  h₂

Hint: Omit it from the simp argument list.
  [apply] simp [M6.Flatten.flatten, M6.ActualTransfer.rightIndex, h₁]

Note: This linter can be disabled with `set_option linter.unusedSimpArgs false`
warning: M6FinalDependencies.lean:2266:6: Unused tactic linter: `change (L' a = b ↔ L a = b.val)` does nothing

Note: This linter can be disabled with `set_option linter.unusedTactic false`
warning: M6FinalDependencies.lean:2447:33: try 'simp' instead of 'simpa'

Note: This linter can be disabled with `set_option linter.unnecessarySimpa false`
warning: M6FinalDependencies.lean:2486:33: try 'simp' instead of 'simpa'

Note: This linter can be disabled with `set_option linter.unnecessarySimpa false`
warning: M6FinalDependencies.lean:2584:4: Try `simp at hmem` instead of `simpa using hmem`

Note: This linter can be disabled with `set_option linter.unnecessarySimpa false`
warning: M6FinalDependencies.lean:2642:35: Used `tac1 <;> tac2` where `(tac1; tac2)` would suffice

Note: This linter can be disabled with `set_option linter.unnecessarySeqFocus false`
warning: M6FinalDependencies.lean:2689:2: Unused tactic linter: `change
  ∀ R : ℕ, Filter.Tendsto (fun N : ℕ => (N : ℝ) ^ 3 * (4 : ℝ) ^ R / (4 : ℝ) ^ N) Filter.atTop (nhds 0)` does nothing

Note: This linter can be disabled with `set_option linter.unusedTactic false`
warning: M6FinalDependencies.lean:2695:2: Unused tactic linter: `change M6.FixedSpan.recipe.Monic ∧ M6.FixedSpan.recipe.natDegree = 2` does nothing

Note: This linter can be disabled with `set_option linter.unusedTactic false`
warning: M6FinalDependencies.lean:2702:2: Unused tactic linter: `change ∀ N : ℕ, 3 ∣ N → M6.FixedSpan.recipe ∣ M6.Cyclic.modulus N` does nothing

Note: This linter can be disabled with `set_option linter.unusedTactic false`
warning: M6FinalDependencies.lean:2729:2: Unused tactic linter: `change M6.FixedSpan.recipe.support = {0, 1, 2}` does nothing

Note: This linter can be disabled with `set_option linter.unusedTactic false`
warning: M6FinalDependencies.lean:2737:2: Unused tactic linter: `change
  ∀ R : ℕ, Filter.Tendsto (fun N : ℕ => (N : ℝ) ^ 4 * (4 : ℝ) ^ R / (4 : ℝ) ^ N) Filter.atTop (nhds 0)` does nothing

Note: This linter can be disabled with `set_option linter.unusedTactic false`
warning: M6FinalDependencies.lean:2743:2: Unused tactic linter: `change
  ∀ N : ℕ,
    3 ∣ N →
      M6.Cyclic.signature M6.FixedSpan.recipe M6.FixedSpan.recipe (M6.Cyclic.modulus N) =
        M6.FixedSpan.recipe` does nothing

Note: This linter can be disabled with `set_option linter.unusedTactic false`
warning: M6FinalDependencies.lean:2768:2: Unused tactic linter: `change
  ∀ (a b : M6.Final.BP), a.coeff 0 = 1 → b.coeff 0 = 1 → M6.ActualTransfer.span a b = 0 → a = 1 ∧ b = 1` does nothing

Note: This linter can be disabled with `set_option linter.unusedTactic false`
warning: M6FinalDependencies.lean:2782:41: `if_true` has been deprecated: Use `ite_true` instead
warning: M6FinalDependencies.lean:2783:42: This simp argument is unused:
  M6.ActualTransfer.window

Hint: Omit it from the simp argument list.
  [apply] simp [M6.ActualTransfer.boundaryWeight, M6.Character.boundaryFactor, M6.Pinned.free]

Note: This linter can be disabled with `set_option linter.unusedSimpArgs false`
warning: M6FinalDependencies.lean:2803:2: Used `tac1 <;> tac2` where `(tac1; tac2)` would suffice

Note: This linter can be disabled with `set_option linter.unnecessarySeqFocus false`
warning: M6FinalDependencies.lean:2814:2: Unused tactic linter: `change ∀ N : ℕ, M6.Cyclic.signature 1 1 (M6.Cyclic.modulus N) = 1` does nothing

Note: This linter can be disabled with `set_option linter.unusedTactic false`
warning: M6FinalDependencies.lean:2822:2: Try this: 
  haveI̵

The goal is a proposition, so `have` is preferred over `haveI`.
The difference between `have` and `haveI` is that `haveI` inlines the value.
But this is not relevant for proofs because of proof irrelevance.

Note: This linter can be disabled with `set_option linter.style.haveILetI false`
warning: M6FinalDependencies.lean:2823:2: Try this: 
  letI̵

The goal is a proposition, so `let` is preferred over `letI`.
The difference between `let` and `letI` is that `letI` inlines the value.
But this is not relevant for proofs because of proof irrelevance.

Note: This linter can be disabled with `set_option linter.style.haveILetI false`
warning: M6FinalDependencies.lean:2819:2: Unused tactic linter: `change
  ∀ (N : ℕ) (W : ℕ → M6.Transfer.Memory 0 → M6.Transfer.Bit → Polynomial ℤ) (p : Polynomial ℤ),
    (∀ i m n, M6.Transfer.edgeMatrix (W i) m n = p) → M6.Transfer.arrayTrace W N = p ^ N` does nothing

Note: This linter can be disabled with `set_option linter.unusedTactic false`
warning: M6FinalDependencies.lean:2874:2: Unused tactic linter: `change
  ∀ R N : ℕ, 0 < N → M6.Transfer.addressLocations R N ≤ 2 ^ (M6.Transfer.addressBits R N)` does nothing

Note: This linter can be disabled with `set_option linter.unusedTactic false`
warning: M6FinalDependencies.lean:2897:34: this tactic is never executed

Note: This linter can be disabled with `set_option linter.unreachableTactic false`
warning: M6FinalDependencies.lean:2897:34: Unused tactic linter: `nlinarith` does nothing

Note: This linter can be disabled with `set_option linter.unusedTactic false`
warning: M6FinalDependencies.lean:2902:45: This simp argument is unused:
  Fintype.card_fun

Hint: Omit it from the simp argument list.
  [apply] simp [M6.Transfer.Memory, M6.Transfer.Bit, ZMod.card]

Note: This linter can be disabled with `set_option linter.unusedSimpArgs false`
warning: M6FinalDependencies.lean:2900:2: Unused tactic linter: `change ∀ R : ℕ, Fintype.card (M6.Transfer.Memory R) = 2 ^ R` does nothing

Note: This linter can be disabled with `set_option linter.unusedTactic false`
warning: M6FinalDependencies.lean:2905:2: Unused tactic linter: `change ∀ R N : ℕ, R < N → M6.Transfer.traceStorageModel R N ≤ 128 * N ^ 2 * 2 ^ R` does nothing

Note: This linter can be disabled with `set_option linter.unusedTactic false`
warning: M6FinalDependencies.lean:2940:2: Unused tactic linter: `change ∀ R N : ℕ, M6.Transfer.traceCoefficientOps R N = 6 * N * (2 * N + 1) * 4 ^ R` does nothing

Note: This linter can be disabled with `set_option linter.unusedTactic false`
warning: M6FinalDependencies.lean:2951:2: Unused tactic linter: `change ∀ R N : ℕ, R < N → M6.Transfer.traceWorkModel R N ≤ 4096 * N ^ 3 * 4 ^ R` does nothing

Note: This linter can be disabled with `set_option linter.unusedTactic false`
warning: M6FinalDependencies.lean:3013:26: This simp argument is unused:
  M6.Transfer.state_count

Hint: Omit it from the simp argument list.
  [apply] simp

Note: This linter can be disabled with `set_option linter.unusedSimpArgs false`
warning: M6FinalDependencies.lean:3018:2: Unused tactic linter: `change
  ∀ (p : Polynomial ℤ) (L : ℕ), (∑ d : Fin L, (p.coeff d.val).natAbs) ≤ M6.Transfer.polynomialMass p` does nothing

Note: This linter can be disabled with `set_option linter.unusedTactic false`
warning: M6FinalDependencies.lean:3041:2: Unused tactic linter: `change
  ∀ (R N : ℕ) (v : M6.Transfer.Memory R → Polynomial ℤ),
    M6.Transfer.arrayMass (M6.Transfer.encodeCoefficients (N := N) v) ≤ M6.Transfer.rowMass v` does nothing

Note: This linter can be disabled with `set_option linter.unusedTactic false`
warning: M6FinalDependencies.lean:3069:57: This simp argument is unused:
  mul_left_comm

Hint: Omit it from the simp argument list.
  [apply] simp [M6.Transfer.Bit, ← Finset.mul_sum, mul_comm, mul_assoc]

Note: This linter can be disabled with `set_option linter.unusedSimpArgs false`
warning: M6FinalDependencies.lean:3069:72: This simp argument is unused:
  mul_assoc

Hint: Omit it from the simp argument list.
  [apply] simp [M6.Transfer.Bit, ← Finset.mul_sum, mul_comm, mul_left_comm]

Note: This linter can be disabled with `set_option linter.unusedSimpArgs false`
warning: M6FinalDependencies.lean:3069:83: Used `tac1 <;> tac2` where `(tac1; tac2)` would suffice

Note: This linter can be disabled with `set_option linter.unnecessarySeqFocus false`
warning: M6FinalDependencies.lean:3051:2: Unused tactic linter: `change
  ∀ (R N : ℕ) (W : M6.Transfer.Memory R → M6.Transfer.Bit → Polynomial ℤ) (input : M6.Transfer.CoefficientArray R N),
    (∀ m t, M6.Transfer.polynomialMass (W m t) ≤ 4) →
      M6.Transfer.eventMass W input ≤ 8 * M6.Transfer.arrayMass input` does nothing

Note: This linter can be disabled with `set_option linter.unusedTactic false`
warning: M6FinalDependencies.lean:3126:2: Unused tactic linter: `change ∀ R N : ℕ, 2 ^ R * 8 ^ N < 2 ^ (M6.Transfer.coefficientBits R N - 1)` does nothing

Note: This linter can be disabled with `set_option linter.unusedTactic false`
warning: M6FinalDependencies.lean:3154:42: This simp argument is unused:
  M6.Transfer.state_count

Hint: Omit it from the simp argument list.
  [apply] simp [M6.Transfer.scatterEventList, M6.Transfer.ScatterEvent, Fintype.card_prod, M6.Transfer.Bit, mul_assoc,
    mul_comm, mul_left_comm]

Note: This linter can be disabled with `set_option linter.unusedSimpArgs false`
warning: M6FinalDependencies.lean:3155:6: This simp argument is unused:
  mul_assoc

Hint: Omit it from the simp argument list.
  [apply] simp [M6.Transfer.scatterEventList, M6.Transfer.ScatterEvent, Fintype.card_prod, M6.Transfer.Bit,
    M6.Transfer.state_count, mul_comm, mul_left_comm]

Note: This linter can be disabled with `set_option linter.unusedSimpArgs false`
warning: M6FinalDependencies.lean:3155:42: Used `tac1 <;> tac2` where `(tac1; tac2)` would suffice

Note: This linter can be disabled with `set_option linter.unnecessarySeqFocus false`
warning: M6FinalDependencies.lean:3135:2: Unused tactic linter: `change ∀ R N : ℕ, R < N → M6.Transfer.actualTraceStorage R N ≤ 4096 * N ^ 2 * 2 ^ R` does nothing

Note: This linter can be disabled with `set_option linter.unusedTactic false`
warning: M6FinalDependencies.lean:3176:2: Unused tactic linter: `change ∀ R N : ℕ, R < N → M6.Transfer.actualTraceWork R N ≤ 16384 * N ^ 3 * 4 ^ R` does nothing

Note: This linter can be disabled with `set_option linter.unusedTactic false`
warning: M6FinalDependencies.lean:3231:4: Used `tac1 <;> tac2` where `(tac1; tac2)` would suffice

Note: This linter can be disabled with `set_option linter.unnecessarySeqFocus false`
warning: M6FinalDependencies.lean:3215:2: Unused tactic linter: `change
  ∀ R N : ℕ, R < N → M6.Transfer.actualTraceStorage R N < 2 ^ (M6.Transfer.actualAddressBits R N)` does nothing

Note: This linter can be disabled with `set_option linter.unusedTactic false`
warning: M6FinalDependencies.lean:3316:33: This simp argument is unused:
  M6.Transfer.actualAddressBits

Hint: Omit it from the simp argument list.
  [apply] simp only [M6.Transfer.pairedQueryStorage, M6.Transfer.queryCoefficientBits, M6.Transfer.coefficientBits,
    M6.Transfer.PostEvent, Fintype.card_prod, Fintype.card_fin]

Note: This linter can be disabled with `set_option linter.unusedSimpArgs false`
warning: M6FinalDependencies.lean:3317:4: This simp argument is unused:
  M6.Transfer.PostEvent

Hint: Omit it from the simp argument list.
  [apply] simp only [M6.Transfer.pairedQueryStorage, M6.Transfer.queryCoefficientBits, M6.Transfer.coefficientBits,
    M6.Transfer.actualAddressBits, Fintype.card_prod, Fintype.card_fin]

Note: This linter can be disabled with `set_option linter.unusedSimpArgs false`
warning: M6FinalDependencies.lean:3317:27: This simp argument is unused:
  Fintype.card_prod

Hint: Omit it from the simp argument list.
  [apply] simp only [M6.Transfer.pairedQueryStorage, M6.Transfer.queryCoefficientBits, M6.Transfer.coefficientBits,
    M6.Transfer.actualAddressBits, M6.Transfer.PostEvent, Fintype.card_fin]

Note: This linter can be disabled with `set_option linter.unusedSimpArgs false`
warning: M6FinalDependencies.lean:3317:46: This simp argument is unused:
  Fintype.card_fin

Hint: Omit it from the simp argument list.
  [apply] simp only [M6.Transfer.pairedQueryStorage, M6.Transfer.queryCoefficientBits, M6.Transfer.coefficientBits,
    M6.Transfer.actualAddressBits, M6.Transfer.PostEvent, Fintype.card_prod]

Note: This linter can be disabled with `set_option linter.unusedSimpArgs false`
warning: M6FinalDependencies.lean:3320:4: this tactic is never executed

Note: This linter can be disabled with `set_option linter.unreachableTactic false`
warning: M6FinalDependencies.lean:3324:4: this tactic is never executed

Note: This linter can be disabled with `set_option linter.unreachableTactic false`
warning: M6FinalDependencies.lean:3300:2: Unused tactic linter: `change ∀ R N : ℕ, R < N → M6.Transfer.pairedQueryStorage R N ≤ 8192 * N ^ 2 * 2 ^ R` does nothing

Note: This linter can be disabled with `set_option linter.unusedTactic false`
warning: M6FinalDependencies.lean:3320:4: Unused tactic linter: `simp only [M6.Transfer.actualTraceStorage, M6.Transfer.traceStorageModel,
  M6.Transfer.coefficientBits, M6.Transfer.actualAddressBits, M6.Transfer.addressBits, M6.Transfer.CoefficientAddress,
  Fintype.card_prod, Fintype.card_fin, M6.Transfer.state_count]` does nothing

Note: This linter can be disabled with `set_option linter.unusedTactic false`
warning: M6FinalDependencies.lean:3324:4: Unused tactic linter: `nlinarith` does nothing

Note: This linter can be disabled with `set_option linter.unusedTactic false`
warning: M6FinalDependencies.lean:3341:6: This simp argument is unused:
  M6.Transfer.actualAddressBits

Hint: Omit it from the simp argument list.
  [apply] simp [M6.Transfer.postWork, M6.Transfer.PostEvent, M6.Transfer.queryCoefficientBits,
    M6.Transfer.coefficientBits, M6.Transfer.addressBits]

Note: This linter can be disabled with `set_option linter.unusedSimpArgs false`
warning: M6FinalDependencies.lean:3341:37: This simp argument is unused:
  M6.Transfer.addressBits

Hint: Omit it from the simp argument list.
  [apply] simp [M6.Transfer.postWork, M6.Transfer.PostEvent, M6.Transfer.queryCoefficientBits,
    M6.Transfer.coefficientBits, M6.Transfer.actualAddressBits]

Note: This linter can be disabled with `set_option linter.unusedSimpArgs false`
warning: M6FinalDependencies.lean:3342:4: Used `tac1 <;> tac2` where `(tac1; tac2)` would suffice

Note: This linter can be disabled with `set_option linter.unnecessarySeqFocus false`
warning: M6FinalDependencies.lean:3327:2: Unused tactic linter: `change ∀ R N : ℕ, R < N → M6.Transfer.pairedQueryWork R N ≤ 40000 * N ^ 3 * 4 ^ R` does nothing

Note: This linter can be disabled with `set_option linter.unusedTactic false`
warning: M6FinalDependencies.lean:3349:31: This simp argument is unused:
  M6.Transfer.Bit

Hint: Omit it from the simp argument list.
  [apply] simp [M6.Transfer.PostEvent, Fintype.card_prod]

Note: This linter can be disabled with `set_option linter.unusedSimpArgs false`
warning: M6FinalDependencies.lean:3349:67: Used `tac1 <;> tac2` where `(tac1; tac2)` would suffice

Note: This linter can be disabled with `set_option linter.unnecessarySeqFocus false`
warning: M6FinalDependencies.lean:3347:2: Unused tactic linter: `change ∀ N : ℕ, Fintype.card (M6.Transfer.PostEvent N) = 4 * (2 * N + 1)` does nothing

Note: This linter can be disabled with `set_option linter.unusedTactic false`
warning: M6FinalDependencies.lean:3365:34: This simp argument is unused:
  M6.Transfer.pinMaintenanceWork

Hint: Omit it from the simp argument list.
  [apply] simp [M6.Transfer.distanceWork, M6.Transfer.PostEvent, M6.Transfer.queryCoefficientBits,
    M6.Transfer.coefficientBits, M6.Transfer.actualAddressBits, M6.Transfer.addressBits]

Note: This linter can be disabled with `set_option linter.unusedSimpArgs false`
warning: M6FinalDependencies.lean:3366:4: This simp argument is unused:
  M6.Transfer.PostEvent

Hint: Omit it from the simp argument list.
  [apply] simp [M6.Transfer.distanceWork, M6.Transfer.pinMaintenanceWork, M6.Transfer.queryCoefficientBits,
    M6.Transfer.coefficientBits, M6.Transfer.actualAddressBits, M6.Transfer.addressBits]

Note: This linter can be disabled with `set_option linter.unusedSimpArgs false`
warning: M6FinalDependencies.lean:3366:27: This simp argument is unused:
  M6.Transfer.queryCoefficientBits

Hint: Omit it from the simp argument list.
  [apply] simp [M6.Transfer.distanceWork, M6.Transfer.pinMaintenanceWork, M6.Transfer.PostEvent,
    M6.Transfer.coefficientBits, M6.Transfer.actualAddressBits, M6.Transfer.addressBits]

Note: This linter can be disabled with `set_option linter.unusedSimpArgs false`
warning: M6FinalDependencies.lean:3367:4: This simp argument is unused:
  M6.Transfer.coefficientBits

Hint: Omit it from the simp argument list.
  [apply] simp [M6.Transfer.distanceWork, M6.Transfer.pinMaintenanceWork, M6.Transfer.PostEvent,
    M6.Transfer.queryCoefficientBits, M6.Transfer.actualAddressBits, M6.Transfer.addressBits]

Note: This linter can be disabled with `set_option linter.unusedSimpArgs false`
warning: M6FinalDependencies.lean:3367:33: This simp argument is unused:
  M6.Transfer.actualAddressBits

Hint: Omit it from the simp argument list.
  [apply] simp [M6.Transfer.distanceWork, M6.Transfer.pinMaintenanceWork, M6.Transfer.PostEvent,
    M6.Transfer.queryCoefficientBits, M6.Transfer.coefficientBits, M6.Transfer.addressBits]

Note: This linter can be disabled with `set_option linter.unusedSimpArgs false`
warning: M6FinalDependencies.lean:3368:4: This simp argument is unused:
  M6.Transfer.addressBits

Hint: Omit it from the simp argument list.
  [apply] simp [M6.Transfer.distanceWork, M6.Transfer.pinMaintenanceWork, M6.Transfer.PostEvent,
    M6.Transfer.queryCoefficientBits, M6.Transfer.coefficientBits, M6.Transfer.actualAddressBits]

Note: This linter can be disabled with `set_option linter.unusedSimpArgs false`
warning: M6FinalDependencies.lean:3369:2: Used `tac1 <;> tac2` where `(tac1; tac2)` would suffice

Note: This linter can be disabled with `set_option linter.unnecessarySeqFocus false`
warning: M6FinalDependencies.lean:3352:2: Unused tactic linter: `change
  ∀ R N e : ℕ, R < N → e ≤ 180 * (N + 1) ^ 3 → M6.Transfer.distanceWork R N e ≤ 50000 * N ^ 3 * 4 ^ R` does nothing

Note: This linter can be disabled with `set_option linter.unusedTactic false`
warning: M6FinalDependencies.lean:3384:39: This simp argument is unused:
  M6.Transfer.queryCoefficientBits

Hint: Omit it from the simp argument list.
  [apply] simp only [M6.Transfer.solveStorage, M6.Transfer.coefficientBits, M6.Transfer.actualAddressBits,
    M6.Transfer.PostEvent, Fintype.card_prod, Fintype.card_fin]

Note: This linter can be disabled with `set_option linter.unusedSimpArgs false`
warning: M6FinalDependencies.lean:3385:4: This simp argument is unused:
  M6.Transfer.coefficientBits

Hint: Omit it from the simp argument list.
  [apply] simp only [M6.Transfer.solveStorage, M6.Transfer.queryCoefficientBits, M6.Transfer.actualAddressBits,
    M6.Transfer.PostEvent, Fintype.card_prod, Fintype.card_fin]

Note: This linter can be disabled with `set_option linter.unusedSimpArgs false`
warning: M6FinalDependencies.lean:3385:33: This simp argument is unused:
  M6.Transfer.actualAddressBits

Hint: Omit it from the simp argument list.
  [apply] simp only [M6.Transfer.solveStorage, M6.Transfer.queryCoefficientBits, M6.Transfer.coefficientBits,
    M6.Transfer.PostEvent, Fintype.card_prod, Fintype.card_fin]

Note: This linter can be disabled with `set_option linter.unusedSimpArgs false`
warning: M6FinalDependencies.lean:3386:4: This simp argument is unused:
  M6.Transfer.PostEvent

Hint: Omit it from the simp argument list.
  [apply] simp only [M6.Transfer.solveStorage, M6.Transfer.queryCoefficientBits, M6.Transfer.coefficientBits,
    M6.Transfer.actualAddressBits, Fintype.card_prod, Fintype.card_fin]

Note: This linter can be disabled with `set_option linter.unusedSimpArgs false`
warning: M6FinalDependencies.lean:3386:27: This simp argument is unused:
  Fintype.card_prod

Hint: Omit it from the simp argument list.
  [apply] simp only [M6.Transfer.solveStorage, M6.Transfer.queryCoefficientBits, M6.Transfer.coefficientBits,
    M6.Transfer.actualAddressBits, M6.Transfer.PostEvent, Fintype.card_fin]

Note: This linter can be disabled with `set_option linter.unusedSimpArgs false`
warning: M6FinalDependencies.lean:3386:46: This simp argument is unused:
  Fintype.card_fin

Hint: Omit it from the simp argument list.
  [apply] simp only [M6.Transfer.solveStorage, M6.Transfer.queryCoefficientBits, M6.Transfer.coefficientBits,
    M6.Transfer.actualAddressBits, M6.Transfer.PostEvent, Fintype.card_prod]

Note: This linter can be disabled with `set_option linter.unusedSimpArgs false`
warning: M6FinalDependencies.lean:3372:2: Unused tactic linter: `change
  ∀ R N slots : ℕ,
    R < N → slots ≤ 512 * (N + 1) ^ 2 → M6.Transfer.solveStorage R N slots ≤ 16384 * N ^ 2 * 2 ^ R` does nothing

Note: This linter can be disabled with `set_option linter.unusedTactic false`
warning: M6FinalDependencies.lean:3425:33: This simp argument is unused:
  M6.Transfer.distanceWork

Hint: Omit it from the simp argument list.
  [apply] simp [M6.Transfer.witnessWork, M6.Transfer.pinMaintenanceWork, M6.Transfer.queryCoefficientBits,
    M6.Transfer.coefficientBits, M6.Transfer.actualAddressBits, M6.Transfer.addressBits]

Note: This linter can be disabled with `set_option linter.unusedSimpArgs false`
warning: M6FinalDependencies.lean:3427:33: This simp argument is unused:
  M6.Transfer.actualAddressBits

Hint: Omit it from the simp argument list.
  [apply] simp [M6.Transfer.witnessWork, M6.Transfer.distanceWork, M6.Transfer.pinMaintenanceWork,
    M6.Transfer.queryCoefficientBits, M6.Transfer.coefficientBits, M6.Transfer.addressBits]

Note: This linter can be disabled with `set_option linter.unusedSimpArgs false`
warning: M6FinalDependencies.lean:3428:4: This simp argument is unused:
  M6.Transfer.addressBits

Hint: Omit it from the simp argument list.
  [apply] simp [M6.Transfer.witnessWork, M6.Transfer.distanceWork, M6.Transfer.pinMaintenanceWork,
    M6.Transfer.queryCoefficientBits, M6.Transfer.coefficientBits, M6.Transfer.actualAddressBits]

Note: This linter can be disabled with `set_option linter.unusedSimpArgs false`
warning: M6FinalDependencies.lean:3429:2: Used `tac1 <;> tac2` where `(tac1; tac2)` would suffice

Note: This linter can be disabled with `set_option linter.unnecessarySeqFocus false`
warning: M6FinalDependencies.lean:3390:2: Unused tactic linter: `change
  ∀ R N e k : ℕ,
    R < N → e ≤ 180 * (N + 1) ^ 3 → k ≤ 2 * N → M6.Transfer.witnessWork R N e k ≤ 200000 * N ^ 4 * 4 ^ R` does nothing

Note: This linter can be disabled with `set_option linter.unusedTactic false`
warning: M6FinalDependencies.lean:3435:6: `Polynomial.finset_sum_coeff` has been deprecated: Use `Polynomial.finsetSum_coeff` instead
warning: M6FinalDependencies.lean:3467:13: `Polynomial.finset_sum_coeff` has been deprecated: Use `Polynomial.finsetSum_coeff` instead
warning: M6FinalDependencies.lean:3494:2: Unused tactic linter: `change
  ∀ (R N : ℕ) (z w : ℤ) (j k : ℕ),
    z.natAbs ≤ 2 ^ R * 8 ^ N →
      w.natAbs ≤ 2 ^ R * 8 ^ N →
        (z / (2 : ℤ) ^ j - w / (2 : ℤ) ^ k).natAbs < 2 ^ (M6.Transfer.queryCoefficientBits R N - 1)` does nothing

Note: This linter can be disabled with `set_option linter.unusedTactic false`
warning: M6FinalDependencies.lean:3543:2: Unused tactic linter: `change ∀ p : M6.Euclid.BP, (p ≠ 0 → p.Monic) ∧ normalize p = p` does nothing

Note: This linter can be disabled with `set_option linter.unusedTactic false`
warning: M6FinalDependencies.lean:3562:67: This simp argument is unused:
  add_assoc

Hint: Omit it from the simp argument list.
  [apply] simp [M6.Euclid.cancel, sub_eq_add_neg, add_comm, add_left_comm]

Note: This linter can be disabled with `set_option linter.unusedSimpArgs false`
warning: M6FinalDependencies.lean:3559:2: Unused tactic linter: `change ∀ p q : M6.Euclid.BP, M6.Euclid.cancel p q % q = p % q` does nothing

Note: This linter can be disabled with `set_option linter.unusedTactic false`
warning: M6FinalDependencies.lean:3565:2: Unused tactic linter: `change
  ∀ (N : ℕ) (p q : M6.Euclid.BP),
    M6.Euclid.rank p ≤ N + 1 →
      M6.Euclid.rank q ≤ N + 1 → M6.Euclid.dense N p = M6.Euclid.dense N q → p = q` does nothing

Note: This linter can be disabled with `set_option linter.unusedTactic false`
warning: M6FinalDependencies.lean:3590:2: Unused tactic linter: `change
  ∀ (width : ℕ) (p : M6.Euclid.BP),
    M6.Euclid.rank p ≤ width → M6.Euclid.scanRank width p = M6.Euclid.rank p` does nothing

Note: This linter can be disabled with `set_option linter.unusedTactic false`
warning: M6FinalDependencies.lean:3623:2: Unused tactic linter: `change
  ∀ p q : M6.Euclid.BP,
    (M6.Euclid.rank p < M6.Euclid.rank q ↔ p.degree < q.degree) ∧
      (M6.Euclid.rank p ≤ M6.Euclid.rank q ↔ p.degree ≤ q.degree)` does nothing

Note: This linter can be disabled with `set_option linter.unusedTactic false`
warning: M6FinalDependencies.lean:3646:39: This simp argument is unused:
  Nat.add_assoc

Hint: Omit it from the simp argument list.
  [apply] simp [ih, Nat.mul_add, Nat.add_comm, Nat.add_left_comm]

Note: This linter can be disabled with `set_option linter.unusedSimpArgs false`
warning: M6FinalDependencies.lean:3636:2: Unused tactic linter: `change
  ∀ (fuel : ℕ) (p q : M6.Euclid.BP),
    (M6.Euclid.remainderAux fuel p q).passes = 2 * (M6.Euclid.remainderAux fuel p q).cancellations + 1` does nothing

Note: This linter can be disabled with `set_option linter.unusedTactic false`
warning: M6FinalDependencies.lean:3649:2: Unused tactic linter: `change
  ∀ width : ℕ,
    M6.Euclid.scanCost width = width * (6 * width + 4) ∧
      (0 < width → M6.Euclid.scanCost width ≤ 10 * width ^ 2)` does nothing

Note: This linter can be disabled with `set_option linter.unusedTactic false`
warning: M6FinalDependencies.lean:3670:2: Unused tactic linter: `change
  ∀ p q : M6.Euclid.BP,
    p ≠ 0 → q ≠ 0 → q.degree ≤ p.degree → M6.Euclid.rank (M6.Euclid.cancel p q) < M6.Euclid.rank p` does nothing

Note: This linter can be disabled with `set_option linter.unusedTactic false`
warning: M6FinalDependencies.lean:3684:32: This simp argument is unused:
  mul_comm

Hint: Omit it from the simp argument list.
  [apply] simp [M6.Euclid.cancel, hl, mul_left_comm, mul_assoc]

Note: This linter can be disabled with `set_option linter.unusedSimpArgs false`
warning: M6FinalDependencies.lean:3684:42: This simp argument is unused:
  mul_left_comm

Hint: Omit it from the simp argument list.
  [apply] simp [M6.Euclid.cancel, hl, mul_comm, mul_assoc]

Note: This linter can be disabled with `set_option linter.unusedSimpArgs false`
warning: M6FinalDependencies.lean:3684:57: This simp argument is unused:
  mul_assoc

Hint: Omit it from the simp argument list.
  [apply] simp [M6.Euclid.cancel, hl, mul_comm, mul_left_comm]

Note: This linter can be disabled with `set_option linter.unusedSimpArgs false`
warning: M6FinalDependencies.lean:3679:2: Unused tactic linter: `change ∀ (N : ℕ) (p q : M6.Euclid.BP), p ≠ 0 → _` does nothing

Note: This linter can be disabled with `set_option linter.unusedTactic false`
warning: M6FinalDependencies.lean:3702:136: Used `tac1 <;> tac2` where `(tac1; tac2)` would suffice

Note: This linter can be disabled with `set_option linter.unnecessarySeqFocus false`
warning: M6FinalDependencies.lean:3692:2: Unused tactic linter: `change
  ∀ (fuel : ℕ) (p q : M6.Euclid.BP),
    (M6.Euclid.euclidAux fuel p q).passes =
      2 * (M6.Euclid.euclidAux fuel p q).cancellations + 3 * (M6.Euclid.euclidAux fuel p q).rounds + 1` does nothing

Note: This linter can be disabled with `set_option linter.unusedTactic false`
warning: M6FinalDependencies.lean:3705:2: Unused tactic linter: `change ∀ p q : M6.Euclid.BP, EuclideanDomain.gcd q p = GCDMonoid.gcd p q` does nothing

Note: This linter can be disabled with `set_option linter.unusedTactic false`
warning: M6FinalDependencies.lean:3720:59: this tactic is never executed

Note: This linter can be disabled with `set_option linter.unreachableTactic false`
warning: M6FinalDependencies.lean:3718:2: Unused tactic linter: `change
  ∀ p q : M6.Euclid.BP,
    (M6.Euclid.euclid p q).passes =
      2 * (M6.Euclid.euclid p q).cancellations + 3 * (M6.Euclid.euclid p q).rounds + 2` does nothing

Note: This linter can be disabled with `set_option linter.unusedTactic false`
warning: M6FinalDependencies.lean:3720:59: Unused tactic linter: `omega` does nothing

Note: This linter can be disabled with `set_option linter.unusedTactic false`
warning: M6FinalDependencies.lean:3723:2: Unused tactic linter: `change
  ∀ (fuel : ℕ) (p q : M6.Euclid.BP),
    M6.Euclid.rank p ≤ fuel →
      (M6.Euclid.remainderAux fuel p q).value = p % q ∧
        (M6.Euclid.remainderAux fuel p q).cancellations + M6.Euclid.rank (M6.Euclid.remainderAux fuel p q).value ≤
          M6.Euclid.rank p` does nothing

Note: This linter can be disabled with `set_option linter.unusedTactic false`
warning: M6FinalDependencies.lean:3755:2: Unused tactic linter: `change
  ∀ (fuel : ℕ) (p q : M6.Euclid.BP) (width : ℕ),
    M6.Euclid.rank p ≤ width → M6.Euclid.rank q ≤ width → M6.Euclid.remainderSafe fuel p q width` does nothing

Note: This linter can be disabled with `set_option linter.unusedTactic false`
warning: M6FinalDependencies.lean:3777:2: Unused tactic linter: `change
  ∀ p q : M6.Euclid.BP,
    (M6.Euclid.remainder p q).value = p % q ∧
      (M6.Euclid.remainder p q).cancellations + M6.Euclid.rank (M6.Euclid.remainder p q).value ≤ M6.Euclid.rank p ∧
        (q ≠ 0 → M6.Euclid.rank (M6.Euclid.remainder p q).value < M6.Euclid.rank q)` does nothing

Note: This linter can be disabled with `set_option linter.unusedTactic false`
warning: M6FinalDependencies.lean:3799:82: This simp argument is unused:
  (M6.Euclid.binary_normalization p).2

Hint: Omit it from the simp argument list.
  [apply] simp [M6.Euclid.euclidAux, M6.Euclid.rank, EuclideanDomain.gcd_zero_left]

Note: This linter can be disabled with `set_option linter.unusedSimpArgs false`
warning: M6FinalDependencies.lean:3789:2: Unused tactic linter: `change
  ∀ (fuel : ℕ) (p q : M6.Euclid.BP),
    M6.Euclid.rank q < fuel →
      (M6.Euclid.euclidAux fuel p q).value = EuclideanDomain.gcd q p ∧
        (M6.Euclid.euclidAux fuel p q).cancellations + M6.Euclid.rank (M6.Euclid.euclidAux fuel p q).value ≤
            M6.Euclid.rank p + M6.Euclid.rank q ∧
          (M6.Euclid.euclidAux fuel p q).rounds ≤ M6.Euclid.rank q` does nothing

Note: This linter can be disabled with `set_option linter.unusedTactic false`
warning: M6FinalDependencies.lean:3818:6: try 'simp' instead of 'simpa'

Note: This linter can be disabled with `set_option linter.unnecessarySimpa false`
warning: M6FinalDependencies.lean:3822:8: try 'simp' instead of 'simpa'

Note: This linter can be disabled with `set_option linter.unnecessarySimpa false`
warning: M6FinalDependencies.lean:3813:2: Unused tactic linter: `change
  ∀ (fuel : ℕ) (p q : M6.Euclid.BP),
    M6.Euclid.rank (M6.Euclid.euclidAux fuel p q).value ≤ max (M6.Euclid.rank p) (M6.Euclid.rank q)` does nothing

Note: This linter can be disabled with `set_option linter.unusedTactic false`
warning: M6FinalDependencies.lean:3830:2: Unused tactic linter: `change
  ∀ (fuel : ℕ) (p q : M6.Euclid.BP) (width : ℕ),
    M6.Euclid.rank p ≤ width → M6.Euclid.rank q ≤ width → M6.Euclid.euclidSafe fuel p q width` does nothing

Note: This linter can be disabled with `set_option linter.unusedTactic false`
warning: M6FinalDependencies.lean:3850:2: Unused tactic linter: `change
  ∀ p q : M6.Euclid.BP,
    (M6.Euclid.euclid p q).value = GCDMonoid.gcd p q ∧
      (M6.Euclid.euclid p q).cancellations ≤ M6.Euclid.rank p + M6.Euclid.rank q ∧
        (M6.Euclid.euclid p q).rounds ≤ M6.Euclid.rank q` does nothing

Note: This linter can be disabled with `set_option linter.unusedTactic false`
warning: M6FinalDependencies.lean:3859:2: Unused tactic linter: `change
  ∀ (N : ℕ) (p q : M6.Euclid.BP),
    p.natDegree ≤ N →
      q.natDegree ≤ N →
        M6.Euclid.bitCost N p q ≤ 90 * (N + 1) ^ 3 ∧
          M6.Euclid.euclidSafe (M6.Euclid.rank q + 1) p q (N + 1)` does nothing

Note: This linter can be disabled with `set_option linter.unusedTactic false`
warning: M6FinalDependencies.lean:3885:2: Unused tactic linter: `change
  ∀ (N : ℕ) (a b M : M6.Euclid.BP),
    a.natDegree ≤ N →
      b.natDegree ≤ N →
        M.natDegree ≤ N →
          (M6.Euclid.preprocess a b M).value = GCDMonoid.gcd (GCDMonoid.gcd a b) M ∧
            M6.Euclid.preprocessBitCost N a b M ≤ 180 * (N + 1) ^ 3` does nothing

Note: This linter can be disabled with `set_option linter.unusedTactic false`
warning: M6FinalDependencies.lean:4240:2: Unused tactic linter: `change
  ∀ (width v : ℕ), v ≤ 32 * width → v < 2 ^ (M6.EuclidStorage.registerBits width)` does nothing

Note: This linter can be disabled with `set_option linter.unusedTactic false`
warning: M6FinalDependencies.lean:4252:150: Used `tac1 <;> tac2` where `(tac1; tac2)` would suffice

Note: This linter can be disabled with `set_option linter.unnecessarySeqFocus false`
warning: M6FinalDependencies.lean:4249:2: Unused tactic linter: `change
  ∀ N : ℕ,
    M6.EuclidStorage.polynomialSlots.length = 4 ∧
      M6.EuclidStorage.controlSlots.length = 16 ∧
        M6.EuclidStorage.actualPreprocessStorage N ≤ 512 * (N + 1) ^ 2` does nothing

Note: This linter can be disabled with `set_option linter.unusedTactic false`
warning: M6FinalDependencies.lean:4268:41: This simp argument is unused:
  Nat.add_left_comm

Hint: Omit it from the simp argument list.
  [apply] simp_all [Nat.add_assoc, Nat.add_comm]

Note: This linter can be disabled with `set_option linter.unusedSimpArgs false`
warning: M6FinalDependencies.lean:4287:60: This simp argument is unused:
  List.mem_singleton

Hint: Omit it from the simp argument list.
  [apply] simp only [M6.EuclidStorage.controlValues, List.mem_cons, List.not_mem_nil, or_false, M6.Euclid.rank] at hv

Note: This linter can be disabled with `set_option linter.unusedSimpArgs false`
warning: M6FinalDependencies.lean:4283:2: Unused tactic linter: `change
  ∀ (width : ℕ) (s : M6.EuclidStorage.Slots) (fuel c e t : ℕ),
    M6.EuclidStorage.slotsFit width s →
      fuel ≤ 32 * width →
        c ≤ 32 * width →
          e ≤ 32 * width →
            t ≤ 32 * width →
              ∀ v ∈ M6.EuclidStorage.controlValues s fuel c e t,
                v < 2 ^ M6.EuclidStorage.registerBits width` does nothing

Note: This linter can be disabled with `set_option linter.unusedTactic false`
warning: M6FinalDependencies.lean:4312:14: `if_false` has been deprecated: Use `ite_false` instead
warning: M6FinalDependencies.lean:4359:35: This simp argument is unused:
  ite_true

Hint: Omit it from the simp argument list.
  [apply] simp only [hw, hq, hd, ite_false, false_or, or_false, false_and, and_false, true_and, and_true,
    not_false_eq_true]

Note: This linter can be disabled with `set_option linter.unusedSimpArgs false`
warning: M6FinalDependencies.lean:4359:56: This simp argument is unused:
  false_or

Hint: Omit it from the simp argument list.
  [apply] simp only [hw, hq, hd, ite_true, ite_false, or_false, false_and, and_false, true_and, and_true,
    not_false_eq_true]

Note: This linter can be disabled with `set_option linter.unusedSimpArgs false`
warning: M6FinalDependencies.lean:4360:14: This simp argument is unused:
  false_and

Hint: Omit it from the simp argument list.
  [apply] simp only [hw, hq, hd, ite_true, ite_false, false_or, or_false, and_false, true_and, and_true,
    not_false_eq_true]

Note: This linter can be disabled with `set_option linter.unusedSimpArgs false`
warning: M6FinalDependencies.lean:4360:25: This simp argument is unused:
  and_false

Hint: Omit it from the simp argument list.
  [apply] simp only [hw, hq, hd, ite_true, ite_false, false_or, or_false, false_and, true_and, and_true,
    not_false_eq_true]

Note: This linter can be disabled with `set_option linter.unusedSimpArgs false`
warning: M6FinalDependencies.lean:4360:36: This simp argument is unused:
  true_and

Hint: Omit it from the simp argument list.
  [apply] simp only [hw, hq, hd, ite_true, ite_false, false_or, or_false, false_and, and_false, and_true,
    not_false_eq_true]

Note: This linter can be disabled with `set_option linter.unusedSimpArgs false`
warning: M6FinalDependencies.lean:4360:46: This simp argument is unused:
  and_true

Hint: Omit it from the simp argument list.
  [apply] simp only [hw, hq, hd, ite_true, ite_false, false_or, or_false, false_and, and_false, true_and,
    not_false_eq_true]

Note: This linter can be disabled with `set_option linter.unusedSimpArgs false`
warning: M6FinalDependencies.lean:4360:56: This simp argument is unused:
  not_false_eq_true

Hint: Omit it from the simp argument list.
  [apply] simp only [hw, hq, hd, ite_true, ite_false, false_or, or_false, false_and, and_false, true_and, and_true]

Note: This linter can be disabled with `set_option linter.unusedSimpArgs false`
warning: M6FinalDependencies.lean:4407:46: This simp argument is unused:
  hp

Hint: Omit it from the simp argument list.
  [apply] simp only [M6.EuclidStorage.slotsFit, hq', hsaved, hwork, hcancel, hpasses, M6.Euclid.remainder, Nat.zero_add,
    Nat.add_zero, hz] at hs ⊢

Note: This linter can be disabled with `set_option linter.unusedSimpArgs false`
warning: M6FinalDependencies.lean:4408:35: This simp argument is unused:
  M6.Euclid.remainder

Hint: Omit it from the simp argument list.
  [apply] simp only [M6.EuclidStorage.slotsFit, hp, hq', hsaved, hwork, hcancel, hpasses, Nat.zero_add, Nat.add_zero,
    hz] at hs ⊢

Note: This linter can be disabled with `set_option linter.unusedSimpArgs false`
warning: M6FinalDependencies.lean:4409:24: This simp argument is unused:
  Nat.add_zero

Hint: Omit it from the simp argument list.
  [apply] simp only [M6.EuclidStorage.slotsFit, hp, hq', hsaved, hwork, hcancel, hpasses, M6.Euclid.remainder,
    Nat.zero_add, hz] at hs ⊢

Note: This linter can be disabled with `set_option linter.unusedSimpArgs false`
warning: M6FinalDependencies.lean:4409:38: This simp argument is unused:
  hz

Hint: Omit it from the simp argument list.
  [apply] simp only [M6.EuclidStorage.slotsFit, hp, hq', hsaved, hwork, hcancel, hpasses, M6.Euclid.remainder,
    Nat.zero_add, Nat.add_zero] at hs ⊢

Note: This linter can be disabled with `set_option linter.unusedSimpArgs false`
warning: M6FinalDependencies.lean:4417:37: This simp argument is unused:
  M6.Euclid.remainder

Hint: Omit it from the simp argument list.
  [apply] simp only [M6.EuclidStorage.slotsFit, hp, hq', hsaved, hwork, hcancel, hpasses, Nat.zero_add, Nat.add_zero,
    hz] at *

Note: This linter can be disabled with `set_option linter.unusedSimpArgs false`
warning: M6FinalDependencies.lean:4418:26: This simp argument is unused:
  Nat.add_zero

Hint: Omit it from the simp argument list.
  [apply] simp only [M6.EuclidStorage.slotsFit, hp, hq', hsaved, hwork, hcancel, hpasses, M6.Euclid.remainder,
    Nat.zero_add, hz] at *

Note: This linter can be disabled with `set_option linter.unusedSimpArgs false`
warning: M6FinalDependencies.lean:4467:18: This simp argument is unused:
  Nat.add_zero

Hint: Omit it from the simp argument list.
  [apply] simp only [M6.EuclidStorage.toRun, M6.EuclidStorage.offset, Nat.zero_add] at hv hc he ht

Note: This linter can be disabled with `set_option linter.unusedSimpArgs false`
warning: M6FinalDependencies.lean:4473:24: This simp argument is unused:
  Nat.add_assoc

Hint: Omit it from the simp argument list.
  [apply] simp [M6.Euclid.preprocess, M6.EuclidStorage.offset, hs, hv, hc, he, ht, Nat.add_left_comm, Nat.add_comm]

Note: This linter can be disabled with `set_option linter.unusedSimpArgs false`
warning: M6FinalDependencies.lean:4473:39: This simp argument is unused:
  Nat.add_left_comm

Hint: Omit it from the simp argument list.
  [apply] simp [M6.Euclid.preprocess, M6.EuclidStorage.offset, hs, hv, hc, he, ht, Nat.add_assoc, Nat.add_comm]

Note: This linter can be disabled with `set_option linter.unusedSimpArgs false`
warning: M6FinalDependencies.lean:4473:58: This simp argument is unused:
  Nat.add_comm

Hint: Omit it from the simp argument list.
  [apply] simp [M6.Euclid.preprocess, M6.EuclidStorage.offset, hs, hv, hc, he, ht, Nat.add_assoc, Nat.add_left_comm]

Note: This linter can be disabled with `set_option linter.unusedSimpArgs false`
warning: M6FinalDependencies.lean:4514:18: This simp argument is unused:
  Nat.add_zero

Hint: Omit it from the simp argument list.
  [apply] simp only [M6.EuclidStorage.toRun, M6.EuclidStorage.offset, Nat.zero_add] at hv hc he ht

Note: This linter can be disabled with `set_option linter.unusedSimpArgs false`
warning: M6FinalDependencies.lean:4549:2: Unused tactic linter: `change
  ∀ R N slots : ℕ,
    R < N →
      slots ≤ 512 * (N + 1) ^ 2 →
        M6.Transfer.solveStorage R N slots < 2 ^ (M6.Transfer.actualAddressBits R N)` does nothing

Note: This linter can be disabled with `set_option linter.unusedTactic false`
warning: M6FinalDependencies.lean:4576:2: Unused tactic linter: `change ∀ R N : ℕ, _` does nothing

Note: This linter can be disabled with `set_option linter.unusedTactic false`
warning: M6FinalDependencies.lean:4660:4: this tactic is never executed

Note: This linter can be disabled with `set_option linter.unreachableTactic false`
warning: M6FinalDependencies.lean:4661:4: this tactic is never executed

Note: This linter can be disabled with `set_option linter.unreachableTactic false`
warning: M6FinalDependencies.lean:4669:4: this tactic is never executed

Note: This linter can be disabled with `set_option linter.unreachableTactic false`
warning: M6FinalDependencies.lean:4670:4: this tactic is never executed

Note: This linter can be disabled with `set_option linter.unreachableTactic false`
warning: M6FinalDependencies.lean:4660:4: Unused tactic linter: `have hd := M6.Final.actual_distance_work` does nothing

Note: This linter can be disabled with `set_option linter.unusedTactic false`
warning: M6FinalDependencies.lean:4661:4: Unused tactic linter: `have hd := M6.actual_distance_work` does nothing

Note: This linter can be disabled with `set_option linter.unusedTactic false`
warning: M6FinalDependencies.lean:4669:4: Unused tactic linter: `have hw := M6.Final.actual_witness_work` does nothing

Note: This linter can be disabled with `set_option linter.unusedTactic false`
warning: M6FinalDependencies.lean:4670:4: Unused tactic linter: `have hw := M6.actual_witness_work` does nothing

Note: This linter can be disabled with `set_option linter.unusedTactic false`
warning: M6FinalDependencies.lean:4676:2: Unused tactic linter: `change M6.Final.FixedSpanCorrect` does nothing

Note: This linter can be disabled with `set_option linter.unusedTactic false`
warning: M6FinalDependencies.lean:4705:2: Unused tactic linter: `change M6.Final.ZeroSpanCorrect` does nothing

Note: This linter can be disabled with `set_option linter.unusedTactic false`
✔ [8746/8747] Built M6FinalReady (9.5s)
Build completed successfully (8747 jobs).
