⚠ [3007/3106] Replayed M6CyclicAccepted
warning: M6CyclicAccepted.lean:14:2: Unused tactic linter: `change ∀ F K h : M6.Cyclic.BinaryPolynomial, F ≠ 0 → (F * K ∣ F * h ↔ K ∣ h)` does nothing

Note: This linter can be disabled with `set_option linter.unusedTactic false`
warning: M6CyclicAccepted.lean:30:4: this tactic is never executed

Note: This linter can be disabled with `set_option linter.unreachableTactic false`
warning: M6CyclicAccepted.lean:31:4: this tactic is never executed

Note: This linter can be disabled with `set_option linter.unreachableTactic false`
warning: M6CyclicAccepted.lean:32:4: this tactic is never executed

Note: This linter can be disabled with `set_option linter.unreachableTactic false`
warning: M6CyclicAccepted.lean:23:4: Unused tactic linter: `change
  ∃ p q r, EuclideanDomain.gcd (EuclideanDomain.gcd a b) M = p * a + q * b + r * M` does nothing

Note: This linter can be disabled with `set_option linter.unusedTactic false`
warning: M6CyclicAccepted.lean:30:4: Unused tactic linter: `change
  ∃ p q r, EuclideanDomain.gcd a (EuclideanDomain.gcd b M) = p * a + q * b + r * M` does nothing

Note: This linter can be disabled with `set_option linter.unusedTactic false`
warning: M6CyclicAccepted.lean:31:4: Unused tactic linter: `refine
  ⟨EuclideanDomain.gcdA a (EuclideanDomain.gcd b M),
    EuclideanDomain.gcdB a (EuclideanDomain.gcd b M) * EuclideanDomain.gcdA b M,
    EuclideanDomain.gcdB a (EuclideanDomain.gcd b M) * EuclideanDomain.gcdB b M, ?_⟩` does nothing

Note: This linter can be disabled with `set_option linter.unusedTactic false`
warning: M6CyclicAccepted.lean:32:4: Unused tactic linter: `calc
  _ =
      a * EuclideanDomain.gcdA a (EuclideanDomain.gcd b M) +
        (EuclideanDomain.gcd b M) * EuclideanDomain.gcdB a (EuclideanDomain.gcd b M) :=
    EuclideanDomain.gcd_eq_gcd_ab _ _
  _ = _ := by
    rw [EuclideanDomain.gcd_eq_gcd_ab b M]
    ring` does nothing

Note: This linter can be disabled with `set_option linter.unusedTactic false`
warning: M6CyclicAccepted.lean:39:2: Unused tactic linter: `change
  ∀ a b M : M6.Cyclic.BinaryPolynomial,
    M6.Cyclic.signature a b M ∣ a ∧ M6.Cyclic.signature a b M ∣ b ∧ M6.Cyclic.signature a b M ∣ M` does nothing

Note: This linter can be disabled with `set_option linter.unusedTactic false`
warning: M6CyclicAccepted.lean:45:2: Unused tactic linter: `change
  ∀ a b M h : M6.Cyclic.BinaryPolynomial, (M ∣ a * h ∧ M ∣ b * h) ↔ M ∣ M6.Cyclic.signature a b M * h` does nothing

Note: This linter can be disabled with `set_option linter.unusedTactic false`
warning: M6CyclicAccepted.lean:75:99: This simp argument is unused:
  and_comm

Hint: Omit it from the simp argument list.
  [apply] simp only [M6.Cyclic.boundary, M6.Cyclic.image, Prod.mk.injEq, ← map_mul, AdjoinRoot.mk_eq_zero]

Note: This linter can be disabled with `set_option linter.unusedSimpArgs false`
warning: M6CyclicAccepted.lean:72:2: Unused tactic linter: `change
  ∀ (N : ℕ) (a b h : M6.Cyclic.BinaryPolynomial),
    M6.Cyclic.boundary N a b (M6.Cyclic.image N h) = (0, 0) ↔
      M6.Cyclic.modulus N ∣ M6.Cyclic.signature a b (M6.Cyclic.modulus N) * h` does nothing

Note: This linter can be disabled with `set_option linter.unusedTactic false`
info: M6CyclicAccepted.lean:76:0: 'M6.Cyclic.boundary_is_cycle' depends on axioms: [propext, Classical.choice, Quot.sound]
info: M6CyclicAccepted.lean:77:0: 'M6.Cyclic.kernel_cancellation' depends on axioms: [propext, Classical.choice, Quot.sound]
info: M6CyclicAccepted.lean:78:0: 'M6.Cyclic.signature_bezout' depends on axioms: [propext, Classical.choice, Quot.sound]
info: M6CyclicAccepted.lean:79:0: 'M6.Cyclic.signature_divides' depends on axioms: [propext, Classical.choice, Quot.sound]
info: M6CyclicAccepted.lean:80:0: 'M6.Cyclic.kernel_divisibility' depends on axioms: [propext, Classical.choice, Quot.sound]
info: M6CyclicAccepted.lean:81:0: 'M6.Cyclic.boundary_kernel' depends on axioms: [propext, Classical.choice, Quot.sound]
⚠ [8713/8742] Replayed M6PhysicalAccepted
warning: M6PhysicalAccepted.lean:31:26: This simp argument is unused:
  neg_add

Hint: Omit it from the simp argument list.
  [apply] simp [sub_eq_add_neg, add_assoc, add_comm, add_left_comm, mul_assoc, mul_comm, mul_left_comm]

Note: This linter can be disabled with `set_option linter.unusedSimpArgs false`
warning: M6PhysicalAccepted.lean:31:56: This simp argument is unused:
  add_left_comm

Hint: Omit it from the simp argument list.
  [apply] simp [sub_eq_add_neg, neg_add, add_assoc, add_comm, mul_assoc, mul_comm, mul_left_comm]

Note: This linter can be disabled with `set_option linter.unusedSimpArgs false`
warning: M6PhysicalAccepted.lean:32:6: This simp argument is unused:
  mul_assoc

Hint: Omit it from the simp argument list.
  [apply] simp [sub_eq_add_neg, neg_add, add_assoc, add_comm, add_left_comm, mul_comm, mul_left_comm]

Note: This linter can be disabled with `set_option linter.unusedSimpArgs false`
warning: M6PhysicalAccepted.lean:78:2: Unused tactic linter: `change
  ∀ (N : ℕ) (a : M6.Physical.Block N), M6.Physical.rev N (M6.Physical.rev N a) = a` does nothing

Note: This linter can be disabled with `set_option linter.unusedTactic false`
warning: M6PhysicalAccepted.lean:98:2: Unused tactic linter: `change ∀ (N : ℕ) (z : M6.Physical.Word N), M6.Physical.J N (M6.Physical.J N z) = z` does nothing

Note: This linter can be disabled with `set_option linter.unusedTactic false`
warning: M6PhysicalAccepted.lean:121:4: This simp argument is unused:
  Prod.fst

Hint: Omit it from the simp argument list.
  [apply] simp only [M6.Physical.pairing, M6.Physical.J, M6.Physical.boundary, Prod.snd, M6.Physical.conv_adjoint]

Note: This linter can be disabled with `set_option linter.unusedSimpArgs false`
warning: M6PhysicalAccepted.lean:121:14: This simp argument is unused:
  Prod.snd

Hint: Omit it from the simp argument list.
  [apply] simp only [M6.Physical.pairing, M6.Physical.J, M6.Physical.boundary, Prod.fst, M6.Physical.conv_adjoint]

Note: This linter can be disabled with `set_option linter.unusedSimpArgs false`
info: M6PhysicalAccepted.lean:139:0: 'M6.Physical.conv_add' depends on axioms: [propext, Classical.choice, Quot.sound]
info: M6PhysicalAccepted.lean:140:0: 'M6.Physical.conv_adjoint' depends on axioms: [propext, Classical.choice, Quot.sound]
info: M6PhysicalAccepted.lean:141:0: 'M6.Physical.boundary_pairing' depends on axioms: [propext, Classical.choice, Quot.sound]
info: M6PhysicalAccepted.lean:142:0: 'M6.Physical.conv_assoc' depends on axioms: [propext, Classical.choice, Quot.sound]
info: M6PhysicalAccepted.lean:143:0: 'M6.Physical.conv_comm' depends on axioms: [propext, Classical.choice, Quot.sound]
info: M6PhysicalAccepted.lean:144:0: 'M6.Physical.boundary_cycle' depends on axioms: [propext, Classical.choice, Quot.sound]
info: M6PhysicalAccepted.lean:145:0: 'M6.Physical.dot_delta' depends on axioms: [propext, Classical.choice, Quot.sound]
info: M6PhysicalAccepted.lean:146:0: 'M6.Physical.rev_involution' depends on axioms: [propext, Quot.sound]
info: M6PhysicalAccepted.lean:147:0: 'M6.Physical.J_involution' depends on axioms: [propext, Quot.sound]
info: M6PhysicalAccepted.lean:148:0: 'M6.Physical.cycle_orthogonal' depends on axioms: [propext, Classical.choice, Quot.sound]
info: M6PhysicalAccepted.lean:149:0: 'M6.Physical.rev_weight' depends on axioms: [propext, Classical.choice, Quot.sound]
info: M6PhysicalAccepted.lean:150:0: 'M6.Physical.J_weight' depends on axioms: [propext, Classical.choice, Quot.sound]
⚠ [8721/8742] Replayed M6TransferResourcesAccepted
warning: M6TransferResourcesAccepted.lean:4:2: Unused tactic linter: `change
  ∀ R N : ℕ, 0 < N → M6.Transfer.addressLocations R N ≤ 2 ^ (M6.Transfer.addressBits R N)` does nothing

Note: This linter can be disabled with `set_option linter.unusedTactic false`
warning: M6TransferResourcesAccepted.lean:27:34: this tactic is never executed

Note: This linter can be disabled with `set_option linter.unreachableTactic false`
warning: M6TransferResourcesAccepted.lean:27:34: Unused tactic linter: `nlinarith` does nothing

Note: This linter can be disabled with `set_option linter.unusedTactic false`
warning: M6TransferResourcesAccepted.lean:32:45: This simp argument is unused:
  Fintype.card_fun

Hint: Omit it from the simp argument list.
  [apply] simp [M6.Transfer.Memory, M6.Transfer.Bit, ZMod.card]

Note: This linter can be disabled with `set_option linter.unusedSimpArgs false`
warning: M6TransferResourcesAccepted.lean:30:2: Unused tactic linter: `change ∀ R : ℕ, Fintype.card (M6.Transfer.Memory R) = 2 ^ R` does nothing

Note: This linter can be disabled with `set_option linter.unusedTactic false`
warning: M6TransferResourcesAccepted.lean:35:2: Unused tactic linter: `change ∀ R N : ℕ, R < N → M6.Transfer.traceStorageModel R N ≤ 128 * N ^ 2 * 2 ^ R` does nothing

Note: This linter can be disabled with `set_option linter.unusedTactic false`
warning: M6TransferResourcesAccepted.lean:70:2: Unused tactic linter: `change ∀ R N : ℕ, M6.Transfer.traceCoefficientOps R N = 6 * N * (2 * N + 1) * 4 ^ R` does nothing

Note: This linter can be disabled with `set_option linter.unusedTactic false`
warning: M6TransferResourcesAccepted.lean:81:2: Unused tactic linter: `change ∀ R N : ℕ, R < N → M6.Transfer.traceWorkModel R N ≤ 4096 * N ^ 3 * 4 ^ R` does nothing

Note: This linter can be disabled with `set_option linter.unusedTactic false`
info: M6TransferResourcesAccepted.lean:107:0: 'M6.Transfer.address_width' depends on axioms: [propext, Classical.choice, Quot.sound]
info: M6TransferResourcesAccepted.lean:108:0: 'M6.Transfer.coefficient_width' depends on axioms: [propext, Classical.choice, Quot.sound]
info: M6TransferResourcesAccepted.lean:109:0: 'M6.Transfer.state_count' depends on axioms: [propext, Classical.choice, Quot.sound]
info: M6TransferResourcesAccepted.lean:110:0: 'M6.Transfer.scatter_loop_count' depends on axioms: [propext, Classical.choice, Quot.sound]
info: M6TransferResourcesAccepted.lean:111:0: 'M6.Transfer.trace_storage_bound' depends on axioms: [propext, Classical.choice, Quot.sound]
info: M6TransferResourcesAccepted.lean:112:0: 'M6.Transfer.trace_work_bound' depends on axioms: [propext, Classical.choice, Quot.sound]
⚠ [8724/8742] Replayed M6TransferCoefficientsAccepted
warning: M6TransferCoefficientsAccepted.lean:22:2: Unused tactic linter: `change
  ∀ p q : Polynomial ℤ,
    M6.Transfer.polynomialMass (p + q) ≤ M6.Transfer.polynomialMass p + M6.Transfer.polynomialMass q` does nothing

Note: This linter can be disabled with `set_option linter.unusedTactic false`
warning: M6TransferCoefficientsAccepted.lean:60:2: Unused tactic linter: `change
  ∀ (I : Type) (s : Finset I) (f : I → Polynomial ℤ),
    M6.Transfer.polynomialMass (∑ i ∈ s, f i) ≤ ∑ i ∈ s, M6.Transfer.polynomialMass (f i)` does nothing

Note: This linter can be disabled with `set_option linter.unusedTactic false`
warning: M6TransferCoefficientsAccepted.lean:72:2: Unused tactic linter: `change
  ∀ p q : Polynomial ℤ,
    M6.Transfer.polynomialMass (p * q) ≤ M6.Transfer.polynomialMass p * M6.Transfer.polynomialMass q` does nothing

Note: This linter can be disabled with `set_option linter.unusedTactic false`
warning: M6TransferCoefficientsAccepted.lean:91:2: Unused tactic linter: `change
  ∀ (R : ℕ) (W : M6.Transfer.Memory R → M6.Transfer.Bit → Polynomial ℤ) (v : M6.Transfer.Memory R → Polynomial ℤ),
    (∀ m t, M6.Transfer.polynomialMass (W m t) ≤ 4) →
      M6.Transfer.rowMass (M6.Transfer.propagate W v) ≤ 8 * M6.Transfer.rowMass v` does nothing

Note: This linter can be disabled with `set_option linter.unusedTactic false`
warning: M6TransferCoefficientsAccepted.lean:136:2: Unused tactic linter: `change
  ∀ (R : ℕ) (W : ℕ → M6.Transfer.Memory R → M6.Transfer.Bit → Polynomial ℤ) (start : M6.Transfer.Memory R) (n : ℕ),
    (∀ i m t, M6.Transfer.polynomialMass (W i m t) ≤ 4) →
      M6.Transfer.rowMass (M6.Transfer.layers W start n) ≤ 8 ^ n` does nothing

Note: This linter can be disabled with `set_option linter.unusedTactic false`
warning: M6TransferCoefficientsAccepted.lean:176:16: This simp argument is unused:
  nsmul_eq_mul

Hint: Omit it from the simp argument list.
  [apply] simp [hc]

Note: This linter can be disabled with `set_option linter.unusedSimpArgs false`
warning: M6TransferCoefficientsAccepted.lean:152:2: Unused tactic linter: `change
  ∀ (R N : ℕ) (W : ℕ → M6.Transfer.Memory R → M6.Transfer.Bit → Polynomial ℤ) (d : ℕ),
    (∀ i m t, M6.Transfer.polynomialMass (W i m t) ≤ 4) →
      ((M6.Transfer.arrayTrace W N).coeff d).natAbs ≤ 2 ^ R * 8 ^ N` does nothing

Note: This linter can be disabled with `set_option linter.unusedTactic false`
info: M6TransferCoefficientsAccepted.lean:177:0: 'M6.Transfer.layers_degree' depends on axioms: [propext, Classical.choice, Quot.sound]
info: M6TransferCoefficientsAccepted.lean:178:0: 'M6.Transfer.mass_add' depends on axioms: [propext, Classical.choice, Quot.sound]
info: M6TransferCoefficientsAccepted.lean:179:0: 'M6.Transfer.mass_basic' depends on axioms: [propext, Classical.choice, Quot.sound]
info: M6TransferCoefficientsAccepted.lean:180:0: 'M6.Transfer.mass_sum' depends on axioms: [propext, Classical.choice, Quot.sound]
info: M6TransferCoefficientsAccepted.lean:181:0: 'M6.Transfer.mass_mul' depends on axioms: [propext, Classical.choice, Quot.sound]
info: M6TransferCoefficientsAccepted.lean:182:0: 'M6.Transfer.propagate_mass' depends on axioms: [propext, Classical.choice, Quot.sound]
info: M6TransferCoefficientsAccepted.lean:183:0: 'M6.Transfer.layers_mass' depends on axioms: [propext, Classical.choice, Quot.sound]
info: M6TransferCoefficientsAccepted.lean:184:0: 'M6.Transfer.trace_coefficient_bound' depends on axioms: [propext, Classical.choice, Quot.sound]
⚠ [8729/8742] Replayed M6TransferFactorBoundsAccepted
warning: M6TransferFactorBoundsAccepted.lean:7:44: `if_pos` has been deprecated: Use `ite_eq_left` instead
info: M6TransferFactorBoundsAccepted.lean:79:0: 'M6.Transfer.boundary_factor_bounds' depends on axioms: [propext, Classical.choice, Quot.sound]
info: M6TransferFactorBoundsAccepted.lean:80:0: 'M6.Transfer.boundary_edge_bounds' depends on axioms: [propext, Classical.choice, Quot.sound]
info: M6TransferFactorBoundsAccepted.lean:81:0: 'M6.Transfer.character_factor_bounds' depends on axioms: [propext, Classical.choice, Quot.sound]
info: M6TransferFactorBoundsAccepted.lean:82:0: 'M6.Transfer.character_edge_bounds' depends on axioms: [propext, Classical.choice, Quot.sound]
⚠ [8730/8742] Built M6TransferAccepted (13s)
warning: M6TransferAccepted.lean:11:56: `dif_neg` has been deprecated: Use `dite_eq_right` instead
warning: M6TransferAccepted.lean:53:18: Used `tac1 <;> tac2` where `(tac1; tac2)` would suffice

Note: This linter can be disabled with `set_option linter.unnecessarySeqFocus false`
warning: M6TransferAccepted.lean:79:48: This simp argument is unused:
  Fintype.card_fun

Hint: Omit it from the simp argument list.
  [apply] simp [M6.Transfer.Input, M6.Transfer.Bit, ZMod.card]

Note: This linter can be disabled with `set_option linter.unusedSimpArgs false`
info: M6TransferAccepted.lean:92:0: 'M6.Transfer.memory_follows' depends on axioms: [propext, Quot.sound]
info: M6TransferAccepted.lean:93:0: 'M6.Transfer.output_convolution' depends on axioms: [propext, Classical.choice, Quot.sound]
info: M6TransferAccepted.lean:94:0: 'M6.Transfer.shift_coordinates' depends on axioms: [propext, Classical.choice, Quot.sound]
info: M6TransferAccepted.lean:95:0: 'M6.Transfer.memory_forced' depends on axioms: [propext, Classical.choice, Quot.sound]
info: M6TransferAccepted.lean:96:0: 'M6.Transfer.labels_bijective' depends on axioms: [propext, Classical.choice, Quot.sound]
info: M6TransferAccepted.lean:97:0: 'M6.Transfer.closed_walk_card' depends on axioms: [propext, Classical.choice, Quot.sound]
info: M6TransferAccepted.lean:98:0: 'M6.Transfer.indexed_weight_sum' depends on axioms: [propext, Classical.choice, Quot.sound]
⚠ [8731/8742] Built M6TransferScatterCoreAccepted (14s)
warning: M6TransferScatterCoreAccepted.lean:4:2: Unused tactic linter: `change
  ∀ R N : ℕ,
    Fintype.card (M6.Transfer.Memory R) * N * (M6.Transfer.scatterEventList R N).length =
      M6.Transfer.traceCoefficientOps R N` does nothing

Note: This linter can be disabled with `set_option linter.unusedTactic false`
warning: M6TransferScatterCoreAccepted.lean:23:48: This simp argument is unused:
  Function.update_apply

Hint: Omit it from the simp argument list.
  [apply] simp [M6.Transfer.scatterUpdate, h, ha, Ne.symm ha]

Note: This linter can be disabled with `set_option linter.unusedSimpArgs false`
warning: M6TransferScatterCoreAccepted.lean:41:8: `if_neg` has been deprecated: Use `ite_eq_right` instead
warning: M6TransferScatterCoreAccepted.lean:41:19: `if_neg` has been deprecated: Use `ite_eq_right` instead
warning: M6TransferScatterCoreAccepted.lean:41:30: `if_neg` has been deprecated: Use `ite_eq_right` instead
warning: M6TransferScatterCoreAccepted.lean:48:24: This simp argument is unused:
  Polynomial.coeff_mul_C

Hint: Omit it from the simp argument list.
  [apply] simp

Note: This linter can be disabled with `set_option linter.unusedSimpArgs false`
warning: M6TransferScatterCoreAccepted.lean:26:2: Unused tactic linter: `change ∀ (p q : Polynomial ℤ) (d : ℕ), q.natDegree ≤ 2 → _` does nothing

Note: This linter can be disabled with `set_option linter.unusedTactic false`
warning: M6TransferScatterCoreAccepted.lean:75:4: `Polynomial.finset_sum_coeff` has been deprecated: Use `Polynomial.finsetSum_coeff` instead
warning: M6TransferScatterCoreAccepted.lean:81:29: `if_true` has been deprecated: Use `ite_true` instead
warning: M6TransferScatterCoreAccepted.lean:87:17: `if_pos` has been deprecated: Use `ite_eq_left` instead
warning: M6TransferScatterCoreAccepted.lean:116:12: `if_pos` has been deprecated: Use `ite_eq_left` instead
warning: M6TransferScatterCoreAccepted.lean:120:18: This simp argument is unused:
  eq_comm

Hint: Omit it from the simp argument list.
  [apply] simp [hm]

Note: This linter can be disabled with `set_option linter.unusedSimpArgs false`
warning: M6TransferScatterCoreAccepted.lean:134:6: `Polynomial.finset_sum_coeff` has been deprecated: Use `Polynomial.finsetSum_coeff` instead
info: M6TransferScatterCoreAccepted.lean:139:0: 'M6.Transfer.scatter_event_count' depends on axioms: [propext, Classical.choice, Quot.sound]
info: M6TransferScatterCoreAccepted.lean:140:0: 'M6.Transfer.scatter_prefix_formula' depends on axioms: [propext, Classical.choice, Quot.sound]
info: M6TransferScatterCoreAccepted.lean:141:0: 'M6.Transfer.small_polynomial_convolution' depends on axioms: [propext, Classical.choice, Quot.sound]
info: M6TransferScatterCoreAccepted.lean:142:0: 'M6.Transfer.scatter_polynomial_coeff' depends on axioms: [propext, Classical.choice, Quot.sound]
info: M6TransferScatterCoreAccepted.lean:143:0: 'M6.Transfer.scalar_layers_exact' depends on axioms: [propext, Classical.choice, Quot.sound]
info: M6TransferScatterCoreAccepted.lean:144:0: 'M6.Transfer.scalar_trace_coefficient' depends on axioms: [propext, Classical.choice, Quot.sound]
⚠ [8732/8742] Built M6TransferActualResourcesAccepted (17s)
warning: M6TransferActualResourcesAccepted.lean:4:2: Unused tactic linter: `change ∀ R N : ℕ, 2 ^ R * 8 ^ N < 2 ^ (M6.Transfer.coefficientBits R N - 1)` does nothing

Note: This linter can be disabled with `set_option linter.unusedTactic false`
warning: M6TransferActualResourcesAccepted.lean:32:42: This simp argument is unused:
  M6.Transfer.state_count

Hint: Omit it from the simp argument list.
  [apply] simp [M6.Transfer.scatterEventList, M6.Transfer.ScatterEvent, Fintype.card_prod, M6.Transfer.Bit, mul_assoc,
    mul_comm, mul_left_comm]

Note: This linter can be disabled with `set_option linter.unusedSimpArgs false`
warning: M6TransferActualResourcesAccepted.lean:33:6: This simp argument is unused:
  mul_assoc

Hint: Omit it from the simp argument list.
  [apply] simp [M6.Transfer.scatterEventList, M6.Transfer.ScatterEvent, Fintype.card_prod, M6.Transfer.Bit,
    M6.Transfer.state_count, mul_comm, mul_left_comm]

Note: This linter can be disabled with `set_option linter.unusedSimpArgs false`
warning: M6TransferActualResourcesAccepted.lean:33:42: Used `tac1 <;> tac2` where `(tac1; tac2)` would suffice

Note: This linter can be disabled with `set_option linter.unnecessarySeqFocus false`
warning: M6TransferActualResourcesAccepted.lean:13:2: Unused tactic linter: `change ∀ R N : ℕ, R < N → M6.Transfer.actualTraceStorage R N ≤ 4096 * N ^ 2 * 2 ^ R` does nothing

Note: This linter can be disabled with `set_option linter.unusedTactic false`
warning: M6TransferActualResourcesAccepted.lean:54:2: Unused tactic linter: `change ∀ R N : ℕ, R < N → M6.Transfer.actualTraceWork R N ≤ 16384 * N ^ 3 * 4 ^ R` does nothing

Note: This linter can be disabled with `set_option linter.unusedTactic false`
warning: M6TransferActualResourcesAccepted.lean:109:4: Used `tac1 <;> tac2` where `(tac1; tac2)` would suffice

Note: This linter can be disabled with `set_option linter.unnecessarySeqFocus false`
warning: M6TransferActualResourcesAccepted.lean:93:2: Unused tactic linter: `change
  ∀ R N : ℕ, R < N → M6.Transfer.actualTraceStorage R N < 2 ^ (M6.Transfer.actualAddressBits R N)` does nothing

Note: This linter can be disabled with `set_option linter.unusedTactic false`
info: M6TransferActualResourcesAccepted.lean:120:0: 'M6.Transfer.actual_signed_capacity' depends on axioms: [propext, Classical.choice, Quot.sound]
info: M6TransferActualResourcesAccepted.lean:121:0: 'M6.Transfer.actual_trace_storage_bound' depends on axioms: [propext, Classical.choice, Quot.sound]
info: M6TransferActualResourcesAccepted.lean:122:0: 'M6.Transfer.actual_address_capacity' depends on axioms: [propext, Classical.choice, Quot.sound]
info: M6TransferActualResourcesAccepted.lean:123:0: 'M6.Transfer.actual_trace_work_bound' depends on axioms: [propext, Classical.choice, Quot.sound]
✔ [8733/8742] Built M6TransferPartialResourcesReady (9.1s)
✔ [8734/8742] Built M6TransferTraceReady (10s)
✔ [8735/8742] Built M6TransferScatterReady (10s)
⚠ [8736/8742] Built M6TransferPartialResourcesAccepted (10s)
warning: M6TransferPartialResourcesAccepted.lean:38:26: This simp argument is unused:
  M6.Transfer.state_count

Hint: Omit it from the simp argument list.
  [apply] simp

Note: This linter can be disabled with `set_option linter.unusedSimpArgs false`
warning: M6TransferPartialResourcesAccepted.lean:43:2: Unused tactic linter: `change
  ∀ (p : Polynomial ℤ) (L : ℕ), (∑ d : Fin L, (p.coeff d.val).natAbs) ≤ M6.Transfer.polynomialMass p` does nothing

Note: This linter can be disabled with `set_option linter.unusedTactic false`
warning: M6TransferPartialResourcesAccepted.lean:66:2: Unused tactic linter: `change
  ∀ (R N : ℕ) (v : M6.Transfer.Memory R → Polynomial ℤ),
    M6.Transfer.arrayMass (M6.Transfer.encodeCoefficients (N := N) v) ≤ M6.Transfer.rowMass v` does nothing

Note: This linter can be disabled with `set_option linter.unusedTactic false`
warning: M6TransferPartialResourcesAccepted.lean:94:57: This simp argument is unused:
  mul_left_comm

Hint: Omit it from the simp argument list.
  [apply] simp [M6.Transfer.Bit, ← Finset.mul_sum, mul_comm, mul_assoc]

Note: This linter can be disabled with `set_option linter.unusedSimpArgs false`
warning: M6TransferPartialResourcesAccepted.lean:94:72: This simp argument is unused:
  mul_assoc

Hint: Omit it from the simp argument list.
  [apply] simp [M6.Transfer.Bit, ← Finset.mul_sum, mul_comm, mul_left_comm]

Note: This linter can be disabled with `set_option linter.unusedSimpArgs false`
warning: M6TransferPartialResourcesAccepted.lean:94:83: Used `tac1 <;> tac2` where `(tac1; tac2)` would suffice

Note: This linter can be disabled with `set_option linter.unnecessarySeqFocus false`
warning: M6TransferPartialResourcesAccepted.lean:76:2: Unused tactic linter: `change
  ∀ (R N : ℕ) (W : M6.Transfer.Memory R → M6.Transfer.Bit → Polynomial ℤ) (input : M6.Transfer.CoefficientArray R N),
    (∀ m t, M6.Transfer.polynomialMass (W m t) ≤ 4) →
      M6.Transfer.eventMass W input ≤ 8 * M6.Transfer.arrayMass input` does nothing

Note: This linter can be disabled with `set_option linter.unusedTactic false`
info: M6TransferPartialResourcesAccepted.lean:149:0: 'M6.Transfer.actual_trace_intermediates' depends on axioms: [propext, Classical.choice, Quot.sound]
info: M6TransferPartialResourcesAccepted.lean:150:0: 'M6.Transfer.finite_coefficient_mass' depends on axioms: [propext, Classical.choice, Quot.sound]
info: M6TransferPartialResourcesAccepted.lean:151:0: 'M6.Transfer.encoded_array_mass' depends on axioms: [propext, Classical.choice, Quot.sound]
info: M6TransferPartialResourcesAccepted.lean:152:0: 'M6.Transfer.event_mass_bound' depends on axioms: [propext, Classical.choice, Quot.sound]
info: M6TransferPartialResourcesAccepted.lean:153:0: 'M6.Transfer.scatter_prefix_magnitude' depends on axioms: [propext, Classical.choice, Quot.sound]
info: M6TransferPartialResourcesAccepted.lean:154:0: 'M6.Transfer.actual_layer_intermediates' depends on axioms: [propext, Classical.choice, Quot.sound]
⚠ [8737/8742] Built M6TransferScatterAccepted (9.9s)
warning: M6TransferScatterAccepted.lean:9:41: `Polynomial.finset_sum_coeff` has been deprecated: Use `Polynomial.finsetSum_coeff` instead
warning: M6TransferScatterAccepted.lean:37:32: `Polynomial.finset_sum_coeff` has been deprecated: Use `Polynomial.finsetSum_coeff` instead
warning: M6TransferScatterAccepted.lean:21:47: This simp argument is unused:
  Ne.symm hv

Hint: Omit it from the simp argument list.
  [apply] simp [Polynomial.coeff_monomial, hv]

Note: This linter can be disabled with `set_option linter.unusedSimpArgs false`
warning: M6TransferScatterAccepted.lean:34:43: This simp argument is unused:
  Ne.symm hv

Hint: Omit it from the simp argument list.
  [apply] simp [Polynomial.coeff_monomial, hv]

Note: This linter can be disabled with `set_option linter.unusedSimpArgs false`
warning: M6TransferScatterAccepted.lean:6:2: Unused tactic linter: `change M6.Transfer.scalarTracePolynomial W N = M6.Transfer.arrayTrace W N` does nothing

Note: This linter can be disabled with `set_option linter.unusedTactic false`
info: M6TransferScatterAccepted.lean:43:0: 'M6.Transfer.scalar_trace_polynomial' depends on axioms: [propext, Classical.choice, Quot.sound]
⚠ [8738/8742] Built M6TransferTraceAccepted (11s)
warning: M6TransferTraceAccepted.lean:114:10: `if_pos` has been deprecated: Use `ite_eq_left` instead
warning: M6TransferTraceAccepted.lean:117:12: `if_pos` has been deprecated: Use `ite_eq_left` instead
warning: M6TransferTraceAccepted.lean:118:10: `if_neg` has been deprecated: Use `ite_eq_right` instead
warning: M6TransferTraceAccepted.lean:120:6: `push_neg` has been deprecated. Prefer using `push Not` instead.
If you'd rather continue using `push_neg` in your project, you can implement it as follows:
```
open Lean.Parser.Tactic in
macro "push_neg" cfg:optConfig loc:(location)? : tactic =>
  `(tactic| push $cfg:optConfig Not $[$loc]?)
```
warning: M6TransferTraceAccepted.lean:123:12: `if_neg` has been deprecated: Use `ite_eq_right` instead
info: M6TransferTraceAccepted.lean:161:0: 'M6.Transfer.layers_matrix' depends on axioms: [propext, Classical.choice, Quot.sound]
info: M6TransferTraceAccepted.lean:162:0: 'M6.Transfer.array_trace_matrix' depends on axioms: [propext, Classical.choice, Quot.sound]
info: M6TransferTraceAccepted.lean:163:0: 'M6.Transfer.matrix_trace_cycle' depends on axioms: [propext, Classical.choice, Quot.sound]
info: M6TransferTraceAccepted.lean:164:0: 'M6.Transfer.labelled_trace' depends on axioms: [propext, Classical.choice, Quot.sound]
info: M6TransferTraceAccepted.lean:165:0: 'M6.Transfer.array_trace_inputs' depends on axioms: [propext, Classical.choice, Quot.sound]
info: M6TransferTraceAccepted.lean:166:0: 'M6.Transfer.uniform_matrix_power' depends on axioms: [propext, Classical.choice, Quot.sound]
✔ [8739/8742] Built M6IndexedArrayReady (11s)
ℹ [8740/8742] Built M6IndexedArrayAccepted (11s)
info: M6IndexedArrayAccepted.lean:35:0: 'M6.Transfer.indexed_array_correct_resources' depends on axioms: [propext, Classical.choice, Quot.sound]
✔ [8741/8742] Built M6WeightResources (9.0s)
Build completed successfully (8742 jobs).
∀ (N : ℕ) [inst : NeZero N] (a b : M6.ActualTransfer.BP) (P : M6.Pinned.Pins (2 * N)),
  M6.ActualTransfer.span a b < N →
    M6.Transfer.IndexedArrayGuarantee (M6.ActualTransfer.span a b) N
      (M6.ActualTransfer.boundaryWeight (M6.ActualTransfer.span a b) N a b P) : Prop
∀ (N : ℕ) [inst : NeZero N] (a b : M6.ActualTransfer.BP) (P : M6.Pinned.Pins (2 * N)),
  M6.ActualTransfer.span a b < N →
    M6.Transfer.IndexedArrayGuarantee (M6.ActualTransfer.span a b) N
      (M6.ActualTransfer.characterWeight (M6.ActualTransfer.span a b) N a b P) : Prop
